<?xml version="1.0" encoding="utf-8"?><testsuite errors="0" failures="0" name="pytest" skipped="208" tests="1943" time="142.122"><testcase classname="aries_cloudagent.__init__" file="aries_cloudagent/__init__.py" line="-1" name="FLAKE8" time="0.161"></testcase><testcase classname="aries_cloudagent.version" file="aries_cloudagent/version.py" line="-1" name="FLAKE8" time="0.044"></testcase><testcase classname="aries_cloudagent.admin.__init__" file="aries_cloudagent/admin/__init__.py" line="-1" name="FLAKE8" time="0.097"></testcase><testcase classname="aries_cloudagent.admin.base_server" file="aries_cloudagent/admin/base_server.py" line="-1" name="FLAKE8" time="0.064"></testcase><testcase classname="aries_cloudagent.admin.error" file="aries_cloudagent/admin/error.py" line="-1" name="FLAKE8" time="0.046"></testcase><testcase classname="aries_cloudagent.admin.server" file="aries_cloudagent/admin/server.py" line="-1" name="FLAKE8" time="0.445"></testcase><testcase classname="aries_cloudagent.admin.tests.__init__" file="aries_cloudagent/admin/tests/__init__.py" line="-1" name="FLAKE8" time="0.039"></testcase><testcase classname="aries_cloudagent.admin.tests.test_admin_server" file="aries_cloudagent/admin/tests/test_admin_server.py" line="-1" name="FLAKE8" time="0.040"></testcase><testcase classname="aries_cloudagent.admin.tests.test_admin_server.TestAdminServer" file="aries_cloudagent/admin/tests/test_admin_server.py" line="38" name="test_debug_middleware" time="0.009"></testcase><testcase classname="aries_cloudagent.admin.tests.test_admin_server.TestAdminServer" file="aries_cloudagent/admin/tests/test_admin_server.py" line="215" name="test_import_routes" time="0.036"></testcase><testcase classname="aries_cloudagent.admin.tests.test_admin_server.TestAdminServer" file="aries_cloudagent/admin/tests/test_admin_server.py" line="57" name="test_ready_middleware" time="0.009"></testcase><testcase classname="aries_cloudagent.admin.tests.test_admin_server.TestAdminServer" file="aries_cloudagent/admin/tests/test_admin_server.py" line="224" name="test_register_external_plugin_x" time="0.013"></testcase><testcase classname="aries_cloudagent.admin.tests.test_admin_server.TestAdminServer" file="aries_cloudagent/admin/tests/test_admin_server.py" line="178" name="test_responder_send" time="0.003"></testcase><testcase classname="aries_cloudagent.admin.tests.test_admin_server.TestAdminServer" file="aries_cloudagent/admin/tests/test_admin_server.py" line="184" name="test_responder_webhook" time="0.008"></testcase><testcase classname="aries_cloudagent.admin.tests.test_admin_server.TestAdminServer" file="aries_cloudagent/admin/tests/test_admin_server.py" line="314" name="test_server_health_state" time="0.025"></testcase><testcase classname="aries_cloudagent.admin.tests.test_admin_server.TestAdminServer" file="aries_cloudagent/admin/tests/test_admin_server.py" line="142" name="test_start_stop" time="0.035"></testcase><testcase classname="aries_cloudagent.admin.tests.test_admin_server.TestAdminServer" file="aries_cloudagent/admin/tests/test_admin_server.py" line="233" name="test_visit_insecure_mode" time="0.036"></testcase><testcase classname="aries_cloudagent.admin.tests.test_admin_server.TestAdminServer" file="aries_cloudagent/admin/tests/test_admin_server.py" line="264" name="test_visit_secure_mode" time="0.023"></testcase><testcase classname="aries_cloudagent.admin.tests.test_admin_server.TestAdminServer" file="aries_cloudagent/admin/tests/test_admin_server.py" line="291" name="test_visit_shutting_down" time="0.024"><system-err>Exception ignored in: &lt;generator object Queue.get at 0x7ff90994f518&gt;
Traceback (most recent call last):
  File &quot;/usr/lib/python3.6/asyncio/queues.py&quot;, line 169, in get
    getter.cancel()  # Just in case getter is not done yet.
  File &quot;/usr/lib/python3.6/asyncio/base_events.py&quot;, line 591, in call_soon
    self._check_closed()
  File &quot;/usr/lib/python3.6/asyncio/base_events.py&quot;, line 377, in _check_closed
    raise RuntimeError(&apos;Event loop is closed&apos;)
RuntimeError: Event loop is closed
</system-err></testcase><testcase classname="aries_cloudagent.cache.__init__" file="aries_cloudagent/cache/__init__.py" line="-1" name="FLAKE8" time="0.045"></testcase><testcase classname="aries_cloudagent.cache.base" file="aries_cloudagent/cache/base.py" line="-1" name="FLAKE8" time="0.150"></testcase><testcase classname="aries_cloudagent.cache.basic" file="aries_cloudagent/cache/basic.py" line="-1" name="FLAKE8" time="0.080"></testcase><testcase classname="aries_cloudagent.cache.tests.__init__" file="aries_cloudagent/cache/tests/__init__.py" line="-1" name="FLAKE8" time="0.038"></testcase><testcase classname="aries_cloudagent.cache.tests.test_basic_cache" file="aries_cloudagent/cache/tests/test_basic_cache.py" line="-1" name="FLAKE8" time="0.039"></testcase><testcase classname="aries_cloudagent.cache.tests.test_basic_cache.TestBasicCache" file="aries_cloudagent/cache/tests/test_basic_cache.py" line="15" name="test_get_none" time="0.003"></testcase><testcase classname="aries_cloudagent.cache.tests.test_basic_cache.TestBasicCache" file="aries_cloudagent/cache/tests/test_basic_cache.py" line="20" name="test_get_valid" time="0.002"></testcase><testcase classname="aries_cloudagent.cache.tests.test_basic_cache.TestBasicCache" file="aries_cloudagent/cache/tests/test_basic_cache.py" line="25" name="test_set_str" time="0.002"></testcase><testcase classname="aries_cloudagent.cache.tests.test_basic_cache.TestBasicCache" file="aries_cloudagent/cache/tests/test_basic_cache.py" line="31" name="test_set_dict" time="0.003"></testcase><testcase classname="aries_cloudagent.cache.tests.test_basic_cache.TestBasicCache" file="aries_cloudagent/cache/tests/test_basic_cache.py" line="37" name="test_set_multi" time="0.002"></testcase><testcase classname="aries_cloudagent.cache.tests.test_basic_cache.TestBasicCache" file="aries_cloudagent/cache/tests/test_basic_cache.py" line="44" name="test_set_expires" time="0.053"></testcase><testcase classname="aries_cloudagent.cache.tests.test_basic_cache.TestBasicCache" file="aries_cloudagent/cache/tests/test_basic_cache.py" line="55" name="test_set_expires_multi" time="0.054"></testcase><testcase classname="aries_cloudagent.cache.tests.test_basic_cache.TestBasicCache" file="aries_cloudagent/cache/tests/test_basic_cache.py" line="68" name="test_flush" time="0.002"></testcase><testcase classname="aries_cloudagent.cache.tests.test_basic_cache.TestBasicCache" file="aries_cloudagent/cache/tests/test_basic_cache.py" line="73" name="test_clear" time="0.003"></testcase><testcase classname="aries_cloudagent.cache.tests.test_basic_cache.TestBasicCache" file="aries_cloudagent/cache/tests/test_basic_cache.py" line="80" name="test_acquire_release" time="0.002"></testcase><testcase classname="aries_cloudagent.cache.tests.test_basic_cache.TestBasicCache" file="aries_cloudagent/cache/tests/test_basic_cache.py" line="90" name="test_acquire_with_future" time="0.002"></testcase><testcase classname="aries_cloudagent.cache.tests.test_basic_cache.TestBasicCache" file="aries_cloudagent/cache/tests/test_basic_cache.py" line="103" name="test_acquire_release_with_waiter" time="0.003"></testcase><testcase classname="aries_cloudagent.cache.tests.test_basic_cache.TestBasicCache" file="aries_cloudagent/cache/tests/test_basic_cache.py" line="120" name="test_duplicate_set" time="0.002"></testcase><testcase classname="aries_cloudagent.cache.tests.test_basic_cache.TestBasicCache" file="aries_cloudagent/cache/tests/test_basic_cache.py" line="133" name="test_populated" time="0.002"></testcase><testcase classname="aries_cloudagent.cache.tests.test_basic_cache.TestBasicCache" file="aries_cloudagent/cache/tests/test_basic_cache.py" line="152" name="test_acquire_exception" time="0.003"></testcase><testcase classname="aries_cloudagent.cache.tests.test_basic_cache.TestBasicCache" file="aries_cloudagent/cache/tests/test_basic_cache.py" line="164" name="test_repr" time="0.002"></testcase><testcase classname="aries_cloudagent.commands.__init__" file="aries_cloudagent/commands/__init__.py" line="-1" name="FLAKE8" time="0.073"></testcase><testcase classname="aries_cloudagent.commands.help" file="aries_cloudagent/commands/help.py" line="-1" name="FLAKE8" time="0.074"></testcase><testcase classname="aries_cloudagent.commands.provision" file="aries_cloudagent/commands/provision.py" line="-1" name="FLAKE8" time="0.077"></testcase><testcase classname="aries_cloudagent.commands.start" file="aries_cloudagent/commands/start.py" line="-1" name="FLAKE8" time="0.109"></testcase><testcase classname="aries_cloudagent.commands.tests.__init__" file="aries_cloudagent/commands/tests/__init__.py" line="-1" name="FLAKE8" time="0.037"></testcase><testcase classname="aries_cloudagent.commands.tests.test_help" file="aries_cloudagent/commands/tests/test_help.py" line="-1" name="FLAKE8" time="0.037"></testcase><testcase classname="aries_cloudagent.commands.tests.test_help.TestHelp" file="aries_cloudagent/commands/tests/test_help.py" line="7" name="test_exec_help" time="0.012"></testcase><testcase classname="aries_cloudagent.commands.tests.test_help.TestHelp" file="aries_cloudagent/commands/tests/test_help.py" line="19" name="test_main" time="0.003"></testcase><testcase classname="aries_cloudagent.commands.tests.test_init" file="aries_cloudagent/commands/tests/test_init.py" line="-1" name="FLAKE8" time="0.034"></testcase><testcase classname="aries_cloudagent.commands.tests.test_init.TestInit" file="aries_cloudagent/commands/tests/test_init.py" line="7" name="test_available" time="0.003"></testcase><testcase classname="aries_cloudagent.commands.tests.test_init.TestInit" file="aries_cloudagent/commands/tests/test_init.py" line="11" name="test_run" time="0.004"></testcase><testcase classname="aries_cloudagent.commands.tests.test_provision" file="aries_cloudagent/commands/tests/test_provision.py" line="-1" name="FLAKE8" time="0.038"></testcase><testcase classname="aries_cloudagent.commands.tests.test_provision.TestProvision" file="aries_cloudagent/commands/tests/test_provision.py" line="8" name="test_bad_calls" time="0.019"><system-err>usage: pytest provision [-h] [--plugin &lt;module&gt;]
                        [--storage-type &lt;storage-type&gt;]
                        [-e &lt;endpoint&gt; [&lt;endpoint&gt; ...]]
                        [--profile-endpoint &lt;profile_endpoint&gt;]
                        [--read-only-ledger]
                        [--tails-server-base-url &lt;tails-server-base-url&gt;]
                        [--ledger-pool-name &lt;ledger-pool-name&gt;]
                        [--genesis-transactions &lt;genesis-transactions&gt;]
                        [--genesis-file &lt;genesis-file&gt;]
                        [--genesis-url &lt;genesis-url&gt;]
                        [--log-config &lt;path-to-config&gt;]
                        [--log-file &lt;log-file&gt;] [--log-level &lt;log-level&gt;]
                        [--seed &lt;wallet-seed&gt;] [--wallet-local-did]
                        [--wallet-key &lt;wallet-key&gt;]
                        [--wallet-rekey &lt;wallet-rekey&gt;]
                        [--wallet-name &lt;wallet-name&gt;]
                        [--wallet-type &lt;wallet-type&gt;]
                        [--wallet-storage-type &lt;storage-type&gt;]
                        [--wallet-storage-config &lt;storage-config&gt;]
                        [--wallet-storage-creds &lt;storage-creds&gt;]
                        [--replace-public-did]
pytest provision: error: unrecognized arguments: bad
</system-err></testcase><testcase classname="aries_cloudagent.commands.tests.test_provision.TestProvision" file="aries_cloudagent/commands/tests/test_provision.py" line="28" name="test_main" time="0.003"></testcase><testcase classname="aries_cloudagent.commands.tests.test_provision.TestProvision" file="aries_cloudagent/commands/tests/test_provision.py" line="20" name="test_provision_ledger_configured" time="0.013"><system-out>Ledger configured
</system-out></testcase><testcase classname="aries_cloudagent.commands.tests.test_provision.TestProvision" file="aries_cloudagent/commands/tests/test_provision.py" line="15" name="test_provision_wallet" time="0.001"><skipped message="test requires Indy support" type="pytest.skip">/usr/src/app/conftest.py:63: test requires Indy support</skipped></testcase><testcase classname="aries_cloudagent.commands.tests.test_start" file="aries_cloudagent/commands/tests/test_start.py" line="-1" name="FLAKE8" time="0.040"></testcase><testcase classname="aries_cloudagent.commands.tests.test_start.TestStart" file="aries_cloudagent/commands/tests/test_start.py" line="7" name="test_bad_args" time="0.008"><system-err>pytest start: error: the following arguments are required: -it/--inbound-transport, -ot/--outbound-transport
usage: pytest start [-h] [--admin &lt;host&gt; &lt;port&gt;] [--admin-api-key &lt;api-key&gt;]
                    [--admin-insecure-mode] [--no-receive-invites]
                    [--help-link &lt;help-url&gt;] [--webhook-url &lt;url&gt;] [--debug]
                    [--debug-seed &lt;debug-did-seed&gt;] [--debug-connections]
                    [--debug-credentials] [--debug-presentations] [--invite]
                    [--invite-role &lt;role&gt;] [--invite-label &lt;label&gt;]
                    [--invite-multi-use] [--invite-public]
                    [--test-suite-endpoint &lt;endpoint&gt;] [--auto-accept-invites]
                    [--auto-accept-requests] [--auto-respond-messages]
                    [--auto-respond-credential-proposal]
                    [--auto-respond-credential-offer]
                    [--auto-respond-credential-request]
                    [--auto-respond-presentation-proposal]
                    [--auto-respond-presentation-request]
                    [--auto-store-credential] [--auto-verify-presentation]
                    [--plugin &lt;module&gt;] [--storage-type &lt;storage-type&gt;]
                    [-e &lt;endpoint&gt; [&lt;endpoint&gt; ...]]
                    [--profile-endpoint &lt;profile_endpoint&gt;]
                    [--read-only-ledger]
                    [--tails-server-base-url &lt;tails-server-base-url&gt;]
                    [--ledger-pool-name &lt;ledger-pool-name&gt;]
                    [--genesis-transactions &lt;genesis-transactions&gt;]
                    [--genesis-file &lt;genesis-file&gt;]
                    [--genesis-url &lt;genesis-url&gt;]
                    [--log-config &lt;path-to-config&gt;] [--log-file &lt;log-file&gt;]
                    [--log-level &lt;log-level&gt;] [--auto-ping-connection]
                    [--invite-base-url &lt;base-url&gt;] [--monitor-ping]
                    [--public-invites] [--timing] [--timing-log &lt;log-path&gt;]
                    [--trace] [--trace-target &lt;trace-target&gt;]
                    [--trace-tag &lt;trace-tag&gt;] [--trace-label &lt;trace-label&gt;]
                    [--preserve-exchange-records] [--emit-new-didcomm-prefix]
                    [--exch-use-unencrypted-tags] -it &lt;module&gt; &lt;host&gt; &lt;port&gt;
                    -ot &lt;module&gt; [-l &lt;label&gt;]
                    [--max-message-size &lt;message-size&gt;]
                    [--enable-undelivered-queue]
                    [--max-outbound-retry MAX_OUTBOUND_RETRY]
                    [--seed &lt;wallet-seed&gt;] [--wallet-local-did]
                    [--wallet-key &lt;wallet-key&gt;]
                    [--wallet-rekey &lt;wallet-rekey&gt;]
                    [--wallet-name &lt;wallet-name&gt;]
                    [--wallet-type &lt;wallet-type&gt;]
                    [--wallet-storage-type &lt;storage-type&gt;]
                    [--wallet-storage-config &lt;storage-config&gt;]
                    [--wallet-storage-creds &lt;storage-creds&gt;]
                    [--replace-public-did]
pytest start: error: the following arguments are required: -it/--inbound-transport, -ot/--outbound-transport
</system-err></testcase><testcase classname="aries_cloudagent.commands.tests.test_start.TestStart" file="aries_cloudagent/commands/tests/test_start.py" line="18" name="test_exec_start" time="0.011"><system-err>2020-10-11 11:42:28,304 aries_cloudagent.utils.tracing INFO   {&quot;msg_id&quot;: &quot;N/A&quot;, &quot;thread_id&quot;: &quot;N/A&quot;, &quot;traced_type&quot;: &quot;NoneType&quot;, &quot;timestamp&quot;: 1602416548.3043478, &quot;str_time&quot;: &quot;2020-10-11 11:42:28.304348&quot;, &quot;handler&quot;: &quot;ArgParse&quot;, &quot;ellapsed_milli&quot;: 0, &quot;outcome&quot;: &quot;Successfully_configured_aca-py&quot;}
</system-err></testcase><testcase classname="aries_cloudagent.commands.tests.test_start.TestStart" file="aries_cloudagent/commands/tests/test_start.py" line="33" name="test_run_loop" time="0.048"></testcase><testcase classname="aries_cloudagent.config.__init__" file="aries_cloudagent/config/__init__.py" line="-1" name="FLAKE8" time="0.038"></testcase><testcase classname="aries_cloudagent.config.argparse" file="aries_cloudagent/config/argparse.py" line="-1" name="FLAKE8" time="0.479"></testcase><testcase classname="aries_cloudagent.config.base" file="aries_cloudagent/config/base.py" line="-1" name="FLAKE8" time="0.113"></testcase><testcase classname="aries_cloudagent.config.base_context" file="aries_cloudagent/config/base_context.py" line="-1" name="FLAKE8" time="0.055"></testcase><testcase classname="aries_cloudagent.config.default_context" file="aries_cloudagent/config/default_context.py" line="-1" name="FLAKE8" time="0.126"></testcase><testcase classname="aries_cloudagent.config.error" file="aries_cloudagent/config/error.py" line="-1" name="FLAKE8" time="0.047"></testcase><testcase classname="aries_cloudagent.config.injection_context" file="aries_cloudagent/config/injection_context.py" line="-1" name="FLAKE8" time="0.117"></testcase><testcase classname="aries_cloudagent.config.injector" file="aries_cloudagent/config/injector.py" line="-1" name="FLAKE8" time="0.113"></testcase><testcase classname="aries_cloudagent.config.ledger" file="aries_cloudagent/config/ledger.py" line="-1" name="FLAKE8" time="0.144"></testcase><testcase classname="aries_cloudagent.config.logging" file="aries_cloudagent/config/logging.py" line="-1" name="FLAKE8" time="0.242"></testcase><testcase classname="aries_cloudagent.config.provider" file="aries_cloudagent/config/provider.py" line="-1" name="FLAKE8" time="0.115"></testcase><testcase classname="aries_cloudagent.config.settings" file="aries_cloudagent/config/settings.py" line="-1" name="FLAKE8" time="0.098"></testcase><testcase classname="aries_cloudagent.config.util" file="aries_cloudagent/config/util.py" line="-1" name="FLAKE8" time="0.073"></testcase><testcase classname="aries_cloudagent.config.wallet" file="aries_cloudagent/config/wallet.py" line="-1" name="FLAKE8" time="0.092"></testcase><testcase classname="aries_cloudagent.config.tests.__init__" file="aries_cloudagent/config/tests/__init__.py" line="-1" name="FLAKE8" time="0.035"></testcase><testcase classname="aries_cloudagent.config.tests.test_argparse" file="aries_cloudagent/config/tests/test_argparse.py" line="-1" name="FLAKE8" time="0.040"></testcase><testcase classname="aries_cloudagent.config.tests.test_argparse.TestArgParse" file="aries_cloudagent/config/tests/test_argparse.py" line="56" name="test_bytesize" time="0.002"></testcase><testcase classname="aries_cloudagent.config.tests.test_argparse.TestArgParse" file="aries_cloudagent/config/tests/test_argparse.py" line="10" name="test_groups" time="0.004"></testcase><testcase classname="aries_cloudagent.config.tests.test_argparse.TestArgParse" file="aries_cloudagent/config/tests/test_argparse.py" line="23" name="test_transport_settings" time="0.004"><system-err>usage: pytest [-h] -it &lt;module&gt; &lt;host&gt; &lt;port&gt; -ot &lt;module&gt; [-l &lt;label&gt;]
              [--max-message-size &lt;message-size&gt;] [--enable-undelivered-queue]
              [--max-outbound-retry MAX_OUTBOUND_RETRY]
</system-err></testcase><testcase classname="aries_cloudagent.config.tests.test_default_context" file="aries_cloudagent/config/tests/test_default_context.py" line="-1" name="FLAKE8" time="0.037"></testcase><testcase classname="aries_cloudagent.config.tests.test_default_context.TestDefaultContext" file="aries_cloudagent/config/tests/test_default_context.py" line="14" name="test_build_context" time="0.020"></testcase><testcase classname="aries_cloudagent.config.tests.test_injection_context" file="aries_cloudagent/config/tests/test_injection_context.py" line="-1" name="FLAKE8" time="0.039"></testcase><testcase classname="aries_cloudagent.config.tests.test_injection_context.TestInjectionContext" file="aries_cloudagent/config/tests/test_injection_context.py" line="58" name="test_inject_scope" time="0.002"></testcase><testcase classname="aries_cloudagent.config.tests.test_injection_context.TestInjectionContext" file="aries_cloudagent/config/tests/test_injection_context.py" line="47" name="test_inject_simple" time="0.002"></testcase><testcase classname="aries_cloudagent.config.tests.test_injection_context.TestInjectionContext" file="aries_cloudagent/config/tests/test_injection_context.py" line="14" name="test_settings_init" time="0.001"></testcase><testcase classname="aries_cloudagent.config.tests.test_injection_context.TestInjectionContext" file="aries_cloudagent/config/tests/test_injection_context.py" line="38" name="test_settings_scope" time="0.001"></testcase><testcase classname="aries_cloudagent.config.tests.test_injection_context.TestInjectionContext" file="aries_cloudagent/config/tests/test_injection_context.py" line="21" name="test_simple_scope" time="0.002"></testcase><testcase classname="aries_cloudagent.config.tests.test_injector" file="aries_cloudagent/config/tests/test_injector.py" line="-1" name="FLAKE8" time="0.036"></testcase><testcase classname="aries_cloudagent.config.tests.test_injector.TestInjector" file="aries_cloudagent/config/tests/test_injector.py" line="73" name="test_bad_provider" time="0.002"></testcase><testcase classname="aries_cloudagent.config.tests.test_injector.TestInjector" file="aries_cloudagent/config/tests/test_injector.py" line="125" name="test_inject_cached" time="0.002"></testcase><testcase classname="aries_cloudagent.config.tests.test_injector.TestInjector" file="aries_cloudagent/config/tests/test_injector.py" line="85" name="test_inject_class" time="0.001"></testcase><testcase classname="aries_cloudagent.config.tests.test_injector.TestInjector" file="aries_cloudagent/config/tests/test_injector.py" line="105" name="test_inject_class_dependency" time="0.002"></testcase><testcase classname="aries_cloudagent.config.tests.test_injector.TestInjector" file="aries_cloudagent/config/tests/test_injector.py" line="95" name="test_inject_class_name" time="0.004"></testcase><testcase classname="aries_cloudagent.config.tests.test_injector.TestInjector" file="aries_cloudagent/config/tests/test_injector.py" line="57" name="test_inject_provider" time="0.001"></testcase><testcase classname="aries_cloudagent.config.tests.test_injector.TestInjector" file="aries_cloudagent/config/tests/test_injector.py" line="42" name="test_inject_simple" time="0.001"></testcase><testcase classname="aries_cloudagent.config.tests.test_injector.TestInjector" file="aries_cloudagent/config/tests/test_injector.py" line="52" name="test_inject_x" time="0.002"></testcase><testcase classname="aries_cloudagent.config.tests.test_injector.TestInjector" file="aries_cloudagent/config/tests/test_injector.py" line="36" name="test_settings_init" time="0.002"></testcase><testcase classname="aries_cloudagent.config.tests.test_ledger" file="aries_cloudagent/config/tests/test_ledger.py" line="-1" name="FLAKE8" time="0.038"></testcase><testcase classname="aries_cloudagent.config.tests.test_ledger.TestLedger" file="aries_cloudagent/config/tests/test_ledger.py" line="16" name="test_fetch_genesis_transactions" time="0.003"></testcase><testcase classname="aries_cloudagent.config.tests.test_ledger.TestLedger" file="aries_cloudagent/config/tests/test_ledger.py" line="22" name="test_fetch_genesis_transactions_x" time="0.002"></testcase><testcase classname="aries_cloudagent.config.tests.test_ledger.TestLedger" file="aries_cloudagent/config/tests/test_ledger.py" line="298" name="test_ledger_accept_taa" time="0.039"><system-out>#x1B[0m#x1B[?7h#x1B[0m
#x1B[0;1mTransaction Author Agreement version 1.0#x1B[0m

#x1B[0mAgreement#x1B[0m
#x1B[0m#x1B[0m#x1B[?7h#x1B[0m
#x1B[0;1mTransaction Author Agreement version 1.0#x1B[0m

#x1B[0mAgreement#x1B[0m
#x1B[0m#x1B[0m#x1B[?7h#x1B[0m
#x1B[0;1mTransaction Author Agreement version 1.0#x1B[0m

#x1B[0mAgreement#x1B[0m
#x1B[0m</system-out><system-err>Warning: Output is not to a terminal (fd=1).
</system-err></testcase><testcase classname="aries_cloudagent.config.tests.test_ledger.TestLedger" file="aries_cloudagent/config/tests/test_ledger.py" line="292" name="test_ledger_accept_taa_not_tty" time="0.002"></testcase><testcase classname="aries_cloudagent.config.tests.test_ledger.TestLedger" file="aries_cloudagent/config/tests/test_ledger.py" line="69" name="test_ledger_config_genesis_file" time="0.011"></testcase><testcase classname="aries_cloudagent.config.tests.test_ledger.TestLedger" file="aries_cloudagent/config/tests/test_ledger.py" line="113" name="test_ledger_config_genesis_file_io_x" time="0.004"></testcase><testcase classname="aries_cloudagent.config.tests.test_ledger.TestLedger" file="aries_cloudagent/config/tests/test_ledger.py" line="247" name="test_ledger_config_genesis_file_non_indy_wallet" time="0.008"></testcase><testcase classname="aries_cloudagent.config.tests.test_ledger.TestLedger" file="aries_cloudagent/config/tests/test_ledger.py" line="32" name="test_ledger_config_genesis_url" time="0.010"></testcase><testcase classname="aries_cloudagent.config.tests.test_ledger.TestLedger" file="aries_cloudagent/config/tests/test_ledger.py" line="129" name="test_ledger_config_genesis_url_no_ledger" time="0.003"></testcase><testcase classname="aries_cloudagent.config.tests.test_ledger.TestLedger" file="aries_cloudagent/config/tests/test_ledger.py" line="180" name="test_ledger_config_genesis_url_no_taa_accept" time="0.005"></testcase><testcase classname="aries_cloudagent.config.tests.test_ledger.TestLedger" file="aries_cloudagent/config/tests/test_ledger.py" line="147" name="test_ledger_config_genesis_url_non_indy_ledger" time="0.007"></testcase><testcase classname="aries_cloudagent.config.tests.test_ledger.TestLedger" file="aries_cloudagent/config/tests/test_ledger.py" line="213" name="test_ledger_config_read_only_skip_taa_accept" time="0.008"></testcase><testcase classname="aries_cloudagent.config.tests.test_logging" file="aries_cloudagent/config/tests/test_logging.py" line="-1" name="FLAKE8" time="0.039"></testcase><testcase classname="aries_cloudagent.config.tests.test_logging.TestLoggingConfigurator" file="aries_cloudagent/config/tests/test_logging.py" line="15" name="test_configure_default" time="0.008"></testcase><testcase classname="aries_cloudagent.config.tests.test_logging.TestLoggingConfigurator" file="aries_cloudagent/config/tests/test_logging.py" line="27" name="test_configure_default_no_resource" time="0.002"></testcase><testcase classname="aries_cloudagent.config.tests.test_logging.TestLoggingConfigurator" file="aries_cloudagent/config/tests/test_logging.py" line="34" name="test_configure_default_file" time="0.002"></testcase><testcase classname="aries_cloudagent.config.tests.test_logging.TestLoggingConfigurator" file="aries_cloudagent/config/tests/test_logging.py" line="44" name="test_configure_path" time="0.008"></testcase><testcase classname="aries_cloudagent.config.tests.test_logging.TestLoggingConfigurator" file="aries_cloudagent/config/tests/test_logging.py" line="55" name="test_banner" time="0.003"></testcase><testcase classname="aries_cloudagent.config.tests.test_logging.TestLoggingConfigurator" file="aries_cloudagent/config/tests/test_logging.py" line="76" name="test_load_resource" time="0.007"></testcase><testcase classname="aries_cloudagent.config.tests.test_provider" file="aries_cloudagent/config/tests/test_provider.py" line="-1" name="FLAKE8" time="0.036"></testcase><testcase classname="aries_cloudagent.config.tests.test_provider.TestProvider" file="aries_cloudagent/config/tests/test_provider.py" line="15" name="test_stats_provider_init_x" time="0.002"></testcase><testcase classname="aries_cloudagent.config.tests.test_provider.TestProvider" file="aries_cloudagent/config/tests/test_provider.py" line="20" name="test_stats_provider_provide_collector" time="0.003"></testcase><testcase classname="aries_cloudagent.config.tests.test_settings" file="aries_cloudagent/config/tests/test_settings.py" line="-1" name="FLAKE8" time="0.038"></testcase><testcase classname="aries_cloudagent.config.tests.test_settings.TestSettings" file="aries_cloudagent/config/tests/test_settings.py" line="28" name="test_get_formats" time="0.001"></testcase><testcase classname="aries_cloudagent.config.tests.test_settings.TestSettings" file="aries_cloudagent/config/tests/test_settings.py" line="45" name="test_remove" time="0.001"></testcase><testcase classname="aries_cloudagent.config.tests.test_settings.TestSettings" file="aries_cloudagent/config/tests/test_settings.py" line="55" name="test_set_default" time="0.002"></testcase><testcase classname="aries_cloudagent.config.tests.test_settings.TestSettings" file="aries_cloudagent/config/tests/test_settings.py" line="15" name="test_settings_init" time="0.001"></testcase><testcase classname="aries_cloudagent.config.tests.test_wallet" file="aries_cloudagent/config/tests/test_wallet.py" line="-1" name="FLAKE8" time="0.038"></testcase><testcase classname="aries_cloudagent.config.tests.test_wallet.TestWallet" file="aries_cloudagent/config/tests/test_wallet.py" line="40" name="test_wallet_config_bad_seed_x" time="0.006"><system-out>Opened existing wallet
Wallet type: indy
Wallet name: &lt;MagicMock name=&apos;Test Wallet.name&apos; id=&apos;140707661233624&apos;&gt;
</system-out></testcase><testcase classname="aries_cloudagent.config.tests.test_wallet.TestWallet" file="aries_cloudagent/config/tests/test_wallet.py" line="12" name="test_wallet_config_existing_replace" time="0.006"><system-out>Opened existing wallet
Wallet type: indy
Wallet name: &lt;MagicMock name=&apos;Test Wallet.name&apos; id=&apos;140707581655416&apos;&gt;
Created new public DID: 55GkHamhTU1ZbTbV2ab9DE
Verkey: 3Dn1SJNPaCXcvvJvSbsFWP2xaCjMom3can8CQNhWrTRx
</system-out></testcase><testcase classname="aries_cloudagent.config.tests.test_wallet.TestWallet" file="aries_cloudagent/config/tests/test_wallet.py" line="63" name="test_wallet_config_seed_local" time="0.005"><system-out>Opened existing wallet
Wallet type: indy
Wallet name: &lt;MagicMock name=&apos;Test Wallet.name&apos; id=&apos;140707583165272&apos;&gt;
Created new local DID: 55GkHamhTU1ZbTbV2ab9DE
Verkey: 3Dn1SJNPaCXcvvJvSbsFWP2xaCjMom3can8CQNhWrTRx
</system-out></testcase><testcase classname="aries_cloudagent.config.tests.test_wallet.TestWallet" file="aries_cloudagent/config/tests/test_wallet.py" line="112" name="test_wallet_config_seed_no_public_did" time="0.005"><system-out>Opened existing wallet
Wallet type: indy
Wallet name: &lt;MagicMock name=&apos;Test Wallet.name&apos; id=&apos;140707583076392&apos;&gt;
No public DID
</system-out></testcase><testcase classname="aries_cloudagent.config.tests.test_wallet.TestWallet" file="aries_cloudagent/config/tests/test_wallet.py" line="88" name="test_wallet_config_seed_public" time="0.005"><system-out>Opened existing wallet
Wallet type: indy
Wallet name: &lt;MagicMock name=&apos;Test Wallet.name&apos; id=&apos;140707583395376&apos;&gt;
Created new public DID: 55GkHamhTU1ZbTbV2ab9DE
Verkey: 3Dn1SJNPaCXcvvJvSbsFWP2xaCjMom3can8CQNhWrTRx
</system-out></testcase><testcase classname="aries_cloudagent.connections.__init__" file="aries_cloudagent/connections/__init__.py" line="-1" name="FLAKE8" time="0.040"></testcase><testcase classname="aries_cloudagent.connections.models.__init__" file="aries_cloudagent/connections/models/__init__.py" line="-1" name="FLAKE8" time="0.038"></testcase><testcase classname="aries_cloudagent.connections.models.connection_record" file="aries_cloudagent/connections/models/connection_record.py" line="-1" name="FLAKE8" time="0.236"></testcase><testcase classname="aries_cloudagent.connections.models.connection_target" file="aries_cloudagent/connections/models/connection_target.py" line="-1" name="FLAKE8" time="0.076"></testcase><testcase classname="aries_cloudagent.connections.models.diddoc.__init__" file="aries_cloudagent/connections/models/diddoc/__init__.py" line="-1" name="FLAKE8" time="0.047"></testcase><testcase classname="aries_cloudagent.connections.models.diddoc.diddoc" file="aries_cloudagent/connections/models/diddoc/diddoc.py" line="-1" name="FLAKE8" time="0.206"></testcase><testcase classname="aries_cloudagent.connections.models.diddoc.publickey" file="aries_cloudagent/connections/models/diddoc/publickey.py" line="-1" name="FLAKE8" time="0.129"></testcase><testcase classname="aries_cloudagent.connections.models.diddoc.service" file="aries_cloudagent/connections/models/diddoc/service.py" line="-1" name="FLAKE8" time="0.103"></testcase><testcase classname="aries_cloudagent.connections.models.diddoc.util" file="aries_cloudagent/connections/models/diddoc/util.py" line="-1" name="FLAKE8" time="0.084"></testcase><testcase classname="aries_cloudagent.connections.models.tests.__init__" file="aries_cloudagent/connections/models/tests/__init__.py" line="-1" name="FLAKE8" time="0.038"></testcase><testcase classname="aries_cloudagent.connections.models.tests.test_connection_target" file="aries_cloudagent/connections/models/tests/test_connection_target.py" line="-1" name="FLAKE8" time="0.043"></testcase><testcase classname="aries_cloudagent.connections.models.tests.test_connection_target.TestConnectionTarget" file="aries_cloudagent/connections/models/tests/test_connection_target.py" line="10" name="test_deser" time="0.004"></testcase><testcase classname="aries_cloudagent.connections.tests.__init__" file="aries_cloudagent/connections/tests/__init__.py" line="-1" name="FLAKE8" time="0.041"></testcase><testcase classname="aries_cloudagent.connections.tests.test_connection_record" file="aries_cloudagent/connections/tests/test_connection_record.py" line="-1" name="FLAKE8" time="0.040"></testcase><testcase classname="aries_cloudagent.connections.tests.test_connection_record.TestConnectionRecord" file="aries_cloudagent/connections/tests/test_connection_record.py" line="73" name="test_active_is_ready" time="0.004"></testcase><testcase classname="aries_cloudagent.connections.tests.test_connection_record.TestConnectionRecord" file="aries_cloudagent/connections/tests/test_connection_record.py" line="111" name="test_invitation_is_multi_use" time="0.003"></testcase><testcase classname="aries_cloudagent.connections.tests.test_connection_record.TestConnectionRecord" file="aries_cloudagent/connections/tests/test_connection_record.py" line="100" name="test_invitation_is_not_multi_use" time="0.003"></testcase><testcase classname="aries_cloudagent.connections.tests.test_connection_record.TestConnectionRecord" file="aries_cloudagent/connections/tests/test_connection_record.py" line="91" name="test_request_is_not_ready" time="0.004"></testcase><testcase classname="aries_cloudagent.connections.tests.test_connection_record.TestConnectionRecord" file="aries_cloudagent/connections/tests/test_connection_record.py" line="82" name="test_response_is_ready" time="0.004"></testcase><testcase classname="aries_cloudagent.connections.tests.test_connection_record.TestConnectionRecord" file="aries_cloudagent/connections/tests/test_connection_record.py" line="41" name="test_retrieve_by_did" time="0.003"></testcase><testcase classname="aries_cloudagent.connections.tests.test_connection_record.TestConnectionRecord" file="aries_cloudagent/connections/tests/test_connection_record.py" line="58" name="test_retrieve_by_request_id" time="0.003"></testcase><testcase classname="aries_cloudagent.connections.tests.test_connection_record.TestConnectionRecord" file="aries_cloudagent/connections/tests/test_connection_record.py" line="32" name="test_save_retrieve_compare" time="0.005"></testcase><testcase classname="aries_cloudagent.connections.tests.test_diddoc" file="aries_cloudagent/connections/tests/test_diddoc.py" line="-1" name="FLAKE8" time="0.040"></testcase><testcase classname="aries_cloudagent.connections.tests.test_diddoc.TestDIDDoc" file="aries_cloudagent/connections/tests/test_diddoc.py" line="27" name="test_basic" time="0.004"></testcase><testcase classname="aries_cloudagent.connections.tests.test_diddoc.TestDIDDoc" file="aries_cloudagent/connections/tests/test_diddoc.py" line="450" name="test_canon_did" time="0.002"></testcase><testcase classname="aries_cloudagent.connections.tests.test_diddoc.TestDIDDoc" file="aries_cloudagent/connections/tests/test_diddoc.py" line="105" name="test_embedded_authkey" time="0.004"></testcase><testcase classname="aries_cloudagent.connections.tests.test_diddoc.TestDIDDoc" file="aries_cloudagent/connections/tests/test_diddoc.py" line="199" name="test_minimal" time="0.003"></testcase><testcase classname="aries_cloudagent.connections.tests.test_diddoc.TestDIDDoc" file="aries_cloudagent/connections/tests/test_diddoc.py" line="260" name="test_minimal_explicit" time="0.005"></testcase><testcase classname="aries_cloudagent.connections.tests.test_diddoc.TestDIDDoc" file="aries_cloudagent/connections/tests/test_diddoc.py" line="228" name="test_minimal_ids" time="0.002"></testcase><testcase classname="aries_cloudagent.connections.tests.test_diddoc.TestDIDDoc" file="aries_cloudagent/connections/tests/test_diddoc.py" line="369" name="test_missing_recipkey" time="0.004"></testcase><testcase classname="aries_cloudagent.connections.tests.test_diddoc.TestDIDDoc" file="aries_cloudagent/connections/tests/test_diddoc.py" line="427" name="test_no_ident" time="0.001"></testcase><testcase classname="aries_cloudagent.connections.tests.test_diddoc.TestDIDDoc" file="aries_cloudagent/connections/tests/test_diddoc.py" line="466" name="test_pubkey_type" time="0.002"></testcase><testcase classname="aries_cloudagent.connections.tests.test_diddoc.TestDIDDoc" file="aries_cloudagent/connections/tests/test_diddoc.py" line="152" name="test_reference_authkey" time="0.003"></testcase><testcase classname="aries_cloudagent.connections.tests.test_diddoc.TestDIDDoc" file="aries_cloudagent/connections/tests/test_diddoc.py" line="397" name="test_w3c_minimal" time="0.003"></testcase><testcase classname="aries_cloudagent.core.__init__" file="aries_cloudagent/core/__init__.py" line="-1" name="FLAKE8" time="0.040"></testcase><testcase classname="aries_cloudagent.core.conductor" file="aries_cloudagent/core/conductor.py" line="-1" name="FLAKE8" time="0.296"></testcase><testcase classname="aries_cloudagent.core.dispatcher" file="aries_cloudagent/core/dispatcher.py" line="-1" name="FLAKE8" time="0.217"></testcase><testcase classname="aries_cloudagent.core.error" file="aries_cloudagent/core/error.py" line="-1" name="FLAKE8" time="0.086"></testcase><testcase classname="aries_cloudagent.core.plugin_registry" file="aries_cloudagent/core/plugin_registry.py" line="-1" name="FLAKE8" time="0.250"></testcase><testcase classname="aries_cloudagent.core.protocol_registry" file="aries_cloudagent/core/protocol_registry.py" line="-1" name="FLAKE8" time="0.171"></testcase><testcase classname="aries_cloudagent.core.tests.__init__" file="aries_cloudagent/core/tests/__init__.py" line="-1" name="FLAKE8" time="0.035"></testcase><testcase classname="aries_cloudagent.core.tests.test_conductor" file="aries_cloudagent/core/tests/test_conductor.py" line="-1" name="FLAKE8" time="0.039"></testcase><testcase classname="aries_cloudagent.core.tests.test_conductor.TestConductor" file="aries_cloudagent/core/tests/test_conductor.py" line="473" name="test_admin" time="0.013"><system-out>
::::::::::::::::::::::::::::::::::::::::::::::
:: ACA                                      ::
::                                          ::
::                                          ::
:: Inbound Transports:                      ::
::                                          ::
::                                          ::
:: Outbound Transports:                     ::
::                                          ::
::   - http                                 ::
::   - https                                ::
::                                          ::
:: Public DID Information:                  ::
::                                          ::
::   - DID: Jk3nedstSW89A8S2mw5xPM          ::
::                                          ::
:: Administration API:                      ::
::                                          ::
::   - http://0.0.0.0:80                    ::
::                                          ::
::                               ver: 0.5.4 ::
::::::::::::::::::::::::::::::::::::::::::::::

Listening...

</system-out></testcase><testcase classname="aries_cloudagent.core.tests.test_conductor.TestConductor" file="aries_cloudagent/core/tests/test_conductor.py" line="496" name="test_admin_startx" time="0.014"><system-out>
::::::::::::::::::::::::::::::::::::::::::::::
:: ACA                                      ::
::                                          ::
::                                          ::
:: Inbound Transports:                      ::
::                                          ::
::                                          ::
:: Outbound Transports:                     ::
::                                          ::
::   - http                                 ::
::   - https                                ::
::                                          ::
:: Public DID Information:                  ::
::                                          ::
::   - DID: JMYvnRekoZJ3ou6wCj9WpR          ::
::                                          ::
:: Administration API:                      ::
::                                          ::
::   - http://0.0.0.0:80                    ::
::                                          ::
::                               ver: 0.5.4 ::
::::::::::::::::::::::::::::::::::::::::::::::

Listening...

</system-out></testcase><testcase classname="aries_cloudagent.core.tests.test_conductor.TestConductor" file="aries_cloudagent/core/tests/test_conductor.py" line="618" name="test_dispatch_complete_fatal_x" time="0.013"><system-err>--- Logging error ---
Traceback (most recent call last):
  File &quot;/usr/lib/python3.6/logging/__init__.py&quot;, line 994, in emit
    msg = self.format(record)
  File &quot;/usr/lib/python3.6/logging/__init__.py&quot;, line 840, in format
    return fmt.format(record)
  File &quot;/usr/lib/python3.6/logging/__init__.py&quot;, line 585, in format
    record.exc_text = self.formatException(record.exc_info)
  File &quot;/usr/lib/python3.6/logging/__init__.py&quot;, line 535, in formatException
    traceback.print_exception(ei[0], ei[1], tb, None, sio)
  File &quot;/usr/lib/python3.6/traceback.py&quot;, line 104, in print_exception
    type(value), value, tb, limit=limit).format(chain=chain):
  File &quot;/usr/lib/python3.6/traceback.py&quot;, line 509, in __init__
    capture_locals=capture_locals)
  File &quot;/usr/lib/python3.6/traceback.py&quot;, line 345, in extract
    for f, lineno in frame_gen:
  File &quot;/usr/lib/python3.6/traceback.py&quot;, line 310, in walk_tb
    yield tb.tb_frame, tb.tb_lineno
AttributeError: &apos;str&apos; object has no attribute &apos;tb_frame&apos;
Call stack:
  File &quot;/usr/local/bin/pytest&quot;, line 11, in &lt;module&gt;
    sys.exit(main())
  File &quot;/usr/local/lib/python3.6/dist-packages/_pytest/config/__init__.py&quot;, line 74, in main
    return config.hook.pytest_cmdline_main(config=config)
  File &quot;/usr/local/lib/python3.6/dist-packages/pluggy/hooks.py&quot;, line 286, in __call__
    return self._hookexec(self, self.get_hookimpls(), kwargs)
  File &quot;/usr/local/lib/python3.6/dist-packages/pluggy/manager.py&quot;, line 93, in _hookexec
    return self._inner_hookexec(hook, methods, kwargs)
  File &quot;/usr/local/lib/python3.6/dist-packages/pluggy/manager.py&quot;, line 87, in &lt;lambda&gt;
    firstresult=hook.spec.opts.get(&quot;firstresult&quot;) if hook.spec else False,
  File &quot;/usr/local/lib/python3.6/dist-packages/pluggy/callers.py&quot;, line 187, in _multicall
    res = hook_impl.function(*args)
  File &quot;/usr/local/lib/python3.6/dist-packages/_pytest/main.py&quot;, line 250, in pytest_cmdline_main
    return wrap_session(config, _main)
  File &quot;/usr/local/lib/python3.6/dist-packages/_pytest/main.py&quot;, line 213, in wrap_session
    session.exitstatus = doit(config, session) or 0
  File &quot;/usr/local/lib/python3.6/dist-packages/_pytest/main.py&quot;, line 257, in _main
    config.hook.pytest_runtestloop(session=session)
  File &quot;/usr/local/lib/python3.6/dist-packages/pluggy/hooks.py&quot;, line 286, in __call__
    return self._hookexec(self, self.get_hookimpls(), kwargs)
  File &quot;/usr/local/lib/python3.6/dist-packages/pluggy/manager.py&quot;, line 93, in _hookexec
    return self._inner_hookexec(hook, methods, kwargs)
  File &quot;/usr/local/lib/python3.6/dist-packages/pluggy/manager.py&quot;, line 87, in &lt;lambda&gt;
    firstresult=hook.spec.opts.get(&quot;firstresult&quot;) if hook.spec else False,
  File &quot;/usr/local/lib/python3.6/dist-packages/pluggy/callers.py&quot;, line 187, in _multicall
    res = hook_impl.function(*args)
  File &quot;/usr/local/lib/python3.6/dist-packages/_pytest/main.py&quot;, line 278, in pytest_runtestloop
    item.config.hook.pytest_runtest_protocol(item=item, nextitem=nextitem)
  File &quot;/usr/local/lib/python3.6/dist-packages/pluggy/hooks.py&quot;, line 286, in __call__
    return self._hookexec(self, self.get_hookimpls(), kwargs)
  File &quot;/usr/local/lib/python3.6/dist-packages/pluggy/manager.py&quot;, line 93, in _hookexec
    return self._inner_hookexec(hook, methods, kwargs)
  File &quot;/usr/local/lib/python3.6/dist-packages/pluggy/manager.py&quot;, line 87, in &lt;lambda&gt;
    firstresult=hook.spec.opts.get(&quot;firstresult&quot;) if hook.spec else False,
  File &quot;/usr/local/lib/python3.6/dist-packages/pluggy/callers.py&quot;, line 187, in _multicall
    res = hook_impl.function(*args)
  File &quot;/usr/local/lib/python3.6/dist-packages/_pytest/runner.py&quot;, line 72, in pytest_runtest_protocol
    runtestprotocol(item, nextitem=nextitem)
  File &quot;/usr/local/lib/python3.6/dist-packages/_pytest/runner.py&quot;, line 87, in runtestprotocol
    reports.append(call_and_report(item, &quot;call&quot;, log))
  File &quot;/usr/local/lib/python3.6/dist-packages/_pytest/runner.py&quot;, line 167, in call_and_report
    call = call_runtest_hook(item, when, **kwds)
  File &quot;/usr/local/lib/python3.6/dist-packages/_pytest/runner.py&quot;, line 192, in call_runtest_hook
    lambda: ihook(item=item, **kwds), when=when, reraise=reraise
  File &quot;/usr/local/lib/python3.6/dist-packages/_pytest/runner.py&quot;, line 220, in from_call
    result = func()
  File &quot;/usr/local/lib/python3.6/dist-packages/_pytest/runner.py&quot;, line 192, in &lt;lambda&gt;
    lambda: ihook(item=item, **kwds), when=when, reraise=reraise
  File &quot;/usr/local/lib/python3.6/dist-packages/pluggy/hooks.py&quot;, line 286, in __call__
    return self._hookexec(self, self.get_hookimpls(), kwargs)
  File &quot;/usr/local/lib/python3.6/dist-packages/pluggy/manager.py&quot;, line 93, in _hookexec
    return self._inner_hookexec(hook, methods, kwargs)
  File &quot;/usr/local/lib/python3.6/dist-packages/pluggy/manager.py&quot;, line 87, in &lt;lambda&gt;
    firstresult=hook.spec.opts.get(&quot;firstresult&quot;) if hook.spec else False,
  File &quot;/usr/local/lib/python3.6/dist-packages/pluggy/callers.py&quot;, line 187, in _multicall
    res = hook_impl.function(*args)
  File &quot;/usr/local/lib/python3.6/dist-packages/_pytest/runner.py&quot;, line 117, in pytest_runtest_call
    item.runtest()
  File &quot;/usr/local/lib/python3.6/dist-packages/_pytest/unittest.py&quot;, line 200, in runtest
    self._testcase(result=self)
  File &quot;/usr/lib/python3.6/unittest/case.py&quot;, line 653, in __call__
    return self.run(*args, **kwds)
  File &quot;/usr/local/lib/python3.6/dist-packages/asynctest/case.py&quot;, line 297, in run
    self._run_test_method(testMethod)
  File &quot;/usr/local/lib/python3.6/dist-packages/asynctest/case.py&quot;, line 354, in _run_test_method
    self.loop.run_until_complete(result)
  File &quot;/usr/local/lib/python3.6/dist-packages/asynctest/case.py&quot;, line 224, in wrapper
    return method(*args, **kwargs)
  File &quot;/usr/lib/python3.6/asyncio/base_events.py&quot;, line 471, in run_until_complete
    self.run_forever()
  File &quot;/usr/local/lib/python3.6/dist-packages/asynctest/case.py&quot;, line 224, in wrapper
    return method(*args, **kwargs)
  File &quot;/usr/lib/python3.6/asyncio/base_events.py&quot;, line 438, in run_forever
    self._run_once()
  File &quot;/usr/lib/python3.6/asyncio/base_events.py&quot;, line 1451, in _run_once
    handle._run()
  File &quot;/usr/lib/python3.6/asyncio/events.py&quot;, line 145, in _run
    self._callback(*self._args)
  File &quot;/usr/src/app/aries_cloudagent/core/tests/test_conductor.py&quot;, line 646, in test_dispatch_complete_fatal_x
    conductor.dispatch_complete(message, mock_task)
  File &quot;/usr/src/app/aries_cloudagent/core/conductor.py&quot;, line 276, in dispatch_complete
    &quot;Exception in message handler:&quot;, exc_info=completed.exc_info
Message: &apos;Exception in message handler:&apos;
Arguments: ()
--- Logging error ---
Traceback (most recent call last):
  File &quot;/usr/lib/python3.6/logging/__init__.py&quot;, line 994, in emit
    msg = self.format(record)
  File &quot;/usr/lib/python3.6/logging/__init__.py&quot;, line 840, in format
    return fmt.format(record)
  File &quot;/usr/local/lib/python3.6/dist-packages/_pytest/logging.py&quot;, line 65, in format
    return super().format(record)
  File &quot;/usr/lib/python3.6/logging/__init__.py&quot;, line 585, in format
    record.exc_text = self.formatException(record.exc_info)
  File &quot;/usr/lib/python3.6/logging/__init__.py&quot;, line 535, in formatException
    traceback.print_exception(ei[0], ei[1], tb, None, sio)
  File &quot;/usr/lib/python3.6/traceback.py&quot;, line 104, in print_exception
    type(value), value, tb, limit=limit).format(chain=chain):
  File &quot;/usr/lib/python3.6/traceback.py&quot;, line 509, in __init__
    capture_locals=capture_locals)
  File &quot;/usr/lib/python3.6/traceback.py&quot;, line 345, in extract
    for f, lineno in frame_gen:
  File &quot;/usr/lib/python3.6/traceback.py&quot;, line 310, in walk_tb
    yield tb.tb_frame, tb.tb_lineno
AttributeError: &apos;str&apos; object has no attribute &apos;tb_frame&apos;
Call stack:
  File &quot;/usr/local/bin/pytest&quot;, line 11, in &lt;module&gt;
    sys.exit(main())
  File &quot;/usr/local/lib/python3.6/dist-packages/_pytest/config/__init__.py&quot;, line 74, in main
    return config.hook.pytest_cmdline_main(config=config)
  File &quot;/usr/local/lib/python3.6/dist-packages/pluggy/hooks.py&quot;, line 286, in __call__
    return self._hookexec(self, self.get_hookimpls(), kwargs)
  File &quot;/usr/local/lib/python3.6/dist-packages/pluggy/manager.py&quot;, line 93, in _hookexec
    return self._inner_hookexec(hook, methods, kwargs)
  File &quot;/usr/local/lib/python3.6/dist-packages/pluggy/manager.py&quot;, line 87, in &lt;lambda&gt;
    firstresult=hook.spec.opts.get(&quot;firstresult&quot;) if hook.spec else False,
  File &quot;/usr/local/lib/python3.6/dist-packages/pluggy/callers.py&quot;, line 187, in _multicall
    res = hook_impl.function(*args)
  File &quot;/usr/local/lib/python3.6/dist-packages/_pytest/main.py&quot;, line 250, in pytest_cmdline_main
    return wrap_session(config, _main)
  File &quot;/usr/local/lib/python3.6/dist-packages/_pytest/main.py&quot;, line 213, in wrap_session
    session.exitstatus = doit(config, session) or 0
  File &quot;/usr/local/lib/python3.6/dist-packages/_pytest/main.py&quot;, line 257, in _main
    config.hook.pytest_runtestloop(session=session)
  File &quot;/usr/local/lib/python3.6/dist-packages/pluggy/hooks.py&quot;, line 286, in __call__
    return self._hookexec(self, self.get_hookimpls(), kwargs)
  File &quot;/usr/local/lib/python3.6/dist-packages/pluggy/manager.py&quot;, line 93, in _hookexec
    return self._inner_hookexec(hook, methods, kwargs)
  File &quot;/usr/local/lib/python3.6/dist-packages/pluggy/manager.py&quot;, line 87, in &lt;lambda&gt;
    firstresult=hook.spec.opts.get(&quot;firstresult&quot;) if hook.spec else False,
  File &quot;/usr/local/lib/python3.6/dist-packages/pluggy/callers.py&quot;, line 187, in _multicall
    res = hook_impl.function(*args)
  File &quot;/usr/local/lib/python3.6/dist-packages/_pytest/main.py&quot;, line 278, in pytest_runtestloop
    item.config.hook.pytest_runtest_protocol(item=item, nextitem=nextitem)
  File &quot;/usr/local/lib/python3.6/dist-packages/pluggy/hooks.py&quot;, line 286, in __call__
    return self._hookexec(self, self.get_hookimpls(), kwargs)
  File &quot;/usr/local/lib/python3.6/dist-packages/pluggy/manager.py&quot;, line 93, in _hookexec
    return self._inner_hookexec(hook, methods, kwargs)
  File &quot;/usr/local/lib/python3.6/dist-packages/pluggy/manager.py&quot;, line 87, in &lt;lambda&gt;
    firstresult=hook.spec.opts.get(&quot;firstresult&quot;) if hook.spec else False,
  File &quot;/usr/local/lib/python3.6/dist-packages/pluggy/callers.py&quot;, line 187, in _multicall
    res = hook_impl.function(*args)
  File &quot;/usr/local/lib/python3.6/dist-packages/_pytest/runner.py&quot;, line 72, in pytest_runtest_protocol
    runtestprotocol(item, nextitem=nextitem)
  File &quot;/usr/local/lib/python3.6/dist-packages/_pytest/runner.py&quot;, line 87, in runtestprotocol
    reports.append(call_and_report(item, &quot;call&quot;, log))
  File &quot;/usr/local/lib/python3.6/dist-packages/_pytest/runner.py&quot;, line 167, in call_and_report
    call = call_runtest_hook(item, when, **kwds)
  File &quot;/usr/local/lib/python3.6/dist-packages/_pytest/runner.py&quot;, line 192, in call_runtest_hook
    lambda: ihook(item=item, **kwds), when=when, reraise=reraise
  File &quot;/usr/local/lib/python3.6/dist-packages/_pytest/runner.py&quot;, line 220, in from_call
    result = func()
  File &quot;/usr/local/lib/python3.6/dist-packages/_pytest/runner.py&quot;, line 192, in &lt;lambda&gt;
    lambda: ihook(item=item, **kwds), when=when, reraise=reraise
  File &quot;/usr/local/lib/python3.6/dist-packages/pluggy/hooks.py&quot;, line 286, in __call__
    return self._hookexec(self, self.get_hookimpls(), kwargs)
  File &quot;/usr/local/lib/python3.6/dist-packages/pluggy/manager.py&quot;, line 93, in _hookexec
    return self._inner_hookexec(hook, methods, kwargs)
  File &quot;/usr/local/lib/python3.6/dist-packages/pluggy/manager.py&quot;, line 87, in &lt;lambda&gt;
    firstresult=hook.spec.opts.get(&quot;firstresult&quot;) if hook.spec else False,
  File &quot;/usr/local/lib/python3.6/dist-packages/pluggy/callers.py&quot;, line 187, in _multicall
    res = hook_impl.function(*args)
  File &quot;/usr/local/lib/python3.6/dist-packages/_pytest/runner.py&quot;, line 117, in pytest_runtest_call
    item.runtest()
  File &quot;/usr/local/lib/python3.6/dist-packages/_pytest/unittest.py&quot;, line 200, in runtest
    self._testcase(result=self)
  File &quot;/usr/lib/python3.6/unittest/case.py&quot;, line 653, in __call__
    return self.run(*args, **kwds)
  File &quot;/usr/local/lib/python3.6/dist-packages/asynctest/case.py&quot;, line 297, in run
    self._run_test_method(testMethod)
  File &quot;/usr/local/lib/python3.6/dist-packages/asynctest/case.py&quot;, line 354, in _run_test_method
    self.loop.run_until_complete(result)
  File &quot;/usr/local/lib/python3.6/dist-packages/asynctest/case.py&quot;, line 224, in wrapper
    return method(*args, **kwargs)
  File &quot;/usr/lib/python3.6/asyncio/base_events.py&quot;, line 471, in run_until_complete
    self.run_forever()
  File &quot;/usr/local/lib/python3.6/dist-packages/asynctest/case.py&quot;, line 224, in wrapper
    return method(*args, **kwargs)
  File &quot;/usr/lib/python3.6/asyncio/base_events.py&quot;, line 438, in run_forever
    self._run_once()
  File &quot;/usr/lib/python3.6/asyncio/base_events.py&quot;, line 1451, in _run_once
    handle._run()
  File &quot;/usr/lib/python3.6/asyncio/events.py&quot;, line 145, in _run
    self._callback(*self._args)
  File &quot;/usr/src/app/aries_cloudagent/core/tests/test_conductor.py&quot;, line 646, in test_dispatch_complete_fatal_x
    conductor.dispatch_complete(message, mock_task)
  File &quot;/usr/src/app/aries_cloudagent/core/conductor.py&quot;, line 276, in dispatch_complete
    &quot;Exception in message handler:&quot;, exc_info=completed.exc_info
  File &quot;/usr/lib/python3.6/logging/__init__.py&quot;, line 1343, in exception
    self.error(msg, *args, exc_info=exc_info, **kwargs)
  File &quot;/usr/lib/python3.6/logging/__init__.py&quot;, line 1337, in error
    self._log(ERROR, msg, args, **kwargs)
  File &quot;/usr/lib/python3.6/logging/__init__.py&quot;, line 1444, in _log
    self.handle(record)
  File &quot;/usr/lib/python3.6/logging/__init__.py&quot;, line 1454, in handle
    self.callHandlers(record)
  File &quot;/usr/lib/python3.6/logging/__init__.py&quot;, line 1516, in callHandlers
    hdlr.handle(record)
  File &quot;/usr/lib/python3.6/logging/__init__.py&quot;, line 865, in handle
    self.emit(record)
  File &quot;/usr/local/lib/python3.6/dist-packages/_pytest/logging.py&quot;, line 227, in emit
    logging.StreamHandler.emit(self, record)
Message: &apos;Exception in message handler:&apos;
Arguments: ()
</system-err></testcase><testcase classname="aries_cloudagent.core.tests.test_conductor.TestConductor" file="aries_cloudagent/core/tests/test_conductor.py" line="592" name="test_dispatch_complete_non_fatal_x" time="0.008"><system-err>--- Logging error ---
Traceback (most recent call last):
  File &quot;/usr/lib/python3.6/logging/__init__.py&quot;, line 994, in emit
    msg = self.format(record)
  File &quot;/usr/lib/python3.6/logging/__init__.py&quot;, line 840, in format
    return fmt.format(record)
  File &quot;/usr/lib/python3.6/logging/__init__.py&quot;, line 585, in format
    record.exc_text = self.formatException(record.exc_info)
  File &quot;/usr/lib/python3.6/logging/__init__.py&quot;, line 535, in formatException
    traceback.print_exception(ei[0], ei[1], tb, None, sio)
  File &quot;/usr/lib/python3.6/traceback.py&quot;, line 104, in print_exception
    type(value), value, tb, limit=limit).format(chain=chain):
  File &quot;/usr/lib/python3.6/traceback.py&quot;, line 509, in __init__
    capture_locals=capture_locals)
  File &quot;/usr/lib/python3.6/traceback.py&quot;, line 345, in extract
    for f, lineno in frame_gen:
  File &quot;/usr/lib/python3.6/traceback.py&quot;, line 310, in walk_tb
    yield tb.tb_frame, tb.tb_lineno
AttributeError: &apos;str&apos; object has no attribute &apos;tb_frame&apos;
Call stack:
  File &quot;/usr/local/bin/pytest&quot;, line 11, in &lt;module&gt;
    sys.exit(main())
  File &quot;/usr/local/lib/python3.6/dist-packages/_pytest/config/__init__.py&quot;, line 74, in main
    return config.hook.pytest_cmdline_main(config=config)
  File &quot;/usr/local/lib/python3.6/dist-packages/pluggy/hooks.py&quot;, line 286, in __call__
    return self._hookexec(self, self.get_hookimpls(), kwargs)
  File &quot;/usr/local/lib/python3.6/dist-packages/pluggy/manager.py&quot;, line 93, in _hookexec
    return self._inner_hookexec(hook, methods, kwargs)
  File &quot;/usr/local/lib/python3.6/dist-packages/pluggy/manager.py&quot;, line 87, in &lt;lambda&gt;
    firstresult=hook.spec.opts.get(&quot;firstresult&quot;) if hook.spec else False,
  File &quot;/usr/local/lib/python3.6/dist-packages/pluggy/callers.py&quot;, line 187, in _multicall
    res = hook_impl.function(*args)
  File &quot;/usr/local/lib/python3.6/dist-packages/_pytest/main.py&quot;, line 250, in pytest_cmdline_main
    return wrap_session(config, _main)
  File &quot;/usr/local/lib/python3.6/dist-packages/_pytest/main.py&quot;, line 213, in wrap_session
    session.exitstatus = doit(config, session) or 0
  File &quot;/usr/local/lib/python3.6/dist-packages/_pytest/main.py&quot;, line 257, in _main
    config.hook.pytest_runtestloop(session=session)
  File &quot;/usr/local/lib/python3.6/dist-packages/pluggy/hooks.py&quot;, line 286, in __call__
    return self._hookexec(self, self.get_hookimpls(), kwargs)
  File &quot;/usr/local/lib/python3.6/dist-packages/pluggy/manager.py&quot;, line 93, in _hookexec
    return self._inner_hookexec(hook, methods, kwargs)
  File &quot;/usr/local/lib/python3.6/dist-packages/pluggy/manager.py&quot;, line 87, in &lt;lambda&gt;
    firstresult=hook.spec.opts.get(&quot;firstresult&quot;) if hook.spec else False,
  File &quot;/usr/local/lib/python3.6/dist-packages/pluggy/callers.py&quot;, line 187, in _multicall
    res = hook_impl.function(*args)
  File &quot;/usr/local/lib/python3.6/dist-packages/_pytest/main.py&quot;, line 278, in pytest_runtestloop
    item.config.hook.pytest_runtest_protocol(item=item, nextitem=nextitem)
  File &quot;/usr/local/lib/python3.6/dist-packages/pluggy/hooks.py&quot;, line 286, in __call__
    return self._hookexec(self, self.get_hookimpls(), kwargs)
  File &quot;/usr/local/lib/python3.6/dist-packages/pluggy/manager.py&quot;, line 93, in _hookexec
    return self._inner_hookexec(hook, methods, kwargs)
  File &quot;/usr/local/lib/python3.6/dist-packages/pluggy/manager.py&quot;, line 87, in &lt;lambda&gt;
    firstresult=hook.spec.opts.get(&quot;firstresult&quot;) if hook.spec else False,
  File &quot;/usr/local/lib/python3.6/dist-packages/pluggy/callers.py&quot;, line 187, in _multicall
    res = hook_impl.function(*args)
  File &quot;/usr/local/lib/python3.6/dist-packages/_pytest/runner.py&quot;, line 72, in pytest_runtest_protocol
    runtestprotocol(item, nextitem=nextitem)
  File &quot;/usr/local/lib/python3.6/dist-packages/_pytest/runner.py&quot;, line 87, in runtestprotocol
    reports.append(call_and_report(item, &quot;call&quot;, log))
  File &quot;/usr/local/lib/python3.6/dist-packages/_pytest/runner.py&quot;, line 167, in call_and_report
    call = call_runtest_hook(item, when, **kwds)
  File &quot;/usr/local/lib/python3.6/dist-packages/_pytest/runner.py&quot;, line 192, in call_runtest_hook
    lambda: ihook(item=item, **kwds), when=when, reraise=reraise
  File &quot;/usr/local/lib/python3.6/dist-packages/_pytest/runner.py&quot;, line 220, in from_call
    result = func()
  File &quot;/usr/local/lib/python3.6/dist-packages/_pytest/runner.py&quot;, line 192, in &lt;lambda&gt;
    lambda: ihook(item=item, **kwds), when=when, reraise=reraise
  File &quot;/usr/local/lib/python3.6/dist-packages/pluggy/hooks.py&quot;, line 286, in __call__
    return self._hookexec(self, self.get_hookimpls(), kwargs)
  File &quot;/usr/local/lib/python3.6/dist-packages/pluggy/manager.py&quot;, line 93, in _hookexec
    return self._inner_hookexec(hook, methods, kwargs)
  File &quot;/usr/local/lib/python3.6/dist-packages/pluggy/manager.py&quot;, line 87, in &lt;lambda&gt;
    firstresult=hook.spec.opts.get(&quot;firstresult&quot;) if hook.spec else False,
  File &quot;/usr/local/lib/python3.6/dist-packages/pluggy/callers.py&quot;, line 187, in _multicall
    res = hook_impl.function(*args)
  File &quot;/usr/local/lib/python3.6/dist-packages/_pytest/runner.py&quot;, line 117, in pytest_runtest_call
    item.runtest()
  File &quot;/usr/local/lib/python3.6/dist-packages/_pytest/unittest.py&quot;, line 200, in runtest
    self._testcase(result=self)
  File &quot;/usr/lib/python3.6/unittest/case.py&quot;, line 653, in __call__
    return self.run(*args, **kwds)
  File &quot;/usr/local/lib/python3.6/dist-packages/asynctest/case.py&quot;, line 297, in run
    self._run_test_method(testMethod)
  File &quot;/usr/local/lib/python3.6/dist-packages/asynctest/case.py&quot;, line 354, in _run_test_method
    self.loop.run_until_complete(result)
  File &quot;/usr/local/lib/python3.6/dist-packages/asynctest/case.py&quot;, line 224, in wrapper
    return method(*args, **kwargs)
  File &quot;/usr/lib/python3.6/asyncio/base_events.py&quot;, line 471, in run_until_complete
    self.run_forever()
  File &quot;/usr/local/lib/python3.6/dist-packages/asynctest/case.py&quot;, line 224, in wrapper
    return method(*args, **kwargs)
  File &quot;/usr/lib/python3.6/asyncio/base_events.py&quot;, line 438, in run_forever
    self._run_once()
  File &quot;/usr/lib/python3.6/asyncio/base_events.py&quot;, line 1451, in _run_once
    handle._run()
  File &quot;/usr/lib/python3.6/asyncio/events.py&quot;, line 145, in _run
    self._callback(*self._args)
  File &quot;/usr/src/app/aries_cloudagent/core/tests/test_conductor.py&quot;, line 616, in test_dispatch_complete_non_fatal_x
    conductor.dispatch_complete(message, mock_task)
  File &quot;/usr/src/app/aries_cloudagent/core/conductor.py&quot;, line 276, in dispatch_complete
    &quot;Exception in message handler:&quot;, exc_info=completed.exc_info
Message: &apos;Exception in message handler:&apos;
Arguments: ()
--- Logging error ---
Traceback (most recent call last):
  File &quot;/usr/lib/python3.6/logging/__init__.py&quot;, line 994, in emit
    msg = self.format(record)
  File &quot;/usr/lib/python3.6/logging/__init__.py&quot;, line 840, in format
    return fmt.format(record)
  File &quot;/usr/local/lib/python3.6/dist-packages/_pytest/logging.py&quot;, line 65, in format
    return super().format(record)
  File &quot;/usr/lib/python3.6/logging/__init__.py&quot;, line 585, in format
    record.exc_text = self.formatException(record.exc_info)
  File &quot;/usr/lib/python3.6/logging/__init__.py&quot;, line 535, in formatException
    traceback.print_exception(ei[0], ei[1], tb, None, sio)
  File &quot;/usr/lib/python3.6/traceback.py&quot;, line 104, in print_exception
    type(value), value, tb, limit=limit).format(chain=chain):
  File &quot;/usr/lib/python3.6/traceback.py&quot;, line 509, in __init__
    capture_locals=capture_locals)
  File &quot;/usr/lib/python3.6/traceback.py&quot;, line 345, in extract
    for f, lineno in frame_gen:
  File &quot;/usr/lib/python3.6/traceback.py&quot;, line 310, in walk_tb
    yield tb.tb_frame, tb.tb_lineno
AttributeError: &apos;str&apos; object has no attribute &apos;tb_frame&apos;
Call stack:
  File &quot;/usr/local/bin/pytest&quot;, line 11, in &lt;module&gt;
    sys.exit(main())
  File &quot;/usr/local/lib/python3.6/dist-packages/_pytest/config/__init__.py&quot;, line 74, in main
    return config.hook.pytest_cmdline_main(config=config)
  File &quot;/usr/local/lib/python3.6/dist-packages/pluggy/hooks.py&quot;, line 286, in __call__
    return self._hookexec(self, self.get_hookimpls(), kwargs)
  File &quot;/usr/local/lib/python3.6/dist-packages/pluggy/manager.py&quot;, line 93, in _hookexec
    return self._inner_hookexec(hook, methods, kwargs)
  File &quot;/usr/local/lib/python3.6/dist-packages/pluggy/manager.py&quot;, line 87, in &lt;lambda&gt;
    firstresult=hook.spec.opts.get(&quot;firstresult&quot;) if hook.spec else False,
  File &quot;/usr/local/lib/python3.6/dist-packages/pluggy/callers.py&quot;, line 187, in _multicall
    res = hook_impl.function(*args)
  File &quot;/usr/local/lib/python3.6/dist-packages/_pytest/main.py&quot;, line 250, in pytest_cmdline_main
    return wrap_session(config, _main)
  File &quot;/usr/local/lib/python3.6/dist-packages/_pytest/main.py&quot;, line 213, in wrap_session
    session.exitstatus = doit(config, session) or 0
  File &quot;/usr/local/lib/python3.6/dist-packages/_pytest/main.py&quot;, line 257, in _main
    config.hook.pytest_runtestloop(session=session)
  File &quot;/usr/local/lib/python3.6/dist-packages/pluggy/hooks.py&quot;, line 286, in __call__
    return self._hookexec(self, self.get_hookimpls(), kwargs)
  File &quot;/usr/local/lib/python3.6/dist-packages/pluggy/manager.py&quot;, line 93, in _hookexec
    return self._inner_hookexec(hook, methods, kwargs)
  File &quot;/usr/local/lib/python3.6/dist-packages/pluggy/manager.py&quot;, line 87, in &lt;lambda&gt;
    firstresult=hook.spec.opts.get(&quot;firstresult&quot;) if hook.spec else False,
  File &quot;/usr/local/lib/python3.6/dist-packages/pluggy/callers.py&quot;, line 187, in _multicall
    res = hook_impl.function(*args)
  File &quot;/usr/local/lib/python3.6/dist-packages/_pytest/main.py&quot;, line 278, in pytest_runtestloop
    item.config.hook.pytest_runtest_protocol(item=item, nextitem=nextitem)
  File &quot;/usr/local/lib/python3.6/dist-packages/pluggy/hooks.py&quot;, line 286, in __call__
    return self._hookexec(self, self.get_hookimpls(), kwargs)
  File &quot;/usr/local/lib/python3.6/dist-packages/pluggy/manager.py&quot;, line 93, in _hookexec
    return self._inner_hookexec(hook, methods, kwargs)
  File &quot;/usr/local/lib/python3.6/dist-packages/pluggy/manager.py&quot;, line 87, in &lt;lambda&gt;
    firstresult=hook.spec.opts.get(&quot;firstresult&quot;) if hook.spec else False,
  File &quot;/usr/local/lib/python3.6/dist-packages/pluggy/callers.py&quot;, line 187, in _multicall
    res = hook_impl.function(*args)
  File &quot;/usr/local/lib/python3.6/dist-packages/_pytest/runner.py&quot;, line 72, in pytest_runtest_protocol
    runtestprotocol(item, nextitem=nextitem)
  File &quot;/usr/local/lib/python3.6/dist-packages/_pytest/runner.py&quot;, line 87, in runtestprotocol
    reports.append(call_and_report(item, &quot;call&quot;, log))
  File &quot;/usr/local/lib/python3.6/dist-packages/_pytest/runner.py&quot;, line 167, in call_and_report
    call = call_runtest_hook(item, when, **kwds)
  File &quot;/usr/local/lib/python3.6/dist-packages/_pytest/runner.py&quot;, line 192, in call_runtest_hook
    lambda: ihook(item=item, **kwds), when=when, reraise=reraise
  File &quot;/usr/local/lib/python3.6/dist-packages/_pytest/runner.py&quot;, line 220, in from_call
    result = func()
  File &quot;/usr/local/lib/python3.6/dist-packages/_pytest/runner.py&quot;, line 192, in &lt;lambda&gt;
    lambda: ihook(item=item, **kwds), when=when, reraise=reraise
  File &quot;/usr/local/lib/python3.6/dist-packages/pluggy/hooks.py&quot;, line 286, in __call__
    return self._hookexec(self, self.get_hookimpls(), kwargs)
  File &quot;/usr/local/lib/python3.6/dist-packages/pluggy/manager.py&quot;, line 93, in _hookexec
    return self._inner_hookexec(hook, methods, kwargs)
  File &quot;/usr/local/lib/python3.6/dist-packages/pluggy/manager.py&quot;, line 87, in &lt;lambda&gt;
    firstresult=hook.spec.opts.get(&quot;firstresult&quot;) if hook.spec else False,
  File &quot;/usr/local/lib/python3.6/dist-packages/pluggy/callers.py&quot;, line 187, in _multicall
    res = hook_impl.function(*args)
  File &quot;/usr/local/lib/python3.6/dist-packages/_pytest/runner.py&quot;, line 117, in pytest_runtest_call
    item.runtest()
  File &quot;/usr/local/lib/python3.6/dist-packages/_pytest/unittest.py&quot;, line 200, in runtest
    self._testcase(result=self)
  File &quot;/usr/lib/python3.6/unittest/case.py&quot;, line 653, in __call__
    return self.run(*args, **kwds)
  File &quot;/usr/local/lib/python3.6/dist-packages/asynctest/case.py&quot;, line 297, in run
    self._run_test_method(testMethod)
  File &quot;/usr/local/lib/python3.6/dist-packages/asynctest/case.py&quot;, line 354, in _run_test_method
    self.loop.run_until_complete(result)
  File &quot;/usr/local/lib/python3.6/dist-packages/asynctest/case.py&quot;, line 224, in wrapper
    return method(*args, **kwargs)
  File &quot;/usr/lib/python3.6/asyncio/base_events.py&quot;, line 471, in run_until_complete
    self.run_forever()
  File &quot;/usr/local/lib/python3.6/dist-packages/asynctest/case.py&quot;, line 224, in wrapper
    return method(*args, **kwargs)
  File &quot;/usr/lib/python3.6/asyncio/base_events.py&quot;, line 438, in run_forever
    self._run_once()
  File &quot;/usr/lib/python3.6/asyncio/base_events.py&quot;, line 1451, in _run_once
    handle._run()
  File &quot;/usr/lib/python3.6/asyncio/events.py&quot;, line 145, in _run
    self._callback(*self._args)
  File &quot;/usr/src/app/aries_cloudagent/core/tests/test_conductor.py&quot;, line 616, in test_dispatch_complete_non_fatal_x
    conductor.dispatch_complete(message, mock_task)
  File &quot;/usr/src/app/aries_cloudagent/core/conductor.py&quot;, line 276, in dispatch_complete
    &quot;Exception in message handler:&quot;, exc_info=completed.exc_info
  File &quot;/usr/lib/python3.6/logging/__init__.py&quot;, line 1343, in exception
    self.error(msg, *args, exc_info=exc_info, **kwargs)
  File &quot;/usr/lib/python3.6/logging/__init__.py&quot;, line 1337, in error
    self._log(ERROR, msg, args, **kwargs)
  File &quot;/usr/lib/python3.6/logging/__init__.py&quot;, line 1444, in _log
    self.handle(record)
  File &quot;/usr/lib/python3.6/logging/__init__.py&quot;, line 1454, in handle
    self.callHandlers(record)
  File &quot;/usr/lib/python3.6/logging/__init__.py&quot;, line 1516, in callHandlers
    hdlr.handle(record)
  File &quot;/usr/lib/python3.6/logging/__init__.py&quot;, line 865, in handle
    self.emit(record)
  File &quot;/usr/local/lib/python3.6/dist-packages/_pytest/logging.py&quot;, line 227, in emit
    logging.StreamHandler.emit(self, record)
Message: &apos;Exception in message handler:&apos;
Arguments: ()
</system-err></testcase><testcase classname="aries_cloudagent.core.tests.test_conductor.TestConductor" file="aries_cloudagent/core/tests/test_conductor.py" line="412" name="test_handle_not_returned_ledger_x" time="0.008"></testcase><testcase classname="aries_cloudagent.core.tests.test_conductor.TestConductor" file="aries_cloudagent/core/tests/test_conductor.py" line="370" name="test_handle_nots" time="0.012"></testcase><testcase classname="aries_cloudagent.core.tests.test_conductor.TestConductor" file="aries_cloudagent/core/tests/test_conductor.py" line="220" name="test_inbound_message_handler" time="0.009"></testcase><testcase classname="aries_cloudagent.core.tests.test_conductor.TestConductor" file="aries_cloudagent/core/tests/test_conductor.py" line="242" name="test_inbound_message_handler_ledger_x" time="0.078"></testcase><testcase classname="aries_cloudagent.core.tests.test_conductor.TestConductor" file="aries_cloudagent/core/tests/test_conductor.py" line="265" name="test_outbound_message_handler_return_route" time="0.005"></testcase><testcase classname="aries_cloudagent.core.tests.test_conductor.TestConductor" file="aries_cloudagent/core/tests/test_conductor.py" line="312" name="test_outbound_message_handler_with_connection" time="0.125"></testcase><testcase classname="aries_cloudagent.core.tests.test_conductor.TestConductor" file="aries_cloudagent/core/tests/test_conductor.py" line="290" name="test_outbound_message_handler_with_target" time="0.080"></testcase><testcase classname="aries_cloudagent.core.tests.test_conductor.TestConductor" file="aries_cloudagent/core/tests/test_conductor.py" line="343" name="test_outbound_message_handler_with_verkey_no_target" time="0.070"></testcase><testcase classname="aries_cloudagent.core.tests.test_conductor.TestConductor" file="aries_cloudagent/core/tests/test_conductor.py" line="648" name="test_print_invite" time="0.009"></testcase><testcase classname="aries_cloudagent.core.tests.test_conductor.TestConductor" file="aries_cloudagent/core/tests/test_conductor.py" line="442" name="test_queue_outbound_ledger_x" time="0.064"></testcase><testcase classname="aries_cloudagent.core.tests.test_conductor.TestConductor" file="aries_cloudagent/core/tests/test_conductor.py" line="525" name="test_setup_collector" time="0.120"></testcase><testcase classname="aries_cloudagent.core.tests.test_conductor.TestConductor" file="aries_cloudagent/core/tests/test_conductor.py" line="196" name="test_setup_x" time="0.101"></testcase><testcase classname="aries_cloudagent.core.tests.test_conductor.TestConductor" file="aries_cloudagent/core/tests/test_conductor.py" line="539" name="test_start_static" time="0.007"><system-out>
::::::::::::::::::::::::::::::::::::::::::::::
:: ACA                                      ::
::                                          ::
::                                          ::
:: Inbound Transports:                      ::
::                                          ::
::                                          ::
:: Outbound Transports:                     ::
::                                          ::
::                                          ::
:: Public DID Information:                  ::
::                                          ::
::   - DID: 44kzG1KTWyr7MiDxou16do          ::
::                                          ::
:: Administration API:                      ::
::                                          ::
::   - not enabled                          ::
::                                          ::
::                               ver: 0.5.4 ::
::::::::::::::::::::::::::::::::::::::::::::::

Listening...

Created static connection for test suite
 - My DID: &lt;MagicMock name=&apos;ConnectionManager().create_static_connection().my_did&apos; id=&apos;140707582347752&apos;&gt;
 - Their DID: &lt;MagicMock name=&apos;ConnectionManager().create_static_connection().their_did&apos; id=&apos;140707582987568&apos;&gt;
 - Their endpoint: True

</system-out></testcase><testcase classname="aries_cloudagent.core.tests.test_conductor.TestConductor" file="aries_cloudagent/core/tests/test_conductor.py" line="554" name="test_start_x_in" time="0.010"></testcase><testcase classname="aries_cloudagent.core.tests.test_conductor.TestConductor" file="aries_cloudagent/core/tests/test_conductor.py" line="573" name="test_start_x_out" time="0.008"></testcase><testcase classname="aries_cloudagent.core.tests.test_conductor.TestConductor" file="aries_cloudagent/core/tests/test_conductor.py" line="94" name="test_startup" time="0.124"></testcase><testcase classname="aries_cloudagent.core.tests.test_conductor.TestConductor" file="aries_cloudagent/core/tests/test_conductor.py" line="129" name="test_startup_no_public_did" time="0.118"></testcase><testcase classname="aries_cloudagent.core.tests.test_conductor.TestConductor" file="aries_cloudagent/core/tests/test_conductor.py" line="162" name="test_stats" time="0.115"></testcase><testcase classname="aries_cloudagent.core.tests.test_conductor.TestConductor" file="aries_cloudagent/core/tests/test_conductor.py" line="665" name="test_webhook_router" time="0.007"></testcase><testcase classname="aries_cloudagent.core.tests.test_dispatcher" file="aries_cloudagent/core/tests/test_dispatcher.py" line="-1" name="FLAKE8" time="0.044"></testcase><testcase classname="aries_cloudagent.core.tests.test_dispatcher.TestDispatcher" file="aries_cloudagent/core/tests/test_dispatcher.py" line="303" name="test_bad_message_dispatch" time="0.005"></testcase><testcase classname="aries_cloudagent.core.tests.test_dispatcher.TestDispatcher" file="aries_cloudagent/core/tests/test_dispatcher.py" line="364" name="test_create_enc_outbound" time="0.005"></testcase><testcase classname="aries_cloudagent.core.tests.test_dispatcher.TestDispatcher" file="aries_cloudagent/core/tests/test_dispatcher.py" line="343" name="test_create_outbound_send_webhook" time="0.005"></testcase><testcase classname="aries_cloudagent.core.tests.test_dispatcher.TestDispatcher" file="aries_cloudagent/core/tests/test_dispatcher.py" line="357" name="test_create_send_outbound" time="0.003"></testcase><testcase classname="aries_cloudagent.core.tests.test_dispatcher.TestDispatcher" file="aries_cloudagent/core/tests/test_dispatcher.py" line="88" name="test_dispatch" time="0.061"></testcase><testcase classname="aries_cloudagent.core.tests.test_dispatcher.TestDispatcher" file="aries_cloudagent/core/tests/test_dispatcher.py" line="316" name="test_dispatch_log" time="0.005"><system-err>--- Logging error ---
Traceback (most recent call last):
  File &quot;/usr/lib/python3.6/logging/__init__.py&quot;, line 994, in emit
    msg = self.format(record)
  File &quot;/usr/lib/python3.6/logging/__init__.py&quot;, line 840, in format
    return fmt.format(record)
  File &quot;/usr/lib/python3.6/logging/__init__.py&quot;, line 585, in format
    record.exc_text = self.formatException(record.exc_info)
  File &quot;/usr/lib/python3.6/logging/__init__.py&quot;, line 535, in formatException
    traceback.print_exception(ei[0], ei[1], tb, None, sio)
  File &quot;/usr/lib/python3.6/traceback.py&quot;, line 104, in print_exception
    type(value), value, tb, limit=limit).format(chain=chain):
  File &quot;/usr/lib/python3.6/traceback.py&quot;, line 509, in __init__
    capture_locals=capture_locals)
  File &quot;/usr/lib/python3.6/traceback.py&quot;, line 345, in extract
    for f, lineno in frame_gen:
  File &quot;/usr/lib/python3.6/traceback.py&quot;, line 310, in walk_tb
    yield tb.tb_frame, tb.tb_lineno
AttributeError: &apos;str&apos; object has no attribute &apos;tb_frame&apos;
Call stack:
  File &quot;/usr/local/bin/pytest&quot;, line 11, in &lt;module&gt;
    sys.exit(main())
  File &quot;/usr/local/lib/python3.6/dist-packages/_pytest/config/__init__.py&quot;, line 74, in main
    return config.hook.pytest_cmdline_main(config=config)
  File &quot;/usr/local/lib/python3.6/dist-packages/pluggy/hooks.py&quot;, line 286, in __call__
    return self._hookexec(self, self.get_hookimpls(), kwargs)
  File &quot;/usr/local/lib/python3.6/dist-packages/pluggy/manager.py&quot;, line 93, in _hookexec
    return self._inner_hookexec(hook, methods, kwargs)
  File &quot;/usr/local/lib/python3.6/dist-packages/pluggy/manager.py&quot;, line 87, in &lt;lambda&gt;
    firstresult=hook.spec.opts.get(&quot;firstresult&quot;) if hook.spec else False,
  File &quot;/usr/local/lib/python3.6/dist-packages/pluggy/callers.py&quot;, line 187, in _multicall
    res = hook_impl.function(*args)
  File &quot;/usr/local/lib/python3.6/dist-packages/_pytest/main.py&quot;, line 250, in pytest_cmdline_main
    return wrap_session(config, _main)
  File &quot;/usr/local/lib/python3.6/dist-packages/_pytest/main.py&quot;, line 213, in wrap_session
    session.exitstatus = doit(config, session) or 0
  File &quot;/usr/local/lib/python3.6/dist-packages/_pytest/main.py&quot;, line 257, in _main
    config.hook.pytest_runtestloop(session=session)
  File &quot;/usr/local/lib/python3.6/dist-packages/pluggy/hooks.py&quot;, line 286, in __call__
    return self._hookexec(self, self.get_hookimpls(), kwargs)
  File &quot;/usr/local/lib/python3.6/dist-packages/pluggy/manager.py&quot;, line 93, in _hookexec
    return self._inner_hookexec(hook, methods, kwargs)
  File &quot;/usr/local/lib/python3.6/dist-packages/pluggy/manager.py&quot;, line 87, in &lt;lambda&gt;
    firstresult=hook.spec.opts.get(&quot;firstresult&quot;) if hook.spec else False,
  File &quot;/usr/local/lib/python3.6/dist-packages/pluggy/callers.py&quot;, line 187, in _multicall
    res = hook_impl.function(*args)
  File &quot;/usr/local/lib/python3.6/dist-packages/_pytest/main.py&quot;, line 278, in pytest_runtestloop
    item.config.hook.pytest_runtest_protocol(item=item, nextitem=nextitem)
  File &quot;/usr/local/lib/python3.6/dist-packages/pluggy/hooks.py&quot;, line 286, in __call__
    return self._hookexec(self, self.get_hookimpls(), kwargs)
  File &quot;/usr/local/lib/python3.6/dist-packages/pluggy/manager.py&quot;, line 93, in _hookexec
    return self._inner_hookexec(hook, methods, kwargs)
  File &quot;/usr/local/lib/python3.6/dist-packages/pluggy/manager.py&quot;, line 87, in &lt;lambda&gt;
    firstresult=hook.spec.opts.get(&quot;firstresult&quot;) if hook.spec else False,
  File &quot;/usr/local/lib/python3.6/dist-packages/pluggy/callers.py&quot;, line 187, in _multicall
    res = hook_impl.function(*args)
  File &quot;/usr/local/lib/python3.6/dist-packages/_pytest/runner.py&quot;, line 72, in pytest_runtest_protocol
    runtestprotocol(item, nextitem=nextitem)
  File &quot;/usr/local/lib/python3.6/dist-packages/_pytest/runner.py&quot;, line 87, in runtestprotocol
    reports.append(call_and_report(item, &quot;call&quot;, log))
  File &quot;/usr/local/lib/python3.6/dist-packages/_pytest/runner.py&quot;, line 167, in call_and_report
    call = call_runtest_hook(item, when, **kwds)
  File &quot;/usr/local/lib/python3.6/dist-packages/_pytest/runner.py&quot;, line 192, in call_runtest_hook
    lambda: ihook(item=item, **kwds), when=when, reraise=reraise
  File &quot;/usr/local/lib/python3.6/dist-packages/_pytest/runner.py&quot;, line 220, in from_call
    result = func()
  File &quot;/usr/local/lib/python3.6/dist-packages/_pytest/runner.py&quot;, line 192, in &lt;lambda&gt;
    lambda: ihook(item=item, **kwds), when=when, reraise=reraise
  File &quot;/usr/local/lib/python3.6/dist-packages/pluggy/hooks.py&quot;, line 286, in __call__
    return self._hookexec(self, self.get_hookimpls(), kwargs)
  File &quot;/usr/local/lib/python3.6/dist-packages/pluggy/manager.py&quot;, line 93, in _hookexec
    return self._inner_hookexec(hook, methods, kwargs)
  File &quot;/usr/local/lib/python3.6/dist-packages/pluggy/manager.py&quot;, line 87, in &lt;lambda&gt;
    firstresult=hook.spec.opts.get(&quot;firstresult&quot;) if hook.spec else False,
  File &quot;/usr/local/lib/python3.6/dist-packages/pluggy/callers.py&quot;, line 187, in _multicall
    res = hook_impl.function(*args)
  File &quot;/usr/local/lib/python3.6/dist-packages/_pytest/runner.py&quot;, line 117, in pytest_runtest_call
    item.runtest()
  File &quot;/usr/local/lib/python3.6/dist-packages/_pytest/unittest.py&quot;, line 200, in runtest
    self._testcase(result=self)
  File &quot;/usr/lib/python3.6/unittest/case.py&quot;, line 653, in __call__
    return self.run(*args, **kwds)
  File &quot;/usr/local/lib/python3.6/dist-packages/asynctest/case.py&quot;, line 297, in run
    self._run_test_method(testMethod)
  File &quot;/usr/local/lib/python3.6/dist-packages/asynctest/case.py&quot;, line 354, in _run_test_method
    self.loop.run_until_complete(result)
  File &quot;/usr/local/lib/python3.6/dist-packages/asynctest/case.py&quot;, line 224, in wrapper
    return method(*args, **kwargs)
  File &quot;/usr/lib/python3.6/asyncio/base_events.py&quot;, line 471, in run_until_complete
    self.run_forever()
  File &quot;/usr/local/lib/python3.6/dist-packages/asynctest/case.py&quot;, line 224, in wrapper
    return method(*args, **kwargs)
  File &quot;/usr/lib/python3.6/asyncio/base_events.py&quot;, line 438, in run_forever
    self._run_once()
  File &quot;/usr/lib/python3.6/asyncio/base_events.py&quot;, line 1451, in _run_once
    handle._run()
  File &quot;/usr/lib/python3.6/asyncio/events.py&quot;, line 145, in _run
    self._callback(*self._args)
  File &quot;/usr/src/app/aries_cloudagent/core/tests/test_dispatcher.py&quot;, line 342, in test_dispatch_log
    dispatcher.log_task(mock_task)
  File &quot;/usr/src/app/aries_cloudagent/core/dispatcher.py&quot;, line 75, in log_task
    &quot;Handler error: %s&quot;, task.ident or &quot;&quot;, exc_info=task.exc_info
Message: &apos;Handler error: %s&apos;
Arguments: (&apos;abc&apos;,)
--- Logging error ---
Traceback (most recent call last):
  File &quot;/usr/lib/python3.6/logging/__init__.py&quot;, line 994, in emit
    msg = self.format(record)
  File &quot;/usr/lib/python3.6/logging/__init__.py&quot;, line 840, in format
    return fmt.format(record)
  File &quot;/usr/local/lib/python3.6/dist-packages/_pytest/logging.py&quot;, line 65, in format
    return super().format(record)
  File &quot;/usr/lib/python3.6/logging/__init__.py&quot;, line 585, in format
    record.exc_text = self.formatException(record.exc_info)
  File &quot;/usr/lib/python3.6/logging/__init__.py&quot;, line 535, in formatException
    traceback.print_exception(ei[0], ei[1], tb, None, sio)
  File &quot;/usr/lib/python3.6/traceback.py&quot;, line 104, in print_exception
    type(value), value, tb, limit=limit).format(chain=chain):
  File &quot;/usr/lib/python3.6/traceback.py&quot;, line 509, in __init__
    capture_locals=capture_locals)
  File &quot;/usr/lib/python3.6/traceback.py&quot;, line 345, in extract
    for f, lineno in frame_gen:
  File &quot;/usr/lib/python3.6/traceback.py&quot;, line 310, in walk_tb
    yield tb.tb_frame, tb.tb_lineno
AttributeError: &apos;str&apos; object has no attribute &apos;tb_frame&apos;
Call stack:
  File &quot;/usr/local/bin/pytest&quot;, line 11, in &lt;module&gt;
    sys.exit(main())
  File &quot;/usr/local/lib/python3.6/dist-packages/_pytest/config/__init__.py&quot;, line 74, in main
    return config.hook.pytest_cmdline_main(config=config)
  File &quot;/usr/local/lib/python3.6/dist-packages/pluggy/hooks.py&quot;, line 286, in __call__
    return self._hookexec(self, self.get_hookimpls(), kwargs)
  File &quot;/usr/local/lib/python3.6/dist-packages/pluggy/manager.py&quot;, line 93, in _hookexec
    return self._inner_hookexec(hook, methods, kwargs)
  File &quot;/usr/local/lib/python3.6/dist-packages/pluggy/manager.py&quot;, line 87, in &lt;lambda&gt;
    firstresult=hook.spec.opts.get(&quot;firstresult&quot;) if hook.spec else False,
  File &quot;/usr/local/lib/python3.6/dist-packages/pluggy/callers.py&quot;, line 187, in _multicall
    res = hook_impl.function(*args)
  File &quot;/usr/local/lib/python3.6/dist-packages/_pytest/main.py&quot;, line 250, in pytest_cmdline_main
    return wrap_session(config, _main)
  File &quot;/usr/local/lib/python3.6/dist-packages/_pytest/main.py&quot;, line 213, in wrap_session
    session.exitstatus = doit(config, session) or 0
  File &quot;/usr/local/lib/python3.6/dist-packages/_pytest/main.py&quot;, line 257, in _main
    config.hook.pytest_runtestloop(session=session)
  File &quot;/usr/local/lib/python3.6/dist-packages/pluggy/hooks.py&quot;, line 286, in __call__
    return self._hookexec(self, self.get_hookimpls(), kwargs)
  File &quot;/usr/local/lib/python3.6/dist-packages/pluggy/manager.py&quot;, line 93, in _hookexec
    return self._inner_hookexec(hook, methods, kwargs)
  File &quot;/usr/local/lib/python3.6/dist-packages/pluggy/manager.py&quot;, line 87, in &lt;lambda&gt;
    firstresult=hook.spec.opts.get(&quot;firstresult&quot;) if hook.spec else False,
  File &quot;/usr/local/lib/python3.6/dist-packages/pluggy/callers.py&quot;, line 187, in _multicall
    res = hook_impl.function(*args)
  File &quot;/usr/local/lib/python3.6/dist-packages/_pytest/main.py&quot;, line 278, in pytest_runtestloop
    item.config.hook.pytest_runtest_protocol(item=item, nextitem=nextitem)
  File &quot;/usr/local/lib/python3.6/dist-packages/pluggy/hooks.py&quot;, line 286, in __call__
    return self._hookexec(self, self.get_hookimpls(), kwargs)
  File &quot;/usr/local/lib/python3.6/dist-packages/pluggy/manager.py&quot;, line 93, in _hookexec
    return self._inner_hookexec(hook, methods, kwargs)
  File &quot;/usr/local/lib/python3.6/dist-packages/pluggy/manager.py&quot;, line 87, in &lt;lambda&gt;
    firstresult=hook.spec.opts.get(&quot;firstresult&quot;) if hook.spec else False,
  File &quot;/usr/local/lib/python3.6/dist-packages/pluggy/callers.py&quot;, line 187, in _multicall
    res = hook_impl.function(*args)
  File &quot;/usr/local/lib/python3.6/dist-packages/_pytest/runner.py&quot;, line 72, in pytest_runtest_protocol
    runtestprotocol(item, nextitem=nextitem)
  File &quot;/usr/local/lib/python3.6/dist-packages/_pytest/runner.py&quot;, line 87, in runtestprotocol
    reports.append(call_and_report(item, &quot;call&quot;, log))
  File &quot;/usr/local/lib/python3.6/dist-packages/_pytest/runner.py&quot;, line 167, in call_and_report
    call = call_runtest_hook(item, when, **kwds)
  File &quot;/usr/local/lib/python3.6/dist-packages/_pytest/runner.py&quot;, line 192, in call_runtest_hook
    lambda: ihook(item=item, **kwds), when=when, reraise=reraise
  File &quot;/usr/local/lib/python3.6/dist-packages/_pytest/runner.py&quot;, line 220, in from_call
    result = func()
  File &quot;/usr/local/lib/python3.6/dist-packages/_pytest/runner.py&quot;, line 192, in &lt;lambda&gt;
    lambda: ihook(item=item, **kwds), when=when, reraise=reraise
  File &quot;/usr/local/lib/python3.6/dist-packages/pluggy/hooks.py&quot;, line 286, in __call__
    return self._hookexec(self, self.get_hookimpls(), kwargs)
  File &quot;/usr/local/lib/python3.6/dist-packages/pluggy/manager.py&quot;, line 93, in _hookexec
    return self._inner_hookexec(hook, methods, kwargs)
  File &quot;/usr/local/lib/python3.6/dist-packages/pluggy/manager.py&quot;, line 87, in &lt;lambda&gt;
    firstresult=hook.spec.opts.get(&quot;firstresult&quot;) if hook.spec else False,
  File &quot;/usr/local/lib/python3.6/dist-packages/pluggy/callers.py&quot;, line 187, in _multicall
    res = hook_impl.function(*args)
  File &quot;/usr/local/lib/python3.6/dist-packages/_pytest/runner.py&quot;, line 117, in pytest_runtest_call
    item.runtest()
  File &quot;/usr/local/lib/python3.6/dist-packages/_pytest/unittest.py&quot;, line 200, in runtest
    self._testcase(result=self)
  File &quot;/usr/lib/python3.6/unittest/case.py&quot;, line 653, in __call__
    return self.run(*args, **kwds)
  File &quot;/usr/local/lib/python3.6/dist-packages/asynctest/case.py&quot;, line 297, in run
    self._run_test_method(testMethod)
  File &quot;/usr/local/lib/python3.6/dist-packages/asynctest/case.py&quot;, line 354, in _run_test_method
    self.loop.run_until_complete(result)
  File &quot;/usr/local/lib/python3.6/dist-packages/asynctest/case.py&quot;, line 224, in wrapper
    return method(*args, **kwargs)
  File &quot;/usr/lib/python3.6/asyncio/base_events.py&quot;, line 471, in run_until_complete
    self.run_forever()
  File &quot;/usr/local/lib/python3.6/dist-packages/asynctest/case.py&quot;, line 224, in wrapper
    return method(*args, **kwargs)
  File &quot;/usr/lib/python3.6/asyncio/base_events.py&quot;, line 438, in run_forever
    self._run_once()
  File &quot;/usr/lib/python3.6/asyncio/base_events.py&quot;, line 1451, in _run_once
    handle._run()
  File &quot;/usr/lib/python3.6/asyncio/events.py&quot;, line 145, in _run
    self._callback(*self._args)
  File &quot;/usr/src/app/aries_cloudagent/core/tests/test_dispatcher.py&quot;, line 342, in test_dispatch_log
    dispatcher.log_task(mock_task)
  File &quot;/usr/src/app/aries_cloudagent/core/dispatcher.py&quot;, line 75, in log_task
    &quot;Handler error: %s&quot;, task.ident or &quot;&quot;, exc_info=task.exc_info
  File &quot;/usr/lib/python3.6/logging/__init__.py&quot;, line 1343, in exception
    self.error(msg, *args, exc_info=exc_info, **kwargs)
  File &quot;/usr/lib/python3.6/logging/__init__.py&quot;, line 1337, in error
    self._log(ERROR, msg, args, **kwargs)
  File &quot;/usr/lib/python3.6/logging/__init__.py&quot;, line 1444, in _log
    self.handle(record)
  File &quot;/usr/lib/python3.6/logging/__init__.py&quot;, line 1454, in handle
    self.callHandlers(record)
  File &quot;/usr/lib/python3.6/logging/__init__.py&quot;, line 1516, in callHandlers
    hdlr.handle(record)
  File &quot;/usr/lib/python3.6/logging/__init__.py&quot;, line 865, in handle
    self.emit(record)
  File &quot;/usr/local/lib/python3.6/dist-packages/_pytest/logging.py&quot;, line 227, in emit
    logging.StreamHandler.emit(self, record)
Message: &apos;Handler error: %s&apos;
Arguments: (&apos;abc&apos;,)
</system-err></testcase><testcase classname="aries_cloudagent.core.tests.test_dispatcher.TestDispatcher" file="aries_cloudagent/core/tests/test_dispatcher.py" line="123" name="test_dispatch_versioned_message" time="0.008"></testcase><testcase classname="aries_cloudagent.core.tests.test_dispatcher.TestDispatcher" file="aries_cloudagent/core/tests/test_dispatcher.py" line="268" name="test_dispatch_versioned_message_fail" time="0.007"></testcase><testcase classname="aries_cloudagent.core.tests.test_dispatcher.TestDispatcher" file="aries_cloudagent/core/tests/test_dispatcher.py" line="231" name="test_dispatch_versioned_message_handle_greater_succeeds" time="0.007"></testcase><testcase classname="aries_cloudagent.core.tests.test_dispatcher.TestDispatcher" file="aries_cloudagent/core/tests/test_dispatcher.py" line="191" name="test_dispatch_versioned_message_message_class_deserialize_x" time="0.008"></testcase><testcase classname="aries_cloudagent.core.tests.test_dispatcher.TestDispatcher" file="aries_cloudagent/core/tests/test_dispatcher.py" line="158" name="test_dispatch_versioned_message_no_message_class" time="0.008"></testcase><testcase classname="aries_cloudagent.core.tests.test_error" file="aries_cloudagent/core/tests/test_error.py" line="-1" name="FLAKE8" time="0.037"></testcase><testcase classname="aries_cloudagent.core.tests.test_error.TestBaseError" file="aries_cloudagent/core/tests/test_error.py" line="8" name="test_base_error" time="0.002"></testcase><testcase classname="aries_cloudagent.core.tests.test_plugin_registry" file="aries_cloudagent/core/tests/test_plugin_registry.py" line="-1" name="FLAKE8" time="0.034"></testcase><testcase classname="aries_cloudagent.core.tests.test_plugin_registry.TestPluginRegistry" file="aries_cloudagent/core/tests/test_plugin_registry.py" line="479" name="test_load_protocols_load_mod" time="0.006"></testcase><testcase classname="aries_cloudagent.core.tests.test_plugin_registry.TestPluginRegistry" file="aries_cloudagent/core/tests/test_plugin_registry.py" line="470" name="test_load_protocols_load_x" time="0.005"></testcase><testcase classname="aries_cloudagent.core.tests.test_plugin_registry.TestPluginRegistry" file="aries_cloudagent/core/tests/test_plugin_registry.py" line="521" name="test_load_protocols_no_mod_def_message_types" time="0.009"></testcase><testcase classname="aries_cloudagent.core.tests.test_plugin_registry.TestPluginRegistry" file="aries_cloudagent/core/tests/test_plugin_registry.py" line="501" name="test_load_protocols_no_mod_def_no_message_types" time="0.006"></testcase><testcase classname="aries_cloudagent.core.tests.test_plugin_registry.TestPluginRegistry" file="aries_cloudagent/core/tests/test_plugin_registry.py" line="491" name="test_load_protocols_no_mod_load_x" time="0.005"></testcase><testcase classname="aries_cloudagent.core.tests.test_plugin_registry.TestPluginRegistry" file="aries_cloudagent/core/tests/test_plugin_registry.py" line="115" name="test_post_process_routes" time="0.008"></testcase><testcase classname="aries_cloudagent.core.tests.test_plugin_registry.TestPluginRegistry" file="aries_cloudagent/core/tests/test_plugin_registry.py" line="160" name="test_post_process_routes_mod_no_version" time="0.007"></testcase><testcase classname="aries_cloudagent.core.tests.test_plugin_registry.TestPluginRegistry" file="aries_cloudagent/core/tests/test_plugin_registry.py" line="451" name="test_register_definitions_malformed" time="0.086"></testcase><testcase classname="aries_cloudagent.core.tests.test_plugin_registry.TestPluginRegistry" file="aries_cloudagent/core/tests/test_plugin_registry.py" line="463" name="test_register_package_x" time="0.005"></testcase><testcase classname="aries_cloudagent.core.tests.test_plugin_registry.TestPluginRegistry" file="aries_cloudagent/core/tests/test_plugin_registry.py" line="407" name="test_register_plugin_already_present" time="0.003"></testcase><testcase classname="aries_cloudagent.core.tests.test_plugin_registry.TestPluginRegistry" file="aries_cloudagent/core/tests/test_plugin_registry.py" line="413" name="test_register_plugin_load_x" time="0.005"></testcase><testcase classname="aries_cloudagent.core.tests.test_plugin_registry.TestPluginRegistry" file="aries_cloudagent/core/tests/test_plugin_registry.py" line="427" name="test_register_plugin_no_definition" time="0.004"></testcase><testcase classname="aries_cloudagent.core.tests.test_plugin_registry.TestPluginRegistry" file="aries_cloudagent/core/tests/test_plugin_registry.py" line="420" name="test_register_plugin_no_mod" time="0.005"></testcase><testcase classname="aries_cloudagent.core.tests.test_plugin_registry.TestPluginRegistry" file="aries_cloudagent/core/tests/test_plugin_registry.py" line="439" name="test_register_plugin_no_versions" time="0.005"></testcase><testcase classname="aries_cloudagent.core.tests.test_plugin_registry.TestPluginRegistry" file="aries_cloudagent/core/tests/test_plugin_registry.py" line="37" name="test_register_routes" time="0.010"></testcase><testcase classname="aries_cloudagent.core.tests.test_plugin_registry.TestPluginRegistry" file="aries_cloudagent/core/tests/test_plugin_registry.py" line="82" name="test_register_routes_mod_no_version" time="0.008"></testcase><testcase classname="aries_cloudagent.core.tests.test_plugin_registry.TestPluginRegistry" file="aries_cloudagent/core/tests/test_plugin_registry.py" line="550" name="test_repr" time="0.003"></testcase><testcase classname="aries_cloudagent.core.tests.test_plugin_registry.TestPluginRegistry" file="aries_cloudagent/core/tests/test_plugin_registry.py" line="25" name="test_setup" time="0.006"></testcase><testcase classname="aries_cloudagent.core.tests.test_plugin_registry.TestPluginRegistry" file="aries_cloudagent/core/tests/test_plugin_registry.py" line="315" name="test_validate_version_bad_path" time="0.004"></testcase><testcase classname="aries_cloudagent.core.tests.test_plugin_registry.TestPluginRegistry" file="aries_cloudagent/core/tests/test_plugin_registry.py" line="335" name="test_validate_version_list_correct" time="0.007"></testcase><testcase classname="aries_cloudagent.core.tests.test_plugin_registry.TestPluginRegistry" file="aries_cloudagent/core/tests/test_plugin_registry.py" line="216" name="test_validate_version_list_element_empty" time="0.004"></testcase><testcase classname="aries_cloudagent.core.tests.test_plugin_registry.TestPluginRegistry" file="aries_cloudagent/core/tests/test_plugin_registry.py" line="203" name="test_validate_version_list_element_not_an_object" time="0.004"></testcase><testcase classname="aries_cloudagent.core.tests.test_plugin_registry.TestPluginRegistry" file="aries_cloudagent/core/tests/test_plugin_registry.py" line="365" name="test_validate_version_list_extra_attributes_ok" time="0.004"></testcase><testcase classname="aries_cloudagent.core.tests.test_plugin_registry.TestPluginRegistry" file="aries_cloudagent/core/tests/test_plugin_registry.py" line="229" name="test_validate_version_list_missing_attribute" time="0.004"></testcase><testcase classname="aries_cloudagent.core.tests.test_plugin_registry.TestPluginRegistry" file="aries_cloudagent/core/tests/test_plugin_registry.py" line="269" name="test_validate_version_min_greater_current" time="0.004"></testcase><testcase classname="aries_cloudagent.core.tests.test_plugin_registry.TestPluginRegistry" file="aries_cloudagent/core/tests/test_plugin_registry.py" line="289" name="test_validate_version_multiple_major" time="0.006"></testcase><testcase classname="aries_cloudagent.core.tests.test_plugin_registry.TestPluginRegistry" file="aries_cloudagent/core/tests/test_plugin_registry.py" line="249" name="test_validate_version_negative_version" time="0.004"></testcase><testcase classname="aries_cloudagent.core.tests.test_plugin_registry.TestPluginRegistry" file="aries_cloudagent/core/tests/test_plugin_registry.py" line="385" name="test_validate_version_no_such_mod" time="0.004"></testcase><testcase classname="aries_cloudagent.core.tests.test_plugin_registry.TestPluginRegistry" file="aries_cloudagent/core/tests/test_plugin_registry.py" line="190" name="test_validate_version_not_a_list" time="0.005"></testcase><testcase classname="aries_cloudagent.core.tests.test_protocol_registry" file="aries_cloudagent/core/tests/test_protocol_registry.py" line="-1" name="FLAKE8" time="0.037"></testcase><testcase classname="aries_cloudagent.core.tests.test_protocol_registry.TestProtocolRegistry" file="aries_cloudagent/core/tests/test_protocol_registry.py" line="47" name="test_disclosed" time="0.004"></testcase><testcase classname="aries_cloudagent.core.tests.test_protocol_registry.TestProtocolRegistry" file="aries_cloudagent/core/tests/test_protocol_registry.py" line="66" name="test_disclosed_str" time="0.002"></testcase><testcase classname="aries_cloudagent.core.tests.test_protocol_registry.TestProtocolRegistry" file="aries_cloudagent/core/tests/test_protocol_registry.py" line="36" name="test_message_type_query" time="0.002"></testcase><testcase classname="aries_cloudagent.core.tests.test_protocol_registry.TestProtocolRegistry" file="aries_cloudagent/core/tests/test_protocol_registry.py" line="22" name="test_protocols" time="0.002"></testcase><testcase classname="aries_cloudagent.core.tests.test_protocol_registry.TestProtocolRegistry" file="aries_cloudagent/core/tests/test_protocol_registry.py" line="142" name="test_repr" time="0.001"></testcase><testcase classname="aries_cloudagent.core.tests.test_protocol_registry.TestProtocolRegistry" file="aries_cloudagent/core/tests/test_protocol_registry.py" line="100" name="test_resolve_message_class_no_major_version_support" time="0.002"></testcase><testcase classname="aries_cloudagent.core.tests.test_protocol_registry.TestProtocolRegistry" file="aries_cloudagent/core/tests/test_protocol_registry.py" line="88" name="test_resolve_message_class_str" time="0.004"></testcase><testcase classname="aries_cloudagent.core.tests.test_protocol_registry.TestProtocolRegistry" file="aries_cloudagent/core/tests/test_protocol_registry.py" line="123" name="test_resolve_message_load_class_none" time="0.004"></testcase><testcase classname="aries_cloudagent.core.tests.test_protocol_registry.TestProtocolRegistry" file="aries_cloudagent/core/tests/test_protocol_registry.py" line="104" name="test_resolve_message_load_class_str" time="0.005"></testcase><testcase classname="aries_cloudagent.holder.__init__" file="aries_cloudagent/holder/__init__.py" line="-1" name="FLAKE8" time="0.042"></testcase><testcase classname="aries_cloudagent.holder.base" file="aries_cloudagent/holder/base.py" line="-1" name="FLAKE8" time="0.103"></testcase><testcase classname="aries_cloudagent.holder.indy" file="aries_cloudagent/holder/indy.py" line="-1" name="FLAKE8" time="0.271"></testcase><testcase classname="aries_cloudagent.holder.routes" file="aries_cloudagent/holder/routes.py" line="-1" name="FLAKE8" time="0.198"></testcase><testcase classname="aries_cloudagent.holder.tests.__init__" file="aries_cloudagent/holder/tests/__init__.py" line="-1" name="FLAKE8" time="0.039"></testcase><testcase classname="aries_cloudagent.holder.tests.test_indy" file="aries_cloudagent/holder/tests/test_indy.py" line="-1" name="FLAKE8" time="0.038"></testcase><testcase classname="aries_cloudagent.holder.tests.test_indy.TestIndyHolder" file="aries_cloudagent/holder/tests/test_indy.py" line="26" name="test_create_credential_request" time="0.000"><skipped message="test requires Indy support" type="pytest.skip">/usr/src/app/conftest.py:63: test requires Indy support</skipped></testcase><testcase classname="aries_cloudagent.holder.tests.test_indy.TestIndyHolder" file="aries_cloudagent/holder/tests/test_indy.py" line="484" name="test_create_presentation" time="0.001"><skipped message="test requires Indy support" type="pytest.skip">/usr/src/app/conftest.py:63: test requires Indy support</skipped></testcase><testcase classname="aries_cloudagent.holder.tests.test_indy.TestIndyHolder" file="aries_cloudagent/holder/tests/test_indy.py" line="510" name="test_create_revocation_state" time="0.001"><skipped message="test requires Indy support" type="pytest.skip">/usr/src/app/conftest.py:63: test requires Indy support</skipped></testcase><testcase classname="aries_cloudagent.holder.tests.test_indy.TestIndyHolder" file="aries_cloudagent/holder/tests/test_indy.py" line="352" name="test_credential_revoked" time="0.001"><skipped message="test requires Indy support" type="pytest.skip">/usr/src/app/conftest.py:63: test requires Indy support</skipped></testcase><testcase classname="aries_cloudagent.holder.tests.test_indy.TestIndyHolder" file="aries_cloudagent/holder/tests/test_indy.py" line="428" name="test_delete_credential" time="0.001"><skipped message="test requires Indy support" type="pytest.skip">/usr/src/app/conftest.py:63: test requires Indy support</skipped></testcase><testcase classname="aries_cloudagent.holder.tests.test_indy.TestIndyHolder" file="aries_cloudagent/holder/tests/test_indy.py" line="454" name="test_delete_credential_x" time="0.000"><skipped message="test requires Indy support" type="pytest.skip">/usr/src/app/conftest.py:63: test requires Indy support</skipped></testcase><testcase classname="aries_cloudagent.holder.tests.test_indy.TestIndyHolder" file="aries_cloudagent/holder/tests/test_indy.py" line="319" name="test_get_credential" time="0.000"><skipped message="test requires Indy support" type="pytest.skip">/usr/src/app/conftest.py:63: test requires Indy support</skipped></testcase><testcase classname="aries_cloudagent.holder.tests.test_indy.TestIndyHolder" file="aries_cloudagent/holder/tests/test_indy.py" line="131" name="test_get_credential_attr_mime_type" time="0.001"><skipped message="test requires Indy support" type="pytest.skip">/usr/src/app/conftest.py:63: test requires Indy support</skipped></testcase><testcase classname="aries_cloudagent.holder.tests.test_indy.TestIndyHolder" file="aries_cloudagent/holder/tests/test_indy.py" line="160" name="test_get_credential_attr_mime_type_x" time="0.001"><skipped message="test requires Indy support" type="pytest.skip">/usr/src/app/conftest.py:63: test requires Indy support</skipped></testcase><testcase classname="aries_cloudagent.holder.tests.test_indy.TestIndyHolder" file="aries_cloudagent/holder/tests/test_indy.py" line="102" name="test_get_credential_attrs_mime_types" time="0.001"><skipped message="test requires Indy support" type="pytest.skip">/usr/src/app/conftest.py:63: test requires Indy support</skipped></testcase><testcase classname="aries_cloudagent.holder.tests.test_indy.TestIndyHolder" file="aries_cloudagent/holder/tests/test_indy.py" line="332" name="test_get_credential_not_found" time="0.000"><skipped message="test requires Indy support" type="pytest.skip">/usr/src/app/conftest.py:63: test requires Indy support</skipped></testcase><testcase classname="aries_cloudagent.holder.tests.test_indy.TestIndyHolder" file="aries_cloudagent/holder/tests/test_indy.py" line="342" name="test_get_credential_x" time="0.001"><skipped message="test requires Indy support" type="pytest.skip">/usr/src/app/conftest.py:63: test requires Indy support</skipped></testcase><testcase classname="aries_cloudagent.holder.tests.test_indy.TestIndyHolder" file="aries_cloudagent/holder/tests/test_indy.py" line="177" name="test_get_credentials" time="0.001"><skipped message="test requires Indy support" type="pytest.skip">/usr/src/app/conftest.py:63: test requires Indy support</skipped></testcase><testcase classname="aries_cloudagent.holder.tests.test_indy.TestIndyHolder" file="aries_cloudagent/holder/tests/test_indy.py" line="230" name="test_get_credentials_for_presentation_request_by_referent" time="0.001"><skipped message="test requires Indy support" type="pytest.skip">/usr/src/app/conftest.py:63: test requires Indy support</skipped></testcase><testcase classname="aries_cloudagent.holder.tests.test_indy.TestIndyHolder" file="aries_cloudagent/holder/tests/test_indy.py" line="283" name="test_get_credentials_for_presentation_request_by_referent_default_refts" time="0.001"><skipped message="test requires Indy support" type="pytest.skip">/usr/src/app/conftest.py:63: test requires Indy support</skipped></testcase><testcase classname="aries_cloudagent.holder.tests.test_indy.TestIndyHolder" file="aries_cloudagent/holder/tests/test_indy.py" line="211" name="test_get_credentials_seek" time="0.000"><skipped message="test requires Indy support" type="pytest.skip">/usr/src/app/conftest.py:63: test requires Indy support</skipped></testcase><testcase classname="aries_cloudagent.holder.tests.test_indy.TestIndyHolder" file="aries_cloudagent/holder/tests/test_indy.py" line="21" name="test_init" time="0.000"><skipped message="test requires Indy support" type="pytest.skip">/usr/src/app/conftest.py:63: test requires Indy support</skipped></testcase><testcase classname="aries_cloudagent.holder.tests.test_indy.TestIndyHolder" file="aries_cloudagent/holder/tests/test_indy.py" line="46" name="test_store_credential" time="0.001"><skipped message="test requires Indy support" type="pytest.skip">/usr/src/app/conftest.py:63: test requires Indy support</skipped></testcase><testcase classname="aries_cloudagent.holder.tests.test_indy.TestIndyHolder" file="aries_cloudagent/holder/tests/test_indy.py" line="68" name="test_store_credential_with_mime_types" time="0.001"><skipped message="test requires Indy support" type="pytest.skip">/usr/src/app/conftest.py:63: test requires Indy support</skipped></testcase><testcase classname="aries_cloudagent.holder.tests.test_routes" file="aries_cloudagent/holder/tests/test_routes.py" line="-1" name="FLAKE8" time="0.041"></testcase><testcase classname="aries_cloudagent.holder.tests.test_routes.TestHolderRoutes" file="aries_cloudagent/holder/tests/test_routes.py" line="135" name="test_attribute_mime_types_get" time="0.028"></testcase><testcase classname="aries_cloudagent.holder.tests.test_routes.TestHolderRoutes" file="aries_cloudagent/holder/tests/test_routes.py" line="27" name="test_credentials_get" time="0.024"></testcase><testcase classname="aries_cloudagent.holder.tests.test_routes.TestHolderRoutes" file="aries_cloudagent/holder/tests/test_routes.py" line="47" name="test_credentials_get_not_found" time="0.025"></testcase><testcase classname="aries_cloudagent.holder.tests.test_routes.TestHolderRoutes" file="aries_cloudagent/holder/tests/test_routes.py" line="182" name="test_credentials_list" time="0.024"></testcase><testcase classname="aries_cloudagent.holder.tests.test_routes.TestHolderRoutes" file="aries_cloudagent/holder/tests/test_routes.py" line="202" name="test_credentials_list_x_holder" time="0.027"></testcase><testcase classname="aries_cloudagent.holder.tests.test_routes.TestHolderRoutes" file="aries_cloudagent/holder/tests/test_routes.py" line="95" name="test_credentials_not_found" time="0.051"></testcase><testcase classname="aries_cloudagent.holder.tests.test_routes.TestHolderRoutes" file="aries_cloudagent/holder/tests/test_routes.py" line="150" name="test_credentials_remove" time="0.024"></testcase><testcase classname="aries_cloudagent.holder.tests.test_routes.TestHolderRoutes" file="aries_cloudagent/holder/tests/test_routes.py" line="168" name="test_credentials_remove_not_found" time="0.029"></testcase><testcase classname="aries_cloudagent.holder.tests.test_routes.TestHolderRoutes" file="aries_cloudagent/holder/tests/test_routes.py" line="61" name="test_credentials_revoked" time="0.054"></testcase><testcase classname="aries_cloudagent.holder.tests.test_routes.TestHolderRoutes" file="aries_cloudagent/holder/tests/test_routes.py" line="83" name="test_credentials_revoked_no_ledger" time="0.025"></testcase><testcase classname="aries_cloudagent.holder.tests.test_routes.TestHolderRoutes" file="aries_cloudagent/holder/tests/test_routes.py" line="115" name="test_credentials_x_ledger" time="0.052"></testcase><testcase classname="aries_cloudagent.holder.tests.test_routes.TestHolderRoutes" file="aries_cloudagent/holder/tests/test_routes.py" line="225" name="test_post_process_routes" time="0.023"></testcase><testcase classname="aries_cloudagent.holder.tests.test_routes.TestHolderRoutes" file="aries_cloudagent/holder/tests/test_routes.py" line="218" name="test_register" time="0.027"></testcase><testcase classname="aries_cloudagent.indy.__init__" file="aries_cloudagent/indy/__init__.py" line="-1" name="FLAKE8" time="0.057"></testcase><testcase classname="aries_cloudagent.indy.error" file="aries_cloudagent/indy/error.py" line="-1" name="FLAKE8" time="0.070"></testcase><testcase classname="aries_cloudagent.indy.util" file="aries_cloudagent/indy/util.py" line="-1" name="FLAKE8" time="0.072"></testcase><testcase classname="aries_cloudagent.indy.tests.__init__" file="aries_cloudagent/indy/tests/__init__.py" line="-1" name="FLAKE8" time="0.041"></testcase><testcase classname="aries_cloudagent.indy.tests.test_indy" file="aries_cloudagent/indy/tests/test_indy.py" line="-1" name="FLAKE8" time="0.045"></testcase><testcase classname="aries_cloudagent.indy.tests.test_indy.TestIndyUtils" file="aries_cloudagent/indy/tests/test_indy.py" line="45" name="test_nonce" time="0.001"><skipped message="test requires Indy support" type="pytest.skip">/usr/src/app/conftest.py:63: test requires Indy support</skipped></testcase><testcase classname="aries_cloudagent.indy.tests.test_indy.TestIndyUtils" file="aries_cloudagent/indy/tests/test_indy.py" line="48" name="test_tails_path" time="0.001"><skipped message="test requires Indy support" type="pytest.skip">/usr/src/app/conftest.py:63: test requires Indy support</skipped></testcase><testcase classname="aries_cloudagent.indy.tests.test_indy.TestIndyUtils" file="aries_cloudagent/indy/tests/test_indy.py" line="22" name="test_tails_reader" time="0.001"><skipped message="test requires Indy support" type="pytest.skip">/usr/src/app/conftest.py:63: test requires Indy support</skipped></testcase><testcase classname="aries_cloudagent.indy.tests.test_indy.TestIndyUtils" file="aries_cloudagent/indy/tests/test_indy.py" line="39" name="test_tails_writer" time="0.001"><skipped message="test requires Indy support" type="pytest.skip">/usr/src/app/conftest.py:63: test requires Indy support</skipped></testcase><testcase classname="aries_cloudagent.issuer.__init__" file="aries_cloudagent/issuer/__init__.py" line="-1" name="FLAKE8" time="0.045"></testcase><testcase classname="aries_cloudagent.issuer.base" file="aries_cloudagent/issuer/base.py" line="-1" name="FLAKE8" time="0.109"></testcase><testcase classname="aries_cloudagent.issuer.indy" file="aries_cloudagent/issuer/indy.py" line="-1" name="FLAKE8" time="0.213"></testcase><testcase classname="aries_cloudagent.issuer.tests.__init__" file="aries_cloudagent/issuer/tests/__init__.py" line="-1" name="FLAKE8" time="0.036"></testcase><testcase classname="aries_cloudagent.issuer.tests.test_indy" file="aries_cloudagent/issuer/tests/test_indy.py" line="-1" name="FLAKE8" time="0.037"></testcase><testcase classname="aries_cloudagent.issuer.tests.test_indy.TestIndyIssuer" file="aries_cloudagent/issuer/tests/test_indy.py" line="416" name="test_create_and_store_revocation_registry" time="0.000"><skipped message="test requires Indy support" type="pytest.skip">/usr/src/app/conftest.py:63: test requires Indy support</skipped></testcase><testcase classname="aries_cloudagent.issuer.tests.test_indy.TestIndyIssuer" file="aries_cloudagent/issuer/tests/test_indy.py" line="114" name="test_create_credential_offer" time="0.000"><skipped message="test requires Indy support" type="pytest.skip">/usr/src/app/conftest.py:63: test requires Indy support</skipped></testcase><testcase classname="aries_cloudagent.issuer.tests.test_indy.TestIndyIssuer" file="aries_cloudagent/issuer/tests/test_indy.py" line="331" name="test_create_credential_rr_full" time="0.000"><skipped message="test requires Indy support" type="pytest.skip">/usr/src/app/conftest.py:63: test requires Indy support</skipped></testcase><testcase classname="aries_cloudagent.issuer.tests.test_indy.TestIndyIssuer" file="aries_cloudagent/issuer/tests/test_indy.py" line="373" name="test_create_credential_x_indy" time="0.000"><skipped message="test requires Indy support" type="pytest.skip">/usr/src/app/conftest.py:63: test requires Indy support</skipped></testcase><testcase classname="aries_cloudagent.issuer.tests.test_indy.TestIndyIssuer" file="aries_cloudagent/issuer/tests/test_indy.py" line="125" name="test_create_revoke_credentials" time="0.001"><skipped message="test requires Indy support" type="pytest.skip">/usr/src/app/conftest.py:63: test requires Indy support</skipped></testcase><testcase classname="aries_cloudagent.issuer.tests.test_indy.TestIndyIssuer" file="aries_cloudagent/issuer/tests/test_indy.py" line="219" name="test_create_revoke_credentials_x" time="0.001"><skipped message="test requires Indy support" type="pytest.skip">/usr/src/app/conftest.py:63: test requires Indy support</skipped></testcase><testcase classname="aries_cloudagent.issuer.tests.test_indy.TestIndyIssuer" file="aries_cloudagent/issuer/tests/test_indy.py" line="94" name="test_credential_definition_in_wallet" time="0.000"><skipped message="test requires Indy support" type="pytest.skip">/usr/src/app/conftest.py:63: test requires Indy support</skipped></testcase><testcase classname="aries_cloudagent.issuer.tests.test_indy.TestIndyIssuer" file="aries_cloudagent/issuer/tests/test_indy.py" line="99" name="test_credential_definition_in_wallet_no" time="0.000"><skipped message="test requires Indy support" type="pytest.skip">/usr/src/app/conftest.py:63: test requires Indy support</skipped></testcase><testcase classname="aries_cloudagent.issuer.tests.test_indy.TestIndyIssuer" file="aries_cloudagent/issuer/tests/test_indy.py" line="106" name="test_credential_definition_in_wallet_x" time="0.000"><skipped message="test requires Indy support" type="pytest.skip">/usr/src/app/conftest.py:63: test requires Indy support</skipped></testcase><testcase classname="aries_cloudagent.issuer.tests.test_indy.TestIndyIssuer" file="aries_cloudagent/issuer/tests/test_indy.py" line="431" name="test_merge_revocation_registry_deltas" time="0.001"><skipped message="test requires Indy support" type="pytest.skip">/usr/src/app/conftest.py:63: test requires Indy support</skipped></testcase><testcase classname="aries_cloudagent.issuer.tests.test_indy.TestIndyIssuer" file="aries_cloudagent/issuer/tests/test_indy.py" line="51" name="test_repr" time="0.001"><skipped message="test requires Indy support" type="pytest.skip">/usr/src/app/conftest.py:63: test requires Indy support</skipped></testcase><testcase classname="aries_cloudagent.issuer.tests.test_indy.TestIndyIssuer" file="aries_cloudagent/issuer/tests/test_indy.py" line="54" name="test_schema_cred_def" time="0.001"><skipped message="test requires Indy support" type="pytest.skip">/usr/src/app/conftest.py:63: test requires Indy support</skipped></testcase><testcase classname="aries_cloudagent.ledger.__init__" file="aries_cloudagent/ledger/__init__.py" line="-1" name="FLAKE8" time="0.042"></testcase><testcase classname="aries_cloudagent.ledger.base" file="aries_cloudagent/ledger/base.py" line="-1" name="FLAKE8" time="0.154"></testcase><testcase classname="aries_cloudagent.ledger.endpoint_type" file="aries_cloudagent/ledger/endpoint_type.py" line="-1" name="FLAKE8" time="0.061"></testcase><testcase classname="aries_cloudagent.ledger.error" file="aries_cloudagent/ledger/error.py" line="-1" name="FLAKE8" time="0.049"></testcase><testcase classname="aries_cloudagent.ledger.indy" file="aries_cloudagent/ledger/indy.py" line="-1" name="FLAKE8" time="0.814"></testcase><testcase classname="aries_cloudagent.ledger.provider" file="aries_cloudagent/ledger/provider.py" line="-1" name="FLAKE8" time="0.076"></testcase><testcase classname="aries_cloudagent.ledger.routes" file="aries_cloudagent/ledger/routes.py" line="-1" name="FLAKE8" time="0.311"></testcase><testcase classname="aries_cloudagent.ledger.util" file="aries_cloudagent/ledger/util.py" line="-1" name="FLAKE8" time="0.048"></testcase><testcase classname="aries_cloudagent.ledger.tests.__init__" file="aries_cloudagent/ledger/tests/__init__.py" line="-1" name="FLAKE8" time="0.041"></testcase><testcase classname="aries_cloudagent.ledger.tests.test_endpoint_type" file="aries_cloudagent/ledger/tests/test_endpoint_type.py" line="-1" name="FLAKE8" time="0.040"></testcase><testcase classname="aries_cloudagent.ledger.tests.test_endpoint_type.TestEndpointType" file="aries_cloudagent/ledger/tests/test_endpoint_type.py" line="6" name="test_endpoint_type" time="0.002"></testcase><testcase classname="aries_cloudagent.ledger.tests.test_indy" file="aries_cloudagent/ledger/tests/test_indy.py" line="-1" name="FLAKE8" time="0.042"></testcase><testcase classname="aries_cloudagent.ledger.tests.test_indy.TestRole" file="aries_cloudagent/ledger/tests/test_indy.py" line="30" name="test_role" time="0.002"></testcase><testcase classname="aries_cloudagent.ledger.tests.test_indy.TestIndyLedger" file="aries_cloudagent/ledger/tests/test_indy.py" line="2796" name="test_accept_and_get_latest_txn_author_agreement" time="0.001"><skipped message="test requires Indy support" type="pytest.skip">/usr/src/app/conftest.py:63: test requires Indy support</skipped></testcase><testcase classname="aries_cloudagent.ledger.tests.test_indy.TestIndyLedger" file="aries_cloudagent/ledger/tests/test_indy.py" line="141" name="test_aenter_aexit" time="0.000"><skipped message="test requires Indy support" type="pytest.skip">/usr/src/app/conftest.py:63: test requires Indy support</skipped></testcase><testcase classname="aries_cloudagent.ledger.tests.test_indy.TestIndyLedger" file="aries_cloudagent/ledger/tests/test_indy.py" line="188" name="test_aenter_aexit_close_x" time="0.001"><skipped message="test requires Indy support" type="pytest.skip">/usr/src/app/conftest.py:63: test requires Indy support</skipped></testcase><testcase classname="aries_cloudagent.ledger.tests.test_indy.TestIndyLedger" file="aries_cloudagent/ledger/tests/test_indy.py" line="161" name="test_aenter_aexit_nested_keepalive" time="0.001"><skipped message="test requires Indy support" type="pytest.skip">/usr/src/app/conftest.py:63: test requires Indy support</skipped></testcase><testcase classname="aries_cloudagent.ledger.tests.test_indy.TestIndyLedger" file="aries_cloudagent/ledger/tests/test_indy.py" line="744" name="test_check_existing_schema" time="0.000"><skipped message="test requires Indy support" type="pytest.skip">/usr/src/app/conftest.py:63: test requires Indy support</skipped></testcase><testcase classname="aries_cloudagent.ledger.tests.test_indy.TestIndyLedger" file="aries_cloudagent/ledger/tests/test_indy.py" line="2862" name="test_credential_definition_id2schema_id" time="0.001"><skipped message="test requires Indy support" type="pytest.skip">/usr/src/app/conftest.py:63: test requires Indy support</skipped></testcase><testcase classname="aries_cloudagent.ledger.tests.test_indy.TestIndyLedger" file="aries_cloudagent/ledger/tests/test_indy.py" line="2890" name="test_error_handler" time="0.001"><skipped message="test requires Indy support" type="pytest.skip">/usr/src/app/conftest.py:63: test requires Indy support</skipped></testcase><testcase classname="aries_cloudagent.ledger.tests.test_indy.TestIndyLedger" file="aries_cloudagent/ledger/tests/test_indy.py" line="1706" name="test_fetch_credential_definition_ledger_x" time="0.000"><skipped message="test requires Indy support" type="pytest.skip">/usr/src/app/conftest.py:63: test requires Indy support</skipped></testcase><testcase classname="aries_cloudagent.ledger.tests.test_indy.TestIndyLedger" file="aries_cloudagent/ledger/tests/test_indy.py" line="1835" name="test_get_all_endpoints_for_did" time="0.001"><skipped message="test requires Indy support" type="pytest.skip">/usr/src/app/conftest.py:63: test requires Indy support</skipped></testcase><testcase classname="aries_cloudagent.ledger.tests.test_indy.TestIndyLedger" file="aries_cloudagent/ledger/tests/test_indy.py" line="1868" name="test_get_all_endpoints_for_did_none" time="0.000"><skipped message="test requires Indy support" type="pytest.skip">/usr/src/app/conftest.py:63: test requires Indy support</skipped></testcase><testcase classname="aries_cloudagent.ledger.tests.test_indy.TestIndyLedger" file="aries_cloudagent/ledger/tests/test_indy.py" line="1620" name="test_get_credential_definition" time="0.001"><skipped message="test requires Indy support" type="pytest.skip">/usr/src/app/conftest.py:63: test requires Indy support</skipped></testcase><testcase classname="aries_cloudagent.ledger.tests.test_indy.TestIndyLedger" file="aries_cloudagent/ledger/tests/test_indy.py" line="1666" name="test_get_credential_definition_ledger_not_found" time="0.001"><skipped message="test requires Indy support" type="pytest.skip">/usr/src/app/conftest.py:63: test requires Indy support</skipped></testcase><testcase classname="aries_cloudagent.ledger.tests.test_indy.TestIndyLedger" file="aries_cloudagent/ledger/tests/test_indy.py" line="1766" name="test_get_endpoint_for_did" time="0.000"><skipped message="test requires Indy support" type="pytest.skip">/usr/src/app/conftest.py:63: test requires Indy support</skipped></testcase><testcase classname="aries_cloudagent.ledger.tests.test_indy.TestIndyLedger" file="aries_cloudagent/ledger/tests/test_indy.py" line="1898" name="test_get_endpoint_for_did_address_none" time="0.001"><skipped message="test requires Indy support" type="pytest.skip">/usr/src/app/conftest.py:63: test requires Indy support</skipped></testcase><testcase classname="aries_cloudagent.ledger.tests.test_indy.TestIndyLedger" file="aries_cloudagent/ledger/tests/test_indy.py" line="1928" name="test_get_endpoint_for_did_no_endpoint" time="0.001"><skipped message="test requires Indy support" type="pytest.skip">/usr/src/app/conftest.py:63: test requires Indy support</skipped></testcase><testcase classname="aries_cloudagent.ledger.tests.test_indy.TestIndyLedger" file="aries_cloudagent/ledger/tests/test_indy.py" line="1797" name="test_get_endpoint_of_type_profile_for_did" time="0.000"><skipped message="test requires Indy support" type="pytest.skip">/usr/src/app/conftest.py:63: test requires Indy support</skipped></testcase><testcase classname="aries_cloudagent.ledger.tests.test_indy.TestIndyLedger" file="aries_cloudagent/ledger/tests/test_indy.py" line="1736" name="test_get_key_for_did" time="0.001"><skipped message="test requires Indy support" type="pytest.skip">/usr/src/app/conftest.py:63: test requires Indy support</skipped></testcase><testcase classname="aries_cloudagent.ledger.tests.test_indy.TestIndyLedger" file="aries_cloudagent/ledger/tests/test_indy.py" line="2842" name="test_get_latest_txn_author_agreement_none" time="0.001"><skipped message="test requires Indy support" type="pytest.skip">/usr/src/app/conftest.py:63: test requires Indy support</skipped></testcase><testcase classname="aries_cloudagent.ledger.tests.test_indy.TestIndyLedger" file="aries_cloudagent/ledger/tests/test_indy.py" line="2236" name="test_get_nym_role" time="0.001"><skipped message="test requires Indy support" type="pytest.skip">/usr/src/app/conftest.py:63: test requires Indy support</skipped></testcase><testcase classname="aries_cloudagent.ledger.tests.test_indy.TestIndyLedger" file="aries_cloudagent/ledger/tests/test_indy.py" line="2320" name="test_get_nym_role_did_not_public_x" time="0.001"><skipped message="test requires Indy support" type="pytest.skip">/usr/src/app/conftest.py:63: test requires Indy support</skipped></testcase><testcase classname="aries_cloudagent.ledger.tests.test_indy.TestIndyLedger" file="aries_cloudagent/ledger/tests/test_indy.py" line="2296" name="test_get_nym_role_indy_x" time="0.000"><skipped message="test requires Indy support" type="pytest.skip">/usr/src/app/conftest.py:63: test requires Indy support</skipped></testcase><testcase classname="aries_cloudagent.ledger.tests.test_indy.TestIndyLedger" file="aries_cloudagent/ledger/tests/test_indy.py" line="2462" name="test_get_revoc_reg_def" time="0.001"><skipped message="test requires Indy support" type="pytest.skip">/usr/src/app/conftest.py:63: test requires Indy support</skipped></testcase><testcase classname="aries_cloudagent.ledger.tests.test_indy.TestIndyLedger" file="aries_cloudagent/ledger/tests/test_indy.py" line="2489" name="test_get_revoc_reg_def_indy_x" time="0.000"><skipped message="test requires Indy support" type="pytest.skip">/usr/src/app/conftest.py:63: test requires Indy support</skipped></testcase><testcase classname="aries_cloudagent.ledger.tests.test_indy.TestIndyLedger" file="aries_cloudagent/ledger/tests/test_indy.py" line="2545" name="test_get_revoc_reg_delta" time="0.001"><skipped message="test requires Indy support" type="pytest.skip">/usr/src/app/conftest.py:63: test requires Indy support</skipped></testcase><testcase classname="aries_cloudagent.ledger.tests.test_indy.TestIndyLedger" file="aries_cloudagent/ledger/tests/test_indy.py" line="2514" name="test_get_revoc_reg_entry" time="0.001"><skipped message="test requires Indy support" type="pytest.skip">/usr/src/app/conftest.py:63: test requires Indy support</skipped></testcase><testcase classname="aries_cloudagent.ledger.tests.test_indy.TestIndyLedger" file="aries_cloudagent/ledger/tests/test_indy.py" line="779" name="test_get_schema" time="0.001"><skipped message="test requires Indy support" type="pytest.skip">/usr/src/app/conftest.py:63: test requires Indy support</skipped></testcase><testcase classname="aries_cloudagent.ledger.tests.test_indy.TestIndyLedger" file="aries_cloudagent/ledger/tests/test_indy.py" line="851" name="test_get_schema_by_seq_no" time="0.000"><skipped message="test requires Indy support" type="pytest.skip">/usr/src/app/conftest.py:63: test requires Indy support</skipped></testcase><testcase classname="aries_cloudagent.ledger.tests.test_indy.TestIndyLedger" file="aries_cloudagent/ledger/tests/test_indy.py" line="918" name="test_get_schema_by_wrong_seq_no" time="0.001"><skipped message="test requires Indy support" type="pytest.skip">/usr/src/app/conftest.py:63: test requires Indy support</skipped></testcase><testcase classname="aries_cloudagent.ledger.tests.test_indy.TestIndyLedger" file="aries_cloudagent/ledger/tests/test_indy.py" line="819" name="test_get_schema_not_found" time="0.001"><skipped message="test requires Indy support" type="pytest.skip">/usr/src/app/conftest.py:63: test requires Indy support</skipped></testcase><testcase classname="aries_cloudagent.ledger.tests.test_indy.TestIndyLedger" file="aries_cloudagent/ledger/tests/test_indy.py" line="2740" name="test_get_txn_author_agreement" time="0.001"><skipped message="test requires Indy support" type="pytest.skip">/usr/src/app/conftest.py:63: test requires Indy support</skipped></testcase><testcase classname="aries_cloudagent.ledger.tests.test_indy.TestIndyLedger" file="aries_cloudagent/ledger/tests/test_indy.py" line="67" name="test_init" time="0.001"><skipped message="test requires Indy support" type="pytest.skip">/usr/src/app/conftest.py:63: test requires Indy support</skipped></testcase><testcase classname="aries_cloudagent.ledger.tests.test_indy.TestIndyLedger" file="aries_cloudagent/ledger/tests/test_indy.py" line="90" name="test_init_do_not_recreate" time="0.001"><skipped message="test requires Indy support" type="pytest.skip">/usr/src/app/conftest.py:63: test requires Indy support</skipped></testcase><testcase classname="aries_cloudagent.ledger.tests.test_indy.TestIndyLedger" file="aries_cloudagent/ledger/tests/test_indy.py" line="135" name="test_init_non_indy" time="0.001"><skipped message="test requires Indy support" type="pytest.skip">/usr/src/app/conftest.py:63: test requires Indy support</skipped></testcase><testcase classname="aries_cloudagent.ledger.tests.test_indy.TestIndyLedger" file="aries_cloudagent/ledger/tests/test_indy.py" line="109" name="test_init_recreate" time="0.001"><skipped message="test requires Indy support" type="pytest.skip">/usr/src/app/conftest.py:63: test requires Indy support</skipped></testcase><testcase classname="aries_cloudagent.ledger.tests.test_indy.TestIndyLedger" file="aries_cloudagent/ledger/tests/test_indy.py" line="2157" name="test_register_nym" time="0.000"><skipped message="test requires Indy support" type="pytest.skip">/usr/src/app/conftest.py:63: test requires Indy support</skipped></testcase><testcase classname="aries_cloudagent.ledger.tests.test_indy.TestIndyLedger" file="aries_cloudagent/ledger/tests/test_indy.py" line="2188" name="test_register_nym_ledger_x" time="0.001"><skipped message="test requires Indy support" type="pytest.skip">/usr/src/app/conftest.py:63: test requires Indy support</skipped></testcase><testcase classname="aries_cloudagent.ledger.tests.test_indy.TestIndyLedger" file="aries_cloudagent/ledger/tests/test_indy.py" line="2214" name="test_register_nym_read_only" time="0.001"><skipped message="test requires Indy support" type="pytest.skip">/usr/src/app/conftest.py:63: test requires Indy support</skipped></testcase><testcase classname="aries_cloudagent.ledger.tests.test_indy.TestIndyLedger" file="aries_cloudagent/ledger/tests/test_indy.py" line="2369" name="test_rotate_public_did_keypair" time="0.001"><skipped message="test requires Indy support" type="pytest.skip">/usr/src/app/conftest.py:63: test requires Indy support</skipped></testcase><testcase classname="aries_cloudagent.ledger.tests.test_indy.TestIndyLedger" file="aries_cloudagent/ledger/tests/test_indy.py" line="2429" name="test_rotate_public_did_keypair_corrupt_nym_txn" time="0.001"><skipped message="test requires Indy support" type="pytest.skip">/usr/src/app/conftest.py:63: test requires Indy support</skipped></testcase><testcase classname="aries_cloudagent.ledger.tests.test_indy.TestIndyLedger" file="aries_cloudagent/ledger/tests/test_indy.py" line="2407" name="test_rotate_public_did_keypair_no_nym" time="0.001"><skipped message="test requires Indy support" type="pytest.skip">/usr/src/app/conftest.py:63: test requires Indy support</skipped></testcase><testcase classname="aries_cloudagent.ledger.tests.test_indy.TestIndyLedger" file="aries_cloudagent/ledger/tests/test_indy.py" line="965" name="test_send_credential_definition" time="0.001"><skipped message="test requires Indy support" type="pytest.skip">/usr/src/app/conftest.py:63: test requires Indy support</skipped></testcase><testcase classname="aries_cloudagent.ledger.tests.test_indy.TestIndyLedger" file="aries_cloudagent/ledger/tests/test_indy.py" line="1555" name="test_send_credential_definition_create_cred_def_exception" time="0.000"><skipped message="test requires Indy support" type="pytest.skip">/usr/src/app/conftest.py:63: test requires Indy support</skipped></testcase><testcase classname="aries_cloudagent.ledger.tests.test_indy.TestIndyLedger" file="aries_cloudagent/ledger/tests/test_indy.py" line="1214" name="test_send_credential_definition_cred_def_in_wallet_not_ledger" time="0.001"><skipped message="test requires Indy support" type="pytest.skip">/usr/src/app/conftest.py:63: test requires Indy support</skipped></testcase><testcase classname="aries_cloudagent.ledger.tests.test_indy.TestIndyLedger" file="aries_cloudagent/ledger/tests/test_indy.py" line="1312" name="test_send_credential_definition_cred_def_not_on_ledger_nor_wallet_send_x" time="0.001"><skipped message="test requires Indy support" type="pytest.skip">/usr/src/app/conftest.py:63: test requires Indy support</skipped></testcase><testcase classname="aries_cloudagent.ledger.tests.test_indy.TestIndyLedger" file="aries_cloudagent/ledger/tests/test_indy.py" line="1261" name="test_send_credential_definition_cred_def_not_on_ledger_wallet_check_x" time="0.000"><skipped message="test requires Indy support" type="pytest.skip">/usr/src/app/conftest.py:63: test requires Indy support</skipped></testcase><testcase classname="aries_cloudagent.ledger.tests.test_indy.TestIndyLedger" file="aries_cloudagent/ledger/tests/test_indy.py" line="1420" name="test_send_credential_definition_cred_def_on_ledger_not_in_wallet" time="0.000"><skipped message="test requires Indy support" type="pytest.skip">/usr/src/app/conftest.py:63: test requires Indy support</skipped></testcase><testcase classname="aries_cloudagent.ledger.tests.test_indy.TestIndyLedger" file="aries_cloudagent/ledger/tests/test_indy.py" line="1052" name="test_send_credential_definition_exists_in_ledger_and_wallet" time="0.001"><skipped message="test requires Indy support" type="pytest.skip">/usr/src/app/conftest.py:63: test requires Indy support</skipped></testcase><testcase classname="aries_cloudagent.ledger.tests.test_indy.TestIndyLedger" file="aries_cloudagent/ledger/tests/test_indy.py" line="1139" name="test_send_credential_definition_no_such_schema" time="0.000"><skipped message="test requires Indy support" type="pytest.skip">/usr/src/app/conftest.py:63: test requires Indy support</skipped></testcase><testcase classname="aries_cloudagent.ledger.tests.test_indy.TestIndyLedger" file="aries_cloudagent/ledger/tests/test_indy.py" line="1167" name="test_send_credential_definition_offer_exception" time="0.001"><skipped message="test requires Indy support" type="pytest.skip">/usr/src/app/conftest.py:63: test requires Indy support</skipped></testcase><testcase classname="aries_cloudagent.ledger.tests.test_indy.TestIndyLedger" file="aries_cloudagent/ledger/tests/test_indy.py" line="1470" name="test_send_credential_definition_on_ledger_in_wallet" time="0.001"><skipped message="test requires Indy support" type="pytest.skip">/usr/src/app/conftest.py:63: test requires Indy support</skipped></testcase><testcase classname="aries_cloudagent.ledger.tests.test_indy.TestIndyLedger" file="aries_cloudagent/ledger/tests/test_indy.py" line="1366" name="test_send_credential_definition_read_only" time="0.001"><skipped message="test requires Indy support" type="pytest.skip">/usr/src/app/conftest.py:63: test requires Indy support</skipped></testcase><testcase classname="aries_cloudagent.ledger.tests.test_indy.TestIndyLedger" file="aries_cloudagent/ledger/tests/test_indy.py" line="2600" name="test_send_revoc_reg_def_local_did" time="0.001"><skipped message="test requires Indy support" type="pytest.skip">/usr/src/app/conftest.py:63: test requires Indy support</skipped></testcase><testcase classname="aries_cloudagent.ledger.tests.test_indy.TestIndyLedger" file="aries_cloudagent/ledger/tests/test_indy.py" line="2576" name="test_send_revoc_reg_def_public_did" time="0.001"><skipped message="test requires Indy support" type="pytest.skip">/usr/src/app/conftest.py:63: test requires Indy support</skipped></testcase><testcase classname="aries_cloudagent.ledger.tests.test_indy.TestIndyLedger" file="aries_cloudagent/ledger/tests/test_indy.py" line="2624" name="test_send_revoc_reg_def_x_no_did" time="0.001"><skipped message="test requires Indy support" type="pytest.skip">/usr/src/app/conftest.py:63: test requires Indy support</skipped></testcase><testcase classname="aries_cloudagent.ledger.tests.test_indy.TestIndyLedger" file="aries_cloudagent/ledger/tests/test_indy.py" line="2671" name="test_send_revoc_reg_entry_local_did" time="0.001"><skipped message="test requires Indy support" type="pytest.skip">/usr/src/app/conftest.py:63: test requires Indy support</skipped></testcase><testcase classname="aries_cloudagent.ledger.tests.test_indy.TestIndyLedger" file="aries_cloudagent/ledger/tests/test_indy.py" line="2645" name="test_send_revoc_reg_entry_public_did" time="0.000"><skipped message="test requires Indy support" type="pytest.skip">/usr/src/app/conftest.py:63: test requires Indy support</skipped></testcase><testcase classname="aries_cloudagent.ledger.tests.test_indy.TestIndyLedger" file="aries_cloudagent/ledger/tests/test_indy.py" line="2697" name="test_send_revoc_reg_entry_x_no_did" time="0.001"><skipped message="test requires Indy support" type="pytest.skip">/usr/src/app/conftest.py:63: test requires Indy support</skipped></testcase><testcase classname="aries_cloudagent.ledger.tests.test_indy.TestIndyLedger" file="aries_cloudagent/ledger/tests/test_indy.py" line="428" name="test_send_schema" time="0.000"><skipped message="test requires Indy support" type="pytest.skip">/usr/src/app/conftest.py:63: test requires Indy support</skipped></testcase><testcase classname="aries_cloudagent.ledger.tests.test_indy.TestIndyLedger" file="aries_cloudagent/ledger/tests/test_indy.py" line="493" name="test_send_schema_already_exists" time="0.001"><skipped message="test requires Indy support" type="pytest.skip">/usr/src/app/conftest.py:63: test requires Indy support</skipped></testcase><testcase classname="aries_cloudagent.ledger.tests.test_indy.TestIndyLedger" file="aries_cloudagent/ledger/tests/test_indy.py" line="622" name="test_send_schema_issuer_error" time="0.001"><skipped message="test requires Indy support" type="pytest.skip">/usr/src/app/conftest.py:63: test requires Indy support</skipped></testcase><testcase classname="aries_cloudagent.ledger.tests.test_indy.TestIndyLedger" file="aries_cloudagent/ledger/tests/test_indy.py" line="586" name="test_send_schema_ledger_read_only" time="0.001"><skipped message="test requires Indy support" type="pytest.skip">/usr/src/app/conftest.py:63: test requires Indy support</skipped></testcase><testcase classname="aries_cloudagent.ledger.tests.test_indy.TestIndyLedger" file="aries_cloudagent/ledger/tests/test_indy.py" line="660" name="test_send_schema_ledger_transaction_error" time="0.001"><skipped message="test requires Indy support" type="pytest.skip">/usr/src/app/conftest.py:63: test requires Indy support</skipped></testcase><testcase classname="aries_cloudagent.ledger.tests.test_indy.TestIndyLedger" file="aries_cloudagent/ledger/tests/test_indy.py" line="544" name="test_send_schema_ledger_transaction_error_already_exists" time="0.001"><skipped message="test requires Indy support" type="pytest.skip">/usr/src/app/conftest.py:63: test requires Indy support</skipped></testcase><testcase classname="aries_cloudagent.ledger.tests.test_indy.TestIndyLedger" file="aries_cloudagent/ledger/tests/test_indy.py" line="702" name="test_send_schema_no_seq_no" time="0.001"><skipped message="test requires Indy support" type="pytest.skip">/usr/src/app/conftest.py:63: test requires Indy support</skipped></testcase><testcase classname="aries_cloudagent.ledger.tests.test_indy.TestIndyLedger" file="aries_cloudagent/ledger/tests/test_indy.py" line="206" name="test_submit_pool_closed" time="0.001"><skipped message="test requires Indy support" type="pytest.skip">/usr/src/app/conftest.py:63: test requires Indy support</skipped></testcase><testcase classname="aries_cloudagent.ledger.tests.test_indy.TestIndyLedger" file="aries_cloudagent/ledger/tests/test_indy.py" line="383" name="test_submit_rejected" time="0.001"><skipped message="test requires Indy support" type="pytest.skip">/usr/src/app/conftest.py:63: test requires Indy support</skipped></testcase><testcase classname="aries_cloudagent.ledger.tests.test_indy.TestIndyLedger" file="aries_cloudagent/ledger/tests/test_indy.py" line="221" name="test_submit_signed" time="0.000"><skipped message="test requires Indy support" type="pytest.skip">/usr/src/app/conftest.py:63: test requires Indy support</skipped></testcase><testcase classname="aries_cloudagent.ledger.tests.test_indy.TestIndyLedger" file="aries_cloudagent/ledger/tests/test_indy.py" line="261" name="test_submit_signed_taa_accept" time="0.001"><skipped message="test requires Indy support" type="pytest.skip">/usr/src/app/conftest.py:63: test requires Indy support</skipped></testcase><testcase classname="aries_cloudagent.ledger.tests.test_indy.TestIndyLedger" file="aries_cloudagent/ledger/tests/test_indy.py" line="314" name="test_submit_unsigned" time="0.001"><skipped message="test requires Indy support" type="pytest.skip">/usr/src/app/conftest.py:63: test requires Indy support</skipped></testcase><testcase classname="aries_cloudagent.ledger.tests.test_indy.TestIndyLedger" file="aries_cloudagent/ledger/tests/test_indy.py" line="348" name="test_submit_unsigned_ledger_transaction_error" time="0.001"><skipped message="test requires Indy support" type="pytest.skip">/usr/src/app/conftest.py:63: test requires Indy support</skipped></testcase><testcase classname="aries_cloudagent.ledger.tests.test_indy.TestIndyLedger" file="aries_cloudagent/ledger/tests/test_indy.py" line="2720" name="test_taa_digest_bad_value" time="0.001"><skipped message="test requires Indy support" type="pytest.skip">/usr/src/app/conftest.py:63: test requires Indy support</skipped></testcase><testcase classname="aries_cloudagent.ledger.tests.test_indy.TestIndyLedger" file="aries_cloudagent/ledger/tests/test_indy.py" line="1956" name="test_update_endpoint_for_did" time="0.000"><skipped message="test requires Indy support" type="pytest.skip">/usr/src/app/conftest.py:63: test requires Indy support</skipped></testcase><testcase classname="aries_cloudagent.ledger.tests.test_indy.TestIndyLedger" file="aries_cloudagent/ledger/tests/test_indy.py" line="2102" name="test_update_endpoint_for_did_duplicate" time="0.001"><skipped message="test requires Indy support" type="pytest.skip">/usr/src/app/conftest.py:63: test requires Indy support</skipped></testcase><testcase classname="aries_cloudagent.ledger.tests.test_indy.TestIndyLedger" file="aries_cloudagent/ledger/tests/test_indy.py" line="2005" name="test_update_endpoint_for_did_no_prior_endpoints" time="0.001"><skipped message="test requires Indy support" type="pytest.skip">/usr/src/app/conftest.py:63: test requires Indy support</skipped></testcase><testcase classname="aries_cloudagent.ledger.tests.test_indy.TestIndyLedger" file="aries_cloudagent/ledger/tests/test_indy.py" line="2133" name="test_update_endpoint_for_did_read_only" time="0.000"><skipped message="test requires Indy support" type="pytest.skip">/usr/src/app/conftest.py:63: test requires Indy support</skipped></testcase><testcase classname="aries_cloudagent.ledger.tests.test_indy.TestIndyLedger" file="aries_cloudagent/ledger/tests/test_indy.py" line="2048" name="test_update_endpoint_of_type_profile_for_did" time="0.001"><skipped message="test requires Indy support" type="pytest.skip">/usr/src/app/conftest.py:63: test requires Indy support</skipped></testcase><testcase classname="aries_cloudagent.ledger.tests.test_provider" file="aries_cloudagent/ledger/tests/test_provider.py" line="-1" name="FLAKE8" time="0.043"></testcase><testcase classname="aries_cloudagent.ledger.tests.test_provider.TestProvider" file="aries_cloudagent/ledger/tests/test_provider.py" line="21" name="test_provide" time="0.000"><skipped message="test requires Indy support" type="pytest.skip">/usr/src/app/conftest.py:63: test requires Indy support</skipped></testcase><testcase classname="aries_cloudagent.ledger.tests.test_provider.TestProvider" file="aries_cloudagent/ledger/tests/test_provider.py" line="47" name="test_provide_no_pool_config" time="0.001"><skipped message="test requires Indy support" type="pytest.skip">/usr/src/app/conftest.py:63: test requires Indy support</skipped></testcase><testcase classname="aries_cloudagent.ledger.tests.test_routes" file="aries_cloudagent/ledger/tests/test_routes.py" line="-1" name="FLAKE8" time="0.037"></testcase><testcase classname="aries_cloudagent.ledger.tests.test_routes.TestLedgerRoutes" file="aries_cloudagent/ledger/tests/test_routes.py" line="328" name="test_accept_taa" time="0.035"></testcase><testcase classname="aries_cloudagent.ledger.tests.test_routes.TestLedgerRoutes" file="aries_cloudagent/ledger/tests/test_routes.py" line="356" name="test_accept_taa_bad_ledger" time="0.033"></testcase><testcase classname="aries_cloudagent.ledger.tests.test_routes.TestLedgerRoutes" file="aries_cloudagent/ledger/tests/test_routes.py" line="364" name="test_accept_taa_x" time="0.032"></testcase><testcase classname="aries_cloudagent.ledger.tests.test_routes.TestLedgerRoutes" file="aries_cloudagent/ledger/tests/test_routes.py" line="86" name="test_get_endpoint" time="0.031"></testcase><testcase classname="aries_cloudagent.ledger.tests.test_routes.TestLedgerRoutes" file="aries_cloudagent/ledger/tests/test_routes.py" line="119" name="test_get_endpoint_no_did" time="0.028"></testcase><testcase classname="aries_cloudagent.ledger.tests.test_routes.TestLedgerRoutes" file="aries_cloudagent/ledger/tests/test_routes.py" line="100" name="test_get_endpoint_of_type_profile" time="0.028"></testcase><testcase classname="aries_cloudagent.ledger.tests.test_routes.TestLedgerRoutes" file="aries_cloudagent/ledger/tests/test_routes.py" line="126" name="test_get_endpoint_x" time="0.032"></testcase><testcase classname="aries_cloudagent.ledger.tests.test_routes.TestLedgerRoutes" file="aries_cloudagent/ledger/tests/test_routes.py" line="186" name="test_get_nym_role" time="0.030"></testcase><testcase classname="aries_cloudagent.ledger.tests.test_routes.TestLedgerRoutes" file="aries_cloudagent/ledger/tests/test_routes.py" line="216" name="test_get_nym_role_bad_ledger_req" time="0.028"></testcase><testcase classname="aries_cloudagent.ledger.tests.test_routes.TestLedgerRoutes" file="aries_cloudagent/ledger/tests/test_routes.py" line="199" name="test_get_nym_role_bad_request" time="0.027"></testcase><testcase classname="aries_cloudagent.ledger.tests.test_routes.TestLedgerRoutes" file="aries_cloudagent/ledger/tests/test_routes.py" line="226" name="test_get_nym_role_ledger_error" time="0.028"></testcase><testcase classname="aries_cloudagent.ledger.tests.test_routes.TestLedgerRoutes" file="aries_cloudagent/ledger/tests/test_routes.py" line="206" name="test_get_nym_role_ledger_txn_error" time="0.032"></testcase><testcase classname="aries_cloudagent.ledger.tests.test_routes.TestLedgerRoutes" file="aries_cloudagent/ledger/tests/test_routes.py" line="267" name="test_get_taa" time="0.030"></testcase><testcase classname="aries_cloudagent.ledger.tests.test_routes.TestLedgerRoutes" file="aries_cloudagent/ledger/tests/test_routes.py" line="282" name="test_get_taa_required" time="0.030"></testcase><testcase classname="aries_cloudagent.ledger.tests.test_routes.TestLedgerRoutes" file="aries_cloudagent/ledger/tests/test_routes.py" line="302" name="test_get_taa_x" time="0.034"></testcase><testcase classname="aries_cloudagent.ledger.tests.test_routes.TestLedgerRoutes" file="aries_cloudagent/ledger/tests/test_routes.py" line="49" name="test_get_verkey" time="0.035"></testcase><testcase classname="aries_cloudagent.ledger.tests.test_routes.TestLedgerRoutes" file="aries_cloudagent/ledger/tests/test_routes.py" line="70" name="test_get_verkey_did_not_public" time="0.029"></testcase><testcase classname="aries_cloudagent.ledger.tests.test_routes.TestLedgerRoutes" file="aries_cloudagent/ledger/tests/test_routes.py" line="63" name="test_get_verkey_no_did" time="0.032"></testcase><testcase classname="aries_cloudagent.ledger.tests.test_routes.TestLedgerRoutes" file="aries_cloudagent/ledger/tests/test_routes.py" line="78" name="test_get_verkey_x" time="0.041"></testcase><testcase classname="aries_cloudagent.ledger.tests.test_routes.TestLedgerRoutes" file="aries_cloudagent/ledger/tests/test_routes.py" line="28" name="test_missing_ledger" time="0.028"></testcase><testcase classname="aries_cloudagent.ledger.tests.test_routes.TestLedgerRoutes" file="aries_cloudagent/ledger/tests/test_routes.py" line="387" name="test_post_process_routes" time="0.035"></testcase><testcase classname="aries_cloudagent.ledger.tests.test_routes.TestLedgerRoutes" file="aries_cloudagent/ledger/tests/test_routes.py" line="380" name="test_register" time="0.032"></testcase><testcase classname="aries_cloudagent.ledger.tests.test_routes.TestLedgerRoutes" file="aries_cloudagent/ledger/tests/test_routes.py" line="134" name="test_register_nym" time="0.032"></testcase><testcase classname="aries_cloudagent.ledger.tests.test_routes.TestLedgerRoutes" file="aries_cloudagent/ledger/tests/test_routes.py" line="153" name="test_register_nym_bad_request" time="0.028"></testcase><testcase classname="aries_cloudagent.ledger.tests.test_routes.TestLedgerRoutes" file="aries_cloudagent/ledger/tests/test_routes.py" line="170" name="test_register_nym_ledger_error" time="0.030"></testcase><testcase classname="aries_cloudagent.ledger.tests.test_routes.TestLedgerRoutes" file="aries_cloudagent/ledger/tests/test_routes.py" line="160" name="test_register_nym_ledger_txn_error" time="0.033"></testcase><testcase classname="aries_cloudagent.ledger.tests.test_routes.TestLedgerRoutes" file="aries_cloudagent/ledger/tests/test_routes.py" line="178" name="test_register_nym_wallet_error" time="0.027"></testcase><testcase classname="aries_cloudagent.ledger.tests.test_routes.TestLedgerRoutes" file="aries_cloudagent/ledger/tests/test_routes.py" line="234" name="test_rotate_public_did_keypair" time="0.031"></testcase><testcase classname="aries_cloudagent.ledger.tests.test_routes.TestLedgerRoutes" file="aries_cloudagent/ledger/tests/test_routes.py" line="246" name="test_rotate_public_did_keypair_public_wallet_x" time="0.031"></testcase><testcase classname="aries_cloudagent.ledger.tests.test_routes.TestLedgerRoutes" file="aries_cloudagent/ledger/tests/test_routes.py" line="312" name="test_taa_accept_not_required" time="0.033"></testcase><testcase classname="aries_cloudagent.ledger.tests.test_routes.TestLedgerRoutes" file="aries_cloudagent/ledger/tests/test_routes.py" line="260" name="test_taa_forbidden" time="0.032"></testcase><testcase classname="aries_cloudagent.messaging.__init__" file="aries_cloudagent/messaging/__init__.py" line="-1" name="FLAKE8" time="0.047"></testcase><testcase classname="aries_cloudagent.messaging.agent_message" file="aries_cloudagent/messaging/agent_message.py" line="-1" name="FLAKE8" time="0.317"></testcase><testcase classname="aries_cloudagent.messaging.base_handler" file="aries_cloudagent/messaging/base_handler.py" line="-1" name="FLAKE8" time="0.053"></testcase><testcase classname="aries_cloudagent.messaging.error" file="aries_cloudagent/messaging/error.py" line="-1" name="FLAKE8" time="0.049"></testcase><testcase classname="aries_cloudagent.messaging.request_context" file="aries_cloudagent/messaging/request_context.py" line="-1" name="FLAKE8" time="0.133"></testcase><testcase classname="aries_cloudagent.messaging.responder" file="aries_cloudagent/messaging/responder.py" line="-1" name="FLAKE8" time="0.118"></testcase><testcase classname="aries_cloudagent.messaging.util" file="aries_cloudagent/messaging/util.py" line="-1" name="FLAKE8" time="0.126"></testcase><testcase classname="aries_cloudagent.messaging.valid" file="aries_cloudagent/messaging/valid.py" line="-1" name="FLAKE8" time="0.310"></testcase><testcase classname="aries_cloudagent.messaging.ack.__init__" file="aries_cloudagent/messaging/ack/__init__.py" line="-1" name="FLAKE8" time="0.037"></testcase><testcase classname="aries_cloudagent.messaging.ack.message" file="aries_cloudagent/messaging/ack/message.py" line="-1" name="FLAKE8" time="0.055"></testcase><testcase classname="aries_cloudagent.messaging.ack.tests.__init__" file="aries_cloudagent/messaging/ack/tests/__init__.py" line="-1" name="FLAKE8" time="0.034"></testcase><testcase classname="aries_cloudagent.messaging.ack.tests.test_ack" file="aries_cloudagent/messaging/ack/tests/test_ack.py" line="-1" name="FLAKE8" time="0.039"></testcase><testcase classname="aries_cloudagent.messaging.ack.tests.test_ack.TestAck" file="aries_cloudagent/messaging/ack/tests/test_ack.py" line="8" name="test_no" time="0.001"></testcase><testcase classname="aries_cloudagent.messaging.credential_definitions.__init__" file="aries_cloudagent/messaging/credential_definitions/__init__.py" line="-1" name="FLAKE8" time="0.040"></testcase><testcase classname="aries_cloudagent.messaging.credential_definitions.routes" file="aries_cloudagent/messaging/credential_definitions/routes.py" line="-1" name="FLAKE8" time="0.205"></testcase><testcase classname="aries_cloudagent.messaging.credential_definitions.util" file="aries_cloudagent/messaging/credential_definitions/util.py" line="-1" name="FLAKE8" time="0.061"></testcase><testcase classname="aries_cloudagent.messaging.credential_definitions.tests.__init__" file="aries_cloudagent/messaging/credential_definitions/tests/__init__.py" line="-1" name="FLAKE8" time="0.037"></testcase><testcase classname="aries_cloudagent.messaging.credential_definitions.tests.test_routes" file="aries_cloudagent/messaging/credential_definitions/tests/test_routes.py" line="-1" name="FLAKE8" time="0.037"></testcase><testcase classname="aries_cloudagent.messaging.credential_definitions.tests.test_routes.TestCredentialDefinitionRoutes" file="aries_cloudagent/messaging/credential_definitions/tests/test_routes.py" line="277" name="test_created" time="0.059"></testcase><testcase classname="aries_cloudagent.messaging.credential_definitions.tests.test_routes.TestCredentialDefinitionRoutes" file="aries_cloudagent/messaging/credential_definitions/tests/test_routes.py" line="290" name="test_get_credential_definition" time="0.057"></testcase><testcase classname="aries_cloudagent.messaging.credential_definitions.tests.test_routes.TestCredentialDefinitionRoutes" file="aries_cloudagent/messaging/credential_definitions/tests/test_routes.py" line="305" name="test_get_credential_definition_no_ledger" time="0.144"></testcase><testcase classname="aries_cloudagent.messaging.credential_definitions.tests.test_routes.TestCredentialDefinitionRoutes" file="aries_cloudagent/messaging/credential_definitions/tests/test_routes.py" line="324" name="test_post_process_routes" time="0.058"></testcase><testcase classname="aries_cloudagent.messaging.credential_definitions.tests.test_routes.TestCredentialDefinitionRoutes" file="aries_cloudagent/messaging/credential_definitions/tests/test_routes.py" line="317" name="test_register" time="0.059"></testcase><testcase classname="aries_cloudagent.messaging.credential_definitions.tests.test_routes.TestCredentialDefinitionRoutes" file="aries_cloudagent/messaging/credential_definitions/tests/test_routes.py" line="50" name="test_send_credential_definition" time="0.056"></testcase><testcase classname="aries_cloudagent.messaging.credential_definitions.tests.test_routes.TestCredentialDefinitionRoutes" file="aries_cloudagent/messaging/credential_definitions/tests/test_routes.py" line="254" name="test_send_credential_definition_ledger_x" time="0.061"></testcase><testcase classname="aries_cloudagent.messaging.credential_definitions.tests.test_routes.TestCredentialDefinitionRoutes" file="aries_cloudagent/messaging/credential_definitions/tests/test_routes.py" line="236" name="test_send_credential_definition_no_ledger" time="0.060"></testcase><testcase classname="aries_cloudagent.messaging.credential_definitions.tests.test_routes.TestCredentialDefinitionRoutes" file="aries_cloudagent/messaging/credential_definitions/tests/test_routes.py" line="73" name="test_send_credential_definition_revoc" time="0.077"></testcase><testcase classname="aries_cloudagent.messaging.credential_definitions.tests.test_routes.TestCredentialDefinitionRoutes" file="aries_cloudagent/messaging/credential_definitions/tests/test_routes.py" line="197" name="test_send_credential_definition_revoc_init_issuer_rev_reg_x" time="0.069"></testcase><testcase classname="aries_cloudagent.messaging.credential_definitions.tests.test_routes.TestCredentialDefinitionRoutes" file="aries_cloudagent/messaging/credential_definitions/tests/test_routes.py" line="132" name="test_send_credential_definition_revoc_no_support_x" time="0.056"></testcase><testcase classname="aries_cloudagent.messaging.credential_definitions.tests.test_routes.TestCredentialDefinitionRoutes" file="aries_cloudagent/messaging/credential_definitions/tests/test_routes.py" line="115" name="test_send_credential_definition_revoc_no_tails_server_x" time="0.061"></testcase><testcase classname="aries_cloudagent.messaging.credential_definitions.tests.test_routes.TestCredentialDefinitionRoutes" file="aries_cloudagent/messaging/credential_definitions/tests/test_routes.py" line="158" name="test_send_credential_definition_revoc_upload_x" time="0.064"></testcase><testcase classname="aries_cloudagent.messaging.decorators.__init__" file="aries_cloudagent/messaging/decorators/__init__.py" line="-1" name="FLAKE8" time="0.041"></testcase><testcase classname="aries_cloudagent.messaging.decorators.attach_decorator" file="aries_cloudagent/messaging/decorators/attach_decorator.py" line="-1" name="FLAKE8" time="0.368"></testcase><testcase classname="aries_cloudagent.messaging.decorators.base" file="aries_cloudagent/messaging/decorators/base.py" line="-1" name="FLAKE8" time="0.155"></testcase><testcase classname="aries_cloudagent.messaging.decorators.default" file="aries_cloudagent/messaging/decorators/default.py" line="-1" name="FLAKE8" time="0.060"></testcase><testcase classname="aries_cloudagent.messaging.decorators.localization_decorator" file="aries_cloudagent/messaging/decorators/localization_decorator.py" line="-1" name="FLAKE8" time="0.075"></testcase><testcase classname="aries_cloudagent.messaging.decorators.please_ack_decorator" file="aries_cloudagent/messaging/decorators/please_ack_decorator.py" line="-1" name="FLAKE8" time="0.070"></testcase><testcase classname="aries_cloudagent.messaging.decorators.signature_decorator" file="aries_cloudagent/messaging/decorators/signature_decorator.py" line="-1" name="FLAKE8" time="0.120"></testcase><testcase classname="aries_cloudagent.messaging.decorators.thread_decorator" file="aries_cloudagent/messaging/decorators/thread_decorator.py" line="-1" name="FLAKE8" time="0.098"></testcase><testcase classname="aries_cloudagent.messaging.decorators.timing_decorator" file="aries_cloudagent/messaging/decorators/timing_decorator.py" line="-1" name="FLAKE8" time="0.083"></testcase><testcase classname="aries_cloudagent.messaging.decorators.trace_decorator" file="aries_cloudagent/messaging/decorators/trace_decorator.py" line="-1" name="FLAKE8" time="0.165"></testcase><testcase classname="aries_cloudagent.messaging.decorators.transport_decorator" file="aries_cloudagent/messaging/decorators/transport_decorator.py" line="-1" name="FLAKE8" time="0.074"></testcase><testcase classname="aries_cloudagent.messaging.decorators.tests.__init__" file="aries_cloudagent/messaging/decorators/tests/__init__.py" line="-1" name="FLAKE8" time="0.038"></testcase><testcase classname="aries_cloudagent.messaging.decorators.tests.test_attach_decorator" file="aries_cloudagent/messaging/decorators/tests/test_attach_decorator.py" line="-1" name="FLAKE8" time="0.041"></testcase><testcase classname="aries_cloudagent.messaging.decorators.tests.test_attach_decorator.TestAttachDecorator" file="aries_cloudagent/messaging/decorators/tests/test_attach_decorator.py" line="110" name="test_1jws" time="0.005"></testcase><testcase classname="aries_cloudagent.messaging.decorators.tests.test_attach_decorator.TestAttachDecorator" file="aries_cloudagent/messaging/decorators/tests/test_attach_decorator.py" line="206" name="test_embedded_b64" time="0.003"></testcase><testcase classname="aries_cloudagent.messaging.decorators.tests.test_attach_decorator.TestAttachDecorator" file="aries_cloudagent/messaging/decorators/tests/test_attach_decorator.py" line="339" name="test_from_aries_msg" time="0.001"></testcase><testcase classname="aries_cloudagent.messaging.decorators.tests.test_attach_decorator.TestAttachDecorator" file="aries_cloudagent/messaging/decorators/tests/test_attach_decorator.py" line="308" name="test_indy_dict" time="0.002"></testcase><testcase classname="aries_cloudagent.messaging.decorators.tests.test_attach_decorator.TestAttachDecorator" file="aries_cloudagent/messaging/decorators/tests/test_attach_decorator.py" line="230" name="test_init_appended_b64" time="0.001"></testcase><testcase classname="aries_cloudagent.messaging.decorators.tests.test_attach_decorator.TestAttachDecorator" file="aries_cloudagent/messaging/decorators/tests/test_attach_decorator.py" line="267" name="test_init_appended_links" time="0.001"></testcase><testcase classname="aries_cloudagent.messaging.decorators.tests.test_attach_decorator.TestAttachDecorator" file="aries_cloudagent/messaging/decorators/tests/test_attach_decorator.py" line="140" name="test_jws1" time="0.006"></testcase><testcase classname="aries_cloudagent.messaging.decorators.tests.test_attach_decorator.TestAttachDecorator" file="aries_cloudagent/messaging/decorators/tests/test_attach_decorator.py" line="166" name="test_jws2" time="0.005"></testcase><testcase classname="aries_cloudagent.messaging.decorators.tests.test_attach_decorator.TestAttachDecorator" file="aries_cloudagent/messaging/decorators/tests/test_attach_decorator.py" line="98" name="test_jws_header" time="0.003"></testcase><testcase classname="aries_cloudagent.messaging.decorators.tests.test_attach_decorator.TestAttachDecorator" file="aries_cloudagent/messaging/decorators/tests/test_attach_decorator.py" line="247" name="test_serialize_load_appended_b64" time="0.003"></testcase><testcase classname="aries_cloudagent.messaging.decorators.tests.test_attach_decorator.TestAttachDecorator" file="aries_cloudagent/messaging/decorators/tests/test_attach_decorator.py" line="286" name="test_serialize_load_appended_links" time="0.004"></testcase><testcase classname="aries_cloudagent.messaging.decorators.tests.test_attach_decorator.TestAttachDecoratorSignature" file="aries_cloudagent/messaging/decorators/tests/test_attach_decorator.py" line="361" name="test_did_raw_key" time="0.001"><skipped message="test requires Indy support" type="pytest.skip">/usr/src/app/conftest.py:63: test requires Indy support</skipped></testcase><testcase classname="aries_cloudagent.messaging.decorators.tests.test_attach_decorator.TestAttachDecoratorSignature" file="aries_cloudagent/messaging/decorators/tests/test_attach_decorator.py" line="373" name="test_indy_sign" time="0.001"><skipped message="test requires Indy support" type="pytest.skip">/usr/src/app/conftest.py:63: test requires Indy support</skipped></testcase><testcase classname="aries_cloudagent.messaging.decorators.tests.test_base" file="aries_cloudagent/messaging/decorators/tests/test_base.py" line="-1" name="FLAKE8" time="0.038"></testcase><testcase classname="aries_cloudagent.messaging.decorators.tests.test_base.TestBaseDecoratorSet" file="aries_cloudagent/messaging/decorators/tests/test_base.py" line="41" name="test_base_decorator_set" time="0.002"></testcase><testcase classname="aries_cloudagent.messaging.decorators.tests.test_decorator_set" file="aries_cloudagent/messaging/decorators/tests/test_decorator_set.py" line="-1" name="FLAKE8" time="0.038"></testcase><testcase classname="aries_cloudagent.messaging.decorators.tests.test_decorator_set.TestDecoratorSet" file="aries_cloudagent/messaging/decorators/tests/test_decorator_set.py" line="30" name="test_deco_set" time="0.001"></testcase><testcase classname="aries_cloudagent.messaging.decorators.tests.test_decorator_set.TestDecoratorSet" file="aries_cloudagent/messaging/decorators/tests/test_decorator_set.py" line="56" name="test_decorator_model" time="0.002"></testcase><testcase classname="aries_cloudagent.messaging.decorators.tests.test_decorator_set.TestDecoratorSet" file="aries_cloudagent/messaging/decorators/tests/test_decorator_set.py" line="48" name="test_dict" time="0.002"></testcase><testcase classname="aries_cloudagent.messaging.decorators.tests.test_decorator_set.TestDecoratorSet" file="aries_cloudagent/messaging/decorators/tests/test_decorator_set.py" line="34" name="test_extract" time="0.001"></testcase><testcase classname="aries_cloudagent.messaging.decorators.tests.test_decorator_set.TestDecoratorSet" file="aries_cloudagent/messaging/decorators/tests/test_decorator_set.py" line="71" name="test_field_decorator" time="0.002"></testcase><testcase classname="aries_cloudagent.messaging.decorators.tests.test_decorator_set.TestDecoratorSet" file="aries_cloudagent/messaging/decorators/tests/test_decorator_set.py" line="87" name="test_skip_decorator" time="0.001"></testcase><testcase classname="aries_cloudagent.messaging.decorators.tests.test_localization_decorator" file="aries_cloudagent/messaging/decorators/tests/test_localization_decorator.py" line="-1" name="FLAKE8" time="0.037"></testcase><testcase classname="aries_cloudagent.messaging.decorators.tests.test_localization_decorator.TestThreadDecorator" file="aries_cloudagent/messaging/decorators/tests/test_localization_decorator.py" line="11" name="test_init" time="0.001"></testcase><testcase classname="aries_cloudagent.messaging.decorators.tests.test_localization_decorator.TestThreadDecorator" file="aries_cloudagent/messaging/decorators/tests/test_localization_decorator.py" line="26" name="test_serialize_load" time="0.002"></testcase><testcase classname="aries_cloudagent.messaging.decorators.tests.test_please_ack_decorator" file="aries_cloudagent/messaging/decorators/tests/test_please_ack_decorator.py" line="-1" name="FLAKE8" time="0.038"></testcase><testcase classname="aries_cloudagent.messaging.decorators.tests.test_please_ack_decorator.TestPleaseAckDecorator" file="aries_cloudagent/messaging/decorators/tests/test_please_ack_decorator.py" line="17" name="test_init_serde" time="0.004"></testcase><testcase classname="aries_cloudagent.messaging.decorators.tests.test_signature_decorator" file="aries_cloudagent/messaging/decorators/tests/test_signature_decorator.py" line="-1" name="FLAKE8" time="0.037"></testcase><testcase classname="aries_cloudagent.messaging.decorators.tests.test_signature_decorator.TestSignatureDecorator" file="aries_cloudagent/messaging/decorators/tests/test_signature_decorator.py" line="40" name="test_create_decode_verify" time="0.003"></testcase><testcase classname="aries_cloudagent.messaging.decorators.tests.test_signature_decorator.TestSignatureDecorator" file="aries_cloudagent/messaging/decorators/tests/test_signature_decorator.py" line="13" name="test_init" time="0.001"></testcase><testcase classname="aries_cloudagent.messaging.decorators.tests.test_signature_decorator.TestSignatureDecorator" file="aries_cloudagent/messaging/decorators/tests/test_signature_decorator.py" line="21" name="test_serialize_load" time="0.003"></testcase><testcase classname="aries_cloudagent.messaging.decorators.tests.test_thread_decorator" file="aries_cloudagent/messaging/decorators/tests/test_thread_decorator.py" line="-1" name="FLAKE8" time="0.035"></testcase><testcase classname="aries_cloudagent.messaging.decorators.tests.test_thread_decorator.TestThreadDecorator" file="aries_cloudagent/messaging/decorators/tests/test_thread_decorator.py" line="12" name="test_init" time="0.001"></testcase><testcase classname="aries_cloudagent.messaging.decorators.tests.test_thread_decorator.TestThreadDecorator" file="aries_cloudagent/messaging/decorators/tests/test_thread_decorator.py" line="25" name="test_serialize_load" time="0.002"></testcase><testcase classname="aries_cloudagent.messaging.decorators.tests.test_timing_decorator" file="aries_cloudagent/messaging/decorators/tests/test_timing_decorator.py" line="-1" name="FLAKE8" time="0.036"></testcase><testcase classname="aries_cloudagent.messaging.decorators.tests.test_timing_decorator.TestTimingDecorator" file="aries_cloudagent/messaging/decorators/tests/test_timing_decorator.py" line="11" name="test_serialize_load" time="0.002"></testcase><testcase classname="aries_cloudagent.messaging.decorators.tests.test_trace_decorator" file="aries_cloudagent/messaging/decorators/tests/test_trace_decorator.py" line="-1" name="FLAKE8" time="0.039"></testcase><testcase classname="aries_cloudagent.messaging.decorators.tests.test_trace_decorator.TestTraceDecorator" file="aries_cloudagent/messaging/decorators/tests/test_trace_decorator.py" line="21" name="test_init_api" time="0.001"></testcase><testcase classname="aries_cloudagent.messaging.decorators.tests.test_trace_decorator.TestTraceDecorator" file="aries_cloudagent/messaging/decorators/tests/test_trace_decorator.py" line="30" name="test_init_message" time="0.001"></testcase><testcase classname="aries_cloudagent.messaging.decorators.tests.test_trace_decorator.TestTraceDecorator" file="aries_cloudagent/messaging/decorators/tests/test_trace_decorator.py" line="65" name="test_serialize_load" time="0.003"></testcase><testcase classname="aries_cloudagent.messaging.decorators.tests.test_trace_decorator.TestTraceDecorator" file="aries_cloudagent/messaging/decorators/tests/test_trace_decorator.py" line="105" name="test_trace_reports" time="0.002"></testcase><testcase classname="aries_cloudagent.messaging.decorators.tests.test_transport_decorator" file="aries_cloudagent/messaging/decorators/tests/test_transport_decorator.py" line="-1" name="FLAKE8" time="0.040"></testcase><testcase classname="aries_cloudagent.messaging.decorators.tests.test_transport_decorator.TestTransportDecorator" file="aries_cloudagent/messaging/decorators/tests/test_transport_decorator.py" line="7" name="test_serialize_load" time="0.002"></testcase><testcase classname="aries_cloudagent.messaging.jsonld.__init__" file="aries_cloudagent/messaging/jsonld/__init__.py" line="-1" name="FLAKE8" time="0.044"></testcase><testcase classname="aries_cloudagent.messaging.jsonld.create_verify_data" file="aries_cloudagent/messaging/jsonld/create_verify_data.py" line="-1" name="FLAKE8" time="0.091"></testcase><testcase classname="aries_cloudagent.messaging.jsonld.credential" file="aries_cloudagent/messaging/jsonld/credential.py" line="-1" name="FLAKE8" time="0.102"></testcase><testcase classname="aries_cloudagent.messaging.jsonld.routes" file="aries_cloudagent/messaging/jsonld/routes.py" line="-1" name="FLAKE8" time="0.105"></testcase><testcase classname="aries_cloudagent.messaging.jsonld.tests.__init__" file="aries_cloudagent/messaging/jsonld/tests/__init__.py" line="-1" name="FLAKE8" time="0.037"></testcase><testcase classname="aries_cloudagent.messaging.jsonld.tests.test_routes" file="aries_cloudagent/messaging/jsonld/tests/test_routes.py" line="-1" name="FLAKE8" time="0.035"></testcase><testcase classname="aries_cloudagent.messaging.jsonld.tests.test_routes.TestJSONLDRoutes" file="aries_cloudagent/messaging/jsonld/tests/test_routes.py" line="82" name="test_sign_credential" time="20.134"></testcase><testcase classname="aries_cloudagent.messaging.jsonld.tests.test_routes.TestJSONLDRoutes" file="aries_cloudagent/messaging/jsonld/tests/test_routes.py" line="25" name="test_verify_credential" time="17.480"></testcase><testcase classname="aries_cloudagent.messaging.models.__init__" file="aries_cloudagent/messaging/models/__init__.py" line="-1" name="FLAKE8" time="0.044"></testcase><testcase classname="aries_cloudagent.messaging.models.base" file="aries_cloudagent/messaging/models/base.py" line="-1" name="FLAKE8" time="0.245"></testcase><testcase classname="aries_cloudagent.messaging.models.base_record" file="aries_cloudagent/messaging/models/base_record.py" line="-1" name="FLAKE8" time="0.353"></testcase><testcase classname="aries_cloudagent.messaging.models.openapi" file="aries_cloudagent/messaging/models/openapi.py" line="-1" name="FLAKE8" time="0.053"></testcase><testcase classname="aries_cloudagent.messaging.models.tests.__init__" file="aries_cloudagent/messaging/models/tests/__init__.py" line="-1" name="FLAKE8" time="0.036"></testcase><testcase classname="aries_cloudagent.messaging.models.tests.test_base" file="aries_cloudagent/messaging/models/tests/test_base.py" line="-1" name="FLAKE8" time="0.038"></testcase><testcase classname="aries_cloudagent.messaging.models.tests.test_base.TestBase" file="aries_cloudagent/messaging/models/tests/test_base.py" line="61" name="test_from_json_x" time="0.003"></testcase><testcase classname="aries_cloudagent.messaging.models.tests.test_base.TestBase" file="aries_cloudagent/messaging/models/tests/test_base.py" line="38" name="test_model_validate_fails" time="0.002"></testcase><testcase classname="aries_cloudagent.messaging.models.tests.test_base.TestBase" file="aries_cloudagent/messaging/models/tests/test_base.py" line="43" name="test_model_validate_succeeds" time="0.002"></testcase><testcase classname="aries_cloudagent.messaging.models.tests.test_base.TestBase" file="aries_cloudagent/messaging/models/tests/test_base.py" line="48" name="test_ser_x" time="0.004"></testcase><testcase classname="aries_cloudagent.messaging.models.tests.test_base_record" file="aries_cloudagent/messaging/models/tests/test_base_record.py" line="-1" name="FLAKE8" time="0.051"></testcase><testcase classname="aries_cloudagent.messaging.models.tests.test_base_record.TestBaseRecord" file="aries_cloudagent/messaging/models/tests/test_base_record.py" line="113" name="test_cache" time="0.010"></testcase><testcase classname="aries_cloudagent.messaging.models.tests.test_base_record.TestBaseRecord" file="aries_cloudagent/messaging/models/tests/test_base_record.py" line="70" name="test_from_storage_values" time="0.003"></testcase><testcase classname="aries_cloudagent.messaging.models.tests.test_base_record.TestBaseRecord" file="aries_cloudagent/messaging/models/tests/test_base_record.py" line="66" name="test_init_undef" time="0.002"></testcase><testcase classname="aries_cloudagent.messaging.models.tests.test_base_record.TestBaseRecord" file="aries_cloudagent/messaging/models/tests/test_base_record.py" line="231" name="test_log_state" time="0.005"></testcase><testcase classname="aries_cloudagent.messaging.models.tests.test_base_record.TestBaseRecord" file="aries_cloudagent/messaging/models/tests/test_base_record.py" line="180" name="test_neq" time="0.003"></testcase><testcase classname="aries_cloudagent.messaging.models.tests.test_base_record.TestBaseRecord" file="aries_cloudagent/messaging/models/tests/test_base_record.py" line="95" name="test_post_save_exist" time="0.011"></testcase><testcase classname="aries_cloudagent.messaging.models.tests.test_base_record.TestBaseRecord" file="aries_cloudagent/messaging/models/tests/test_base_record.py" line="82" name="test_post_save_new" time="0.005"></testcase><testcase classname="aries_cloudagent.messaging.models.tests.test_base_record.TestBaseRecord" file="aries_cloudagent/messaging/models/tests/test_base_record.py" line="211" name="test_query" time="0.008"></testcase><testcase classname="aries_cloudagent.messaging.models.tests.test_base_record.TestBaseRecord" file="aries_cloudagent/messaging/models/tests/test_base_record.py" line="152" name="test_retrieve_by_tag_filter_multi_x_delete" time="0.006"></testcase><testcase classname="aries_cloudagent.messaging.models.tests.test_base_record.TestBaseRecord" file="aries_cloudagent/messaging/models/tests/test_base_record.py" line="132" name="test_retrieve_cached_id" time="0.004"></testcase><testcase classname="aries_cloudagent.messaging.models.tests.test_base_record.TestBaseRecord" file="aries_cloudagent/messaging/models/tests/test_base_record.py" line="185" name="test_retrieve_uncached_id" time="0.008"></testcase><testcase classname="aries_cloudagent.messaging.models.tests.test_base_record.TestBaseRecord" file="aries_cloudagent/messaging/models/tests/test_base_record.py" line="166" name="test_save_x" time="0.004"></testcase><testcase classname="aries_cloudagent.messaging.models.tests.test_base_record.TestBaseRecord" file="aries_cloudagent/messaging/models/tests/test_base_record.py" line="242" name="test_skip_log" time="0.003"></testcase><testcase classname="aries_cloudagent.messaging.models.tests.test_base_record.TestBaseRecord" file="aries_cloudagent/messaging/models/tests/test_base_record.py" line="261" name="test_tag_prefix" time="0.002"></testcase><testcase classname="aries_cloudagent.messaging.models.tests.test_base_record.TestBaseRecord" file="aries_cloudagent/messaging/models/tests/test_base_record.py" line="249" name="test_webhook" time="0.002"></testcase><testcase classname="aries_cloudagent.messaging.schemas.__init__" file="aries_cloudagent/messaging/schemas/__init__.py" line="-1" name="FLAKE8" time="0.049"></testcase><testcase classname="aries_cloudagent.messaging.schemas.routes" file="aries_cloudagent/messaging/schemas/routes.py" line="-1" name="FLAKE8" time="0.187"></testcase><testcase classname="aries_cloudagent.messaging.schemas.util" file="aries_cloudagent/messaging/schemas/util.py" line="-1" name="FLAKE8" time="0.063"></testcase><testcase classname="aries_cloudagent.messaging.schemas.tests.__init__" file="aries_cloudagent/messaging/schemas/tests/__init__.py" line="-1" name="FLAKE8" time="0.042"></testcase><testcase classname="aries_cloudagent.messaging.schemas.tests.test_routes" file="aries_cloudagent/messaging/schemas/tests/test_routes.py" line="-1" name="FLAKE8" time="0.043"></testcase><testcase classname="aries_cloudagent.messaging.schemas.tests.test_routes.TestCredentialDefinitionRoutes" file="aries_cloudagent/messaging/schemas/tests/test_routes.py" line="101" name="test_created" time="0.070"></testcase><testcase classname="aries_cloudagent.messaging.schemas.tests.test_routes.TestCredentialDefinitionRoutes" file="aries_cloudagent/messaging/schemas/tests/test_routes.py" line="112" name="test_get_schema" time="0.060"></testcase><testcase classname="aries_cloudagent.messaging.schemas.tests.test_routes.TestCredentialDefinitionRoutes" file="aries_cloudagent/messaging/schemas/tests/test_routes.py" line="134" name="test_get_schema_no_ledger" time="0.056"></testcase><testcase classname="aries_cloudagent.messaging.schemas.tests.test_routes.TestCredentialDefinitionRoutes" file="aries_cloudagent/messaging/schemas/tests/test_routes.py" line="123" name="test_get_schema_on_seq_no" time="0.050"></testcase><testcase classname="aries_cloudagent.messaging.schemas.tests.test_routes.TestCredentialDefinitionRoutes" file="aries_cloudagent/messaging/schemas/tests/test_routes.py" line="147" name="test_get_schema_x_ledger" time="0.052"></testcase><testcase classname="aries_cloudagent.messaging.schemas.tests.test_routes.TestCredentialDefinitionRoutes" file="aries_cloudagent/messaging/schemas/tests/test_routes.py" line="166" name="test_post_process_routes" time="0.061"></testcase><testcase classname="aries_cloudagent.messaging.schemas.tests.test_routes.TestCredentialDefinitionRoutes" file="aries_cloudagent/messaging/schemas/tests/test_routes.py" line="159" name="test_register" time="0.063"></testcase><testcase classname="aries_cloudagent.messaging.schemas.tests.test_routes.TestCredentialDefinitionRoutes" file="aries_cloudagent/messaging/schemas/tests/test_routes.py" line="48" name="test_send_schema" time="0.069"></testcase><testcase classname="aries_cloudagent.messaging.schemas.tests.test_routes.TestCredentialDefinitionRoutes" file="aries_cloudagent/messaging/schemas/tests/test_routes.py" line="67" name="test_send_schema_no_ledger" time="0.059"></testcase><testcase classname="aries_cloudagent.messaging.schemas.tests.test_routes.TestCredentialDefinitionRoutes" file="aries_cloudagent/messaging/schemas/tests/test_routes.py" line="83" name="test_send_schema_x_ledger" time="0.065"></testcase><testcase classname="aries_cloudagent.messaging.tests.__init__" file="aries_cloudagent/messaging/tests/__init__.py" line="-1" name="FLAKE8" time="0.040"></testcase><testcase classname="aries_cloudagent.messaging.tests.test_agent_message" file="aries_cloudagent/messaging/tests/test_agent_message.py" line="-1" name="FLAKE8" time="0.041"></testcase><testcase classname="aries_cloudagent.messaging.tests.test_agent_message.TestAgentMessage" file="aries_cloudagent/messaging/tests/test_agent_message.py" line="131" name="test_add_tracing" time="0.005"><system-out>tracer: {&apos;target&apos;: &apos;log&apos;, &apos;full_thread&apos;: True, &apos;trace_reports&apos;: [{&apos;msg_id&apos;: &apos;392411a9-a468-4f48-a21e-7d75632f5818&apos;, &apos;thread_id&apos;: &apos;392411a9-a468-4f48-a21e-7d75632f5818&apos;, &apos;traced_type&apos;: &apos;did:sov:BzCbsNYhMrjHiqZDTUASHg;spec/basic-message&apos;, &apos;timestamp&apos;: &apos;123456789.123456&apos;, &apos;str_time&apos;: &apos;2019-01-01 12:34:56.7&apos;, &apos;handler&apos;: &apos;function.START&apos;, &apos;ellapsed_milli&apos;: 27, &apos;outcome&apos;: &apos;OK! ...&apos;}, {&apos;msg_id&apos;: &apos;abf9c90c-28e9-4484-87a7-acdc554d9918&apos;, &apos;thread_id&apos;: &apos;392411a9-a468-4f48-a21e-7d75632f5818&apos;, &apos;traced_type&apos;: &apos;did:sov:BzCbsNYhMrjHiqZDTUASHg;spec/basic-message&apos;, &apos;timestamp&apos;: &apos;123456789.123456&apos;, &apos;str_time&apos;: &apos;2019-01-01 12:34:56.7&apos;, &apos;handler&apos;: &apos;function.END&apos;, &apos;ellapsed_milli&apos;: 72, &apos;outcome&apos;: &apos;A OK! ...&apos;}]}
</system-out></testcase><testcase classname="aries_cloudagent.messaging.tests.test_agent_message.TestAgentMessage" file="aries_cloudagent/messaging/tests/test_agent_message.py" line="120" name="test_assign_thread" time="0.002"></testcase><testcase classname="aries_cloudagent.messaging.tests.test_agent_message.TestAgentMessage" file="aries_cloudagent/messaging/tests/test_agent_message.py" line="72" name="test_field_signature" time="0.005"></testcase><testcase classname="aries_cloudagent.messaging.tests.test_agent_message.TestAgentMessage" file="aries_cloudagent/messaging/tests/test_agent_message.py" line="54" name="test_init" time="0.003"></testcase><testcase classname="aries_cloudagent.messaging.tests.test_agent_message.TestAgentMessageSchema" file="aries_cloudagent/messaging/tests/test_agent_message.py" line="209" name="test_extract_decorators_x" time="0.004"></testcase><testcase classname="aries_cloudagent.messaging.tests.test_agent_message.TestAgentMessageSchema" file="aries_cloudagent/messaging/tests/test_agent_message.py" line="199" name="test_init_x" time="0.002"></testcase><testcase classname="aries_cloudagent.messaging.tests.test_agent_message.TestAgentMessageSchema" file="aries_cloudagent/messaging/tests/test_agent_message.py" line="251" name="test_serde" time="0.005"></testcase><testcase classname="aries_cloudagent.messaging.tests.test_util" file="aries_cloudagent/messaging/tests/test_util.py" line="-1" name="FLAKE8" time="0.040"></testcase><testcase classname="aries_cloudagent.messaging.tests.test_util.TestUtil" file="aries_cloudagent/messaging/tests/test_util.py" line="70" name="test_canon" time="0.001"></testcase><testcase classname="aries_cloudagent.messaging.tests.test_util.TestUtil" file="aries_cloudagent/messaging/tests/test_util.py" line="76" name="test_encode" time="0.002"><system-out>address2: 101 Wilson Lane -&gt; 68086943237164982734333428280784300550565381723532936263016368251445461241953
zip: 87121 -&gt; 87121
city: SLC -&gt; 101327353979588246869873249766058188995681113722618593621043638294296500696424
address1: 101 Tela Lane -&gt; 63690509275174663089934667471948380740244018358024875547775652380902762701972
state: UT -&gt; 93856629670657830351991220989031130499313559332549427637940645777813964461231
Empty:  -&gt; 102987336249554097029535212322581322789799900648198034993379397001115665086549
Null: None -&gt; 99769404535520360775991420569103450442789945655240760487761322098828903685777
str None: None -&gt; 99769404535520360775991420569103450442789945655240760487761322098828903685777
bool True: True -&gt; 1
bool False: False -&gt; 0
str True: True -&gt; 27471875274925838976481193902417661171675582237244292940724984695988062543640
str False: False -&gt; 43710460381310391454089928988014746602980337898724813422905404670995938820350
max i32: 2147483647 -&gt; 2147483647
max i32 + 1: 2147483648 -&gt; 26221484005389514539852548961319751347124425277437769688639924217837557266135
min i32: -2147483648 -&gt; -2147483648
min i32 - 1: -2147483649 -&gt; 68956915425095939579909400566452872085353864667122112803508671228696852865689
float 0.0: 0.0 -&gt; 62838607218564353630028473473939957328943626306458686867332534889076311281879
str 0.0: 0.0 -&gt; 62838607218564353630028473473939957328943626306458686867332534889076311281879
chr 0: #x00 -&gt; 49846369543417741186729467304575255505141344055555831574636310663216789168157
chr 1: #x01 -&gt; 34356466678672179216206944866734405838331831190171667647615530531663699592602
chr 2: #x02 -&gt; 99398763056634537812744552006896172984671876672520535998211840060697129507206
</system-out></testcase><testcase classname="aries_cloudagent.messaging.tests.test_util.TestUtil" file="aries_cloudagent/messaging/tests/test_util.py" line="63" name="test_epoch" time="0.001"></testcase><testcase classname="aries_cloudagent.messaging.tests.test_util.TestUtil" file="aries_cloudagent/messaging/tests/test_util.py" line="51" name="test_format" time="0.001"></testcase><testcase classname="aries_cloudagent.messaging.tests.test_util.TestUtil" file="aries_cloudagent/messaging/tests/test_util.py" line="19" name="test_parse" time="0.002"></testcase><testcase classname="aries_cloudagent.messaging.tests.test_valid" file="aries_cloudagent/messaging/tests/test_valid.py" line="-1" name="FLAKE8" time="0.053"></testcase><testcase classname="aries_cloudagent.messaging.tests.test_valid.TestValid" file="aries_cloudagent/messaging/tests/test_valid.py" line="357" name="test_base64" time="0.002"></testcase><testcase classname="aries_cloudagent.messaging.tests.test_valid.TestValid" file="aries_cloudagent/messaging/tests/test_valid.py" line="188" name="test_cred_def_id" time="0.002"></testcase><testcase classname="aries_cloudagent.messaging.tests.test_valid.TestValid" file="aries_cloudagent/messaging/tests/test_valid.py" line="233" name="test_cred_rev_id" time="0.002"></testcase><testcase classname="aries_cloudagent.messaging.tests.test_valid.TestValid" file="aries_cloudagent/messaging/tests/test_valid.py" line="147" name="test_did_key" time="0.002"></testcase><testcase classname="aries_cloudagent.messaging.tests.test_valid.TestValid" file="aries_cloudagent/messaging/tests/test_valid.py" line="160" name="test_did_posture" time="0.002"></testcase><testcase classname="aries_cloudagent.messaging.tests.test_valid.TestValid" file="aries_cloudagent/messaging/tests/test_valid.py" line="438" name="test_endpoint" time="0.002"></testcase><testcase classname="aries_cloudagent.messaging.tests.test_valid.TestValid" file="aries_cloudagent/messaging/tests/test_valid.py" line="459" name="test_endpoint_type" time="0.004"></testcase><testcase classname="aries_cloudagent.messaging.tests.test_valid.TestValid" file="aries_cloudagent/messaging/tests/test_valid.py" line="39" name="test_epoch" time="0.003"></testcase><testcase classname="aries_cloudagent.messaging.tests.test_valid.TestValid" file="aries_cloudagent/messaging/tests/test_valid.py" line="176" name="test_indy_base58_sha256_hash" time="0.001"></testcase><testcase classname="aries_cloudagent.messaging.tests.test_valid.TestValid" file="aries_cloudagent/messaging/tests/test_valid.py" line="281" name="test_indy_date" time="0.001"></testcase><testcase classname="aries_cloudagent.messaging.tests.test_valid.TestValid" file="aries_cloudagent/messaging/tests/test_valid.py" line="81" name="test_indy_did" time="0.003"></testcase><testcase classname="aries_cloudagent.messaging.tests.test_valid.TestValid" file="aries_cloudagent/messaging/tests/test_valid.py" line="325" name="test_indy_extra_wql" time="0.002"></testcase><testcase classname="aries_cloudagent.messaging.tests.test_valid.TestValid" file="aries_cloudagent/messaging/tests/test_valid.py" line="96" name="test_indy_raw_public_key" time="0.001"></testcase><testcase classname="aries_cloudagent.messaging.tests.test_valid.TestValid" file="aries_cloudagent/messaging/tests/test_valid.py" line="70" name="test_indy_rev_reg_size" time="0.002"></testcase><testcase classname="aries_cloudagent.messaging.tests.test_valid.TestValid" file="aries_cloudagent/messaging/tests/test_valid.py" line="304" name="test_indy_wql" time="0.004"></testcase><testcase classname="aries_cloudagent.messaging.tests.test_valid.TestValid" file="aries_cloudagent/messaging/tests/test_valid.py" line="108" name="test_jws_header_kid" time="0.001"></testcase><testcase classname="aries_cloudagent.messaging.tests.test_valid.TestValid" file="aries_cloudagent/messaging/tests/test_valid.py" line="131" name="test_jwt" time="0.001"></testcase><testcase classname="aries_cloudagent.messaging.tests.test_valid.TestValid" file="aries_cloudagent/messaging/tests/test_valid.py" line="60" name="test_natural" time="0.001"></testcase><testcase classname="aries_cloudagent.messaging.tests.test_valid.TestValid" file="aries_cloudagent/messaging/tests/test_valid.py" line="270" name="test_predicate" time="0.004"></testcase><testcase classname="aries_cloudagent.messaging.tests.test_valid.TestValid" file="aries_cloudagent/messaging/tests/test_valid.py" line="205" name="test_rev_reg_id" time="0.002"></testcase><testcase classname="aries_cloudagent.messaging.tests.test_valid.TestValid" file="aries_cloudagent/messaging/tests/test_valid.py" line="253" name="test_schema_id" time="0.001"></testcase><testcase classname="aries_cloudagent.messaging.tests.test_valid.TestValid" file="aries_cloudagent/messaging/tests/test_valid.py" line="404" name="test_sha256" time="0.001"></testcase><testcase classname="aries_cloudagent.messaging.tests.test_valid.TestValid" file="aries_cloudagent/messaging/tests/test_valid.py" line="422" name="test_uuid4" time="0.002"></testcase><testcase classname="aries_cloudagent.messaging.tests.test_valid.TestValid" file="aries_cloudagent/messaging/tests/test_valid.py" line="242" name="test_version" time="0.002"></testcase><testcase classname="aries_cloudagent.messaging.tests.test_valid.TestValid" file="aries_cloudagent/messaging/tests/test_valid.py" line="50" name="test_whole" time="0.002"></testcase><testcase classname="aries_cloudagent.protocols.__init__" file="aries_cloudagent/protocols/__init__.py" line="-1" name="FLAKE8" time="0.055"></testcase><testcase classname="aries_cloudagent.protocols.didcomm_prefix" file="aries_cloudagent/protocols/didcomm_prefix.py" line="-1" name="FLAKE8" time="0.103"></testcase><testcase classname="aries_cloudagent.protocols.actionmenu.__init__" file="aries_cloudagent/protocols/actionmenu/__init__.py" line="-1" name="FLAKE8" time="0.060"></testcase><testcase classname="aries_cloudagent.protocols.actionmenu.definition" file="aries_cloudagent/protocols/actionmenu/definition.py" line="-1" name="FLAKE8" time="0.056"></testcase><testcase classname="aries_cloudagent.protocols.actionmenu.v1_0.__init__" file="aries_cloudagent/protocols/actionmenu/v1_0/__init__.py" line="-1" name="FLAKE8" time="0.047"></testcase><testcase classname="aries_cloudagent.protocols.actionmenu.v1_0.base_service" file="aries_cloudagent/protocols/actionmenu/v1_0/base_service.py" line="-1" name="FLAKE8" time="0.110"></testcase><testcase classname="aries_cloudagent.protocols.actionmenu.v1_0.controller" file="aries_cloudagent/protocols/actionmenu/v1_0/controller.py" line="-1" name="FLAKE8" time="0.073"></testcase><testcase classname="aries_cloudagent.protocols.actionmenu.v1_0.driver_service" file="aries_cloudagent/protocols/actionmenu/v1_0/driver_service.py" line="-1" name="FLAKE8" time="0.131"></testcase><testcase classname="aries_cloudagent.protocols.actionmenu.v1_0.message_types" file="aries_cloudagent/protocols/actionmenu/v1_0/message_types.py" line="-1" name="FLAKE8" time="0.098"></testcase><testcase classname="aries_cloudagent.protocols.actionmenu.v1_0.routes" file="aries_cloudagent/protocols/actionmenu/v1_0/routes.py" line="-1" name="FLAKE8" time="0.298"></testcase><testcase classname="aries_cloudagent.protocols.actionmenu.v1_0.util" file="aries_cloudagent/protocols/actionmenu/v1_0/util.py" line="-1" name="FLAKE8" time="0.089"></testcase><testcase classname="aries_cloudagent.protocols.actionmenu.v1_0.handlers.__init__" file="aries_cloudagent/protocols/actionmenu/v1_0/handlers/__init__.py" line="-1" name="FLAKE8" time="0.053"></testcase><testcase classname="aries_cloudagent.protocols.actionmenu.v1_0.handlers.menu_handler" file="aries_cloudagent/protocols/actionmenu/v1_0/handlers/menu_handler.py" line="-1" name="FLAKE8" time="0.087"></testcase><testcase classname="aries_cloudagent.protocols.actionmenu.v1_0.handlers.menu_request_handler" file="aries_cloudagent/protocols/actionmenu/v1_0/handlers/menu_request_handler.py" line="-1" name="FLAKE8" time="0.079"></testcase><testcase classname="aries_cloudagent.protocols.actionmenu.v1_0.handlers.perform_handler" file="aries_cloudagent/protocols/actionmenu/v1_0/handlers/perform_handler.py" line="-1" name="FLAKE8" time="0.092"></testcase><testcase classname="aries_cloudagent.protocols.actionmenu.v1_0.handlers.tests.__init__" file="aries_cloudagent/protocols/actionmenu/v1_0/handlers/tests/__init__.py" line="-1" name="FLAKE8" time="0.056"></testcase><testcase classname="aries_cloudagent.protocols.actionmenu.v1_0.handlers.tests.test_menu_handler" file="aries_cloudagent/protocols/actionmenu/v1_0/handlers/tests/test_menu_handler.py" line="-1" name="FLAKE8" time="0.042"></testcase><testcase classname="aries_cloudagent.protocols.actionmenu.v1_0.handlers.tests.test_menu_handler.TestHandler" file="aries_cloudagent/protocols/actionmenu/v1_0/handlers/tests/test_menu_handler.py" line="13" name="test_called" time="0.004"></testcase><testcase classname="aries_cloudagent.protocols.actionmenu.v1_0.handlers.tests.test_menu_request_handler" file="aries_cloudagent/protocols/actionmenu/v1_0/handlers/tests/test_menu_request_handler.py" line="-1" name="FLAKE8" time="0.046"></testcase><testcase classname="aries_cloudagent.protocols.actionmenu.v1_0.handlers.tests.test_menu_request_handler.TestHandler" file="aries_cloudagent/protocols/actionmenu/v1_0/handlers/tests/test_menu_request_handler.py" line="14" name="test_called" time="0.007"></testcase><testcase classname="aries_cloudagent.protocols.actionmenu.v1_0.handlers.tests.test_menu_request_handler.TestHandler" file="aries_cloudagent/protocols/actionmenu/v1_0/handlers/tests/test_menu_request_handler.py" line="41" name="test_called_no_active_menu" time="0.004"></testcase><testcase classname="aries_cloudagent.protocols.actionmenu.v1_0.handlers.tests.test_perform_handler" file="aries_cloudagent/protocols/actionmenu/v1_0/handlers/tests/test_perform_handler.py" line="-1" name="FLAKE8" time="0.045"></testcase><testcase classname="aries_cloudagent.protocols.actionmenu.v1_0.handlers.tests.test_perform_handler.TestHandler" file="aries_cloudagent/protocols/actionmenu/v1_0/handlers/tests/test_perform_handler.py" line="14" name="test_called" time="0.008"></testcase><testcase classname="aries_cloudagent.protocols.actionmenu.v1_0.handlers.tests.test_perform_handler.TestHandler" file="aries_cloudagent/protocols/actionmenu/v1_0/handlers/tests/test_perform_handler.py" line="41" name="test_called_no_active_menu" time="0.004"></testcase><testcase classname="aries_cloudagent.protocols.actionmenu.v1_0.messages.__init__" file="aries_cloudagent/protocols/actionmenu/v1_0/messages/__init__.py" line="-1" name="FLAKE8" time="0.044"></testcase><testcase classname="aries_cloudagent.protocols.actionmenu.v1_0.messages.menu" file="aries_cloudagent/protocols/actionmenu/v1_0/messages/menu.py" line="-1" name="FLAKE8" time="0.072"></testcase><testcase classname="aries_cloudagent.protocols.actionmenu.v1_0.messages.menu_request" file="aries_cloudagent/protocols/actionmenu/v1_0/messages/menu_request.py" line="-1" name="FLAKE8" time="0.063"></testcase><testcase classname="aries_cloudagent.protocols.actionmenu.v1_0.messages.perform" file="aries_cloudagent/protocols/actionmenu/v1_0/messages/perform.py" line="-1" name="FLAKE8" time="0.076"></testcase><testcase classname="aries_cloudagent.protocols.actionmenu.v1_0.messages.tests.__init__" file="aries_cloudagent/protocols/actionmenu/v1_0/messages/tests/__init__.py" line="-1" name="FLAKE8" time="0.058"></testcase><testcase classname="aries_cloudagent.protocols.actionmenu.v1_0.messages.tests.test_menu" file="aries_cloudagent/protocols/actionmenu/v1_0/messages/tests/test_menu.py" line="-1" name="FLAKE8" time="0.038"></testcase><testcase classname="aries_cloudagent.protocols.actionmenu.v1_0.messages.tests.test_menu.TestMenu" file="aries_cloudagent/protocols/actionmenu/v1_0/messages/tests/test_menu.py" line="62" name="test_deserialize" time="0.002"></testcase><testcase classname="aries_cloudagent.protocols.actionmenu.v1_0.messages.tests.test_menu.TestMenu" file="aries_cloudagent/protocols/actionmenu/v1_0/messages/tests/test_menu.py" line="52" name="test_init" time="0.002"></testcase><testcase classname="aries_cloudagent.protocols.actionmenu.v1_0.messages.tests.test_menu.TestMenu" file="aries_cloudagent/protocols/actionmenu/v1_0/messages/tests/test_menu.py" line="83" name="test_make_model" time="0.003"></testcase><testcase classname="aries_cloudagent.protocols.actionmenu.v1_0.messages.tests.test_menu.TestMenu" file="aries_cloudagent/protocols/actionmenu/v1_0/messages/tests/test_menu.py" line="74" name="test_serialize" time="0.003"></testcase><testcase classname="aries_cloudagent.protocols.actionmenu.v1_0.messages.tests.test_menu.TestMenu" file="aries_cloudagent/protocols/actionmenu/v1_0/messages/tests/test_menu.py" line="58" name="test_type" time="0.002"></testcase><testcase classname="aries_cloudagent.protocols.actionmenu.v1_0.messages.tests.test_menu_request" file="aries_cloudagent/protocols/actionmenu/v1_0/messages/tests/test_menu_request.py" line="-1" name="FLAKE8" time="0.035"></testcase><testcase classname="aries_cloudagent.protocols.actionmenu.v1_0.messages.tests.test_menu_request.TestMenuRequest" file="aries_cloudagent/protocols/actionmenu/v1_0/messages/tests/test_menu_request.py" line="21" name="test_deserialize" time="0.002"></testcase><testcase classname="aries_cloudagent.protocols.actionmenu.v1_0.messages.tests.test_menu_request.TestMenuRequest" file="aries_cloudagent/protocols/actionmenu/v1_0/messages/tests/test_menu_request.py" line="13" name="test_init" time="0.001"></testcase><testcase classname="aries_cloudagent.protocols.actionmenu.v1_0.messages.tests.test_menu_request.TestMenuRequest" file="aries_cloudagent/protocols/actionmenu/v1_0/messages/tests/test_menu_request.py" line="42" name="test_make_model" time="0.002"></testcase><testcase classname="aries_cloudagent.protocols.actionmenu.v1_0.messages.tests.test_menu_request.TestMenuRequest" file="aries_cloudagent/protocols/actionmenu/v1_0/messages/tests/test_menu_request.py" line="33" name="test_serialize" time="0.002"></testcase><testcase classname="aries_cloudagent.protocols.actionmenu.v1_0.messages.tests.test_menu_request.TestMenuRequest" file="aries_cloudagent/protocols/actionmenu/v1_0/messages/tests/test_menu_request.py" line="17" name="test_type" time="0.002"></testcase><testcase classname="aries_cloudagent.protocols.actionmenu.v1_0.messages.tests.test_perform" file="aries_cloudagent/protocols/actionmenu/v1_0/messages/tests/test_perform.py" line="-1" name="FLAKE8" time="0.057"></testcase><testcase classname="aries_cloudagent.protocols.actionmenu.v1_0.messages.tests.test_perform.TestPerform" file="aries_cloudagent/protocols/actionmenu/v1_0/messages/tests/test_perform.py" line="25" name="test_deserialize" time="0.002"></testcase><testcase classname="aries_cloudagent.protocols.actionmenu.v1_0.messages.tests.test_perform.TestPerform" file="aries_cloudagent/protocols/actionmenu/v1_0/messages/tests/test_perform.py" line="16" name="test_init" time="0.001"></testcase><testcase classname="aries_cloudagent.protocols.actionmenu.v1_0.messages.tests.test_perform.TestPerform" file="aries_cloudagent/protocols/actionmenu/v1_0/messages/tests/test_perform.py" line="46" name="test_make_model" time="0.004"></testcase><testcase classname="aries_cloudagent.protocols.actionmenu.v1_0.messages.tests.test_perform.TestPerform" file="aries_cloudagent/protocols/actionmenu/v1_0/messages/tests/test_perform.py" line="37" name="test_serialize" time="0.002"></testcase><testcase classname="aries_cloudagent.protocols.actionmenu.v1_0.messages.tests.test_perform.TestPerform" file="aries_cloudagent/protocols/actionmenu/v1_0/messages/tests/test_perform.py" line="21" name="test_type" time="0.001"></testcase><testcase classname="aries_cloudagent.protocols.actionmenu.v1_0.models.__init__" file="aries_cloudagent/protocols/actionmenu/v1_0/models/__init__.py" line="-1" name="FLAKE8" time="0.040"></testcase><testcase classname="aries_cloudagent.protocols.actionmenu.v1_0.models.menu_form" file="aries_cloudagent/protocols/actionmenu/v1_0/models/menu_form.py" line="-1" name="FLAKE8" time="0.069"></testcase><testcase classname="aries_cloudagent.protocols.actionmenu.v1_0.models.menu_form_param" file="aries_cloudagent/protocols/actionmenu/v1_0/models/menu_form_param.py" line="-1" name="FLAKE8" time="0.115"></testcase><testcase classname="aries_cloudagent.protocols.actionmenu.v1_0.models.menu_option" file="aries_cloudagent/protocols/actionmenu/v1_0/models/menu_option.py" line="-1" name="FLAKE8" time="0.118"></testcase><testcase classname="aries_cloudagent.protocols.actionmenu.v1_0.tests.__init__" file="aries_cloudagent/protocols/actionmenu/v1_0/tests/__init__.py" line="-1" name="FLAKE8" time="0.061"></testcase><testcase classname="aries_cloudagent.protocols.actionmenu.v1_0.tests.test_controller" file="aries_cloudagent/protocols/actionmenu/v1_0/tests/test_controller.py" line="-1" name="FLAKE8" time="0.057"></testcase><testcase classname="aries_cloudagent.protocols.actionmenu.v1_0.tests.test_controller.TestActionMenuController" file="aries_cloudagent/protocols/actionmenu/v1_0/tests/test_controller.py" line="9" name="test_controller" time="0.007"></testcase><testcase classname="aries_cloudagent.protocols.actionmenu.v1_0.tests.test_routes" file="aries_cloudagent/protocols/actionmenu/v1_0/tests/test_routes.py" line="-1" name="FLAKE8" time="0.062"></testcase><testcase classname="aries_cloudagent.protocols.actionmenu.v1_0.tests.test_routes.TestActionMenuRoutes" file="aries_cloudagent/protocols/actionmenu/v1_0/tests/test_routes.py" line="9" name="test_actionmenu_close" time="0.011"></testcase><testcase classname="aries_cloudagent.protocols.actionmenu.v1_0.tests.test_routes.TestActionMenuRoutes" file="aries_cloudagent/protocols/actionmenu/v1_0/tests/test_routes.py" line="42" name="test_actionmenu_close_not_found" time="0.008"></testcase><testcase classname="aries_cloudagent.protocols.actionmenu.v1_0.tests.test_routes.TestActionMenuRoutes" file="aries_cloudagent/protocols/actionmenu/v1_0/tests/test_routes.py" line="25" name="test_actionmenu_close_x" time="0.105"></testcase><testcase classname="aries_cloudagent.protocols.actionmenu.v1_0.tests.test_routes.TestActionMenuRoutes" file="aries_cloudagent/protocols/actionmenu/v1_0/tests/test_routes.py" line="57" name="test_actionmenu_fetch" time="0.005"></testcase><testcase classname="aries_cloudagent.protocols.actionmenu.v1_0.tests.test_routes.TestActionMenuRoutes" file="aries_cloudagent/protocols/actionmenu/v1_0/tests/test_routes.py" line="74" name="test_actionmenu_perform" time="0.154"></testcase><testcase classname="aries_cloudagent.protocols.actionmenu.v1_0.tests.test_routes.TestActionMenuRoutes" file="aries_cloudagent/protocols/actionmenu/v1_0/tests/test_routes.py" line="123" name="test_actionmenu_perform_conn_not_ready" time="0.173"></testcase><testcase classname="aries_cloudagent.protocols.actionmenu.v1_0.tests.test_routes.TestActionMenuRoutes" file="aries_cloudagent/protocols/actionmenu/v1_0/tests/test_routes.py" line="100" name="test_actionmenu_perform_no_conn_record" time="0.152"></testcase><testcase classname="aries_cloudagent.protocols.actionmenu.v1_0.tests.test_routes.TestActionMenuRoutes" file="aries_cloudagent/protocols/actionmenu/v1_0/tests/test_routes.py" line="145" name="test_actionmenu_request" time="0.142"></testcase><testcase classname="aries_cloudagent.protocols.actionmenu.v1_0.tests.test_routes.TestActionMenuRoutes" file="aries_cloudagent/protocols/actionmenu/v1_0/tests/test_routes.py" line="194" name="test_actionmenu_request_conn_not_ready" time="0.145"></testcase><testcase classname="aries_cloudagent.protocols.actionmenu.v1_0.tests.test_routes.TestActionMenuRoutes" file="aries_cloudagent/protocols/actionmenu/v1_0/tests/test_routes.py" line="171" name="test_actionmenu_request_no_conn_record" time="0.140"></testcase><testcase classname="aries_cloudagent.protocols.actionmenu.v1_0.tests.test_routes.TestActionMenuRoutes" file="aries_cloudagent/protocols/actionmenu/v1_0/tests/test_routes.py" line="216" name="test_actionmenu_send" time="0.146"></testcase><testcase classname="aries_cloudagent.protocols.actionmenu.v1_0.tests.test_routes.TestActionMenuRoutes" file="aries_cloudagent/protocols/actionmenu/v1_0/tests/test_routes.py" line="291" name="test_actionmenu_send_conn_not_ready" time="0.137"></testcase><testcase classname="aries_cloudagent.protocols.actionmenu.v1_0.tests.test_routes.TestActionMenuRoutes" file="aries_cloudagent/protocols/actionmenu/v1_0/tests/test_routes.py" line="243" name="test_actionmenu_send_deserialize_x" time="0.231"></testcase><testcase classname="aries_cloudagent.protocols.actionmenu.v1_0.tests.test_routes.TestActionMenuRoutes" file="aries_cloudagent/protocols/actionmenu/v1_0/tests/test_routes.py" line="266" name="test_actionmenu_send_no_conn_record" time="0.166"></testcase><testcase classname="aries_cloudagent.protocols.actionmenu.v1_0.tests.test_routes.TestActionMenuRoutes" file="aries_cloudagent/protocols/actionmenu/v1_0/tests/test_routes.py" line="322" name="test_post_process_routes" time="0.004"></testcase><testcase classname="aries_cloudagent.protocols.actionmenu.v1_0.tests.test_routes.TestActionMenuRoutes" file="aries_cloudagent/protocols/actionmenu/v1_0/tests/test_routes.py" line="315" name="test_register" time="0.005"></testcase><testcase classname="aries_cloudagent.protocols.actionmenu.v1_0.tests.test_service" file="aries_cloudagent/protocols/actionmenu/v1_0/tests/test_service.py" line="-1" name="FLAKE8" time="0.045"></testcase><testcase classname="aries_cloudagent.protocols.actionmenu.v1_0.tests.test_service.TestActionMenuService" file="aries_cloudagent/protocols/actionmenu/v1_0/tests/test_service.py" line="10" name="test_get_active_menu" time="0.003"></testcase><testcase classname="aries_cloudagent.protocols.actionmenu.v1_0.tests.test_service.TestActionMenuService" file="aries_cloudagent/protocols/actionmenu/v1_0/tests/test_service.py" line="37" name="test_perform_menu_action" time="0.003"></testcase><testcase classname="aries_cloudagent.protocols.actionmenu.v1_0.tests.test_util" file="aries_cloudagent/protocols/actionmenu/v1_0/tests/test_util.py" line="-1" name="FLAKE8" time="0.043"></testcase><testcase classname="aries_cloudagent.protocols.actionmenu.v1_0.tests.test_util.TestUtil" file="aries_cloudagent/protocols/actionmenu/v1_0/tests/test_util.py" line="17" name="test_save_retrieve_delete_connection_menu" time="0.020"></testcase><testcase classname="aries_cloudagent.protocols.basicmessage.__init__" file="aries_cloudagent/protocols/basicmessage/__init__.py" line="-1" name="FLAKE8" time="0.044"></testcase><testcase classname="aries_cloudagent.protocols.basicmessage.definition" file="aries_cloudagent/protocols/basicmessage/definition.py" line="-1" name="FLAKE8" time="0.051"></testcase><testcase classname="aries_cloudagent.protocols.basicmessage.v1_0.__init__" file="aries_cloudagent/protocols/basicmessage/v1_0/__init__.py" line="-1" name="FLAKE8" time="0.045"></testcase><testcase classname="aries_cloudagent.protocols.basicmessage.v1_0.message_types" file="aries_cloudagent/protocols/basicmessage/v1_0/message_types.py" line="-1" name="FLAKE8" time="0.051"></testcase><testcase classname="aries_cloudagent.protocols.basicmessage.v1_0.routes" file="aries_cloudagent/protocols/basicmessage/v1_0/routes.py" line="-1" name="FLAKE8" time="0.092"></testcase><testcase classname="aries_cloudagent.protocols.basicmessage.v1_0.handlers.__init__" file="aries_cloudagent/protocols/basicmessage/v1_0/handlers/__init__.py" line="-1" name="FLAKE8" time="0.042"></testcase><testcase classname="aries_cloudagent.protocols.basicmessage.v1_0.handlers.basicmessage_handler" file="aries_cloudagent/protocols/basicmessage/v1_0/handlers/basicmessage_handler.py" line="-1" name="FLAKE8" time="0.084"></testcase><testcase classname="aries_cloudagent.protocols.basicmessage.v1_0.handlers.tests.__init__" file="aries_cloudagent/protocols/basicmessage/v1_0/handlers/tests/__init__.py" line="-1" name="FLAKE8" time="0.050"></testcase><testcase classname="aries_cloudagent.protocols.basicmessage.v1_0.handlers.tests.test_basicmessage_handler" file="aries_cloudagent/protocols/basicmessage/v1_0/handlers/tests/test_basicmessage_handler.py" line="-1" name="FLAKE8" time="0.042"></testcase><testcase classname="aries_cloudagent.protocols.basicmessage.v1_0.handlers.tests.test_basicmessage_handler.TestBasicMessageHandler" file="aries_cloudagent/protocols/basicmessage/v1_0/handlers/tests/test_basicmessage_handler.py" line="18" name="test_basic_message" time="0.003"></testcase><testcase classname="aries_cloudagent.protocols.basicmessage.v1_0.handlers.tests.test_basicmessage_handler.TestBasicMessageHandler" file="aries_cloudagent/protocols/basicmessage/v1_0/handlers/tests/test_basicmessage_handler.py" line="41" name="test_basic_message_response" time="0.002"></testcase><testcase classname="aries_cloudagent.protocols.basicmessage.v1_0.handlers.tests.test_basicmessage_handler.TestBasicMessageHandler" file="aries_cloudagent/protocols/basicmessage/v1_0/handlers/tests/test_basicmessage_handler.py" line="59" name="test_basic_message_response_reply_with" time="0.003"></testcase><testcase classname="aries_cloudagent.protocols.basicmessage.v1_0.messages.__init__" file="aries_cloudagent/protocols/basicmessage/v1_0/messages/__init__.py" line="-1" name="FLAKE8" time="0.047"></testcase><testcase classname="aries_cloudagent.protocols.basicmessage.v1_0.messages.basicmessage" file="aries_cloudagent/protocols/basicmessage/v1_0/messages/basicmessage.py" line="-1" name="FLAKE8" time="0.092"></testcase><testcase classname="aries_cloudagent.protocols.basicmessage.v1_0.messages.tests.__init__" file="aries_cloudagent/protocols/basicmessage/v1_0/messages/tests/__init__.py" line="-1" name="FLAKE8" time="0.041"></testcase><testcase classname="aries_cloudagent.protocols.basicmessage.v1_0.messages.tests.test_basic_message" file="aries_cloudagent/protocols/basicmessage/v1_0/messages/tests/test_basic_message.py" line="-1" name="FLAKE8" time="0.038"></testcase><testcase classname="aries_cloudagent.protocols.basicmessage.v1_0.messages.tests.test_basic_message.TestBasicMessage" file="aries_cloudagent/protocols/basicmessage/v1_0/messages/tests/test_basic_message.py" line="25" name="test_deserialize" time="0.003"></testcase><testcase classname="aries_cloudagent.protocols.basicmessage.v1_0.messages.tests.test_basic_message.TestBasicMessage" file="aries_cloudagent/protocols/basicmessage/v1_0/messages/tests/test_basic_message.py" line="16" name="test_init" time="0.001"></testcase><testcase classname="aries_cloudagent.protocols.basicmessage.v1_0.messages.tests.test_basic_message.TestBasicMessage" file="aries_cloudagent/protocols/basicmessage/v1_0/messages/tests/test_basic_message.py" line="37" name="test_serialize" time="0.002"></testcase><testcase classname="aries_cloudagent.protocols.basicmessage.v1_0.messages.tests.test_basic_message.TestBasicMessage" file="aries_cloudagent/protocols/basicmessage/v1_0/messages/tests/test_basic_message.py" line="21" name="test_type" time="0.001"></testcase><testcase classname="aries_cloudagent.protocols.basicmessage.v1_0.messages.tests.test_basic_message.TestBasicMessageSchema" file="aries_cloudagent/protocols/basicmessage/v1_0/messages/tests/test_basic_message.py" line="51" name="test_make_model" time="0.004"></testcase><testcase classname="aries_cloudagent.protocols.basicmessage.v1_0.tests.__init__" file="aries_cloudagent/protocols/basicmessage/v1_0/tests/__init__.py" line="-1" name="FLAKE8" time="0.043"></testcase><testcase classname="aries_cloudagent.protocols.basicmessage.v1_0.tests.test_routes" file="aries_cloudagent/protocols/basicmessage/v1_0/tests/test_routes.py" line="-1" name="FLAKE8" time="0.044"></testcase><testcase classname="aries_cloudagent.protocols.basicmessage.v1_0.tests.test_routes.TestBasicMessageRoutes" file="aries_cloudagent/protocols/basicmessage/v1_0/tests/test_routes.py" line="9" name="test_connections_send_message" time="0.147"></testcase><testcase classname="aries_cloudagent.protocols.basicmessage.v1_0.tests.test_routes.TestBasicMessageRoutes" file="aries_cloudagent/protocols/basicmessage/v1_0/tests/test_routes.py" line="32" name="test_connections_send_message_no_conn_record" time="0.145"></testcase><testcase classname="aries_cloudagent.protocols.basicmessage.v1_0.tests.test_routes.TestBasicMessageRoutes" file="aries_cloudagent/protocols/basicmessage/v1_0/tests/test_routes.py" line="55" name="test_connections_send_message_not_ready" time="0.149"></testcase><testcase classname="aries_cloudagent.protocols.basicmessage.v1_0.tests.test_routes.TestBasicMessageRoutes" file="aries_cloudagent/protocols/basicmessage/v1_0/tests/test_routes.py" line="84" name="test_post_process_routes" time="0.002"></testcase><testcase classname="aries_cloudagent.protocols.basicmessage.v1_0.tests.test_routes.TestBasicMessageRoutes" file="aries_cloudagent/protocols/basicmessage/v1_0/tests/test_routes.py" line="77" name="test_register" time="0.003"></testcase><testcase classname="aries_cloudagent.protocols.connections.__init__" file="aries_cloudagent/protocols/connections/__init__.py" line="-1" name="FLAKE8" time="0.038"></testcase><testcase classname="aries_cloudagent.protocols.connections.definition" file="aries_cloudagent/protocols/connections/definition.py" line="-1" name="FLAKE8" time="0.046"></testcase><testcase classname="aries_cloudagent.protocols.connections.v1_0.__init__" file="aries_cloudagent/protocols/connections/v1_0/__init__.py" line="-1" name="FLAKE8" time="0.044"></testcase><testcase classname="aries_cloudagent.protocols.connections.v1_0.manager" file="aries_cloudagent/protocols/connections/v1_0/manager.py" line="-1" name="FLAKE8" time="0.744"></testcase><testcase classname="aries_cloudagent.protocols.connections.v1_0.message_types" file="aries_cloudagent/protocols/connections/v1_0/message_types.py" line="-1" name="FLAKE8" time="0.061"></testcase><testcase classname="aries_cloudagent.protocols.connections.v1_0.routes" file="aries_cloudagent/protocols/connections/v1_0/routes.py" line="-1" name="FLAKE8" time="0.518"></testcase><testcase classname="aries_cloudagent.protocols.connections.v1_0.handlers.__init__" file="aries_cloudagent/protocols/connections/v1_0/handlers/__init__.py" line="-1" name="FLAKE8" time="0.041"></testcase><testcase classname="aries_cloudagent.protocols.connections.v1_0.handlers.connection_invitation_handler" file="aries_cloudagent/protocols/connections/v1_0/handlers/connection_invitation_handler.py" line="-1" name="FLAKE8" time="0.062"></testcase><testcase classname="aries_cloudagent.protocols.connections.v1_0.handlers.connection_request_handler" file="aries_cloudagent/protocols/connections/v1_0/handlers/connection_request_handler.py" line="-1" name="FLAKE8" time="0.062"></testcase><testcase classname="aries_cloudagent.protocols.connections.v1_0.handlers.connection_response_handler" file="aries_cloudagent/protocols/connections/v1_0/handlers/connection_response_handler.py" line="-1" name="FLAKE8" time="0.070"></testcase><testcase classname="aries_cloudagent.protocols.connections.v1_0.handlers.tests.__init__" file="aries_cloudagent/protocols/connections/v1_0/handlers/tests/__init__.py" line="-1" name="FLAKE8" time="0.038"></testcase><testcase classname="aries_cloudagent.protocols.connections.v1_0.handlers.tests.test_invitation_handler" file="aries_cloudagent/protocols/connections/v1_0/handlers/tests/test_invitation_handler.py" line="-1" name="FLAKE8" time="0.034"></testcase><testcase classname="aries_cloudagent.protocols.connections.v1_0.handlers.tests.test_invitation_handler.TestInvitationHandler" file="aries_cloudagent/protocols/connections/v1_0/handlers/tests/test_invitation_handler.py" line="20" name="test_problem_report" time="0.002"></testcase><testcase classname="aries_cloudagent.protocols.connections.v1_0.handlers.tests.test_request_handler" file="aries_cloudagent/protocols/connections/v1_0/handlers/tests/test_request_handler.py" line="-1" name="FLAKE8" time="0.037"></testcase><testcase classname="aries_cloudagent.protocols.connections.v1_0.handlers.tests.test_request_handler.TestRequestHandler" file="aries_cloudagent/protocols/connections/v1_0/handlers/tests/test_request_handler.py" line="66" name="test_called" time="0.004"></testcase><testcase classname="aries_cloudagent.protocols.connections.v1_0.handlers.tests.test_request_handler.TestRequestHandler" file="aries_cloudagent/protocols/connections/v1_0/handlers/tests/test_request_handler.py" line="81" name="test_problem_report" time="0.004"></testcase><testcase classname="aries_cloudagent.protocols.connections.v1_0.handlers.tests.test_request_handler.TestRequestHandler" file="aries_cloudagent/protocols/connections/v1_0/handlers/tests/test_request_handler.py" line="101" name="test_problem_report_did_doc" time="0.006"></testcase><testcase classname="aries_cloudagent.protocols.connections.v1_0.handlers.tests.test_request_handler.TestRequestHandler" file="aries_cloudagent/protocols/connections/v1_0/handlers/tests/test_request_handler.py" line="131" name="test_problem_report_did_doc_no_conn_target" time="0.005"></testcase><testcase classname="aries_cloudagent.protocols.connections.v1_0.handlers.tests.test_response_handler" file="aries_cloudagent/protocols/connections/v1_0/handlers/tests/test_response_handler.py" line="-1" name="FLAKE8" time="0.035"></testcase><testcase classname="aries_cloudagent.protocols.connections.v1_0.handlers.tests.test_response_handler.TestResponseHandler" file="aries_cloudagent/protocols/connections/v1_0/handlers/tests/test_response_handler.py" line="69" name="test_called" time="0.004"></testcase><testcase classname="aries_cloudagent.protocols.connections.v1_0.handlers.tests.test_response_handler.TestResponseHandler" file="aries_cloudagent/protocols/connections/v1_0/handlers/tests/test_response_handler.py" line="84" name="test_called_auto_ping" time="0.006"></testcase><testcase classname="aries_cloudagent.protocols.connections.v1_0.handlers.tests.test_response_handler.TestResponseHandler" file="aries_cloudagent/protocols/connections/v1_0/handlers/tests/test_response_handler.py" line="103" name="test_problem_report" time="0.004"></testcase><testcase classname="aries_cloudagent.protocols.connections.v1_0.handlers.tests.test_response_handler.TestResponseHandler" file="aries_cloudagent/protocols/connections/v1_0/handlers/tests/test_response_handler.py" line="123" name="test_problem_report_did_doc" time="0.005"></testcase><testcase classname="aries_cloudagent.protocols.connections.v1_0.handlers.tests.test_response_handler.TestResponseHandler" file="aries_cloudagent/protocols/connections/v1_0/handlers/tests/test_response_handler.py" line="151" name="test_problem_report_did_doc_no_conn_target" time="0.006"></testcase><testcase classname="aries_cloudagent.protocols.connections.v1_0.messages.__init__" file="aries_cloudagent/protocols/connections/v1_0/messages/__init__.py" line="-1" name="FLAKE8" time="0.036"></testcase><testcase classname="aries_cloudagent.protocols.connections.v1_0.messages.connection_invitation" file="aries_cloudagent/protocols/connections/v1_0/messages/connection_invitation.py" line="-1" name="FLAKE8" time="0.136"></testcase><testcase classname="aries_cloudagent.protocols.connections.v1_0.messages.connection_request" file="aries_cloudagent/protocols/connections/v1_0/messages/connection_request.py" line="-1" name="FLAKE8" time="0.079"></testcase><testcase classname="aries_cloudagent.protocols.connections.v1_0.messages.connection_response" file="aries_cloudagent/protocols/connections/v1_0/messages/connection_response.py" line="-1" name="FLAKE8" time="0.077"></testcase><testcase classname="aries_cloudagent.protocols.connections.v1_0.messages.problem_report" file="aries_cloudagent/protocols/connections/v1_0/messages/problem_report.py" line="-1" name="FLAKE8" time="0.082"></testcase><testcase classname="aries_cloudagent.protocols.connections.v1_0.messages.tests.__init__" file="aries_cloudagent/protocols/connections/v1_0/messages/tests/__init__.py" line="-1" name="FLAKE8" time="0.038"></testcase><testcase classname="aries_cloudagent.protocols.connections.v1_0.messages.tests.test_connection_invitation" file="aries_cloudagent/protocols/connections/v1_0/messages/tests/test_connection_invitation.py" line="-1" name="FLAKE8" time="0.038"></testcase><testcase classname="aries_cloudagent.protocols.connections.v1_0.messages.tests.test_connection_invitation.TestConnectionInvitation" file="aries_cloudagent/protocols/connections/v1_0/messages/tests/test_connection_invitation.py" line="38" name="test_deserialize" time="0.003"></testcase><testcase classname="aries_cloudagent.protocols.connections.v1_0.messages.tests.test_connection_invitation.TestConnectionInvitation" file="aries_cloudagent/protocols/connections/v1_0/messages/tests/test_connection_invitation.py" line="80" name="test_from_no_url" time="0.002"></testcase><testcase classname="aries_cloudagent.protocols.connections.v1_0.messages.tests.test_connection_invitation.TestConnectionInvitation" file="aries_cloudagent/protocols/connections/v1_0/messages/tests/test_connection_invitation.py" line="18" name="test_init" time="0.001"></testcase><testcase classname="aries_cloudagent.protocols.connections.v1_0.messages.tests.test_connection_invitation.TestConnectionInvitation" file="aries_cloudagent/protocols/connections/v1_0/messages/tests/test_connection_invitation.py" line="52" name="test_serialize" time="0.002"></testcase><testcase classname="aries_cloudagent.protocols.connections.v1_0.messages.tests.test_connection_invitation.TestConnectionInvitation" file="aries_cloudagent/protocols/connections/v1_0/messages/tests/test_connection_invitation.py" line="29" name="test_type" time="0.001"></testcase><testcase classname="aries_cloudagent.protocols.connections.v1_0.messages.tests.test_connection_invitation.TestConnectionInvitation" file="aries_cloudagent/protocols/connections/v1_0/messages/tests/test_connection_invitation.py" line="71" name="test_url_round_trip" time="0.003"></testcase><testcase classname="aries_cloudagent.protocols.connections.v1_0.messages.tests.test_connection_invitation.TestConnectionInvitationSchema" file="aries_cloudagent/protocols/connections/v1_0/messages/tests/test_connection_invitation.py" line="91" name="test_make_model" time="0.002"></testcase><testcase classname="aries_cloudagent.protocols.connections.v1_0.messages.tests.test_connection_invitation.TestConnectionInvitationSchema" file="aries_cloudagent/protocols/connections/v1_0/messages/tests/test_connection_invitation.py" line="96" name="test_make_model_invalid" time="0.006"></testcase><testcase classname="aries_cloudagent.protocols.connections.v1_0.messages.tests.test_connection_request" file="aries_cloudagent/protocols/connections/v1_0/messages/tests/test_connection_request.py" line="-1" name="FLAKE8" time="0.042"></testcase><testcase classname="aries_cloudagent.protocols.connections.v1_0.messages.tests.test_connection_request.TestConnectionRequest" file="aries_cloudagent/protocols/connections/v1_0/messages/tests/test_connection_request.py" line="73" name="test_deserialize" time="0.002"></testcase><testcase classname="aries_cloudagent.protocols.connections.v1_0.messages.tests.test_connection_request.TestConnectionRequest" file="aries_cloudagent/protocols/connections/v1_0/messages/tests/test_connection_request.py" line="61" name="test_init" time="0.001"></testcase><testcase classname="aries_cloudagent.protocols.connections.v1_0.messages.tests.test_connection_request.TestConnectionRequest" file="aries_cloudagent/protocols/connections/v1_0/messages/tests/test_connection_request.py" line="88" name="test_serialize" time="0.004"></testcase><testcase classname="aries_cloudagent.protocols.connections.v1_0.messages.tests.test_connection_request.TestConnectionRequest" file="aries_cloudagent/protocols/connections/v1_0/messages/tests/test_connection_request.py" line="67" name="test_type" time="0.001"></testcase><testcase classname="aries_cloudagent.protocols.connections.v1_0.messages.tests.test_connection_request.TestConnectionRequestSchema" file="aries_cloudagent/protocols/connections/v1_0/messages/tests/test_connection_request.py" line="109" name="test_make_model" time="0.004"></testcase><testcase classname="aries_cloudagent.protocols.connections.v1_0.messages.tests.test_connection_request.TestConnectionRequestSchema" file="aries_cloudagent/protocols/connections/v1_0/messages/tests/test_connection_request.py" line="118" name="test_make_model_conn_detail_interpolate_authn_service" time="0.006"></testcase><testcase classname="aries_cloudagent.protocols.connections.v1_0.messages.tests.test_connection_response" file="aries_cloudagent/protocols/connections/v1_0/messages/tests/test_connection_response.py" line="-1" name="FLAKE8" time="0.047"></testcase><testcase classname="aries_cloudagent.protocols.connections.v1_0.messages.tests.test_connection_response.TestConnectionResponse" file="aries_cloudagent/protocols/connections/v1_0/messages/tests/test_connection_response.py" line="69" name="test_deserialize" time="0.002"></testcase><testcase classname="aries_cloudagent.protocols.connections.v1_0.messages.tests.test_connection_response.TestConnectionResponse" file="aries_cloudagent/protocols/connections/v1_0/messages/tests/test_connection_response.py" line="61" name="test_init" time="0.001"></testcase><testcase classname="aries_cloudagent.protocols.connections.v1_0.messages.tests.test_connection_response.TestConnectionResponse" file="aries_cloudagent/protocols/connections/v1_0/messages/tests/test_connection_response.py" line="84" name="test_serialize" time="0.003"></testcase><testcase classname="aries_cloudagent.protocols.connections.v1_0.messages.tests.test_connection_response.TestConnectionResponse" file="aries_cloudagent/protocols/connections/v1_0/messages/tests/test_connection_response.py" line="64" name="test_type" time="0.001"></testcase><testcase classname="aries_cloudagent.protocols.connections.v1_0.messages.tests.test_connection_response.TestConnectionResponseSchema" file="aries_cloudagent/protocols/connections/v1_0/messages/tests/test_connection_response.py" line="104" name="test_make_model" time="0.005"></testcase><testcase classname="aries_cloudagent.protocols.connections.v1_0.messages.tests.test_problem_report" file="aries_cloudagent/protocols/connections/v1_0/messages/tests/test_problem_report.py" line="-1" name="FLAKE8" time="0.040"></testcase><testcase classname="aries_cloudagent.protocols.connections.v1_0.messages.tests.test_problem_report.TestProblemReportSchema" file="aries_cloudagent/protocols/connections/v1_0/messages/tests/test_problem_report.py" line="15" name="test_make_model" time="0.003"></testcase><testcase classname="aries_cloudagent.protocols.connections.v1_0.models.__init__" file="aries_cloudagent/protocols/connections/v1_0/models/__init__.py" line="-1" name="FLAKE8" time="0.069"></testcase><testcase classname="aries_cloudagent.protocols.connections.v1_0.models.connection_detail" file="aries_cloudagent/protocols/connections/v1_0/models/connection_detail.py" line="-1" name="FLAKE8" time="0.113"></testcase><testcase classname="aries_cloudagent.protocols.connections.v1_0.tests.__init__" file="aries_cloudagent/protocols/connections/v1_0/tests/__init__.py" line="-1" name="FLAKE8" time="0.047"></testcase><testcase classname="aries_cloudagent.protocols.connections.v1_0.tests.test_manager" file="aries_cloudagent/protocols/connections/v1_0/tests/test_manager.py" line="-1" name="FLAKE8" time="0.047"></testcase><testcase classname="aries_cloudagent.protocols.connections.v1_0.tests.test_manager.TestConnectionManager" file="aries_cloudagent/protocols/connections/v1_0/tests/test_manager.py" line="430" name="test_accept_response_find_by_thread_id" time="0.018"></testcase><testcase classname="aries_cloudagent.protocols.connections.v1_0.tests.test_manager.TestConnectionManager" file="aries_cloudagent/protocols/connections/v1_0/tests/test_manager.py" line="512" name="test_accept_response_find_by_thread_id_bad_state" time="0.010"></testcase><testcase classname="aries_cloudagent.protocols.connections.v1_0.tests.test_manager.TestConnectionManager" file="aries_cloudagent/protocols/connections/v1_0/tests/test_manager.py" line="560" name="test_accept_response_find_by_thread_id_did_mismatch" time="0.014"></testcase><testcase classname="aries_cloudagent.protocols.connections.v1_0.tests.test_manager.TestConnectionManager" file="aries_cloudagent/protocols/connections/v1_0/tests/test_manager.py" line="535" name="test_accept_response_find_by_thread_id_no_connection_did_doc" time="0.009"></testcase><testcase classname="aries_cloudagent.protocols.connections.v1_0.tests.test_manager.TestConnectionManager" file="aries_cloudagent/protocols/connections/v1_0/tests/test_manager.py" line="489" name="test_accept_response_not_found_by_thread_id_nor_receipt_sender_did" time="0.012"></testcase><testcase classname="aries_cloudagent.protocols.connections.v1_0.tests.test_manager.TestConnectionManager" file="aries_cloudagent/protocols/connections/v1_0/tests/test_manager.py" line="458" name="test_accept_response_not_found_by_thread_id_receipt_has_sender_did" time="0.021"></testcase><testcase classname="aries_cloudagent.protocols.connections.v1_0.tests.test_manager.TestConnectionManager" file="aries_cloudagent/protocols/connections/v1_0/tests/test_manager.py" line="803" name="test_create_did_document" time="0.011"></testcase><testcase classname="aries_cloudagent.protocols.connections.v1_0.tests.test_manager.TestConnectionManager" file="aries_cloudagent/protocols/connections/v1_0/tests/test_manager.py" line="890" name="test_create_did_document_no_service_endpoint" time="0.009"></testcase><testcase classname="aries_cloudagent.protocols.connections.v1_0.tests.test_manager.TestConnectionManager" file="aries_cloudagent/protocols/connections/v1_0/tests/test_manager.py" line="925" name="test_create_did_document_no_service_recip_keys" time="0.012"></testcase><testcase classname="aries_cloudagent.protocols.connections.v1_0.tests.test_manager.TestConnectionManager" file="aries_cloudagent/protocols/connections/v1_0/tests/test_manager.py" line="858" name="test_create_did_document_no_services" time="0.008"></testcase><testcase classname="aries_cloudagent.protocols.connections.v1_0.tests.test_manager.TestConnectionManager" file="aries_cloudagent/protocols/connections/v1_0/tests/test_manager.py" line="833" name="test_create_did_document_not_active" time="0.005"></testcase><testcase classname="aries_cloudagent.protocols.connections.v1_0.tests.test_manager.TestConnectionManager" file="aries_cloudagent/protocols/connections/v1_0/tests/test_manager.py" line="169" name="test_create_invitation_multi_use" time="0.057"></testcase><testcase classname="aries_cloudagent.protocols.connections.v1_0.tests.test_manager.TestConnectionManager" file="aries_cloudagent/protocols/connections/v1_0/tests/test_manager.py" line="104" name="test_create_invitation_non_multi_use_invitation_fails_on_reuse" time="0.026"></testcase><testcase classname="aries_cloudagent.protocols.connections.v1_0.tests.test_manager.TestConnectionManager" file="aries_cloudagent/protocols/connections/v1_0/tests/test_manager.py" line="133" name="test_create_invitation_public" time="0.009"></testcase><testcase classname="aries_cloudagent.protocols.connections.v1_0.tests.test_manager.TestConnectionManager" file="aries_cloudagent/protocols/connections/v1_0/tests/test_manager.py" line="93" name="test_create_invitation_public_and_multi_use_fails" time="0.008"></testcase><testcase classname="aries_cloudagent.protocols.connections.v1_0.tests.test_manager.TestConnectionManager" file="aries_cloudagent/protocols/connections/v1_0/tests/test_manager.py" line="157" name="test_create_invitation_public_no_public_did" time="0.008"></testcase><testcase classname="aries_cloudagent.protocols.connections.v1_0.tests.test_manager.TestConnectionManager" file="aries_cloudagent/protocols/connections/v1_0/tests/test_manager.py" line="149" name="test_create_invitation_public_no_public_invites" time="0.003"></testcase><testcase classname="aries_cloudagent.protocols.connections.v1_0.tests.test_manager.TestConnectionManager" file="aries_cloudagent/protocols/connections/v1_0/tests/test_manager.py" line="228" name="test_create_request" time="0.007"></testcase><testcase classname="aries_cloudagent.protocols.connections.v1_0.tests.test_manager.TestConnectionManager" file="aries_cloudagent/protocols/connections/v1_0/tests/test_manager.py" line="253" name="test_create_request_my_did" time="0.010"></testcase><testcase classname="aries_cloudagent.protocols.connections.v1_0.tests.test_manager.TestConnectionManager" file="aries_cloudagent/protocols/connections/v1_0/tests/test_manager.py" line="240" name="test_create_request_my_endpoint" time="0.008"></testcase><testcase classname="aries_cloudagent.protocols.connections.v1_0.tests.test_manager.TestConnectionManager" file="aries_cloudagent/protocols/connections/v1_0/tests/test_manager.py" line="403" name="test_create_response" time="0.031"></testcase><testcase classname="aries_cloudagent.protocols.connections.v1_0.tests.test_manager.TestConnectionManager" file="aries_cloudagent/protocols/connections/v1_0/tests/test_manager.py" line="417" name="test_create_response_bad_state" time="0.003"></testcase><testcase classname="aries_cloudagent.protocols.connections.v1_0.tests.test_manager.TestConnectionManager" file="aries_cloudagent/protocols/connections/v1_0/tests/test_manager.py" line="586" name="test_create_static_connection" time="0.010"></testcase><testcase classname="aries_cloudagent.protocols.connections.v1_0.tests.test_manager.TestConnectionManager" file="aries_cloudagent/protocols/connections/v1_0/tests/test_manager.py" line="600" name="test_create_static_connection_no_their" time="0.009"></testcase><testcase classname="aries_cloudagent.protocols.connections.v1_0.tests.test_manager.TestConnectionManager" file="aries_cloudagent/protocols/connections/v1_0/tests/test_manager.py" line="613" name="test_create_static_connection_their_seed_only" time="0.012"></testcase><testcase classname="aries_cloudagent.protocols.connections.v1_0.tests.test_manager.TestConnectionManager" file="aries_cloudagent/protocols/connections/v1_0/tests/test_manager.py" line="968" name="test_did_key_storage" time="0.006"></testcase><testcase classname="aries_cloudagent.protocols.connections.v1_0.tests.test_manager.TestConnectionManager" file="aries_cloudagent/protocols/connections/v1_0/tests/test_manager.py" line="1243" name="test_diddoc_connection_targets_diddoc_underspecified" time="0.004"></testcase><testcase classname="aries_cloudagent.protocols.connections.v1_0.tests.test_manager.TestConnectionManager" file="aries_cloudagent/protocols/connections/v1_0/tests/test_manager.py" line="1258" name="test_establish_inbound" time="0.007"></testcase><testcase classname="aries_cloudagent.protocols.connections.v1_0.tests.test_manager.TestConnectionManager" file="aries_cloudagent/protocols/connections/v1_0/tests/test_manager.py" line="1283" name="test_establish_inbound_conn_rec_no_my_did" time="0.010"></testcase><testcase classname="aries_cloudagent.protocols.connections.v1_0.tests.test_manager.TestConnectionManager" file="aries_cloudagent/protocols/connections/v1_0/tests/test_manager.py" line="1308" name="test_establish_inbound_no_conn_record" time="0.007"></testcase><testcase classname="aries_cloudagent.protocols.connections.v1_0.tests.test_manager.TestConnectionManager" file="aries_cloudagent/protocols/connections/v1_0/tests/test_manager.py" line="1331" name="test_establish_inbound_router_not_ready" time="0.011"></testcase><testcase classname="aries_cloudagent.protocols.connections.v1_0.tests.test_manager.TestConnectionManager" file="aries_cloudagent/protocols/connections/v1_0/tests/test_manager.py" line="1206" name="test_fetch_connection_targets_conn_initiator_multi_no_their_did" time="0.008"></testcase><testcase classname="aries_cloudagent.protocols.connections.v1_0.tests.test_manager.TestConnectionManager" file="aries_cloudagent/protocols/connections/v1_0/tests/test_manager.py" line="1218" name="test_fetch_connection_targets_conn_initiator_multi_their_did" time="0.009"></testcase><testcase classname="aries_cloudagent.protocols.connections.v1_0.tests.test_manager.TestConnectionManager" file="aries_cloudagent/protocols/connections/v1_0/tests/test_manager.py" line="1165" name="test_fetch_connection_targets_invitation_did_ledger" time="0.009"></testcase><testcase classname="aries_cloudagent.protocols.connections.v1_0.tests.test_manager.TestConnectionManager" file="aries_cloudagent/protocols/connections/v1_0/tests/test_manager.py" line="1141" name="test_fetch_connection_targets_invitation_did_no_ledger" time="0.007"></testcase><testcase classname="aries_cloudagent.protocols.connections.v1_0.tests.test_manager.TestConnectionManager" file="aries_cloudagent/protocols/connections/v1_0/tests/test_manager.py" line="1136" name="test_fetch_connection_targets_no_my_did" time="0.004"></testcase><testcase classname="aries_cloudagent.protocols.connections.v1_0.tests.test_manager.TestConnectionManager" file="aries_cloudagent/protocols/connections/v1_0/tests/test_manager.py" line="626" name="test_find_connection_retrieve_by_did" time="0.009"></testcase><testcase classname="aries_cloudagent.protocols.connections.v1_0.tests.test_manager.TestConnectionManager" file="aries_cloudagent/protocols/connections/v1_0/tests/test_manager.py" line="660" name="test_find_connection_retrieve_by_did_inactive" time="0.010"></testcase><testcase classname="aries_cloudagent.protocols.connections.v1_0.tests.test_manager.TestConnectionManager" file="aries_cloudagent/protocols/connections/v1_0/tests/test_manager.py" line="642" name="test_find_connection_retrieve_by_invitation_key" time="0.008"></testcase><testcase classname="aries_cloudagent.protocols.connections.v1_0.tests.test_manager.TestConnectionManager" file="aries_cloudagent/protocols/connections/v1_0/tests/test_manager.py" line="676" name="test_find_connection_retrieve_none_by_invitation_key" time="0.004"></testcase><testcase classname="aries_cloudagent.protocols.connections.v1_0.tests.test_manager.TestConnectionManager" file="aries_cloudagent/protocols/connections/v1_0/tests/test_manager.py" line="692" name="test_find_inbound_connection" time="0.010"></testcase><testcase classname="aries_cloudagent.protocols.connections.v1_0.tests.test_manager.TestConnectionManager" file="aries_cloudagent/protocols/connections/v1_0/tests/test_manager.py" line="720" name="test_find_inbound_connection_no_cache" time="0.006"></testcase><testcase classname="aries_cloudagent.protocols.connections.v1_0.tests.test_manager.TestConnectionManager" file="aries_cloudagent/protocols/connections/v1_0/tests/test_manager.py" line="987" name="test_get_connection_targets_invitation_no_did" time="0.009"></testcase><testcase classname="aries_cloudagent.protocols.connections.v1_0.tests.test_manager.TestConnectionManager" file="aries_cloudagent/protocols/connections/v1_0/tests/test_manager.py" line="1094" name="test_get_connection_targets_no_cache" time="0.007"></testcase><testcase classname="aries_cloudagent.protocols.connections.v1_0.tests.test_manager.TestConnectionManager" file="aries_cloudagent/protocols/connections/v1_0/tests/test_manager.py" line="1043" name="test_get_connection_targets_retrieve_connection" time="0.006"></testcase><testcase classname="aries_cloudagent.protocols.connections.v1_0.tests.test_manager.TestConnectionManager" file="aries_cloudagent/protocols/connections/v1_0/tests/test_manager.py" line="198" name="test_receive_invitation" time="0.015"></testcase><testcase classname="aries_cloudagent.protocols.connections.v1_0.tests.test_manager.TestConnectionManager" file="aries_cloudagent/protocols/connections/v1_0/tests/test_manager.py" line="216" name="test_receive_invitation_bad_invitation" time="0.004"></testcase><testcase classname="aries_cloudagent.protocols.connections.v1_0.tests.test_manager.TestConnectionManager" file="aries_cloudagent/protocols/connections/v1_0/tests/test_manager.py" line="206" name="test_receive_invitation_no_auto_accept" time="0.009"></testcase><testcase classname="aries_cloudagent.protocols.connections.v1_0.tests.test_manager.TestConnectionManager" file="aries_cloudagent/protocols/connections/v1_0/tests/test_manager.py" line="268" name="test_receive_request_public_did" time="0.033"></testcase><testcase classname="aries_cloudagent.protocols.connections.v1_0.tests.test_manager.TestConnectionManager" file="aries_cloudagent/protocols/connections/v1_0/tests/test_manager.py" line="373" name="test_receive_request_public_did_no_auto_accept" time="0.033"></testcase><testcase classname="aries_cloudagent.protocols.connections.v1_0.tests.test_manager.TestConnectionManager" file="aries_cloudagent/protocols/connections/v1_0/tests/test_manager.py" line="299" name="test_receive_request_public_did_no_did_doc" time="0.022"></testcase><testcase classname="aries_cloudagent.protocols.connections.v1_0.tests.test_manager.TestConnectionManager" file="aries_cloudagent/protocols/connections/v1_0/tests/test_manager.py" line="348" name="test_receive_request_public_did_no_public_invites" time="0.029"></testcase><testcase classname="aries_cloudagent.protocols.connections.v1_0.tests.test_manager.TestConnectionManager" file="aries_cloudagent/protocols/connections/v1_0/tests/test_manager.py" line="323" name="test_receive_request_public_did_wrong_did" time="0.022"></testcase><testcase classname="aries_cloudagent.protocols.connections.v1_0.tests.test_manager.TestConnectionManager" file="aries_cloudagent/protocols/connections/v1_0/tests/test_manager.py" line="741" name="test_resolve_inbound_connection" time="0.004"></testcase><testcase classname="aries_cloudagent.protocols.connections.v1_0.tests.test_manager.TestConnectionManager" file="aries_cloudagent/protocols/connections/v1_0/tests/test_manager.py" line="763" name="test_resolve_inbound_connection_injector_error" time="0.006"></testcase><testcase classname="aries_cloudagent.protocols.connections.v1_0.tests.test_manager.TestConnectionManager" file="aries_cloudagent/protocols/connections/v1_0/tests/test_manager.py" line="783" name="test_resolve_inbound_connection_wallet_not_found_error" time="0.005"></testcase><testcase classname="aries_cloudagent.protocols.connections.v1_0.tests.test_manager.TestConnectionManager" file="aries_cloudagent/protocols/connections/v1_0/tests/test_manager.py" line="1354" name="test_update_inbound" time="0.009"></testcase><testcase classname="aries_cloudagent.protocols.connections.v1_0.tests.test_routes" file="aries_cloudagent/protocols/connections/v1_0/tests/test_routes.py" line="-1" name="FLAKE8" time="0.049"></testcase><testcase classname="aries_cloudagent.protocols.connections.v1_0.tests.test_routes.TestConnectionRoutes" file="aries_cloudagent/protocols/connections/v1_0/tests/test_routes.py" line="302" name="test_connections_accept_invitation" time="0.079"></testcase><testcase classname="aries_cloudagent.protocols.connections.v1_0.tests.test_routes.TestConnectionRoutes" file="aries_cloudagent/protocols/connections/v1_0/tests/test_routes.py" line="332" name="test_connections_accept_invitation_not_found" time="0.006"></testcase><testcase classname="aries_cloudagent.protocols.connections.v1_0.tests.test_routes.TestConnectionRoutes" file="aries_cloudagent/protocols/connections/v1_0/tests/test_routes.py" line="349" name="test_connections_accept_invitation_x" time="0.083"></testcase><testcase classname="aries_cloudagent.protocols.connections.v1_0.tests.test_routes.TestConnectionRoutes" file="aries_cloudagent/protocols/connections/v1_0/tests/test_routes.py" line="370" name="test_connections_accept_request" time="0.081"></testcase><testcase classname="aries_cloudagent.protocols.connections.v1_0.tests.test_routes.TestConnectionRoutes" file="aries_cloudagent/protocols/connections/v1_0/tests/test_routes.py" line="398" name="test_connections_accept_request_not_found" time="0.004"></testcase><testcase classname="aries_cloudagent.protocols.connections.v1_0.tests.test_routes.TestConnectionRoutes" file="aries_cloudagent/protocols/connections/v1_0/tests/test_routes.py" line="415" name="test_connections_accept_request_x" time="0.068"></testcase><testcase classname="aries_cloudagent.protocols.connections.v1_0.tests.test_routes.TestConnectionRoutes" file="aries_cloudagent/protocols/connections/v1_0/tests/test_routes.py" line="157" name="test_connections_create_invitation" time="0.056"></testcase><testcase classname="aries_cloudagent.protocols.connections.v1_0.tests.test_routes.TestConnectionRoutes" file="aries_cloudagent/protocols/connections/v1_0/tests/test_routes.py" line="223" name="test_connections_create_invitation_public_forbidden" time="0.003"></testcase><testcase classname="aries_cloudagent.protocols.connections.v1_0.tests.test_routes.TestConnectionRoutes" file="aries_cloudagent/protocols/connections/v1_0/tests/test_routes.py" line="199" name="test_connections_create_invitation_x" time="0.054"></testcase><testcase classname="aries_cloudagent.protocols.connections.v1_0.tests.test_routes.TestConnectionRoutes" file="aries_cloudagent/protocols/connections/v1_0/tests/test_routes.py" line="565" name="test_connections_create_static" time="0.060"></testcase><testcase classname="aries_cloudagent.protocols.connections.v1_0.tests.test_routes.TestConnectionRoutes" file="aries_cloudagent/protocols/connections/v1_0/tests/test_routes.py" line="621" name="test_connections_create_static_x" time="0.061"></testcase><testcase classname="aries_cloudagent.protocols.connections.v1_0.tests.test_routes.TestConnectionRoutes" file="aries_cloudagent/protocols/connections/v1_0/tests/test_routes.py" line="438" name="test_connections_establish_inbound" time="0.058"></testcase><testcase classname="aries_cloudagent.protocols.connections.v1_0.tests.test_routes.TestConnectionRoutes" file="aries_cloudagent/protocols/connections/v1_0/tests/test_routes.py" line="464" name="test_connections_establish_inbound_not_found" time="0.003"></testcase><testcase classname="aries_cloudagent.protocols.connections.v1_0.tests.test_routes.TestConnectionRoutes" file="aries_cloudagent/protocols/connections/v1_0/tests/test_routes.py" line="481" name="test_connections_establish_inbound_x" time="0.064"></testcase><testcase classname="aries_cloudagent.protocols.connections.v1_0.tests.test_routes.TestConnectionRoutes" file="aries_cloudagent/protocols/connections/v1_0/tests/test_routes.py" line="15" name="test_connections_list" time="0.089"></testcase><testcase classname="aries_cloudagent.protocols.connections.v1_0.tests.test_routes.TestConnectionRoutes" file="aries_cloudagent/protocols/connections/v1_0/tests/test_routes.py" line="78" name="test_connections_list_x" time="0.124"></testcase><testcase classname="aries_cloudagent.protocols.connections.v1_0.tests.test_routes.TestConnectionRoutes" file="aries_cloudagent/protocols/connections/v1_0/tests/test_routes.py" line="240" name="test_connections_receive_invitation" time="0.221"></testcase><testcase classname="aries_cloudagent.protocols.connections.v1_0.tests.test_routes.TestConnectionRoutes" file="aries_cloudagent/protocols/connections/v1_0/tests/test_routes.py" line="269" name="test_connections_receive_invitation_bad" time="0.078"></testcase><testcase classname="aries_cloudagent.protocols.connections.v1_0.tests.test_routes.TestConnectionRoutes" file="aries_cloudagent/protocols/connections/v1_0/tests/test_routes.py" line="294" name="test_connections_receive_invitation_forbidden" time="0.006"></testcase><testcase classname="aries_cloudagent.protocols.connections.v1_0.tests.test_routes.TestConnectionRoutes" file="aries_cloudagent/protocols/connections/v1_0/tests/test_routes.py" line="506" name="test_connections_remove" time="0.005"></testcase><testcase classname="aries_cloudagent.protocols.connections.v1_0.tests.test_routes.TestConnectionRoutes" file="aries_cloudagent/protocols/connections/v1_0/tests/test_routes.py" line="526" name="test_connections_remove_not_found" time="0.007"></testcase><testcase classname="aries_cloudagent.protocols.connections.v1_0.tests.test_routes.TestConnectionRoutes" file="aries_cloudagent/protocols/connections/v1_0/tests/test_routes.py" line="544" name="test_connections_remove_x" time="0.006"></testcase><testcase classname="aries_cloudagent.protocols.connections.v1_0.tests.test_routes.TestConnectionRoutes" file="aries_cloudagent/protocols/connections/v1_0/tests/test_routes.py" line="101" name="test_connections_retrieve" time="0.005"></testcase><testcase classname="aries_cloudagent.protocols.connections.v1_0.tests.test_routes.TestConnectionRoutes" file="aries_cloudagent/protocols/connections/v1_0/tests/test_routes.py" line="121" name="test_connections_retrieve_not_found" time="0.004"></testcase><testcase classname="aries_cloudagent.protocols.connections.v1_0.tests.test_routes.TestConnectionRoutes" file="aries_cloudagent/protocols/connections/v1_0/tests/test_routes.py" line="137" name="test_connections_retrieve_x" time="0.006"></testcase><testcase classname="aries_cloudagent.protocols.connections.v1_0.tests.test_routes.TestConnectionRoutes" file="aries_cloudagent/protocols/connections/v1_0/tests/test_routes.py" line="671" name="test_post_process_routes" time="0.004"></testcase><testcase classname="aries_cloudagent.protocols.connections.v1_0.tests.test_routes.TestConnectionRoutes" file="aries_cloudagent/protocols/connections/v1_0/tests/test_routes.py" line="664" name="test_register" time="0.005"></testcase><testcase classname="aries_cloudagent.protocols.discovery.__init__" file="aries_cloudagent/protocols/discovery/__init__.py" line="-1" name="FLAKE8" time="0.063"></testcase><testcase classname="aries_cloudagent.protocols.discovery.definition" file="aries_cloudagent/protocols/discovery/definition.py" line="-1" name="FLAKE8" time="0.067"></testcase><testcase classname="aries_cloudagent.protocols.discovery.v1_0.__init__" file="aries_cloudagent/protocols/discovery/v1_0/__init__.py" line="-1" name="FLAKE8" time="0.038"></testcase><testcase classname="aries_cloudagent.protocols.discovery.v1_0.message_types" file="aries_cloudagent/protocols/discovery/v1_0/message_types.py" line="-1" name="FLAKE8" time="0.057"></testcase><testcase classname="aries_cloudagent.protocols.discovery.v1_0.routes" file="aries_cloudagent/protocols/discovery/v1_0/routes.py" line="-1" name="FLAKE8" time="0.124"></testcase><testcase classname="aries_cloudagent.protocols.discovery.v1_0.handlers.__init__" file="aries_cloudagent/protocols/discovery/v1_0/handlers/__init__.py" line="-1" name="FLAKE8" time="0.068"></testcase><testcase classname="aries_cloudagent.protocols.discovery.v1_0.handlers.disclose_handler" file="aries_cloudagent/protocols/discovery/v1_0/handlers/disclose_handler.py" line="-1" name="FLAKE8" time="0.090"></testcase><testcase classname="aries_cloudagent.protocols.discovery.v1_0.handlers.query_handler" file="aries_cloudagent/protocols/discovery/v1_0/handlers/query_handler.py" line="-1" name="FLAKE8" time="0.115"></testcase><testcase classname="aries_cloudagent.protocols.discovery.v1_0.handlers.tests.__init__" file="aries_cloudagent/protocols/discovery/v1_0/handlers/tests/__init__.py" line="-1" name="FLAKE8" time="0.074"></testcase><testcase classname="aries_cloudagent.protocols.discovery.v1_0.handlers.tests.test_disclose_handler" file="aries_cloudagent/protocols/discovery/v1_0/handlers/tests/test_disclose_handler.py" line="-1" name="FLAKE8" time="0.080"></testcase><testcase classname="aries_cloudagent.protocols.discovery.v1_0.handlers.tests.test_disclose_handler.TestQueryHandler" file="aries_cloudagent/protocols/discovery/v1_0/handlers/tests/test_disclose_handler.py" line="17" name="test_disclose" time="0.004"><system-out>Received protocols:
[{&apos;pid&apos;: &apos;did:sov:BzCbsNYhMrjHiqZDTUASHg;spec/test_proto/v1.0/test_message&apos;, &apos;roles&apos;: []}]
</system-out></testcase><testcase classname="aries_cloudagent.protocols.discovery.v1_0.handlers.tests.test_query_handler" file="aries_cloudagent/protocols/discovery/v1_0/handlers/tests/test_query_handler.py" line="-1" name="FLAKE8" time="0.070"></testcase><testcase classname="aries_cloudagent.protocols.discovery.v1_0.handlers.tests.test_query_handler.TestQueryHandler" file="aries_cloudagent/protocols/discovery/v1_0/handlers/tests/test_query_handler.py" line="25" name="test_query_all" time="0.002"></testcase><testcase classname="aries_cloudagent.protocols.discovery.v1_0.messages.__init__" file="aries_cloudagent/protocols/discovery/v1_0/messages/__init__.py" line="-1" name="FLAKE8" time="0.047"></testcase><testcase classname="aries_cloudagent.protocols.discovery.v1_0.messages.disclose" file="aries_cloudagent/protocols/discovery/v1_0/messages/disclose.py" line="-1" name="FLAKE8" time="0.085"></testcase><testcase classname="aries_cloudagent.protocols.discovery.v1_0.messages.query" file="aries_cloudagent/protocols/discovery/v1_0/messages/query.py" line="-1" name="FLAKE8" time="0.075"></testcase><testcase classname="aries_cloudagent.protocols.discovery.v1_0.messages.tests.__init__" file="aries_cloudagent/protocols/discovery/v1_0/messages/tests/__init__.py" line="-1" name="FLAKE8" time="0.038"></testcase><testcase classname="aries_cloudagent.protocols.discovery.v1_0.messages.tests.test_disclose" file="aries_cloudagent/protocols/discovery/v1_0/messages/tests/test_disclose.py" line="-1" name="FLAKE8" time="0.038"></testcase><testcase classname="aries_cloudagent.protocols.discovery.v1_0.messages.tests.test_disclose.TestDisclose" file="aries_cloudagent/protocols/discovery/v1_0/messages/tests/test_disclose.py" line="24" name="test_deserialize" time="0.002"></testcase><testcase classname="aries_cloudagent.protocols.discovery.v1_0.messages.tests.test_disclose.TestDisclose" file="aries_cloudagent/protocols/discovery/v1_0/messages/tests/test_disclose.py" line="16" name="test_init" time="0.001"></testcase><testcase classname="aries_cloudagent.protocols.discovery.v1_0.messages.tests.test_disclose.TestDisclose" file="aries_cloudagent/protocols/discovery/v1_0/messages/tests/test_disclose.py" line="33" name="test_serialize" time="0.003"></testcase><testcase classname="aries_cloudagent.protocols.discovery.v1_0.messages.tests.test_disclose.TestDisclose" file="aries_cloudagent/protocols/discovery/v1_0/messages/tests/test_disclose.py" line="20" name="test_type" time="0.001"></testcase><testcase classname="aries_cloudagent.protocols.discovery.v1_0.messages.tests.test_disclose.TestDiscloseSchema" file="aries_cloudagent/protocols/discovery/v1_0/messages/tests/test_disclose.py" line="47" name="test_make_model" time="0.002"></testcase><testcase classname="aries_cloudagent.protocols.discovery.v1_0.messages.tests.test_query" file="aries_cloudagent/protocols/discovery/v1_0/messages/tests/test_query.py" line="-1" name="FLAKE8" time="0.052"></testcase><testcase classname="aries_cloudagent.protocols.discovery.v1_0.messages.tests.test_query.TestQuery" file="aries_cloudagent/protocols/discovery/v1_0/messages/tests/test_query.py" line="21" name="test_deserialize" time="0.002"></testcase><testcase classname="aries_cloudagent.protocols.discovery.v1_0.messages.tests.test_query.TestQuery" file="aries_cloudagent/protocols/discovery/v1_0/messages/tests/test_query.py" line="12" name="test_init" time="0.001"></testcase><testcase classname="aries_cloudagent.protocols.discovery.v1_0.messages.tests.test_query.TestQuery" file="aries_cloudagent/protocols/discovery/v1_0/messages/tests/test_query.py" line="30" name="test_serialize" time="0.003"></testcase><testcase classname="aries_cloudagent.protocols.discovery.v1_0.messages.tests.test_query.TestQuery" file="aries_cloudagent/protocols/discovery/v1_0/messages/tests/test_query.py" line="17" name="test_type" time="0.003"></testcase><testcase classname="aries_cloudagent.protocols.discovery.v1_0.messages.tests.test_query.TestQuerySchema" file="aries_cloudagent/protocols/discovery/v1_0/messages/tests/test_query.py" line="44" name="test_make_model" time="0.003"></testcase><testcase classname="aries_cloudagent.protocols.discovery.v1_0.tests.__init__" file="aries_cloudagent/protocols/discovery/v1_0/tests/__init__.py" line="-1" name="FLAKE8" time="0.054"></testcase><testcase classname="aries_cloudagent.protocols.discovery.v1_0.tests.test_routes" file="aries_cloudagent/protocols/discovery/v1_0/tests/test_routes.py" line="-1" name="FLAKE8" time="0.039"></testcase><testcase classname="aries_cloudagent.protocols.discovery.v1_0.tests.test_routes.TestBasicMessageRoutes" file="aries_cloudagent/protocols/discovery/v1_0/tests/test_routes.py" line="38" name="test_post_process_routes" time="0.002"></testcase><testcase classname="aries_cloudagent.protocols.discovery.v1_0.tests.test_routes.TestBasicMessageRoutes" file="aries_cloudagent/protocols/discovery/v1_0/tests/test_routes.py" line="9" name="test_query_features" time="0.007"></testcase><testcase classname="aries_cloudagent.protocols.discovery.v1_0.tests.test_routes.TestBasicMessageRoutes" file="aries_cloudagent/protocols/discovery/v1_0/tests/test_routes.py" line="31" name="test_register" time="0.003"></testcase><testcase classname="aries_cloudagent.protocols.introduction.__init__" file="aries_cloudagent/protocols/introduction/__init__.py" line="-1" name="FLAKE8" time="0.037"></testcase><testcase classname="aries_cloudagent.protocols.introduction.definition" file="aries_cloudagent/protocols/introduction/definition.py" line="-1" name="FLAKE8" time="0.045"></testcase><testcase classname="aries_cloudagent.protocols.introduction.v0_1.__init__" file="aries_cloudagent/protocols/introduction/v0_1/__init__.py" line="-1" name="FLAKE8" time="0.038"></testcase><testcase classname="aries_cloudagent.protocols.introduction.v0_1.base_service" file="aries_cloudagent/protocols/introduction/v0_1/base_service.py" line="-1" name="FLAKE8" time="0.086"></testcase><testcase classname="aries_cloudagent.protocols.introduction.v0_1.demo_service" file="aries_cloudagent/protocols/introduction/v0_1/demo_service.py" line="-1" name="FLAKE8" time="0.116"></testcase><testcase classname="aries_cloudagent.protocols.introduction.v0_1.message_types" file="aries_cloudagent/protocols/introduction/v0_1/message_types.py" line="-1" name="FLAKE8" time="0.052"></testcase><testcase classname="aries_cloudagent.protocols.introduction.v0_1.routes" file="aries_cloudagent/protocols/introduction/v0_1/routes.py" line="-1" name="FLAKE8" time="0.111"></testcase><testcase classname="aries_cloudagent.protocols.introduction.v0_1.handlers.__init__" file="aries_cloudagent/protocols/introduction/v0_1/handlers/__init__.py" line="-1" name="FLAKE8" time="0.041"></testcase><testcase classname="aries_cloudagent.protocols.introduction.v0_1.handlers.forward_invitation_handler" file="aries_cloudagent/protocols/introduction/v0_1/handlers/forward_invitation_handler.py" line="-1" name="FLAKE8" time="0.068"></testcase><testcase classname="aries_cloudagent.protocols.introduction.v0_1.handlers.invitation_handler" file="aries_cloudagent/protocols/introduction/v0_1/handlers/invitation_handler.py" line="-1" name="FLAKE8" time="0.078"></testcase><testcase classname="aries_cloudagent.protocols.introduction.v0_1.handlers.invitation_request_handler" file="aries_cloudagent/protocols/introduction/v0_1/handlers/invitation_request_handler.py" line="-1" name="FLAKE8" time="0.072"></testcase><testcase classname="aries_cloudagent.protocols.introduction.v0_1.handlers.tests.__init__" file="aries_cloudagent/protocols/introduction/v0_1/handlers/tests/__init__.py" line="-1" name="FLAKE8" time="0.041"></testcase><testcase classname="aries_cloudagent.protocols.introduction.v0_1.handlers.tests.test_forward_invitation_handler" file="aries_cloudagent/protocols/introduction/v0_1/handlers/tests/test_forward_invitation_handler.py" line="-1" name="FLAKE8" time="0.043"></testcase><testcase classname="aries_cloudagent.protocols.introduction.v0_1.handlers.tests.test_forward_invitation_handler.TestForwardInvitationHandler" file="aries_cloudagent/protocols/introduction/v0_1/handlers/tests/test_forward_invitation_handler.py" line="44" name="test_handle" time="0.071"></testcase><testcase classname="aries_cloudagent.protocols.introduction.v0_1.handlers.tests.test_forward_invitation_handler.TestForwardInvitationHandler" file="aries_cloudagent/protocols/introduction/v0_1/handlers/tests/test_forward_invitation_handler.py" line="58" name="test_handle_auto_accept" time="0.060"></testcase><testcase classname="aries_cloudagent.protocols.introduction.v0_1.handlers.tests.test_forward_invitation_handler.TestForwardInvitationHandler" file="aries_cloudagent/protocols/introduction/v0_1/handlers/tests/test_forward_invitation_handler.py" line="85" name="test_handle_not_ready" time="0.003"></testcase><testcase classname="aries_cloudagent.protocols.introduction.v0_1.handlers.tests.test_invitation_handler" file="aries_cloudagent/protocols/introduction/v0_1/handlers/tests/test_invitation_handler.py" line="-1" name="FLAKE8" time="0.035"></testcase><testcase classname="aries_cloudagent.protocols.introduction.v0_1.handlers.tests.test_invitation_handler.TestInvitationHandler" file="aries_cloudagent/protocols/introduction/v0_1/handlers/tests/test_invitation_handler.py" line="50" name="test_handle" time="0.008"></testcase><testcase classname="aries_cloudagent.protocols.introduction.v0_1.handlers.tests.test_invitation_handler.TestInvitationHandler" file="aries_cloudagent/protocols/introduction/v0_1/handlers/tests/test_invitation_handler.py" line="71" name="test_handle_no_service" time="0.002"></testcase><testcase classname="aries_cloudagent.protocols.introduction.v0_1.handlers.tests.test_invitation_handler.TestInvitationHandler" file="aries_cloudagent/protocols/introduction/v0_1/handlers/tests/test_invitation_handler.py" line="77" name="test_handle_not_ready" time="0.003"></testcase><testcase classname="aries_cloudagent.protocols.introduction.v0_1.handlers.tests.test_invitation_request_handler" file="aries_cloudagent/protocols/introduction/v0_1/handlers/tests/test_invitation_request_handler.py" line="-1" name="FLAKE8" time="0.036"></testcase><testcase classname="aries_cloudagent.protocols.introduction.v0_1.handlers.tests.test_invitation_request_handler.TestInvitationRequestHandler" file="aries_cloudagent/protocols/introduction/v0_1/handlers/tests/test_invitation_request_handler.py" line="38" name="test_handle" time="0.065"></testcase><testcase classname="aries_cloudagent.protocols.introduction.v0_1.handlers.tests.test_invitation_request_handler.TestInvitationRequestHandler" file="aries_cloudagent/protocols/introduction/v0_1/handlers/tests/test_invitation_request_handler.py" line="49" name="test_handle_auto_accept" time="0.063"></testcase><testcase classname="aries_cloudagent.protocols.introduction.v0_1.handlers.tests.test_invitation_request_handler.TestInvitationRequestHandler" file="aries_cloudagent/protocols/introduction/v0_1/handlers/tests/test_invitation_request_handler.py" line="80" name="test_handle_not_ready" time="0.002"></testcase><testcase classname="aries_cloudagent.protocols.introduction.v0_1.messages.__init__" file="aries_cloudagent/protocols/introduction/v0_1/messages/__init__.py" line="-1" name="FLAKE8" time="0.039"></testcase><testcase classname="aries_cloudagent.protocols.introduction.v0_1.messages.forward_invitation" file="aries_cloudagent/protocols/introduction/v0_1/messages/forward_invitation.py" line="-1" name="FLAKE8" time="0.073"></testcase><testcase classname="aries_cloudagent.protocols.introduction.v0_1.messages.invitation" file="aries_cloudagent/protocols/introduction/v0_1/messages/invitation.py" line="-1" name="FLAKE8" time="0.076"></testcase><testcase classname="aries_cloudagent.protocols.introduction.v0_1.messages.invitation_request" file="aries_cloudagent/protocols/introduction/v0_1/messages/invitation_request.py" line="-1" name="FLAKE8" time="0.071"></testcase><testcase classname="aries_cloudagent.protocols.introduction.v0_1.messages.tests.__init__" file="aries_cloudagent/protocols/introduction/v0_1/messages/tests/__init__.py" line="-1" name="FLAKE8" time="0.049"></testcase><testcase classname="aries_cloudagent.protocols.introduction.v0_1.messages.tests.test_forward_invitation" file="aries_cloudagent/protocols/introduction/v0_1/messages/tests/test_forward_invitation.py" line="-1" name="FLAKE8" time="0.040"></testcase><testcase classname="aries_cloudagent.protocols.introduction.v0_1.messages.tests.test_forward_invitation.TestForwardInvitation" file="aries_cloudagent/protocols/introduction/v0_1/messages/tests/test_forward_invitation.py" line="41" name="test_deserialize" time="0.003"></testcase><testcase classname="aries_cloudagent.protocols.introduction.v0_1.messages.tests.test_forward_invitation.TestForwardInvitation" file="aries_cloudagent/protocols/introduction/v0_1/messages/tests/test_forward_invitation.py" line="30" name="test_init" time="0.001"></testcase><testcase classname="aries_cloudagent.protocols.introduction.v0_1.messages.tests.test_forward_invitation.TestForwardInvitation" file="aries_cloudagent/protocols/introduction/v0_1/messages/tests/test_forward_invitation.py" line="56" name="test_serialize" time="0.003"></testcase><testcase classname="aries_cloudagent.protocols.introduction.v0_1.messages.tests.test_forward_invitation.TestForwardInvitation" file="aries_cloudagent/protocols/introduction/v0_1/messages/tests/test_forward_invitation.py" line="35" name="test_type" time="0.002"></testcase><testcase classname="aries_cloudagent.protocols.introduction.v0_1.messages.tests.test_forward_invitation.TestForwardInvitationSchema" file="aries_cloudagent/protocols/introduction/v0_1/messages/tests/test_forward_invitation.py" line="73" name="test_make_model" time="0.005"></testcase><testcase classname="aries_cloudagent.protocols.introduction.v0_1.messages.tests.test_invitation" file="aries_cloudagent/protocols/introduction/v0_1/messages/tests/test_invitation.py" line="-1" name="FLAKE8" time="0.040"></testcase><testcase classname="aries_cloudagent.protocols.introduction.v0_1.messages.tests.test_invitation.TestInvitation" file="aries_cloudagent/protocols/introduction/v0_1/messages/tests/test_invitation.py" line="38" name="test_deserialize" time="0.003"></testcase><testcase classname="aries_cloudagent.protocols.introduction.v0_1.messages.tests.test_invitation.TestInvitation" file="aries_cloudagent/protocols/introduction/v0_1/messages/tests/test_invitation.py" line="29" name="test_init" time="0.001"></testcase><testcase classname="aries_cloudagent.protocols.introduction.v0_1.messages.tests.test_invitation.TestInvitation" file="aries_cloudagent/protocols/introduction/v0_1/messages/tests/test_invitation.py" line="50" name="test_serialize" time="0.002"></testcase><testcase classname="aries_cloudagent.protocols.introduction.v0_1.messages.tests.test_invitation.TestInvitation" file="aries_cloudagent/protocols/introduction/v0_1/messages/tests/test_invitation.py" line="34" name="test_type" time="0.002"></testcase><testcase classname="aries_cloudagent.protocols.introduction.v0_1.messages.tests.test_invitation.TestInvitationSchema" file="aries_cloudagent/protocols/introduction/v0_1/messages/tests/test_invitation.py" line="64" name="test_make_model" time="0.004"></testcase><testcase classname="aries_cloudagent.protocols.introduction.v0_1.messages.tests.test_invitation_request" file="aries_cloudagent/protocols/introduction/v0_1/messages/tests/test_invitation_request.py" line="-1" name="FLAKE8" time="0.038"></testcase><testcase classname="aries_cloudagent.protocols.introduction.v0_1.messages.tests.test_invitation_request.TestInvitationRequest" file="aries_cloudagent/protocols/introduction/v0_1/messages/tests/test_invitation_request.py" line="30" name="test_deserialize" time="0.002"></testcase><testcase classname="aries_cloudagent.protocols.introduction.v0_1.messages.tests.test_invitation_request.TestInvitationRequest" file="aries_cloudagent/protocols/introduction/v0_1/messages/tests/test_invitation_request.py" line="21" name="test_init" time="0.001"></testcase><testcase classname="aries_cloudagent.protocols.introduction.v0_1.messages.tests.test_invitation_request.TestInvitationRequest" file="aries_cloudagent/protocols/introduction/v0_1/messages/tests/test_invitation_request.py" line="45" name="test_serialize" time="0.002"></testcase><testcase classname="aries_cloudagent.protocols.introduction.v0_1.messages.tests.test_invitation_request.TestInvitationRequest" file="aries_cloudagent/protocols/introduction/v0_1/messages/tests/test_invitation_request.py" line="26" name="test_type" time="0.001"></testcase><testcase classname="aries_cloudagent.protocols.introduction.v0_1.messages.tests.test_invitation_request.TestInvitationRequestSchema" file="aries_cloudagent/protocols/introduction/v0_1/messages/tests/test_invitation_request.py" line="62" name="test_make_model" time="0.004"></testcase><testcase classname="aries_cloudagent.protocols.introduction.v0_1.tests.__init__" file="aries_cloudagent/protocols/introduction/v0_1/tests/__init__.py" line="-1" name="FLAKE8" time="0.036"></testcase><testcase classname="aries_cloudagent.protocols.introduction.v0_1.tests.test_routes" file="aries_cloudagent/protocols/introduction/v0_1/tests/test_routes.py" line="-1" name="FLAKE8" time="0.038"></testcase><testcase classname="aries_cloudagent.protocols.introduction.v0_1.tests.test_routes.TestIntroductionRoutes" file="aries_cloudagent/protocols/introduction/v0_1/tests/test_routes.py" line="39" name="test_introduction_start" time="0.006"></testcase><testcase classname="aries_cloudagent.protocols.introduction.v0_1.tests.test_routes.TestIntroductionRoutes" file="aries_cloudagent/protocols/introduction/v0_1/tests/test_routes.py" line="13" name="test_introduction_start_no_service" time="0.003"></testcase><testcase classname="aries_cloudagent.protocols.introduction.v0_1.tests.test_routes.TestIntroductionRoutes" file="aries_cloudagent/protocols/introduction/v0_1/tests/test_routes.py" line="82" name="test_introduction_start_x" time="0.009"></testcase><testcase classname="aries_cloudagent.protocols.introduction.v0_1.tests.test_routes.TestIntroductionRoutes" file="aries_cloudagent/protocols/introduction/v0_1/tests/test_routes.py" line="126" name="test_post_process_routes" time="0.002"></testcase><testcase classname="aries_cloudagent.protocols.introduction.v0_1.tests.test_routes.TestIntroductionRoutes" file="aries_cloudagent/protocols/introduction/v0_1/tests/test_routes.py" line="119" name="test_register" time="0.003"></testcase><testcase classname="aries_cloudagent.protocols.introduction.v0_1.tests.test_service" file="aries_cloudagent/protocols/introduction/v0_1/tests/test_service.py" line="-1" name="FLAKE8" time="0.037"></testcase><testcase classname="aries_cloudagent.protocols.introduction.v0_1.tests.test_service.TestIntroductionRoutes" file="aries_cloudagent/protocols/introduction/v0_1/tests/test_service.py" line="169" name="test_service_return_invitation_not_found" time="0.005"></testcase><testcase classname="aries_cloudagent.protocols.introduction.v0_1.tests.test_service.TestIntroductionRoutes" file="aries_cloudagent/protocols/introduction/v0_1/tests/test_service.py" line="110" name="test_service_start_and_return_introduction" time="0.006"></testcase><testcase classname="aries_cloudagent.protocols.introduction.v0_1.tests.test_service.TestIntroductionRoutes" file="aries_cloudagent/protocols/introduction/v0_1/tests/test_service.py" line="43" name="test_service_start_introduction_init_conn_rec_not_active" time="0.004"></testcase><testcase classname="aries_cloudagent.protocols.introduction.v0_1.tests.test_service.TestIntroductionRoutes" file="aries_cloudagent/protocols/introduction/v0_1/tests/test_service.py" line="30" name="test_service_start_introduction_no_init_conn_rec" time="0.002"></testcase><testcase classname="aries_cloudagent.protocols.introduction.v0_1.tests.test_service.TestIntroductionRoutes" file="aries_cloudagent/protocols/introduction/v0_1/tests/test_service.py" line="63" name="test_service_start_introduction_no_target_conn_rec" time="0.003"></testcase><testcase classname="aries_cloudagent.protocols.introduction.v0_1.tests.test_service.TestIntroductionRoutes" file="aries_cloudagent/protocols/introduction/v0_1/tests/test_service.py" line="83" name="test_service_start_introduction_target_conn_rec_not_active" time="0.006"></testcase><testcase classname="aries_cloudagent.protocols.issue_credential.__init__" file="aries_cloudagent/protocols/issue_credential/__init__.py" line="-1" name="FLAKE8" time="0.042"></testcase><testcase classname="aries_cloudagent.protocols.issue_credential.definition" file="aries_cloudagent/protocols/issue_credential/definition.py" line="-1" name="FLAKE8" time="0.041"></testcase><testcase classname="aries_cloudagent.protocols.issue_credential.v1_0.__init__" file="aries_cloudagent/protocols/issue_credential/v1_0/__init__.py" line="-1" name="FLAKE8" time="0.039"></testcase><testcase classname="aries_cloudagent.protocols.issue_credential.v1_0.manager" file="aries_cloudagent/protocols/issue_credential/v1_0/manager.py" line="-1" name="FLAKE8" time="0.470"></testcase><testcase classname="aries_cloudagent.protocols.issue_credential.v1_0.message_types" file="aries_cloudagent/protocols/issue_credential/v1_0/message_types.py" line="-1" name="FLAKE8" time="0.064"></testcase><testcase classname="aries_cloudagent.protocols.issue_credential.v1_0.routes" file="aries_cloudagent/protocols/issue_credential/v1_0/routes.py" line="-1" name="FLAKE8" time="0.775"></testcase><testcase classname="aries_cloudagent.protocols.issue_credential.v1_0.handlers.__init__" file="aries_cloudagent/protocols/issue_credential/v1_0/handlers/__init__.py" line="-1" name="FLAKE8" time="0.042"></testcase><testcase classname="aries_cloudagent.protocols.issue_credential.v1_0.handlers.credential_ack_handler" file="aries_cloudagent/protocols/issue_credential/v1_0/handlers/credential_ack_handler.py" line="-1" name="FLAKE8" time="0.076"></testcase><testcase classname="aries_cloudagent.protocols.issue_credential.v1_0.handlers.credential_issue_handler" file="aries_cloudagent/protocols/issue_credential/v1_0/handlers/credential_issue_handler.py" line="-1" name="FLAKE8" time="0.074"></testcase><testcase classname="aries_cloudagent.protocols.issue_credential.v1_0.handlers.credential_offer_handler" file="aries_cloudagent/protocols/issue_credential/v1_0/handlers/credential_offer_handler.py" line="-1" name="FLAKE8" time="0.075"></testcase><testcase classname="aries_cloudagent.protocols.issue_credential.v1_0.handlers.credential_proposal_handler" file="aries_cloudagent/protocols/issue_credential/v1_0/handlers/credential_proposal_handler.py" line="-1" name="FLAKE8" time="0.073"></testcase><testcase classname="aries_cloudagent.protocols.issue_credential.v1_0.handlers.credential_request_handler" file="aries_cloudagent/protocols/issue_credential/v1_0/handlers/credential_request_handler.py" line="-1" name="FLAKE8" time="0.069"></testcase><testcase classname="aries_cloudagent.protocols.issue_credential.v1_0.handlers.tests.__init__" file="aries_cloudagent/protocols/issue_credential/v1_0/handlers/tests/__init__.py" line="-1" name="FLAKE8" time="0.033"></testcase><testcase classname="aries_cloudagent.protocols.issue_credential.v1_0.handlers.tests.test_credential_ack_handler" file="aries_cloudagent/protocols/issue_credential/v1_0/handlers/tests/test_credential_ack_handler.py" line="-1" name="FLAKE8" time="0.038"></testcase><testcase classname="aries_cloudagent.protocols.issue_credential.v1_0.handlers.tests.test_credential_ack_handler.TestCredentialAckHandler" file="aries_cloudagent/protocols/issue_credential/v1_0/handlers/tests/test_credential_ack_handler.py" line="15" name="test_called" time="0.035"></testcase><testcase classname="aries_cloudagent.protocols.issue_credential.v1_0.handlers.tests.test_credential_ack_handler.TestCredentialAckHandler" file="aries_cloudagent/protocols/issue_credential/v1_0/handlers/tests/test_credential_ack_handler.py" line="35" name="test_called_not_ready" time="0.037"></testcase><testcase classname="aries_cloudagent.protocols.issue_credential.v1_0.handlers.tests.test_credential_issue_handler" file="aries_cloudagent/protocols/issue_credential/v1_0/handlers/tests/test_credential_issue_handler.py" line="-1" name="FLAKE8" time="0.038"></testcase><testcase classname="aries_cloudagent.protocols.issue_credential.v1_0.handlers.tests.test_credential_issue_handler.TestCredentialIssueHandler" file="aries_cloudagent/protocols/issue_credential/v1_0/handlers/tests/test_credential_issue_handler.py" line="15" name="test_called" time="0.035"></testcase><testcase classname="aries_cloudagent.protocols.issue_credential.v1_0.handlers.tests.test_credential_issue_handler.TestCredentialIssueHandler" file="aries_cloudagent/protocols/issue_credential/v1_0/handlers/tests/test_credential_issue_handler.py" line="34" name="test_called_auto_store" time="0.032"></testcase><testcase classname="aries_cloudagent.protocols.issue_credential.v1_0.handlers.tests.test_credential_issue_handler.TestCredentialIssueHandler" file="aries_cloudagent/protocols/issue_credential/v1_0/handlers/tests/test_credential_issue_handler.py" line="61" name="test_called_not_ready" time="0.032"></testcase><testcase classname="aries_cloudagent.protocols.issue_credential.v1_0.handlers.tests.test_credential_offer_handler" file="aries_cloudagent/protocols/issue_credential/v1_0/handlers/tests/test_credential_offer_handler.py" line="-1" name="FLAKE8" time="0.038"></testcase><testcase classname="aries_cloudagent.protocols.issue_credential.v1_0.handlers.tests.test_credential_offer_handler.TestCredentialOfferHandler" file="aries_cloudagent/protocols/issue_credential/v1_0/handlers/tests/test_credential_offer_handler.py" line="15" name="test_called" time="0.055"></testcase><testcase classname="aries_cloudagent.protocols.issue_credential.v1_0.handlers.tests.test_credential_offer_handler.TestCredentialOfferHandler" file="aries_cloudagent/protocols/issue_credential/v1_0/handlers/tests/test_credential_offer_handler.py" line="34" name="test_called_auto_request" time="0.044"></testcase><testcase classname="aries_cloudagent.protocols.issue_credential.v1_0.handlers.tests.test_credential_offer_handler.TestCredentialOfferHandler" file="aries_cloudagent/protocols/issue_credential/v1_0/handlers/tests/test_credential_offer_handler.py" line="62" name="test_called_not_ready" time="0.034"></testcase><testcase classname="aries_cloudagent.protocols.issue_credential.v1_0.handlers.tests.test_credential_proposal_handler" file="aries_cloudagent/protocols/issue_credential/v1_0/handlers/tests/test_credential_proposal_handler.py" line="-1" name="FLAKE8" time="0.035"></testcase><testcase classname="aries_cloudagent.protocols.issue_credential.v1_0.handlers.tests.test_credential_proposal_handler.TestCredentialProposalHandler" file="aries_cloudagent/protocols/issue_credential/v1_0/handlers/tests/test_credential_proposal_handler.py" line="15" name="test_called" time="0.035"></testcase><testcase classname="aries_cloudagent.protocols.issue_credential.v1_0.handlers.tests.test_credential_proposal_handler.TestCredentialProposalHandler" file="aries_cloudagent/protocols/issue_credential/v1_0/handlers/tests/test_credential_proposal_handler.py" line="36" name="test_called_auto_offer" time="0.037"></testcase><testcase classname="aries_cloudagent.protocols.issue_credential.v1_0.handlers.tests.test_credential_proposal_handler.TestCredentialProposalHandler" file="aries_cloudagent/protocols/issue_credential/v1_0/handlers/tests/test_credential_proposal_handler.py" line="65" name="test_called_not_ready" time="0.032"></testcase><testcase classname="aries_cloudagent.protocols.issue_credential.v1_0.handlers.tests.test_credential_request_handler" file="aries_cloudagent/protocols/issue_credential/v1_0/handlers/tests/test_credential_request_handler.py" line="-1" name="FLAKE8" time="0.036"></testcase><testcase classname="aries_cloudagent.protocols.issue_credential.v1_0.handlers.tests.test_credential_request_handler.TestCredentialRequestHandler" file="aries_cloudagent/protocols/issue_credential/v1_0/handlers/tests/test_credential_request_handler.py" line="20" name="test_called" time="0.149"></testcase><testcase classname="aries_cloudagent.protocols.issue_credential.v1_0.handlers.tests.test_credential_request_handler.TestCredentialRequestHandler" file="aries_cloudagent/protocols/issue_credential/v1_0/handlers/tests/test_credential_request_handler.py" line="41" name="test_called_auto_issue" time="0.039"></testcase><testcase classname="aries_cloudagent.protocols.issue_credential.v1_0.handlers.tests.test_credential_request_handler.TestCredentialRequestHandler" file="aries_cloudagent/protocols/issue_credential/v1_0/handlers/tests/test_credential_request_handler.py" line="83" name="test_called_auto_issue_no_preview" time="0.035"></testcase><testcase classname="aries_cloudagent.protocols.issue_credential.v1_0.handlers.tests.test_credential_request_handler.TestCredentialRequestHandler" file="aries_cloudagent/protocols/issue_credential/v1_0/handlers/tests/test_credential_request_handler.py" line="114" name="test_called_not_ready" time="0.032"></testcase><testcase classname="aries_cloudagent.protocols.issue_credential.v1_0.messages.__init__" file="aries_cloudagent/protocols/issue_credential/v1_0/messages/__init__.py" line="-1" name="FLAKE8" time="0.042"></testcase><testcase classname="aries_cloudagent.protocols.issue_credential.v1_0.messages.credential_ack" file="aries_cloudagent/protocols/issue_credential/v1_0/messages/credential_ack.py" line="-1" name="FLAKE8" time="0.069"></testcase><testcase classname="aries_cloudagent.protocols.issue_credential.v1_0.messages.credential_issue" file="aries_cloudagent/protocols/issue_credential/v1_0/messages/credential_issue.py" line="-1" name="FLAKE8" time="0.092"></testcase><testcase classname="aries_cloudagent.protocols.issue_credential.v1_0.messages.credential_offer" file="aries_cloudagent/protocols/issue_credential/v1_0/messages/credential_offer.py" line="-1" name="FLAKE8" time="0.092"></testcase><testcase classname="aries_cloudagent.protocols.issue_credential.v1_0.messages.credential_proposal" file="aries_cloudagent/protocols/issue_credential/v1_0/messages/credential_proposal.py" line="-1" name="FLAKE8" time="0.102"></testcase><testcase classname="aries_cloudagent.protocols.issue_credential.v1_0.messages.credential_request" file="aries_cloudagent/protocols/issue_credential/v1_0/messages/credential_request.py" line="-1" name="FLAKE8" time="0.112"></testcase><testcase classname="aries_cloudagent.protocols.issue_credential.v1_0.messages.inner.__init__" file="aries_cloudagent/protocols/issue_credential/v1_0/messages/inner/__init__.py" line="-1" name="FLAKE8" time="0.048"></testcase><testcase classname="aries_cloudagent.protocols.issue_credential.v1_0.messages.inner.credential_preview" file="aries_cloudagent/protocols/issue_credential/v1_0/messages/inner/credential_preview.py" line="-1" name="FLAKE8" time="0.147"></testcase><testcase classname="aries_cloudagent.protocols.issue_credential.v1_0.messages.inner.tests.__init__" file="aries_cloudagent/protocols/issue_credential/v1_0/messages/inner/tests/__init__.py" line="-1" name="FLAKE8" time="0.037"></testcase><testcase classname="aries_cloudagent.protocols.issue_credential.v1_0.messages.inner.tests.test_credential_preview" file="aries_cloudagent/protocols/issue_credential/v1_0/messages/inner/tests/test_credential_preview.py" line="-1" name="FLAKE8" time="0.041"></testcase><testcase classname="aries_cloudagent.protocols.issue_credential.v1_0.messages.inner.tests.test_credential_preview.TestCredAttrSpec" file="aries_cloudagent/protocols/issue_credential/v1_0/messages/inner/tests/test_credential_preview.py" line="23" name="test_eq" time="0.001"></testcase><testcase classname="aries_cloudagent.protocols.issue_credential.v1_0.messages.inner.tests.test_credential_preview.TestCredentialPreview" file="aries_cloudagent/protocols/issue_credential/v1_0/messages/inner/tests/test_credential_preview.py" line="74" name="test_deserialize" time="0.002"></testcase><testcase classname="aries_cloudagent.protocols.issue_credential.v1_0.messages.inner.tests.test_credential_preview.TestCredentialPreview" file="aries_cloudagent/protocols/issue_credential/v1_0/messages/inner/tests/test_credential_preview.py" line="50" name="test_init" time="0.001"></testcase><testcase classname="aries_cloudagent.protocols.issue_credential.v1_0.messages.inner.tests.test_credential_preview.TestCredentialPreview" file="aries_cloudagent/protocols/issue_credential/v1_0/messages/inner/tests/test_credential_preview.py" line="58" name="test_preview" time="0.002"></testcase><testcase classname="aries_cloudagent.protocols.issue_credential.v1_0.messages.inner.tests.test_credential_preview.TestCredentialPreview" file="aries_cloudagent/protocols/issue_credential/v1_0/messages/inner/tests/test_credential_preview.py" line="87" name="test_serialize" time="0.002"></testcase><testcase classname="aries_cloudagent.protocols.issue_credential.v1_0.messages.inner.tests.test_credential_preview.TestCredentialPreview" file="aries_cloudagent/protocols/issue_credential/v1_0/messages/inner/tests/test_credential_preview.py" line="54" name="test_type" time="0.001"></testcase><testcase classname="aries_cloudagent.protocols.issue_credential.v1_0.messages.inner.tests.test_credential_preview.TestCredentialPreviewSchema" file="aries_cloudagent/protocols/issue_credential/v1_0/messages/inner/tests/test_credential_preview.py" line="104" name="test_make_model" time="0.002"></testcase><testcase classname="aries_cloudagent.protocols.issue_credential.v1_0.messages.tests.__init__" file="aries_cloudagent/protocols/issue_credential/v1_0/messages/tests/__init__.py" line="-1" name="FLAKE8" time="0.038"></testcase><testcase classname="aries_cloudagent.protocols.issue_credential.v1_0.messages.tests.test_credential_ack" file="aries_cloudagent/protocols/issue_credential/v1_0/messages/tests/test_credential_ack.py" line="-1" name="FLAKE8" time="0.041"></testcase><testcase classname="aries_cloudagent.protocols.issue_credential.v1_0.messages.tests.test_credential_ack.TestCredentialAck" file="aries_cloudagent/protocols/issue_credential/v1_0/messages/tests/test_credential_ack.py" line="21" name="test_deserialize" time="0.003"></testcase><testcase classname="aries_cloudagent.protocols.issue_credential.v1_0.messages.tests.test_credential_ack.TestCredentialAck" file="aries_cloudagent/protocols/issue_credential/v1_0/messages/tests/test_credential_ack.py" line="11" name="test_init" time="0.001"></testcase><testcase classname="aries_cloudagent.protocols.issue_credential.v1_0.messages.tests.test_credential_ack.TestCredentialAck" file="aries_cloudagent/protocols/issue_credential/v1_0/messages/tests/test_credential_ack.py" line="33" name="test_serialize" time="0.002"></testcase><testcase classname="aries_cloudagent.protocols.issue_credential.v1_0.messages.tests.test_credential_ack.TestCredentialAck" file="aries_cloudagent/protocols/issue_credential/v1_0/messages/tests/test_credential_ack.py" line="15" name="test_type" time="0.002"></testcase><testcase classname="aries_cloudagent.protocols.issue_credential.v1_0.messages.tests.test_credential_ack.TestCredentialAckSchema" file="aries_cloudagent/protocols/issue_credential/v1_0/messages/tests/test_credential_ack.py" line="51" name="test_make_model" time="0.002"></testcase><testcase classname="aries_cloudagent.protocols.issue_credential.v1_0.messages.tests.test_credential_issue" file="aries_cloudagent/protocols/issue_credential/v1_0/messages/tests/test_credential_issue.py" line="-1" name="FLAKE8" time="0.046"></testcase><testcase classname="aries_cloudagent.protocols.issue_credential.v1_0.messages.tests.test_credential_issue.TestCredentialIssue" file="aries_cloudagent/protocols/issue_credential/v1_0/messages/tests/test_credential_issue.py" line="108" name="test_deserialize" time="0.002"></testcase><testcase classname="aries_cloudagent.protocols.issue_credential.v1_0.messages.tests.test_credential_issue.TestCredentialIssue" file="aries_cloudagent/protocols/issue_credential/v1_0/messages/tests/test_credential_issue.py" line="79" name="test_init" time="0.001"></testcase><testcase classname="aries_cloudagent.protocols.issue_credential.v1_0.messages.tests.test_credential_issue.TestCredentialIssue" file="aries_cloudagent/protocols/issue_credential/v1_0/messages/tests/test_credential_issue.py" line="122" name="test_serialize" time="0.003"></testcase><testcase classname="aries_cloudagent.protocols.issue_credential.v1_0.messages.tests.test_credential_issue.TestCredentialIssue" file="aries_cloudagent/protocols/issue_credential/v1_0/messages/tests/test_credential_issue.py" line="94" name="test_type" time="0.002"></testcase><testcase classname="aries_cloudagent.protocols.issue_credential.v1_0.messages.tests.test_credential_issue.TestCredentialIssueSchema" file="aries_cloudagent/protocols/issue_credential/v1_0/messages/tests/test_credential_issue.py" line="145" name="test_make_model" time="0.004"></testcase><testcase classname="aries_cloudagent.protocols.issue_credential.v1_0.messages.tests.test_credential_offer" file="aries_cloudagent/protocols/issue_credential/v1_0/messages/tests/test_credential_offer.py" line="-1" name="FLAKE8" time="0.044"></testcase><testcase classname="aries_cloudagent.protocols.issue_credential.v1_0.messages.tests.test_credential_offer.TestCredentialOffer" file="aries_cloudagent/protocols/issue_credential/v1_0/messages/tests/test_credential_offer.py" line="84" name="test_deserialize" time="0.003"></testcase><testcase classname="aries_cloudagent.protocols.issue_credential.v1_0.messages.tests.test_credential_offer.TestCredentialOffer" file="aries_cloudagent/protocols/issue_credential/v1_0/messages/tests/test_credential_offer.py" line="53" name="test_init" time="0.002"></testcase><testcase classname="aries_cloudagent.protocols.issue_credential.v1_0.messages.tests.test_credential_offer.TestCredentialOffer" file="aries_cloudagent/protocols/issue_credential/v1_0/messages/tests/test_credential_offer.py" line="98" name="test_serialize" time="0.004"></testcase><testcase classname="aries_cloudagent.protocols.issue_credential.v1_0.messages.tests.test_credential_offer.TestCredentialOffer" file="aries_cloudagent/protocols/issue_credential/v1_0/messages/tests/test_credential_offer.py" line="69" name="test_type" time="0.002"></testcase><testcase classname="aries_cloudagent.protocols.issue_credential.v1_0.messages.tests.test_credential_offer.TestCredentialOfferSchema" file="aries_cloudagent/protocols/issue_credential/v1_0/messages/tests/test_credential_offer.py" line="131" name="test_make_model" time="0.005"></testcase><testcase classname="aries_cloudagent.protocols.issue_credential.v1_0.messages.tests.test_credential_proposal" file="aries_cloudagent/protocols/issue_credential/v1_0/messages/tests/test_credential_proposal.py" line="-1" name="FLAKE8" time="0.041"></testcase><testcase classname="aries_cloudagent.protocols.issue_credential.v1_0.messages.tests.test_credential_proposal.TestCredentialProposal" file="aries_cloudagent/protocols/issue_credential/v1_0/messages/tests/test_credential_proposal.py" line="44" name="test_deserialize" time="0.003"></testcase><testcase classname="aries_cloudagent.protocols.issue_credential.v1_0.messages.tests.test_credential_proposal.TestCredentialProposal" file="aries_cloudagent/protocols/issue_credential/v1_0/messages/tests/test_credential_proposal.py" line="21" name="test_init" time="0.001"></testcase><testcase classname="aries_cloudagent.protocols.issue_credential.v1_0.messages.tests.test_credential_proposal.TestCredentialProposal" file="aries_cloudagent/protocols/issue_credential/v1_0/messages/tests/test_credential_proposal.py" line="62" name="test_serialize" time="0.003"></testcase><testcase classname="aries_cloudagent.protocols.issue_credential.v1_0.messages.tests.test_credential_proposal.TestCredentialProposal" file="aries_cloudagent/protocols/issue_credential/v1_0/messages/tests/test_credential_proposal.py" line="90" name="test_serialize_no_proposal" time="0.002"></testcase><testcase classname="aries_cloudagent.protocols.issue_credential.v1_0.messages.tests.test_credential_proposal.TestCredentialProposal" file="aries_cloudagent/protocols/issue_credential/v1_0/messages/tests/test_credential_proposal.py" line="31" name="test_type" time="0.001"></testcase><testcase classname="aries_cloudagent.protocols.issue_credential.v1_0.messages.tests.test_credential_proposal.TestCredentialProposalSchema" file="aries_cloudagent/protocols/issue_credential/v1_0/messages/tests/test_credential_proposal.py" line="142" name="test_make_model" time="0.015"></testcase><testcase classname="aries_cloudagent.protocols.issue_credential.v1_0.messages.tests.test_credential_request" file="aries_cloudagent/protocols/issue_credential/v1_0/messages/tests/test_credential_request.py" line="-1" name="FLAKE8" time="0.053"></testcase><testcase classname="aries_cloudagent.protocols.issue_credential.v1_0.messages.tests.test_credential_request.TestCredentialRequest" file="aries_cloudagent/protocols/issue_credential/v1_0/messages/tests/test_credential_request.py" line="74" name="test_deserialize" time="0.003"></testcase><testcase classname="aries_cloudagent.protocols.issue_credential.v1_0.messages.tests.test_credential_request.TestCredentialRequest" file="aries_cloudagent/protocols/issue_credential/v1_0/messages/tests/test_credential_request.py" line="44" name="test_init" time="0.002"></testcase><testcase classname="aries_cloudagent.protocols.issue_credential.v1_0.messages.tests.test_credential_request.TestCredentialRequest" file="aries_cloudagent/protocols/issue_credential/v1_0/messages/tests/test_credential_request.py" line="89" name="test_serialize" time="0.002"></testcase><testcase classname="aries_cloudagent.protocols.issue_credential.v1_0.messages.tests.test_credential_request.TestCredentialRequest" file="aries_cloudagent/protocols/issue_credential/v1_0/messages/tests/test_credential_request.py" line="58" name="test_type" time="0.001"></testcase><testcase classname="aries_cloudagent.protocols.issue_credential.v1_0.messages.tests.test_credential_request.TestCredentialRequestSchema" file="aries_cloudagent/protocols/issue_credential/v1_0/messages/tests/test_credential_request.py" line="125" name="test_make_model" time="0.003"></testcase><testcase classname="aries_cloudagent.protocols.issue_credential.v1_0.models.__init__" file="aries_cloudagent/protocols/issue_credential/v1_0/models/__init__.py" line="-1" name="FLAKE8" time="0.035"></testcase><testcase classname="aries_cloudagent.protocols.issue_credential.v1_0.models.credential_exchange" file="aries_cloudagent/protocols/issue_credential/v1_0/models/credential_exchange.py" line="-1" name="FLAKE8" time="0.191"></testcase><testcase classname="aries_cloudagent.protocols.issue_credential.v1_0.tests.__init__" file="aries_cloudagent/protocols/issue_credential/v1_0/tests/__init__.py" line="-1" name="FLAKE8" time="0.039"></testcase><testcase classname="aries_cloudagent.protocols.issue_credential.v1_0.tests.test_manager" file="aries_cloudagent/protocols/issue_credential/v1_0/tests/test_manager.py" line="-1" name="FLAKE8" time="0.039"></testcase><testcase classname="aries_cloudagent.protocols.issue_credential.v1_0.tests.test_manager.TestCredentialManager" file="aries_cloudagent/protocols/issue_credential/v1_0/tests/test_manager.py" line="443" name="test_create_bound_offer" time="0.019"></testcase><testcase classname="aries_cloudagent.protocols.issue_credential.v1_0.tests.test_manager.TestCredentialManager" file="aries_cloudagent/protocols/issue_credential/v1_0/tests/test_manager.py" line="514" name="test_create_bound_offer_no_cred_def" time="0.015"></testcase><testcase classname="aries_cloudagent.protocols.issue_credential.v1_0.tests.test_manager.TestCredentialManager" file="aries_cloudagent/protocols/issue_credential/v1_0/tests/test_manager.py" line="307" name="test_create_free_offer" time="0.020"></testcase><testcase classname="aries_cloudagent.protocols.issue_credential.v1_0.tests.test_manager.TestCredentialManager" file="aries_cloudagent/protocols/issue_credential/v1_0/tests/test_manager.py" line="383" name="test_create_free_offer_attr_mismatch" time="0.014"></testcase><testcase classname="aries_cloudagent.protocols.issue_credential.v1_0.tests.test_manager.TestCredentialManager" file="aries_cloudagent/protocols/issue_credential/v1_0/tests/test_manager.py" line="189" name="test_create_proposal" time="0.010"></testcase><testcase classname="aries_cloudagent.protocols.issue_credential.v1_0.tests.test_manager.TestCredentialManager" file="aries_cloudagent/protocols/issue_credential/v1_0/tests/test_manager.py" line="234" name="test_create_proposal_no_preview" time="0.007"></testcase><testcase classname="aries_cloudagent.protocols.issue_credential.v1_0.tests.test_manager.TestCredentialManager" file="aries_cloudagent/protocols/issue_credential/v1_0/tests/test_manager.py" line="649" name="test_create_request" time="0.009"></testcase><testcase classname="aries_cloudagent.protocols.issue_credential.v1_0.tests.test_manager.TestCredentialManager" file="aries_cloudagent/protocols/issue_credential/v1_0/tests/test_manager.py" line="771" name="test_create_request_bad_state" time="0.005"></testcase><testcase classname="aries_cloudagent.protocols.issue_credential.v1_0.tests.test_manager.TestCredentialManager" file="aries_cloudagent/protocols/issue_credential/v1_0/tests/test_manager.py" line="719" name="test_create_request_no_cache" time="0.007"></testcase><testcase classname="aries_cloudagent.protocols.issue_credential.v1_0.tests.test_manager.TestCredentialManager" file="aries_cloudagent/protocols/issue_credential/v1_0/tests/test_manager.py" line="793" name="test_create_request_no_nonce" time="0.004"></testcase><testcase classname="aries_cloudagent.protocols.issue_credential.v1_0.tests.test_manager.TestCredentialManager" file="aries_cloudagent/protocols/issue_credential/v1_0/tests/test_manager.py" line="1518" name="test_credential_ack" time="0.014"></testcase><testcase classname="aries_cloudagent.protocols.issue_credential.v1_0.tests.test_manager.TestCredentialManager" file="aries_cloudagent/protocols/issue_credential/v1_0/tests/test_manager.py" line="850" name="test_issue_credential" time="0.035"></testcase><testcase classname="aries_cloudagent.protocols.issue_credential.v1_0.tests.test_manager.TestCredentialManager" file="aries_cloudagent/protocols/issue_credential/v1_0/tests/test_manager.py" line="1006" name="test_issue_credential_fills_rr" time="0.040"></testcase><testcase classname="aries_cloudagent.protocols.issue_credential.v1_0.tests.test_manager.TestCredentialManager" file="aries_cloudagent/protocols/issue_credential/v1_0/tests/test_manager.py" line="1113" name="test_issue_credential_no_active_rr_no_retries" time="0.110"></testcase><testcase classname="aries_cloudagent.protocols.issue_credential.v1_0.tests.test_manager.TestCredentialManager" file="aries_cloudagent/protocols/issue_credential/v1_0/tests/test_manager.py" line="1172" name="test_issue_credential_no_active_rr_retry" time="2.149"></testcase><testcase classname="aries_cloudagent.protocols.issue_credential.v1_0.tests.test_manager.TestCredentialManager" file="aries_cloudagent/protocols/issue_credential/v1_0/tests/test_manager.py" line="936" name="test_issue_credential_non_revocable" time="0.022"></testcase><testcase classname="aries_cloudagent.protocols.issue_credential.v1_0.tests.test_manager.TestCredentialManager" file="aries_cloudagent/protocols/issue_credential/v1_0/tests/test_manager.py" line="1093" name="test_issue_credential_request_bad_state" time="0.006"></testcase><testcase classname="aries_cloudagent.protocols.issue_credential.v1_0.tests.test_manager.TestCredentialManager" file="aries_cloudagent/protocols/issue_credential/v1_0/tests/test_manager.py" line="1235" name="test_issue_credential_rr_full" time="1.047"></testcase><testcase classname="aries_cloudagent.protocols.issue_credential.v1_0.tests.test_manager.TestCredentialManager" file="aries_cloudagent/protocols/issue_credential/v1_0/tests/test_manager.py" line="160" name="test_prepare_send" time="0.011"></testcase><testcase classname="aries_cloudagent.protocols.issue_credential.v1_0.tests.test_manager.TestCredentialManager" file="aries_cloudagent/protocols/issue_credential/v1_0/tests/test_manager.py" line="1294" name="test_receive_credential" time="0.008"></testcase><testcase classname="aries_cloudagent.protocols.issue_credential.v1_0.tests.test_manager.TestCredentialManager" file="aries_cloudagent/protocols/issue_credential/v1_0/tests/test_manager.py" line="612" name="test_receive_free_offer" time="0.010"></testcase><testcase classname="aries_cloudagent.protocols.issue_credential.v1_0.tests.test_manager.TestCredentialManager" file="aries_cloudagent/protocols/issue_credential/v1_0/tests/test_manager.py" line="557" name="test_receive_offer_proposed" time="0.011"></testcase><testcase classname="aries_cloudagent.protocols.issue_credential.v1_0.tests.test_manager.TestCredentialManager" file="aries_cloudagent/protocols/issue_credential/v1_0/tests/test_manager.py" line="264" name="test_receive_proposal" time="0.012"></testcase><testcase classname="aries_cloudagent.protocols.issue_credential.v1_0.tests.test_manager.TestCredentialManager" file="aries_cloudagent/protocols/issue_credential/v1_0/tests/test_manager.py" line="815" name="test_receive_request" time="0.007"></testcase><testcase classname="aries_cloudagent.protocols.issue_credential.v1_0.tests.test_manager.TestCredentialManager" file="aries_cloudagent/protocols/issue_credential/v1_0/tests/test_manager.py" line="123" name="test_record_eq" time="0.004"></testcase><testcase classname="aries_cloudagent.protocols.issue_credential.v1_0.tests.test_manager.TestCredentialManager" file="aries_cloudagent/protocols/issue_credential/v1_0/tests/test_manager.py" line="1551" name="test_retrieve_records" time="0.008"></testcase><testcase classname="aries_cloudagent.protocols.issue_credential.v1_0.tests.test_manager.TestCredentialManager" file="aries_cloudagent/protocols/issue_credential/v1_0/tests/test_manager.py" line="1329" name="test_store_credential" time="0.030"></testcase><testcase classname="aries_cloudagent.protocols.issue_credential.v1_0.tests.test_manager.TestCredentialManager" file="aries_cloudagent/protocols/issue_credential/v1_0/tests/test_manager.py" line="1397" name="test_store_credential_bad_state" time="0.004"></testcase><testcase classname="aries_cloudagent.protocols.issue_credential.v1_0.tests.test_manager.TestCredentialManager" file="aries_cloudagent/protocols/issue_credential/v1_0/tests/test_manager.py" line="1482" name="test_store_credential_holder_store_indy_error" time="0.011"></testcase><testcase classname="aries_cloudagent.protocols.issue_credential.v1_0.tests.test_manager.TestCredentialManager" file="aries_cloudagent/protocols/issue_credential/v1_0/tests/test_manager.py" line="1420" name="test_store_credential_no_preview" time="0.014"></testcase><testcase classname="aries_cloudagent.protocols.issue_credential.v1_0.tests.test_routes" file="aries_cloudagent/protocols/issue_credential/v1_0/tests/test_routes.py" line="-1" name="FLAKE8" time="0.047"></testcase><testcase classname="aries_cloudagent.protocols.issue_credential.v1_0.tests.test_routes.TestCredentialRoutes" file="aries_cloudagent/protocols/issue_credential/v1_0/tests/test_routes.py" line="163" name="test_credential_exchange_create" time="0.187"></testcase><testcase classname="aries_cloudagent.protocols.issue_credential.v1_0.tests.test_routes.TestCredentialRoutes" file="aries_cloudagent/protocols/issue_credential/v1_0/tests/test_routes.py" line="513" name="test_credential_exchange_create_free_offer" time="0.178"></testcase><testcase classname="aries_cloudagent.protocols.issue_credential.v1_0.tests.test_routes.TestCredentialRoutes" file="aries_cloudagent/protocols/issue_credential/v1_0/tests/test_routes.py" line="763" name="test_credential_exchange_create_free_offer_deser_x" time="0.237"></testcase><testcase classname="aries_cloudagent.protocols.issue_credential.v1_0.tests.test_routes.TestCredentialRoutes" file="aries_cloudagent/protocols/issue_credential/v1_0/tests/test_routes.py" line="642" name="test_credential_exchange_create_free_offer_no_conn_id" time="0.111"></testcase><testcase classname="aries_cloudagent.protocols.issue_credential.v1_0.tests.test_routes.TestCredentialRoutes" file="aries_cloudagent/protocols/issue_credential/v1_0/tests/test_routes.py" line="703" name="test_credential_exchange_create_free_offer_no_conn_id_no_public_did" time="0.007"></testcase><testcase classname="aries_cloudagent.protocols.issue_credential.v1_0.tests.test_routes.TestCredentialRoutes" file="aries_cloudagent/protocols/issue_credential/v1_0/tests/test_routes.py" line="577" name="test_credential_exchange_create_free_offer_no_cred_def_id" time="0.006"></testcase><testcase classname="aries_cloudagent.protocols.issue_credential.v1_0.tests.test_routes.TestCredentialRoutes" file="aries_cloudagent/protocols/issue_credential/v1_0/tests/test_routes.py" line="733" name="test_credential_exchange_create_free_offer_no_endpoint" time="0.006"></testcase><testcase classname="aries_cloudagent.protocols.issue_credential.v1_0.tests.test_routes.TestCredentialRoutes" file="aries_cloudagent/protocols/issue_credential/v1_0/tests/test_routes.py" line="592" name="test_credential_exchange_create_free_offer_no_preview" time="0.004"></testcase><testcase classname="aries_cloudagent.protocols.issue_credential.v1_0.tests.test_routes.TestCredentialRoutes" file="aries_cloudagent/protocols/issue_credential/v1_0/tests/test_routes.py" line="608" name="test_credential_exchange_create_free_offer_retrieve_conn_rec_x" time="0.106"></testcase><testcase classname="aries_cloudagent.protocols.issue_credential.v1_0.tests.test_routes.TestCredentialRoutes" file="aries_cloudagent/protocols/issue_credential/v1_0/tests/test_routes.py" line="243" name="test_credential_exchange_create_no_proposal" time="0.003"></testcase><testcase classname="aries_cloudagent.protocols.issue_credential.v1_0.tests.test_routes.TestCredentialRoutes" file="aries_cloudagent/protocols/issue_credential/v1_0/tests/test_routes.py" line="205" name="test_credential_exchange_create_x" time="0.133"></testcase><testcase classname="aries_cloudagent.protocols.issue_credential.v1_0.tests.test_routes.TestCredentialRoutes" file="aries_cloudagent/protocols/issue_credential/v1_0/tests/test_routes.py" line="1288" name="test_credential_exchange_issue" time="0.212"></testcase><testcase classname="aries_cloudagent.protocols.issue_credential.v1_0.tests.test_routes.TestCredentialRoutes" file="aries_cloudagent/protocols/issue_credential/v1_0/tests/test_routes.py" line="1328" name="test_credential_exchange_issue_bad_cred_ex_id" time="0.066"></testcase><testcase classname="aries_cloudagent.protocols.issue_credential.v1_0.tests.test_routes.TestCredentialRoutes" file="aries_cloudagent/protocols/issue_credential/v1_0/tests/test_routes.py" line="1468" name="test_credential_exchange_issue_deser_x" time="0.171"></testcase><testcase classname="aries_cloudagent.protocols.issue_credential.v1_0.tests.test_routes.TestCredentialRoutes" file="aries_cloudagent/protocols/issue_credential/v1_0/tests/test_routes.py" line="1351" name="test_credential_exchange_issue_no_conn_record" time="0.166"></testcase><testcase classname="aries_cloudagent.protocols.issue_credential.v1_0.tests.test_routes.TestCredentialRoutes" file="aries_cloudagent/protocols/issue_credential/v1_0/tests/test_routes.py" line="1392" name="test_credential_exchange_issue_not_ready" time="0.436"></testcase><testcase classname="aries_cloudagent.protocols.issue_credential.v1_0.tests.test_routes.TestCredentialRoutes" file="aries_cloudagent/protocols/issue_credential/v1_0/tests/test_routes.py" line="1432" name="test_credential_exchange_issue_rev_reg_full" time="0.314"></testcase><testcase classname="aries_cloudagent.protocols.issue_credential.v1_0.tests.test_routes.TestCredentialRoutes" file="aries_cloudagent/protocols/issue_credential/v1_0/tests/test_routes.py" line="14" name="test_credential_exchange_list" time="0.096"></testcase><testcase classname="aries_cloudagent.protocols.issue_credential.v1_0.tests.test_routes.TestCredentialRoutes" file="aries_cloudagent/protocols/issue_credential/v1_0/tests/test_routes.py" line="44" name="test_credential_exchange_list_x" time="0.095"></testcase><testcase classname="aries_cloudagent.protocols.issue_credential.v1_0.tests.test_routes.TestCredentialRoutes" file="aries_cloudagent/protocols/issue_credential/v1_0/tests/test_routes.py" line="1760" name="test_credential_exchange_problem_report" time="0.255"></testcase><testcase classname="aries_cloudagent.protocols.issue_credential.v1_0.tests.test_routes.TestCredentialRoutes" file="aries_cloudagent/protocols/issue_credential/v1_0/tests/test_routes.py" line="1795" name="test_credential_exchange_problem_report_bad_cred_id" time="0.076"></testcase><testcase classname="aries_cloudagent.protocols.issue_credential.v1_0.tests.test_routes.TestCredentialRoutes" file="aries_cloudagent/protocols/issue_credential/v1_0/tests/test_routes.py" line="1683" name="test_credential_exchange_remove" time="0.070"></testcase><testcase classname="aries_cloudagent.protocols.issue_credential.v1_0.tests.test_routes.TestCredentialRoutes" file="aries_cloudagent/protocols/issue_credential/v1_0/tests/test_routes.py" line="1709" name="test_credential_exchange_remove_bad_cred_ex_id" time="0.065"></testcase><testcase classname="aries_cloudagent.protocols.issue_credential.v1_0.tests.test_routes.TestCredentialRoutes" file="aries_cloudagent/protocols/issue_credential/v1_0/tests/test_routes.py" line="1732" name="test_credential_exchange_remove_x" time="0.070"></testcase><testcase classname="aries_cloudagent.protocols.issue_credential.v1_0.tests.test_routes.TestCredentialRoutes" file="aries_cloudagent/protocols/issue_credential/v1_0/tests/test_routes.py" line="69" name="test_credential_exchange_retrieve" time="0.075"></testcase><testcase classname="aries_cloudagent.protocols.issue_credential.v1_0.tests.test_routes.TestCredentialRoutes" file="aries_cloudagent/protocols/issue_credential/v1_0/tests/test_routes.py" line="140" name="test_credential_exchange_retrieve_not_found" time="0.069"></testcase><testcase classname="aries_cloudagent.protocols.issue_credential.v1_0.tests.test_routes.TestCredentialRoutes" file="aries_cloudagent/protocols/issue_credential/v1_0/tests/test_routes.py" line="117" name="test_credential_exchange_retrieve_x" time="0.072"></testcase><testcase classname="aries_cloudagent.protocols.issue_credential.v1_0.tests.test_routes.TestCredentialRoutes" file="aries_cloudagent/protocols/issue_credential/v1_0/tests/test_routes.py" line="259" name="test_credential_exchange_send" time="0.119"></testcase><testcase classname="aries_cloudagent.protocols.issue_credential.v1_0.tests.test_routes.TestCredentialRoutes" file="aries_cloudagent/protocols/issue_credential/v1_0/tests/test_routes.py" line="969" name="test_credential_exchange_send_bound_offer" time="0.298"></testcase><testcase classname="aries_cloudagent.protocols.issue_credential.v1_0.tests.test_routes.TestCredentialRoutes" file="aries_cloudagent/protocols/issue_credential/v1_0/tests/test_routes.py" line="1013" name="test_credential_exchange_send_bound_offer_bad_cred_ex_id" time="0.072"></testcase><testcase classname="aries_cloudagent.protocols.issue_credential.v1_0.tests.test_routes.TestCredentialRoutes" file="aries_cloudagent/protocols/issue_credential/v1_0/tests/test_routes.py" line="1078" name="test_credential_exchange_send_bound_offer_bad_state" time="0.097"></testcase><testcase classname="aries_cloudagent.protocols.issue_credential.v1_0.tests.test_routes.TestCredentialRoutes" file="aries_cloudagent/protocols/issue_credential/v1_0/tests/test_routes.py" line="1036" name="test_credential_exchange_send_bound_offer_no_conn_record" time="0.238"></testcase><testcase classname="aries_cloudagent.protocols.issue_credential.v1_0.tests.test_routes.TestCredentialRoutes" file="aries_cloudagent/protocols/issue_credential/v1_0/tests/test_routes.py" line="1101" name="test_credential_exchange_send_bound_offer_not_ready" time="0.320"></testcase><testcase classname="aries_cloudagent.protocols.issue_credential.v1_0.tests.test_routes.TestCredentialRoutes" file="aries_cloudagent/protocols/issue_credential/v1_0/tests/test_routes.py" line="815" name="test_credential_exchange_send_free_offer" time="0.211"></testcase><testcase classname="aries_cloudagent.protocols.issue_credential.v1_0.tests.test_routes.TestCredentialRoutes" file="aries_cloudagent/protocols/issue_credential/v1_0/tests/test_routes.py" line="895" name="test_credential_exchange_send_free_offer_no_conn_record" time="0.133"></testcase><testcase classname="aries_cloudagent.protocols.issue_credential.v1_0.tests.test_routes.TestCredentialRoutes" file="aries_cloudagent/protocols/issue_credential/v1_0/tests/test_routes.py" line="860" name="test_credential_exchange_send_free_offer_no_cred_def_id" time="0.003"></testcase><testcase classname="aries_cloudagent.protocols.issue_credential.v1_0.tests.test_routes.TestCredentialRoutes" file="aries_cloudagent/protocols/issue_credential/v1_0/tests/test_routes.py" line="879" name="test_credential_exchange_send_free_offer_no_preview" time="0.004"></testcase><testcase classname="aries_cloudagent.protocols.issue_credential.v1_0.tests.test_routes.TestCredentialRoutes" file="aries_cloudagent/protocols/issue_credential/v1_0/tests/test_routes.py" line="935" name="test_credential_exchange_send_free_offer_not_ready" time="0.128"></testcase><testcase classname="aries_cloudagent.protocols.issue_credential.v1_0.tests.test_routes.TestCredentialRoutes" file="aries_cloudagent/protocols/issue_credential/v1_0/tests/test_routes.py" line="317" name="test_credential_exchange_send_no_conn_record" time="0.129"></testcase><testcase classname="aries_cloudagent.protocols.issue_credential.v1_0.tests.test_routes.TestCredentialRoutes" file="aries_cloudagent/protocols/issue_credential/v1_0/tests/test_routes.py" line="301" name="test_credential_exchange_send_no_proposal" time="0.003"></testcase><testcase classname="aries_cloudagent.protocols.issue_credential.v1_0.tests.test_routes.TestCredentialRoutes" file="aries_cloudagent/protocols/issue_credential/v1_0/tests/test_routes.py" line="351" name="test_credential_exchange_send_not_ready" time="0.221"></testcase><testcase classname="aries_cloudagent.protocols.issue_credential.v1_0.tests.test_routes.TestCredentialRoutes" file="aries_cloudagent/protocols/issue_credential/v1_0/tests/test_routes.py" line="383" name="test_credential_exchange_send_proposal" time="0.118"></testcase><testcase classname="aries_cloudagent.protocols.issue_credential.v1_0.tests.test_routes.TestCredentialRoutes" file="aries_cloudagent/protocols/issue_credential/v1_0/tests/test_routes.py" line="454" name="test_credential_exchange_send_proposal_deser_x" time="0.153"></testcase><testcase classname="aries_cloudagent.protocols.issue_credential.v1_0.tests.test_routes.TestCredentialRoutes" file="aries_cloudagent/protocols/issue_credential/v1_0/tests/test_routes.py" line="424" name="test_credential_exchange_send_proposal_no_conn_record" time="0.172"></testcase><testcase classname="aries_cloudagent.protocols.issue_credential.v1_0.tests.test_routes.TestCredentialRoutes" file="aries_cloudagent/protocols/issue_credential/v1_0/tests/test_routes.py" line="484" name="test_credential_exchange_send_proposal_not_ready" time="0.181"></testcase><testcase classname="aries_cloudagent.protocols.issue_credential.v1_0.tests.test_routes.TestCredentialRoutes" file="aries_cloudagent/protocols/issue_credential/v1_0/tests/test_routes.py" line="1142" name="test_credential_exchange_send_request" time="0.233"></testcase><testcase classname="aries_cloudagent.protocols.issue_credential.v1_0.tests.test_routes.TestCredentialRoutes" file="aries_cloudagent/protocols/issue_credential/v1_0/tests/test_routes.py" line="1182" name="test_credential_exchange_send_request_bad_cred_ex_id" time="0.114"></testcase><testcase classname="aries_cloudagent.protocols.issue_credential.v1_0.tests.test_routes.TestCredentialRoutes" file="aries_cloudagent/protocols/issue_credential/v1_0/tests/test_routes.py" line="1205" name="test_credential_exchange_send_request_no_conn_record" time="0.246"></testcase><testcase classname="aries_cloudagent.protocols.issue_credential.v1_0.tests.test_routes.TestCredentialRoutes" file="aries_cloudagent/protocols/issue_credential/v1_0/tests/test_routes.py" line="1247" name="test_credential_exchange_send_request_not_ready" time="0.312"></testcase><testcase classname="aries_cloudagent.protocols.issue_credential.v1_0.tests.test_routes.TestCredentialRoutes" file="aries_cloudagent/protocols/issue_credential/v1_0/tests/test_routes.py" line="1501" name="test_credential_exchange_store" time="0.474"></testcase><testcase classname="aries_cloudagent.protocols.issue_credential.v1_0.tests.test_routes.TestCredentialRoutes" file="aries_cloudagent/protocols/issue_credential/v1_0/tests/test_routes.py" line="1583" name="test_credential_exchange_store_bad_cred_ex_id" time="0.131"></testcase><testcase classname="aries_cloudagent.protocols.issue_credential.v1_0.tests.test_routes.TestCredentialRoutes" file="aries_cloudagent/protocols/issue_credential/v1_0/tests/test_routes.py" line="1541" name="test_credential_exchange_store_bad_cred_id_json" time="0.286"></testcase><testcase classname="aries_cloudagent.protocols.issue_credential.v1_0.tests.test_routes.TestCredentialRoutes" file="aries_cloudagent/protocols/issue_credential/v1_0/tests/test_routes.py" line="1606" name="test_credential_exchange_store_no_conn_record" time="0.201"></testcase><testcase classname="aries_cloudagent.protocols.issue_credential.v1_0.tests.test_routes.TestCredentialRoutes" file="aries_cloudagent/protocols/issue_credential/v1_0/tests/test_routes.py" line="1645" name="test_credential_exchange_store_not_ready" time="0.199"></testcase><testcase classname="aries_cloudagent.protocols.issue_credential.v1_0.tests.test_routes.TestCredentialRoutes" file="aries_cloudagent/protocols/issue_credential/v1_0/tests/test_routes.py" line="1825" name="test_post_process_routes" time="0.004"></testcase><testcase classname="aries_cloudagent.protocols.issue_credential.v1_0.tests.test_routes.TestCredentialRoutes" file="aries_cloudagent/protocols/issue_credential/v1_0/tests/test_routes.py" line="1818" name="test_register" time="0.010"></testcase><testcase classname="aries_cloudagent.protocols.out_of_band.__init__" file="aries_cloudagent/protocols/out_of_band/__init__.py" line="-1" name="FLAKE8" time="0.045"></testcase><testcase classname="aries_cloudagent.protocols.out_of_band.definition" file="aries_cloudagent/protocols/out_of_band/definition.py" line="-1" name="FLAKE8" time="0.044"></testcase><testcase classname="aries_cloudagent.protocols.out_of_band.v1_0.__init__" file="aries_cloudagent/protocols/out_of_band/v1_0/__init__.py" line="-1" name="FLAKE8" time="0.040"></testcase><testcase classname="aries_cloudagent.protocols.out_of_band.v1_0.manager" file="aries_cloudagent/protocols/out_of_band/v1_0/manager.py" line="-1" name="FLAKE8" time="0.179"></testcase><testcase classname="aries_cloudagent.protocols.out_of_band.v1_0.message_types" file="aries_cloudagent/protocols/out_of_band/v1_0/message_types.py" line="-1" name="FLAKE8" time="0.047"></testcase><testcase classname="aries_cloudagent.protocols.out_of_band.v1_0.routes" file="aries_cloudagent/protocols/out_of_band/v1_0/routes.py" line="-1" name="FLAKE8" time="0.122"></testcase><testcase classname="aries_cloudagent.protocols.out_of_band.v1_0.messages.__init__" file="aries_cloudagent/protocols/out_of_band/v1_0/messages/__init__.py" line="-1" name="FLAKE8" time="0.040"></testcase><testcase classname="aries_cloudagent.protocols.out_of_band.v1_0.messages.invitation" file="aries_cloudagent/protocols/out_of_band/v1_0/messages/invitation.py" line="-1" name="FLAKE8" time="0.125"></testcase><testcase classname="aries_cloudagent.protocols.out_of_band.v1_0.messages.service" file="aries_cloudagent/protocols/out_of_band/v1_0/messages/service.py" line="-1" name="FLAKE8" time="0.079"></testcase><testcase classname="aries_cloudagent.protocols.out_of_band.v1_0.messages.tests.__init__" file="aries_cloudagent/protocols/out_of_band/v1_0/messages/tests/__init__.py" line="-1" name="FLAKE8" time="0.037"></testcase><testcase classname="aries_cloudagent.protocols.out_of_band.v1_0.messages.tests.test_invitation" file="aries_cloudagent/protocols/out_of_band/v1_0/messages/tests/test_invitation.py" line="-1" name="FLAKE8" time="0.039"></testcase><testcase classname="aries_cloudagent.protocols.out_of_band.v1_0.messages.tests.test_invitation.TestInvitation" file="aries_cloudagent/protocols/out_of_band/v1_0/messages/tests/test_invitation.py" line="21" name="test_init" time="0.002"></testcase><testcase classname="aries_cloudagent.protocols.out_of_band.v1_0.messages.tests.test_invitation.TestInvitation" file="aries_cloudagent/protocols/out_of_band/v1_0/messages/tests/test_invitation.py" line="33" name="test_wrap_serde" time="0.005"></testcase><testcase classname="aries_cloudagent.protocols.out_of_band.v1_0.models.__init__" file="aries_cloudagent/protocols/out_of_band/v1_0/models/__init__.py" line="-1" name="FLAKE8" time="0.037"></testcase><testcase classname="aries_cloudagent.protocols.out_of_band.v1_0.models.invitation" file="aries_cloudagent/protocols/out_of_band/v1_0/models/invitation.py" line="-1" name="FLAKE8" time="0.090"></testcase><testcase classname="aries_cloudagent.protocols.out_of_band.v1_0.models.tests.__init__" file="aries_cloudagent/protocols/out_of_band/v1_0/models/tests/__init__.py" line="-1" name="FLAKE8" time="0.038"></testcase><testcase classname="aries_cloudagent.protocols.out_of_band.v1_0.models.tests.test_invitation" file="aries_cloudagent/protocols/out_of_band/v1_0/models/tests/test_invitation.py" line="-1" name="FLAKE8" time="0.040"></testcase><testcase classname="aries_cloudagent.protocols.out_of_band.v1_0.models.tests.test_invitation.TestInvitation" file="aries_cloudagent/protocols/out_of_band/v1_0/models/tests/test_invitation.py" line="8" name="test_invitation" time="0.002"></testcase><testcase classname="aries_cloudagent.protocols.out_of_band.v1_0.models.tests.test_invitation.TestInvitationSchema" file="aries_cloudagent/protocols/out_of_band/v1_0/models/tests/test_invitation.py" line="25" name="test_make_model" time="0.003"></testcase><testcase classname="aries_cloudagent.protocols.out_of_band.v1_0.tests.__init__" file="aries_cloudagent/protocols/out_of_band/v1_0/tests/__init__.py" line="-1" name="FLAKE8" time="0.039"></testcase><testcase classname="aries_cloudagent.protocols.out_of_band.v1_0.tests.test_manager" file="aries_cloudagent/protocols/out_of_band/v1_0/tests/test_manager.py" line="-1" name="FLAKE8" time="0.040"></testcase><testcase classname="aries_cloudagent.protocols.out_of_band.v1_0.tests.test_manager.TestOOBManager" file="aries_cloudagent/protocols/out_of_band/v1_0/tests/test_manager.py" line="125" name="test_create_invitation_attachment_cred_offer" time="0.033"></testcase><testcase classname="aries_cloudagent.protocols.out_of_band.v1_0.tests.test_manager.TestOOBManager" file="aries_cloudagent/protocols/out_of_band/v1_0/tests/test_manager.py" line="151" name="test_create_invitation_attachment_present_proof" time="0.039"></testcase><testcase classname="aries_cloudagent.protocols.out_of_band.v1_0.tests.test_manager.TestOOBManager" file="aries_cloudagent/protocols/out_of_band/v1_0/tests/test_manager.py" line="177" name="test_create_invitation_attachment_x" time="0.032"></testcase><testcase classname="aries_cloudagent.protocols.out_of_band.v1_0.tests.test_manager.TestOOBManager" file="aries_cloudagent/protocols/out_of_band/v1_0/tests/test_manager.py" line="99" name="test_create_invitation_handshake_succeeds" time="0.031"></testcase><testcase classname="aries_cloudagent.protocols.out_of_band.v1_0.tests.test_manager.TestOOBManager" file="aries_cloudagent/protocols/out_of_band/v1_0/tests/test_manager.py" line="194" name="test_create_invitation_local_did" time="0.037"></testcase><testcase classname="aries_cloudagent.protocols.out_of_band.v1_0.tests.test_manager.TestOOBManager" file="aries_cloudagent/protocols/out_of_band/v1_0/tests/test_manager.py" line="307" name="test_receive_invitation_attachment_x" time="0.136"></testcase><testcase classname="aries_cloudagent.protocols.out_of_band.v1_0.tests.test_manager.TestOOBManager" file="aries_cloudagent/protocols/out_of_band/v1_0/tests/test_manager.py" line="381" name="test_receive_invitation_invalid_request_type_x" time="0.251"></testcase><testcase classname="aries_cloudagent.protocols.out_of_band.v1_0.tests.test_manager.TestOOBManager" file="aries_cloudagent/protocols/out_of_band/v1_0/tests/test_manager.py" line="247" name="test_receive_invitation_no_service_blocks_nor_dids" time="0.169"></testcase><testcase classname="aries_cloudagent.protocols.out_of_band.v1_0.tests.test_manager.TestOOBManager" file="aries_cloudagent/protocols/out_of_band/v1_0/tests/test_manager.py" line="341" name="test_receive_invitation_req_pres_attachment_x" time="0.165"></testcase><testcase classname="aries_cloudagent.protocols.out_of_band.v1_0.tests.test_manager.TestOOBManager" file="aries_cloudagent/protocols/out_of_band/v1_0/tests/test_manager.py" line="219" name="test_receive_invitation_service_block" time="0.155"></testcase><testcase classname="aries_cloudagent.protocols.out_of_band.v1_0.tests.test_manager.TestOOBManager" file="aries_cloudagent/protocols/out_of_band/v1_0/tests/test_manager.py" line="276" name="test_receive_invitation_service_block_did_format" time="0.164"></testcase><testcase classname="aries_cloudagent.protocols.out_of_band.v1_0.tests.test_routes" file="aries_cloudagent/protocols/out_of_band/v1_0/tests/test_routes.py" line="-1" name="FLAKE8" time="0.041"></testcase><testcase classname="aries_cloudagent.protocols.out_of_band.v1_0.tests.test_routes.TestOutOfBandRoutes" file="aries_cloudagent/protocols/out_of_band/v1_0/tests/test_routes.py" line="10" name="test_invitation_create" time="0.016"></testcase><testcase classname="aries_cloudagent.protocols.out_of_band.v1_0.tests.test_routes.TestOutOfBandRoutes" file="aries_cloudagent/protocols/out_of_band/v1_0/tests/test_routes.py" line="36" name="test_invitation_create_x" time="0.016"></testcase><testcase classname="aries_cloudagent.protocols.out_of_band.v1_0.tests.test_routes.TestOutOfBandRoutes" file="aries_cloudagent/protocols/out_of_band/v1_0/tests/test_routes.py" line="61" name="test_invitation_receive" time="0.015"></testcase><testcase classname="aries_cloudagent.protocols.out_of_band.v1_0.tests.test_routes.TestOutOfBandRoutes" file="aries_cloudagent/protocols/out_of_band/v1_0/tests/test_routes.py" line="87" name="test_post_process_routes" time="0.002"></testcase><testcase classname="aries_cloudagent.protocols.out_of_band.v1_0.tests.test_routes.TestOutOfBandRoutes" file="aries_cloudagent/protocols/out_of_band/v1_0/tests/test_routes.py" line="80" name="test_register" time="0.003"></testcase><testcase classname="aries_cloudagent.protocols.present_proof.__init__" file="aries_cloudagent/protocols/present_proof/__init__.py" line="-1" name="FLAKE8" time="0.039"></testcase><testcase classname="aries_cloudagent.protocols.present_proof.definition" file="aries_cloudagent/protocols/present_proof/definition.py" line="-1" name="FLAKE8" time="0.046"></testcase><testcase classname="aries_cloudagent.protocols.present_proof.v1_0.__init__" file="aries_cloudagent/protocols/present_proof/v1_0/__init__.py" line="-1" name="FLAKE8" time="0.041"></testcase><testcase classname="aries_cloudagent.protocols.present_proof.v1_0.manager" file="aries_cloudagent/protocols/present_proof/v1_0/manager.py" line="-1" name="FLAKE8" time="0.374"></testcase><testcase classname="aries_cloudagent.protocols.present_proof.v1_0.message_types" file="aries_cloudagent/protocols/present_proof/v1_0/message_types.py" line="-1" name="FLAKE8" time="0.061"></testcase><testcase classname="aries_cloudagent.protocols.present_proof.v1_0.routes" file="aries_cloudagent/protocols/present_proof/v1_0/routes.py" line="-1" name="FLAKE8" time="0.630"></testcase><testcase classname="aries_cloudagent.protocols.present_proof.v1_0.handlers.__init__" file="aries_cloudagent/protocols/present_proof/v1_0/handlers/__init__.py" line="-1" name="FLAKE8" time="0.035"></testcase><testcase classname="aries_cloudagent.protocols.present_proof.v1_0.handlers.presentation_ack_handler" file="aries_cloudagent/protocols/present_proof/v1_0/handlers/presentation_ack_handler.py" line="-1" name="FLAKE8" time="0.073"></testcase><testcase classname="aries_cloudagent.protocols.present_proof.v1_0.handlers.presentation_handler" file="aries_cloudagent/protocols/present_proof/v1_0/handlers/presentation_handler.py" line="-1" name="FLAKE8" time="0.063"></testcase><testcase classname="aries_cloudagent.protocols.present_proof.v1_0.handlers.presentation_proposal_handler" file="aries_cloudagent/protocols/present_proof/v1_0/handlers/presentation_proposal_handler.py" line="-1" name="FLAKE8" time="0.075"></testcase><testcase classname="aries_cloudagent.protocols.present_proof.v1_0.handlers.presentation_request_handler" file="aries_cloudagent/protocols/present_proof/v1_0/handlers/presentation_request_handler.py" line="-1" name="FLAKE8" time="0.101"></testcase><testcase classname="aries_cloudagent.protocols.present_proof.v1_0.handlers.tests.__init__" file="aries_cloudagent/protocols/present_proof/v1_0/handlers/tests/__init__.py" line="-1" name="FLAKE8" time="0.035"></testcase><testcase classname="aries_cloudagent.protocols.present_proof.v1_0.handlers.tests.test_presentation_ack_handler" file="aries_cloudagent/protocols/present_proof/v1_0/handlers/tests/test_presentation_ack_handler.py" line="-1" name="FLAKE8" time="0.041"></testcase><testcase classname="aries_cloudagent.protocols.present_proof.v1_0.handlers.tests.test_presentation_ack_handler.TestPresentationAckHandler" file="aries_cloudagent/protocols/present_proof/v1_0/handlers/tests/test_presentation_ack_handler.py" line="15" name="test_called" time="0.033"></testcase><testcase classname="aries_cloudagent.protocols.present_proof.v1_0.handlers.tests.test_presentation_ack_handler.TestPresentationAckHandler" file="aries_cloudagent/protocols/present_proof/v1_0/handlers/tests/test_presentation_ack_handler.py" line="35" name="test_called_not_ready" time="0.037"></testcase><testcase classname="aries_cloudagent.protocols.present_proof.v1_0.handlers.tests.test_presentation_handler" file="aries_cloudagent/protocols/present_proof/v1_0/handlers/tests/test_presentation_handler.py" line="-1" name="FLAKE8" time="0.039"></testcase><testcase classname="aries_cloudagent.protocols.present_proof.v1_0.handlers.tests.test_presentation_handler.TestPresentationHandler" file="aries_cloudagent/protocols/present_proof/v1_0/handlers/tests/test_presentation_handler.py" line="15" name="test_called" time="0.034"></testcase><testcase classname="aries_cloudagent.protocols.present_proof.v1_0.handlers.tests.test_presentation_handler.TestPresentationHandler" file="aries_cloudagent/protocols/present_proof/v1_0/handlers/tests/test_presentation_handler.py" line="34" name="test_called_auto_verify" time="0.038"></testcase><testcase classname="aries_cloudagent.protocols.present_proof.v1_0.handlers.tests.test_presentation_proposal_handler" file="aries_cloudagent/protocols/present_proof/v1_0/handlers/tests/test_presentation_proposal_handler.py" line="-1" name="FLAKE8" time="0.039"></testcase><testcase classname="aries_cloudagent.protocols.present_proof.v1_0.handlers.tests.test_presentation_proposal_handler.TestPresentationProposalHandler" file="aries_cloudagent/protocols/present_proof/v1_0/handlers/tests/test_presentation_proposal_handler.py" line="15" name="test_called" time="0.033"></testcase><testcase classname="aries_cloudagent.protocols.present_proof.v1_0.handlers.tests.test_presentation_proposal_handler.TestPresentationProposalHandler" file="aries_cloudagent/protocols/present_proof/v1_0/handlers/tests/test_presentation_proposal_handler.py" line="36" name="test_called_auto_request" time="0.029"></testcase><testcase classname="aries_cloudagent.protocols.present_proof.v1_0.handlers.tests.test_presentation_proposal_handler.TestPresentationProposalHandler" file="aries_cloudagent/protocols/present_proof/v1_0/handlers/tests/test_presentation_proposal_handler.py" line="74" name="test_called_not_ready" time="0.031"></testcase><testcase classname="aries_cloudagent.protocols.present_proof.v1_0.handlers.tests.test_presentation_request_handler" file="aries_cloudagent/protocols/present_proof/v1_0/handlers/tests/test_presentation_request_handler.py" line="-1" name="FLAKE8" time="0.040"></testcase><testcase classname="aries_cloudagent.protocols.present_proof.v1_0.handlers.tests.test_presentation_request_handler.TestPresentationRequestHandler" file="aries_cloudagent/protocols/present_proof/v1_0/handlers/tests/test_presentation_request_handler.py" line="22" name="test_called" time="0.200"></testcase><testcase classname="aries_cloudagent.protocols.present_proof.v1_0.handlers.tests.test_presentation_request_handler.TestPresentationRequestHandler" file="aries_cloudagent/protocols/present_proof/v1_0/handlers/tests/test_presentation_request_handler.py" line="95" name="test_called_auto_present" time="0.147"></testcase><testcase classname="aries_cloudagent.protocols.present_proof.v1_0.handlers.tests.test_presentation_request_handler.TestPresentationRequestHandler" file="aries_cloudagent/protocols/present_proof/v1_0/handlers/tests/test_presentation_request_handler.py" line="595" name="test_called_auto_present_bait_and_switch" time="0.118"></testcase><testcase classname="aries_cloudagent.protocols.present_proof.v1_0.handlers.tests.test_presentation_request_handler.TestPresentationRequestHandler" file="aries_cloudagent/protocols/present_proof/v1_0/handlers/tests/test_presentation_request_handler.py" line="471" name="test_called_auto_present_multi_cred_match_reft" time="0.117"></testcase><testcase classname="aries_cloudagent.protocols.present_proof.v1_0.handlers.tests.test_presentation_request_handler.TestPresentationRequestHandler" file="aries_cloudagent/protocols/present_proof/v1_0/handlers/tests/test_presentation_request_handler.py" line="185" name="test_called_auto_present_no_preview" time="0.112"></testcase><testcase classname="aries_cloudagent.protocols.present_proof.v1_0.handlers.tests.test_presentation_request_handler.TestPresentationRequestHandler" file="aries_cloudagent/protocols/present_proof/v1_0/handlers/tests/test_presentation_request_handler.py" line="398" name="test_called_auto_present_pred_multi_match" time="0.116"></testcase><testcase classname="aries_cloudagent.protocols.present_proof.v1_0.handlers.tests.test_presentation_request_handler.TestPresentationRequestHandler" file="aries_cloudagent/protocols/present_proof/v1_0/handlers/tests/test_presentation_request_handler.py" line="264" name="test_called_auto_present_pred_no_match" time="0.114"></testcase><testcase classname="aries_cloudagent.protocols.present_proof.v1_0.handlers.tests.test_presentation_request_handler.TestPresentationRequestHandler" file="aries_cloudagent/protocols/present_proof/v1_0/handlers/tests/test_presentation_request_handler.py" line="328" name="test_called_auto_present_pred_single_match" time="0.133"></testcase><testcase classname="aries_cloudagent.protocols.present_proof.v1_0.handlers.tests.test_presentation_request_handler.TestPresentationRequestHandler" file="aries_cloudagent/protocols/present_proof/v1_0/handlers/tests/test_presentation_request_handler.py" line="58" name="test_called_not_found" time="0.100"></testcase><testcase classname="aries_cloudagent.protocols.present_proof.v1_0.handlers.tests.test_presentation_request_handler.TestPresentationRequestHandler" file="aries_cloudagent/protocols/present_proof/v1_0/handlers/tests/test_presentation_request_handler.py" line="697" name="test_called_not_ready" time="0.033"></testcase><testcase classname="aries_cloudagent.protocols.present_proof.v1_0.messages.__init__" file="aries_cloudagent/protocols/present_proof/v1_0/messages/__init__.py" line="-1" name="FLAKE8" time="0.052"></testcase><testcase classname="aries_cloudagent.protocols.present_proof.v1_0.messages.presentation" file="aries_cloudagent/protocols/present_proof/v1_0/messages/presentation.py" line="-1" name="FLAKE8" time="0.075"></testcase><testcase classname="aries_cloudagent.protocols.present_proof.v1_0.messages.presentation_ack" file="aries_cloudagent/protocols/present_proof/v1_0/messages/presentation_ack.py" line="-1" name="FLAKE8" time="0.058"></testcase><testcase classname="aries_cloudagent.protocols.present_proof.v1_0.messages.presentation_proposal" file="aries_cloudagent/protocols/present_proof/v1_0/messages/presentation_proposal.py" line="-1" name="FLAKE8" time="0.071"></testcase><testcase classname="aries_cloudagent.protocols.present_proof.v1_0.messages.presentation_request" file="aries_cloudagent/protocols/present_proof/v1_0/messages/presentation_request.py" line="-1" name="FLAKE8" time="0.080"></testcase><testcase classname="aries_cloudagent.protocols.present_proof.v1_0.messages.inner.__init__" file="aries_cloudagent/protocols/present_proof/v1_0/messages/inner/__init__.py" line="-1" name="FLAKE8" time="0.035"></testcase><testcase classname="aries_cloudagent.protocols.present_proof.v1_0.messages.inner.presentation_preview" file="aries_cloudagent/protocols/present_proof/v1_0/messages/inner/presentation_preview.py" line="-1" name="FLAKE8" time="0.278"></testcase><testcase classname="aries_cloudagent.protocols.present_proof.v1_0.messages.inner.tests.__init__" file="aries_cloudagent/protocols/present_proof/v1_0/messages/inner/tests/__init__.py" line="-1" name="FLAKE8" time="0.037"></testcase><testcase classname="aries_cloudagent.protocols.present_proof.v1_0.messages.inner.tests.test_presentation_preview" file="aries_cloudagent/protocols/present_proof/v1_0/messages/inner/tests/test_presentation_preview.py" line="-1" name="FLAKE8" time="0.038"></testcase><testcase classname="aries_cloudagent.protocols.present_proof.v1_0.messages.inner.tests.test_presentation_preview.TestPresAttrSpec" file="aries_cloudagent/protocols/present_proof/v1_0/messages/inner/tests/test_presentation_preview.py" line="239" name="test_deserialize" time="0.002"></testcase><testcase classname="aries_cloudagent.protocols.present_proof.v1_0.messages.inner.tests.test_presentation_preview.TestPresAttrSpec" file="aries_cloudagent/protocols/present_proof/v1_0/messages/inner/tests/test_presentation_preview.py" line="206" name="test_eq" time="0.001"></testcase><testcase classname="aries_cloudagent.protocols.present_proof.v1_0.messages.inner.tests.test_presentation_preview.TestPresAttrSpec" file="aries_cloudagent/protocols/present_proof/v1_0/messages/inner/tests/test_presentation_preview.py" line="163" name="test_list_plain" time="0.002"></testcase><testcase classname="aries_cloudagent.protocols.present_proof.v1_0.messages.inner.tests.test_presentation_preview.TestPresAttrSpec" file="aries_cloudagent/protocols/present_proof/v1_0/messages/inner/tests/test_presentation_preview.py" line="180" name="test_list_plain_share_referent" time="0.001"></testcase><testcase classname="aries_cloudagent.protocols.present_proof.v1_0.messages.inner.tests.test_presentation_preview.TestPresAttrSpec" file="aries_cloudagent/protocols/present_proof/v1_0/messages/inner/tests/test_presentation_preview.py" line="148" name="test_posture" time="0.001"></testcase><testcase classname="aries_cloudagent.protocols.present_proof.v1_0.messages.inner.tests.test_presentation_preview.TestPresAttrSpec" file="aries_cloudagent/protocols/present_proof/v1_0/messages/inner/tests/test_presentation_preview.py" line="266" name="test_serialize" time="0.002"></testcase><testcase classname="aries_cloudagent.protocols.present_proof.v1_0.messages.inner.tests.test_presentation_preview.TestPredicate" file="aries_cloudagent/protocols/present_proof/v1_0/messages/inner/tests/test_presentation_preview.py" line="296" name="test_cmp" time="0.001"></testcase><testcase classname="aries_cloudagent.protocols.present_proof.v1_0.messages.inner.tests.test_presentation_preview.TestPredicate" file="aries_cloudagent/protocols/present_proof/v1_0/messages/inner/tests/test_presentation_preview.py" line="288" name="test_get" time="0.001"></testcase><testcase classname="aries_cloudagent.protocols.present_proof.v1_0.messages.inner.tests.test_presentation_preview.TestPresPredSpec" file="aries_cloudagent/protocols/present_proof/v1_0/messages/inner/tests/test_presentation_preview.py" line="330" name="test_deserialize" time="0.001"></testcase><testcase classname="aries_cloudagent.protocols.present_proof.v1_0.messages.inner.tests.test_presentation_preview.TestPresPredSpec" file="aries_cloudagent/protocols/present_proof/v1_0/messages/inner/tests/test_presentation_preview.py" line="356" name="test_eq" time="0.001"></testcase><testcase classname="aries_cloudagent.protocols.present_proof.v1_0.messages.inner.tests.test_presentation_preview.TestPresPredSpec" file="aries_cloudagent/protocols/present_proof/v1_0/messages/inner/tests/test_presentation_preview.py" line="345" name="test_serialize" time="0.001"></testcase><testcase classname="aries_cloudagent.protocols.present_proof.v1_0.messages.inner.tests.test_presentation_preview.TestPresentationPreviewAsync" file="aries_cloudagent/protocols/present_proof/v1_0/messages/inner/tests/test_presentation_preview.py" line="497" name="test_satisfaction" time="0.001"><skipped message="test requires Indy support" type="pytest.skip">/usr/src/app/conftest.py:63: test requires Indy support</skipped></testcase><testcase classname="aries_cloudagent.protocols.present_proof.v1_0.messages.inner.tests.test_presentation_preview.TestPresentationPreviewAsync" file="aries_cloudagent/protocols/present_proof/v1_0/messages/inner/tests/test_presentation_preview.py" line="394" name="test_to_indy_proof_request" time="0.001"><skipped message="test requires Indy support" type="pytest.skip">/usr/src/app/conftest.py:63: test requires Indy support</skipped></testcase><testcase classname="aries_cloudagent.protocols.present_proof.v1_0.messages.inner.tests.test_presentation_preview.TestPresentationPreviewAsync" file="aries_cloudagent/protocols/present_proof/v1_0/messages/inner/tests/test_presentation_preview.py" line="404" name="test_to_indy_proof_request_attr_names" time="0.001"><skipped message="test requires Indy support" type="pytest.skip">/usr/src/app/conftest.py:63: test requires Indy support</skipped></testcase><testcase classname="aries_cloudagent.protocols.present_proof.v1_0.messages.inner.tests.test_presentation_preview.TestPresentationPreviewAsync" file="aries_cloudagent/protocols/present_proof/v1_0/messages/inner/tests/test_presentation_preview.py" line="461" name="test_to_indy_proof_request_revo" time="0.001"><skipped message="test requires Indy support" type="pytest.skip">/usr/src/app/conftest.py:63: test requires Indy support</skipped></testcase><testcase classname="aries_cloudagent.protocols.present_proof.v1_0.messages.inner.tests.test_presentation_preview.TestPresentationPreviewAsync" file="aries_cloudagent/protocols/present_proof/v1_0/messages/inner/tests/test_presentation_preview.py" line="430" name="test_to_indy_proof_request_revo_default_interval" time="0.001"><skipped message="test requires Indy support" type="pytest.skip">/usr/src/app/conftest.py:63: test requires Indy support</skipped></testcase><testcase classname="aries_cloudagent.protocols.present_proof.v1_0.messages.inner.tests.test_presentation_preview.TestPresentationPreviewAsync" file="aries_cloudagent/protocols/present_proof/v1_0/messages/inner/tests/test_presentation_preview.py" line="414" name="test_to_indy_proof_request_self_attested" time="0.001"><skipped message="test requires Indy support" type="pytest.skip">/usr/src/app/conftest.py:63: test requires Indy support</skipped></testcase><testcase classname="aries_cloudagent.protocols.present_proof.v1_0.messages.inner.tests.test_presentation_preview.TestPresentationPreview" file="aries_cloudagent/protocols/present_proof/v1_0/messages/inner/tests/test_presentation_preview.py" line="534" name="test_deserialize" time="0.001"><skipped message="test requires Indy support" type="pytest.skip">/usr/src/app/conftest.py:63: test requires Indy support</skipped></testcase><testcase classname="aries_cloudagent.protocols.present_proof.v1_0.messages.inner.tests.test_presentation_preview.TestPresentationPreview" file="aries_cloudagent/protocols/present_proof/v1_0/messages/inner/tests/test_presentation_preview.py" line="593" name="test_eq" time="0.000"><skipped message="test requires Indy support" type="pytest.skip">/usr/src/app/conftest.py:63: test requires Indy support</skipped></testcase><testcase classname="aries_cloudagent.protocols.present_proof.v1_0.messages.inner.tests.test_presentation_preview.TestPresentationPreview" file="aries_cloudagent/protocols/present_proof/v1_0/messages/inner/tests/test_presentation_preview.py" line="522" name="test_init" time="0.000"><skipped message="test requires Indy support" type="pytest.skip">/usr/src/app/conftest.py:63: test requires Indy support</skipped></testcase><testcase classname="aries_cloudagent.protocols.present_proof.v1_0.messages.inner.tests.test_presentation_preview.TestPresentationPreview" file="aries_cloudagent/protocols/present_proof/v1_0/messages/inner/tests/test_presentation_preview.py" line="564" name="test_serialize" time="0.001"><skipped message="test requires Indy support" type="pytest.skip">/usr/src/app/conftest.py:63: test requires Indy support</skipped></testcase><testcase classname="aries_cloudagent.protocols.present_proof.v1_0.messages.inner.tests.test_presentation_preview.TestPresentationPreview" file="aries_cloudagent/protocols/present_proof/v1_0/messages/inner/tests/test_presentation_preview.py" line="530" name="test_type" time="0.001"><skipped message="test requires Indy support" type="pytest.skip">/usr/src/app/conftest.py:63: test requires Indy support</skipped></testcase><testcase classname="aries_cloudagent.protocols.present_proof.v1_0.messages.tests.__init__" file="aries_cloudagent/protocols/present_proof/v1_0/messages/tests/__init__.py" line="-1" name="FLAKE8" time="0.041"></testcase><testcase classname="aries_cloudagent.protocols.present_proof.v1_0.messages.tests.test_presentation" file="aries_cloudagent/protocols/present_proof/v1_0/messages/tests/test_presentation.py" line="-1" name="FLAKE8" time="0.040"></testcase><testcase classname="aries_cloudagent.protocols.present_proof.v1_0.messages.tests.test_presentation.TestPresentation" file="aries_cloudagent/protocols/present_proof/v1_0/messages/tests/test_presentation.py" line="1684" name="test_deserialize" time="0.006"></testcase><testcase classname="aries_cloudagent.protocols.present_proof.v1_0.messages.tests.test_presentation.TestPresentation" file="aries_cloudagent/protocols/present_proof/v1_0/messages/tests/test_presentation.py" line="1675" name="test_init" time="0.001"></testcase><testcase classname="aries_cloudagent.protocols.present_proof.v1_0.messages.tests.test_presentation.TestPresentation" file="aries_cloudagent/protocols/present_proof/v1_0/messages/tests/test_presentation.py" line="1702" name="test_serialize" time="0.005"></testcase><testcase classname="aries_cloudagent.protocols.present_proof.v1_0.messages.tests.test_presentation.TestPresentation" file="aries_cloudagent/protocols/present_proof/v1_0/messages/tests/test_presentation.py" line="1680" name="test_type" time="0.001"></testcase><testcase classname="aries_cloudagent.protocols.present_proof.v1_0.messages.tests.test_presentation.TestPresentationSchema" file="aries_cloudagent/protocols/present_proof/v1_0/messages/tests/test_presentation.py" line="1722" name="test_make_model" time="0.003"></testcase><testcase classname="aries_cloudagent.protocols.present_proof.v1_0.messages.tests.test_presentation_ack" file="aries_cloudagent/protocols/present_proof/v1_0/messages/tests/test_presentation_ack.py" line="-1" name="FLAKE8" time="0.038"></testcase><testcase classname="aries_cloudagent.protocols.present_proof.v1_0.messages.tests.test_presentation_ack.TestPresentationAck" file="aries_cloudagent/protocols/present_proof/v1_0/messages/tests/test_presentation_ack.py" line="25" name="test_deserialize" time="0.001"></testcase><testcase classname="aries_cloudagent.protocols.present_proof.v1_0.messages.tests.test_presentation_ack.TestPresentationAck" file="aries_cloudagent/protocols/present_proof/v1_0/messages/tests/test_presentation_ack.py" line="15" name="test_init" time="0.001"></testcase><testcase classname="aries_cloudagent.protocols.present_proof.v1_0.messages.tests.test_presentation_ack.TestPresentationAck" file="aries_cloudagent/protocols/present_proof/v1_0/messages/tests/test_presentation_ack.py" line="34" name="test_serialize" time="0.001"></testcase><testcase classname="aries_cloudagent.protocols.present_proof.v1_0.messages.tests.test_presentation_ack.TestPresentationAck" file="aries_cloudagent/protocols/present_proof/v1_0/messages/tests/test_presentation_ack.py" line="20" name="test_type" time="0.001"></testcase><testcase classname="aries_cloudagent.protocols.present_proof.v1_0.messages.tests.test_presentation_ack.TestPresentationAckSchema" file="aries_cloudagent/protocols/present_proof/v1_0/messages/tests/test_presentation_ack.py" line="48" name="test_make_model" time="0.002"></testcase><testcase classname="aries_cloudagent.protocols.present_proof.v1_0.messages.tests.test_presentation_proposal" file="aries_cloudagent/protocols/present_proof/v1_0/messages/tests/test_presentation_proposal.py" line="-1" name="FLAKE8" time="0.035"></testcase><testcase classname="aries_cloudagent.protocols.present_proof.v1_0.messages.tests.test_presentation_proposal.TestPresentationProposal" file="aries_cloudagent/protocols/present_proof/v1_0/messages/tests/test_presentation_proposal.py" line="49" name="test_deserialize" time="0.005"></testcase><testcase classname="aries_cloudagent.protocols.present_proof.v1_0.messages.tests.test_presentation_proposal.TestPresentationProposal" file="aries_cloudagent/protocols/present_proof/v1_0/messages/tests/test_presentation_proposal.py" line="33" name="test_init" time="0.001"></testcase><testcase classname="aries_cloudagent.protocols.present_proof.v1_0.messages.tests.test_presentation_proposal.TestPresentationProposal" file="aries_cloudagent/protocols/present_proof/v1_0/messages/tests/test_presentation_proposal.py" line="60" name="test_serialize" time="0.004"></testcase><testcase classname="aries_cloudagent.protocols.present_proof.v1_0.messages.tests.test_presentation_proposal.TestPresentationProposal" file="aries_cloudagent/protocols/present_proof/v1_0/messages/tests/test_presentation_proposal.py" line="40" name="test_type" time="0.001"></testcase><testcase classname="aries_cloudagent.protocols.present_proof.v1_0.messages.tests.test_presentation_proposal.TestPresentationProposalSchema" file="aries_cloudagent/protocols/present_proof/v1_0/messages/tests/test_presentation_proposal.py" line="84" name="test_make_model" time="0.004"></testcase><testcase classname="aries_cloudagent.protocols.present_proof.v1_0.messages.tests.test_presentation_request" file="aries_cloudagent/protocols/present_proof/v1_0/messages/tests/test_presentation_request.py" line="-1" name="FLAKE8" time="0.040"></testcase><testcase classname="aries_cloudagent.protocols.present_proof.v1_0.messages.tests.test_presentation_request.TestPresentationRequest" file="aries_cloudagent/protocols/present_proof/v1_0/messages/tests/test_presentation_request.py" line="90" name="test_deserialize" time="0.004"></testcase><testcase classname="aries_cloudagent.protocols.present_proof.v1_0.messages.tests.test_presentation_request.TestPresentationRequest" file="aries_cloudagent/protocols/present_proof/v1_0/messages/tests/test_presentation_request.py" line="81" name="test_init" time="0.001"></testcase><testcase classname="aries_cloudagent.protocols.present_proof.v1_0.messages.tests.test_presentation_request.TestPresentationRequest" file="aries_cloudagent/protocols/present_proof/v1_0/messages/tests/test_presentation_request.py" line="108" name="test_serialize" time="0.003"></testcase><testcase classname="aries_cloudagent.protocols.present_proof.v1_0.messages.tests.test_presentation_request.TestPresentationRequest" file="aries_cloudagent/protocols/present_proof/v1_0/messages/tests/test_presentation_request.py" line="86" name="test_type" time="0.002"></testcase><testcase classname="aries_cloudagent.protocols.present_proof.v1_0.messages.tests.test_presentation_request.TestPresentationRequestSchema" file="aries_cloudagent/protocols/present_proof/v1_0/messages/tests/test_presentation_request.py" line="128" name="test_make_model" time="0.005"></testcase><testcase classname="aries_cloudagent.protocols.present_proof.v1_0.models.__init__" file="aries_cloudagent/protocols/present_proof/v1_0/models/__init__.py" line="-1" name="FLAKE8" time="0.041"></testcase><testcase classname="aries_cloudagent.protocols.present_proof.v1_0.models.presentation_exchange" file="aries_cloudagent/protocols/present_proof/v1_0/models/presentation_exchange.py" line="-1" name="FLAKE8" time="0.147"></testcase><testcase classname="aries_cloudagent.protocols.present_proof.v1_0.models.tests.__init__" file="aries_cloudagent/protocols/present_proof/v1_0/models/tests/__init__.py" line="-1" name="FLAKE8" time="0.037"></testcase><testcase classname="aries_cloudagent.protocols.present_proof.v1_0.models.tests.test_record" file="aries_cloudagent/protocols/present_proof/v1_0/models/tests/test_record.py" line="-1" name="FLAKE8" time="0.038"></testcase><testcase classname="aries_cloudagent.protocols.present_proof.v1_0.models.tests.test_record.TestRecord" file="aries_cloudagent/protocols/present_proof/v1_0/models/tests/test_record.py" line="21" name="test_record" time="0.001"></testcase><testcase classname="aries_cloudagent.protocols.present_proof.v1_0.tests.__init__" file="aries_cloudagent/protocols/present_proof/v1_0/tests/__init__.py" line="-1" name="FLAKE8" time="0.036"></testcase><testcase classname="aries_cloudagent.protocols.present_proof.v1_0.tests.test_manager" file="aries_cloudagent/protocols/present_proof/v1_0/tests/test_manager.py" line="-1" name="FLAKE8" time="0.040"></testcase><testcase classname="aries_cloudagent.protocols.present_proof.v1_0.tests.test_manager.TestPresentationManager" file="aries_cloudagent/protocols/present_proof/v1_0/tests/test_manager.py" line="250" name="test_create_bound_request" time="0.018"></testcase><testcase classname="aries_cloudagent.protocols.present_proof.v1_0.tests.test_manager.TestPresentationManager" file="aries_cloudagent/protocols/present_proof/v1_0/tests/test_manager.py" line="213" name="test_create_exchange_for_proposal" time="0.015"></testcase><testcase classname="aries_cloudagent.protocols.present_proof.v1_0.tests.test_manager.TestPresentationManager" file="aries_cloudagent/protocols/present_proof/v1_0/tests/test_manager.py" line="269" name="test_create_exchange_for_request" time="0.017"></testcase><testcase classname="aries_cloudagent.protocols.present_proof.v1_0.tests.test_manager.TestPresentationManager" file="aries_cloudagent/protocols/present_proof/v1_0/tests/test_manager.py" line="306" name="test_create_presentation" time="0.064"></testcase><testcase classname="aries_cloudagent.protocols.present_proof.v1_0.tests.test_manager.TestPresentationManager" file="aries_cloudagent/protocols/present_proof/v1_0/tests/test_manager.py" line="550" name="test_create_presentation_bad_revoc_state" time="0.062"></testcase><testcase classname="aries_cloudagent.protocols.present_proof.v1_0.tests.test_manager.TestPresentationManager" file="aries_cloudagent/protocols/present_proof/v1_0/tests/test_manager.py" line="626" name="test_create_presentation_multi_matching_proposal_creds_names" time="0.066"></testcase><testcase classname="aries_cloudagent.protocols.present_proof.v1_0.tests.test_manager.TestPresentationManager" file="aries_cloudagent/protocols/present_proof/v1_0/tests/test_manager.py" line="472" name="test_create_presentation_no_revocation" time="0.048"></testcase><testcase classname="aries_cloudagent.protocols.present_proof.v1_0.tests.test_manager.TestPresentationManager" file="aries_cloudagent/protocols/present_proof/v1_0/tests/test_manager.py" line="355" name="test_create_presentation_proof_req_non_revoc_interval_none" time="0.061"></testcase><testcase classname="aries_cloudagent.protocols.present_proof.v1_0.tests.test_manager.TestPresentationManager" file="aries_cloudagent/protocols/present_proof/v1_0/tests/test_manager.py" line="405" name="test_create_presentation_self_asserted" time="0.059"></testcase><testcase classname="aries_cloudagent.protocols.present_proof.v1_0.tests.test_manager.TestPresentationManager" file="aries_cloudagent/protocols/present_proof/v1_0/tests/test_manager.py" line="727" name="test_no_matching_creds_for_proof_req" time="0.012"></testcase><testcase classname="aries_cloudagent.protocols.present_proof.v1_0.tests.test_manager.TestPresentationManager" file="aries_cloudagent/protocols/present_proof/v1_0/tests/test_manager.py" line="757" name="test_receive_presentation" time="0.021"></testcase><testcase classname="aries_cloudagent.protocols.present_proof.v1_0.tests.test_manager.TestPresentationManager" file="aries_cloudagent/protocols/present_proof/v1_0/tests/test_manager.py" line="1011" name="test_receive_presentation_ack" time="0.013"></testcase><testcase classname="aries_cloudagent.protocols.present_proof.v1_0.tests.test_manager.TestPresentationManager" file="aries_cloudagent/protocols/present_proof/v1_0/tests/test_manager.py" line="846" name="test_receive_presentation_bait_and_switch" time="0.017"></testcase><testcase classname="aries_cloudagent.protocols.present_proof.v1_0.tests.test_manager.TestPresentationManager" file="aries_cloudagent/protocols/present_proof/v1_0/tests/test_manager.py" line="930" name="test_receive_presentation_connection_less" time="0.015"></testcase><testcase classname="aries_cloudagent.protocols.present_proof.v1_0.tests.test_manager.TestPresentationManager" file="aries_cloudagent/protocols/present_proof/v1_0/tests/test_manager.py" line="235" name="test_receive_proposal" time="0.012"></testcase><testcase classname="aries_cloudagent.protocols.present_proof.v1_0.tests.test_manager.TestPresentationManager" file="aries_cloudagent/protocols/present_proof/v1_0/tests/test_manager.py" line="289" name="test_receive_request" time="0.014"></testcase><testcase classname="aries_cloudagent.protocols.present_proof.v1_0.tests.test_manager.TestPresentationManager" file="aries_cloudagent/protocols/present_proof/v1_0/tests/test_manager.py" line="180" name="test_record_eq" time="0.009"></testcase><testcase classname="aries_cloudagent.protocols.present_proof.v1_0.tests.test_manager.TestPresentationManager" file="aries_cloudagent/protocols/present_proof/v1_0/tests/test_manager.py" line="991" name="test_send_presentation_ack" time="0.009"></testcase><testcase classname="aries_cloudagent.protocols.present_proof.v1_0.tests.test_manager.TestPresentationManager" file="aries_cloudagent/protocols/present_proof/v1_0/tests/test_manager.py" line="1003" name="test_send_presentation_ack_no_responder" time="0.009"></testcase><testcase classname="aries_cloudagent.protocols.present_proof.v1_0.tests.test_manager.TestPresentationManager" file="aries_cloudagent/protocols/present_proof/v1_0/tests/test_manager.py" line="950" name="test_verify_presentation" time="0.016"></testcase><testcase classname="aries_cloudagent.protocols.present_proof.v1_0.tests.test_manager.TestPresentationManager" file="aries_cloudagent/protocols/present_proof/v1_0/tests/test_manager.py" line="964" name="test_verify_presentation_with_revocation" time="0.133"></testcase><testcase classname="aries_cloudagent.protocols.present_proof.v1_0.tests.test_routes" file="aries_cloudagent/protocols/present_proof/v1_0/tests/test_routes.py" line="-1" name="FLAKE8" time="0.038"></testcase><testcase classname="aries_cloudagent.protocols.present_proof.v1_0.tests.test_routes.TestProofRoutes" file="aries_cloudagent/protocols/present_proof/v1_0/tests/test_routes.py" line="1574" name="test_post_process_routes" time="0.002"></testcase><testcase classname="aries_cloudagent.protocols.present_proof.v1_0.tests.test_routes.TestProofRoutes" file="aries_cloudagent/protocols/present_proof/v1_0/tests/test_routes.py" line="450" name="test_presentation_exchange_create_request" time="0.258"></testcase><testcase classname="aries_cloudagent.protocols.present_proof.v1_0.tests.test_routes.TestProofRoutes" file="aries_cloudagent/protocols/present_proof/v1_0/tests/test_routes.py" line="506" name="test_presentation_exchange_create_request_x" time="0.230"></testcase><testcase classname="aries_cloudagent.protocols.present_proof.v1_0.tests.test_routes.TestProofRoutes" file="aries_cloudagent/protocols/present_proof/v1_0/tests/test_routes.py" line="209" name="test_presentation_exchange_credentials_list_multiple_referents" time="0.080"></testcase><testcase classname="aries_cloudagent.protocols.present_proof.v1_0.tests.test_routes.TestProofRoutes" file="aries_cloudagent/protocols/present_proof/v1_0/tests/test_routes.py" line="113" name="test_presentation_exchange_credentials_list_not_found" time="0.080"></testcase><testcase classname="aries_cloudagent.protocols.present_proof.v1_0.tests.test_routes.TestProofRoutes" file="aries_cloudagent/protocols/present_proof/v1_0/tests/test_routes.py" line="172" name="test_presentation_exchange_credentials_list_single_referent" time="0.079"></testcase><testcase classname="aries_cloudagent.protocols.present_proof.v1_0.tests.test_routes.TestProofRoutes" file="aries_cloudagent/protocols/present_proof/v1_0/tests/test_routes.py" line="137" name="test_presentation_exchange_credentials_x" time="0.086"></testcase><testcase classname="aries_cloudagent.protocols.present_proof.v1_0.tests.test_routes.TestProofRoutes" file="aries_cloudagent/protocols/present_proof/v1_0/tests/test_routes.py" line="49" name="test_presentation_exchange_list" time="0.072"></testcase><testcase classname="aries_cloudagent.protocols.present_proof.v1_0.tests.test_routes.TestProofRoutes" file="aries_cloudagent/protocols/present_proof/v1_0/tests/test_routes.py" line="85" name="test_presentation_exchange_list_x" time="0.074"></testcase><testcase classname="aries_cloudagent.protocols.present_proof.v1_0.tests.test_routes.TestProofRoutes" file="aries_cloudagent/protocols/present_proof/v1_0/tests/test_routes.py" line="1483" name="test_presentation_exchange_remove" time="0.087"></testcase><testcase classname="aries_cloudagent.protocols.present_proof.v1_0.tests.test_routes.TestProofRoutes" file="aries_cloudagent/protocols/present_proof/v1_0/tests/test_routes.py" line="1513" name="test_presentation_exchange_remove_not_found" time="0.220"></testcase><testcase classname="aries_cloudagent.protocols.present_proof.v1_0.tests.test_routes.TestProofRoutes" file="aries_cloudagent/protocols/present_proof/v1_0/tests/test_routes.py" line="1538" name="test_presentation_exchange_remove_x" time="0.088"></testcase><testcase classname="aries_cloudagent.protocols.present_proof.v1_0.tests.test_routes.TestProofRoutes" file="aries_cloudagent/protocols/present_proof/v1_0/tests/test_routes.py" line="249" name="test_presentation_exchange_retrieve" time="0.073"></testcase><testcase classname="aries_cloudagent.protocols.present_proof.v1_0.tests.test_routes.TestProofRoutes" file="aries_cloudagent/protocols/present_proof/v1_0/tests/test_routes.py" line="278" name="test_presentation_exchange_retrieve_not_found" time="0.078"></testcase><testcase classname="aries_cloudagent.protocols.present_proof.v1_0.tests.test_routes.TestProofRoutes" file="aries_cloudagent/protocols/present_proof/v1_0/tests/test_routes.py" line="302" name="test_presentation_exchange_retrieve_ser_x" time="0.087"></testcase><testcase classname="aries_cloudagent.protocols.present_proof.v1_0.tests.test_routes.TestProofRoutes" file="aries_cloudagent/protocols/present_proof/v1_0/tests/test_routes.py" line="726" name="test_presentation_exchange_send_bound_request" time="0.317"></testcase><testcase classname="aries_cloudagent.protocols.present_proof.v1_0.tests.test_routes.TestProofRoutes" file="aries_cloudagent/protocols/present_proof/v1_0/tests/test_routes.py" line="909" name="test_presentation_exchange_send_bound_request_bad_state" time="0.083"></testcase><testcase classname="aries_cloudagent.protocols.present_proof.v1_0.tests.test_routes.TestProofRoutes" file="aries_cloudagent/protocols/present_proof/v1_0/tests/test_routes.py" line="803" name="test_presentation_exchange_send_bound_request_not_found" time="0.288"></testcase><testcase classname="aries_cloudagent.protocols.present_proof.v1_0.tests.test_routes.TestProofRoutes" file="aries_cloudagent/protocols/present_proof/v1_0/tests/test_routes.py" line="855" name="test_presentation_exchange_send_bound_request_not_ready" time="0.410"></testcase><testcase classname="aries_cloudagent.protocols.present_proof.v1_0.tests.test_routes.TestProofRoutes" file="aries_cloudagent/protocols/present_proof/v1_0/tests/test_routes.py" line="940" name="test_presentation_exchange_send_bound_request_x" time="0.313"></testcase><testcase classname="aries_cloudagent.protocols.present_proof.v1_0.tests.test_routes.TestProofRoutes" file="aries_cloudagent/protocols/present_proof/v1_0/tests/test_routes.py" line="552" name="test_presentation_exchange_send_free_request" time="0.301"></testcase><testcase classname="aries_cloudagent.protocols.present_proof.v1_0.tests.test_routes.TestProofRoutes" file="aries_cloudagent/protocols/present_proof/v1_0/tests/test_routes.py" line="617" name="test_presentation_exchange_send_free_request_not_found" time="0.100"></testcase><testcase classname="aries_cloudagent.protocols.present_proof.v1_0.tests.test_routes.TestProofRoutes" file="aries_cloudagent/protocols/present_proof/v1_0/tests/test_routes.py" line="639" name="test_presentation_exchange_send_free_request_not_ready" time="0.099"></testcase><testcase classname="aries_cloudagent.protocols.present_proof.v1_0.tests.test_routes.TestProofRoutes" file="aries_cloudagent/protocols/present_proof/v1_0/tests/test_routes.py" line="665" name="test_presentation_exchange_send_free_request_x" time="0.438"></testcase><testcase classname="aries_cloudagent.protocols.present_proof.v1_0.tests.test_routes.TestProofRoutes" file="aries_cloudagent/protocols/present_proof/v1_0/tests/test_routes.py" line="1005" name="test_presentation_exchange_send_presentation" time="0.221"></testcase><testcase classname="aries_cloudagent.protocols.present_proof.v1_0.tests.test_routes.TestProofRoutes" file="aries_cloudagent/protocols/present_proof/v1_0/tests/test_routes.py" line="1171" name="test_presentation_exchange_send_presentation_bad_state" time="0.085"></testcase><testcase classname="aries_cloudagent.protocols.present_proof.v1_0.tests.test_routes.TestProofRoutes" file="aries_cloudagent/protocols/present_proof/v1_0/tests/test_routes.py" line="1076" name="test_presentation_exchange_send_presentation_not_found" time="0.285"></testcase><testcase classname="aries_cloudagent.protocols.present_proof.v1_0.tests.test_routes.TestProofRoutes" file="aries_cloudagent/protocols/present_proof/v1_0/tests/test_routes.py" line="1123" name="test_presentation_exchange_send_presentation_not_ready" time="0.289"></testcase><testcase classname="aries_cloudagent.protocols.present_proof.v1_0.tests.test_routes.TestProofRoutes" file="aries_cloudagent/protocols/present_proof/v1_0/tests/test_routes.py" line="1196" name="test_presentation_exchange_send_presentation_x" time="0.432"></testcase><testcase classname="aries_cloudagent.protocols.present_proof.v1_0.tests.test_routes.TestProofRoutes" file="aries_cloudagent/protocols/present_proof/v1_0/tests/test_routes.py" line="331" name="test_presentation_exchange_send_proposal" time="0.172"></testcase><testcase classname="aries_cloudagent.protocols.present_proof.v1_0.tests.test_routes.TestProofRoutes" file="aries_cloudagent/protocols/present_proof/v1_0/tests/test_routes.py" line="368" name="test_presentation_exchange_send_proposal_no_conn_record" time="0.096"></testcase><testcase classname="aries_cloudagent.protocols.present_proof.v1_0.tests.test_routes.TestProofRoutes" file="aries_cloudagent/protocols/present_proof/v1_0/tests/test_routes.py" line="392" name="test_presentation_exchange_send_proposal_not_ready" time="0.171"></testcase><testcase classname="aries_cloudagent.protocols.present_proof.v1_0.tests.test_routes.TestProofRoutes" file="aries_cloudagent/protocols/present_proof/v1_0/tests/test_routes.py" line="420" name="test_presentation_exchange_send_proposal_x" time="0.159"></testcase><testcase classname="aries_cloudagent.protocols.present_proof.v1_0.tests.test_routes.TestProofRoutes" file="aries_cloudagent/protocols/present_proof/v1_0/tests/test_routes.py" line="1262" name="test_presentation_exchange_verify_presentation" time="0.295"></testcase><testcase classname="aries_cloudagent.protocols.present_proof.v1_0.tests.test_routes.TestProofRoutes" file="aries_cloudagent/protocols/present_proof/v1_0/tests/test_routes.py" line="1403" name="test_presentation_exchange_verify_presentation_bad_state" time="0.083"></testcase><testcase classname="aries_cloudagent.protocols.present_proof.v1_0.tests.test_routes.TestProofRoutes" file="aries_cloudagent/protocols/present_proof/v1_0/tests/test_routes.py" line="1322" name="test_presentation_exchange_verify_presentation_not_found" time="0.294"></testcase><testcase classname="aries_cloudagent.protocols.present_proof.v1_0.tests.test_routes.TestProofRoutes" file="aries_cloudagent/protocols/present_proof/v1_0/tests/test_routes.py" line="1366" name="test_presentation_exchange_verify_presentation_not_ready" time="0.170"></testcase><testcase classname="aries_cloudagent.protocols.present_proof.v1_0.tests.test_routes.TestProofRoutes" file="aries_cloudagent/protocols/present_proof/v1_0/tests/test_routes.py" line="1428" name="test_presentation_exchange_verify_presentation_x" time="0.179"></testcase><testcase classname="aries_cloudagent.protocols.present_proof.v1_0.tests.test_routes.TestProofRoutes" file="aries_cloudagent/protocols/present_proof/v1_0/tests/test_routes.py" line="1567" name="test_register" time="0.004"></testcase><testcase classname="aries_cloudagent.protocols.present_proof.v1_0.tests.test_routes.TestProofRoutes" file="aries_cloudagent/protocols/present_proof/v1_0/tests/test_routes.py" line="18" name="test_validate_non_revoked" time="0.002"></testcase><testcase classname="aries_cloudagent.protocols.present_proof.v1_0.tests.test_routes.TestProofRoutes" file="aries_cloudagent/protocols/present_proof/v1_0/tests/test_routes.py" line="26" name="test_validate_proof_req_attr_spec" time="0.005"></testcase><testcase classname="aries_cloudagent.protocols.present_proof.v1_0.util.__init__" file="aries_cloudagent/protocols/present_proof/v1_0/util/__init__.py" line="-1" name="FLAKE8" time="0.046"></testcase><testcase classname="aries_cloudagent.protocols.present_proof.v1_0.util.indy" file="aries_cloudagent/protocols/present_proof/v1_0/util/indy.py" line="-1" name="FLAKE8" time="0.103"></testcase><testcase classname="aries_cloudagent.protocols.present_proof.v1_0.util.predicate" file="aries_cloudagent/protocols/present_proof/v1_0/util/predicate.py" line="-1" name="FLAKE8" time="0.083"></testcase><testcase classname="aries_cloudagent.protocols.problem_report.__init__" file="aries_cloudagent/protocols/problem_report/__init__.py" line="-1" name="FLAKE8" time="0.039"></testcase><testcase classname="aries_cloudagent.protocols.problem_report.definition" file="aries_cloudagent/protocols/problem_report/definition.py" line="-1" name="FLAKE8" time="0.043"></testcase><testcase classname="aries_cloudagent.protocols.problem_report.v1_0.__init__" file="aries_cloudagent/protocols/problem_report/v1_0/__init__.py" line="-1" name="FLAKE8" time="0.060"></testcase><testcase classname="aries_cloudagent.protocols.problem_report.v1_0.handler" file="aries_cloudagent/protocols/problem_report/v1_0/handler.py" line="-1" name="FLAKE8" time="0.059"></testcase><testcase classname="aries_cloudagent.protocols.problem_report.v1_0.message" file="aries_cloudagent/protocols/problem_report/v1_0/message.py" line="-1" name="FLAKE8" time="0.117"></testcase><testcase classname="aries_cloudagent.protocols.problem_report.v1_0.message_types" file="aries_cloudagent/protocols/problem_report/v1_0/message_types.py" line="-1" name="FLAKE8" time="0.041"></testcase><testcase classname="aries_cloudagent.protocols.problem_report.v1_0.tests.__init__" file="aries_cloudagent/protocols/problem_report/v1_0/tests/__init__.py" line="-1" name="FLAKE8" time="0.036"></testcase><testcase classname="aries_cloudagent.protocols.problem_report.v1_0.tests.test_handler" file="aries_cloudagent/protocols/problem_report/v1_0/tests/test_handler.py" line="-1" name="FLAKE8" time="0.036"></testcase><testcase classname="aries_cloudagent.protocols.problem_report.v1_0.tests.test_handler.TestPingHandler" file="aries_cloudagent/protocols/problem_report/v1_0/tests/test_handler.py" line="18" name="test_problem_report" time="0.005"></testcase><testcase classname="aries_cloudagent.protocols.routing.__init__" file="aries_cloudagent/protocols/routing/__init__.py" line="-1" name="FLAKE8" time="0.039"></testcase><testcase classname="aries_cloudagent.protocols.routing.definition" file="aries_cloudagent/protocols/routing/definition.py" line="-1" name="FLAKE8" time="0.041"></testcase><testcase classname="aries_cloudagent.protocols.routing.v1_0.__init__" file="aries_cloudagent/protocols/routing/v1_0/__init__.py" line="-1" name="FLAKE8" time="0.043"></testcase><testcase classname="aries_cloudagent.protocols.routing.v1_0.manager" file="aries_cloudagent/protocols/routing/v1_0/manager.py" line="-1" name="FLAKE8" time="0.186"></testcase><testcase classname="aries_cloudagent.protocols.routing.v1_0.message_types" file="aries_cloudagent/protocols/routing/v1_0/message_types.py" line="-1" name="FLAKE8" time="0.066"></testcase><testcase classname="aries_cloudagent.protocols.routing.v1_0.handlers.__init__" file="aries_cloudagent/protocols/routing/v1_0/handlers/__init__.py" line="-1" name="FLAKE8" time="0.046"></testcase><testcase classname="aries_cloudagent.protocols.routing.v1_0.handlers.forward_handler" file="aries_cloudagent/protocols/routing/v1_0/handlers/forward_handler.py" line="-1" name="FLAKE8" time="0.083"></testcase><testcase classname="aries_cloudagent.protocols.routing.v1_0.handlers.route_query_request_handler" file="aries_cloudagent/protocols/routing/v1_0/handlers/route_query_request_handler.py" line="-1" name="FLAKE8" time="0.066"></testcase><testcase classname="aries_cloudagent.protocols.routing.v1_0.handlers.route_query_response_handler" file="aries_cloudagent/protocols/routing/v1_0/handlers/route_query_response_handler.py" line="-1" name="FLAKE8" time="0.053"></testcase><testcase classname="aries_cloudagent.protocols.routing.v1_0.handlers.route_update_request_handler" file="aries_cloudagent/protocols/routing/v1_0/handlers/route_update_request_handler.py" line="-1" name="FLAKE8" time="0.066"></testcase><testcase classname="aries_cloudagent.protocols.routing.v1_0.handlers.route_update_response_handler" file="aries_cloudagent/protocols/routing/v1_0/handlers/route_update_response_handler.py" line="-1" name="FLAKE8" time="0.083"></testcase><testcase classname="aries_cloudagent.protocols.routing.v1_0.handlers.tests.__init__" file="aries_cloudagent/protocols/routing/v1_0/handlers/tests/__init__.py" line="-1" name="FLAKE8" time="0.041"></testcase><testcase classname="aries_cloudagent.protocols.routing.v1_0.handlers.tests.test_forward_handler" file="aries_cloudagent/protocols/routing/v1_0/handlers/tests/test_forward_handler.py" line="-1" name="FLAKE8" time="0.042"></testcase><testcase classname="aries_cloudagent.protocols.routing.v1_0.handlers.tests.test_forward_handler.TestForwardHandler" file="aries_cloudagent/protocols/routing/v1_0/handlers/tests/test_forward_handler.py" line="35" name="test_handle" time="0.082"></testcase><testcase classname="aries_cloudagent.protocols.routing.v1_0.handlers.tests.test_forward_handler.TestForwardHandler" file="aries_cloudagent/protocols/routing/v1_0/handlers/tests/test_forward_handler.py" line="72" name="test_handle_cannot_resolve_recipient" time="0.025"></testcase><testcase classname="aries_cloudagent.protocols.routing.v1_0.handlers.tests.test_forward_handler.TestForwardHandler" file="aries_cloudagent/protocols/routing/v1_0/handlers/tests/test_forward_handler.py" line="66" name="test_handle_receipt_no_recipient_verkey" time="0.003"></testcase><testcase classname="aries_cloudagent.protocols.routing.v1_0.handlers.tests.test_query_update_handlers" file="aries_cloudagent/protocols/routing/v1_0/handlers/tests/test_query_update_handlers.py" line="-1" name="FLAKE8" time="0.045"></testcase><testcase classname="aries_cloudagent.protocols.routing.v1_0.handlers.tests.test_query_update_handlers.TestQueryUpdateHandlers" file="aries_cloudagent/protocols/routing/v1_0/handlers/tests/test_query_update_handlers.py" line="110" name="test_handle_response" time="0.331"></testcase><testcase classname="aries_cloudagent.protocols.routing.v1_0.handlers.tests.test_query_update_handlers.TestQueryUpdateHandlers" file="aries_cloudagent/protocols/routing/v1_0/handlers/tests/test_query_update_handlers.py" line="77" name="test_handle_update_query" time="0.003"></testcase><testcase classname="aries_cloudagent.protocols.routing.v1_0.handlers.tests.test_query_update_handlers.TestQueryUpdateHandlers" file="aries_cloudagent/protocols/routing/v1_0/handlers/tests/test_query_update_handlers.py" line="51" name="test_no_connection" time="0.003"></testcase><testcase classname="aries_cloudagent.protocols.routing.v1_0.handlers.tests.test_query_update_handlers.TestQueryUpdateHandlers" file="aries_cloudagent/protocols/routing/v1_0/handlers/tests/test_query_update_handlers.py" line="40" name="test_query_none" time="0.002"></testcase><testcase classname="aries_cloudagent.protocols.routing.v1_0.messages.__init__" file="aries_cloudagent/protocols/routing/v1_0/messages/__init__.py" line="-1" name="FLAKE8" time="0.051"></testcase><testcase classname="aries_cloudagent.protocols.routing.v1_0.messages.forward" file="aries_cloudagent/protocols/routing/v1_0/messages/forward.py" line="-1" name="FLAKE8" time="0.094"></testcase><testcase classname="aries_cloudagent.protocols.routing.v1_0.messages.route_query_request" file="aries_cloudagent/protocols/routing/v1_0/messages/route_query_request.py" line="-1" name="FLAKE8" time="0.082"></testcase><testcase classname="aries_cloudagent.protocols.routing.v1_0.messages.route_query_response" file="aries_cloudagent/protocols/routing/v1_0/messages/route_query_response.py" line="-1" name="FLAKE8" time="0.079"></testcase><testcase classname="aries_cloudagent.protocols.routing.v1_0.messages.route_update_request" file="aries_cloudagent/protocols/routing/v1_0/messages/route_update_request.py" line="-1" name="FLAKE8" time="0.066"></testcase><testcase classname="aries_cloudagent.protocols.routing.v1_0.messages.route_update_response" file="aries_cloudagent/protocols/routing/v1_0/messages/route_update_response.py" line="-1" name="FLAKE8" time="0.067"></testcase><testcase classname="aries_cloudagent.protocols.routing.v1_0.messages.tests.__init__" file="aries_cloudagent/protocols/routing/v1_0/messages/tests/__init__.py" line="-1" name="FLAKE8" time="0.039"></testcase><testcase classname="aries_cloudagent.protocols.routing.v1_0.messages.tests.test_forward" file="aries_cloudagent/protocols/routing/v1_0/messages/tests/test_forward.py" line="-1" name="FLAKE8" time="0.037"></testcase><testcase classname="aries_cloudagent.protocols.routing.v1_0.messages.tests.test_forward.TestForward" file="aries_cloudagent/protocols/routing/v1_0/messages/tests/test_forward.py" line="24" name="test_deserialize" time="0.002"></testcase><testcase classname="aries_cloudagent.protocols.routing.v1_0.messages.tests.test_forward.TestForward" file="aries_cloudagent/protocols/routing/v1_0/messages/tests/test_forward.py" line="18" name="test_init" time="0.001"></testcase><testcase classname="aries_cloudagent.protocols.routing.v1_0.messages.tests.test_forward.TestForward" file="aries_cloudagent/protocols/routing/v1_0/messages/tests/test_forward.py" line="33" name="test_serialize" time="0.002"></testcase><testcase classname="aries_cloudagent.protocols.routing.v1_0.messages.tests.test_forward.TestForward" file="aries_cloudagent/protocols/routing/v1_0/messages/tests/test_forward.py" line="21" name="test_type" time="0.001"></testcase><testcase classname="aries_cloudagent.protocols.routing.v1_0.messages.tests.test_forward.TestForwardSchema" file="aries_cloudagent/protocols/routing/v1_0/messages/tests/test_forward.py" line="42" name="test_make_model" time="0.002"></testcase><testcase classname="aries_cloudagent.protocols.routing.v1_0.messages.tests.test_forward.TestForwardSchema" file="aries_cloudagent/protocols/routing/v1_0/messages/tests/test_forward.py" line="48" name="test_make_model_str" time="0.002"></testcase><testcase classname="aries_cloudagent.protocols.routing.v1_0.messages.tests.test_route_query_request" file="aries_cloudagent/protocols/routing/v1_0/messages/tests/test_route_query_request.py" line="-1" name="FLAKE8" time="0.034"></testcase><testcase classname="aries_cloudagent.protocols.routing.v1_0.messages.tests.test_route_query_request.TestRouteQueryRequest" file="aries_cloudagent/protocols/routing/v1_0/messages/tests/test_route_query_request.py" line="30" name="test_deserialize" time="0.004"></testcase><testcase classname="aries_cloudagent.protocols.routing.v1_0.messages.tests.test_route_query_request.TestRouteQueryRequest" file="aries_cloudagent/protocols/routing/v1_0/messages/tests/test_route_query_request.py" line="22" name="test_init" time="0.001"></testcase><testcase classname="aries_cloudagent.protocols.routing.v1_0.messages.tests.test_route_query_request.TestRouteQueryRequest" file="aries_cloudagent/protocols/routing/v1_0/messages/tests/test_route_query_request.py" line="41" name="test_serialize" time="0.002"></testcase><testcase classname="aries_cloudagent.protocols.routing.v1_0.messages.tests.test_route_query_request.TestRouteQueryRequest" file="aries_cloudagent/protocols/routing/v1_0/messages/tests/test_route_query_request.py" line="27" name="test_type" time="0.001"></testcase><testcase classname="aries_cloudagent.protocols.routing.v1_0.messages.tests.test_route_query_request.TestRouteQueryRequestSchema" file="aries_cloudagent/protocols/routing/v1_0/messages/tests/test_route_query_request.py" line="52" name="test_make_model" time="0.002"></testcase><testcase classname="aries_cloudagent.protocols.routing.v1_0.messages.tests.test_route_query_response" file="aries_cloudagent/protocols/routing/v1_0/messages/tests/test_route_query_response.py" line="-1" name="FLAKE8" time="0.041"></testcase><testcase classname="aries_cloudagent.protocols.routing.v1_0.messages.tests.test_route_query_response.TestRouteQueryResponse" file="aries_cloudagent/protocols/routing/v1_0/messages/tests/test_route_query_response.py" line="49" name="test_deserialize" time="0.002"></testcase><testcase classname="aries_cloudagent.protocols.routing.v1_0.messages.tests.test_route_query_response.TestRouteQueryResponse" file="aries_cloudagent/protocols/routing/v1_0/messages/tests/test_route_query_response.py" line="36" name="test_init" time="0.001"></testcase><testcase classname="aries_cloudagent.protocols.routing.v1_0.messages.tests.test_route_query_response.TestRouteQueryResponse" file="aries_cloudagent/protocols/routing/v1_0/messages/tests/test_route_query_response.py" line="61" name="test_serialize" time="0.003"></testcase><testcase classname="aries_cloudagent.protocols.routing.v1_0.messages.tests.test_route_query_response.TestRouteQueryResponse" file="aries_cloudagent/protocols/routing/v1_0/messages/tests/test_route_query_response.py" line="46" name="test_type" time="0.001"></testcase><testcase classname="aries_cloudagent.protocols.routing.v1_0.messages.tests.test_route_query_response.TestRouteQueryResponseSchema" file="aries_cloudagent/protocols/routing/v1_0/messages/tests/test_route_query_response.py" line="73" name="test_make_model" time="0.004"></testcase><testcase classname="aries_cloudagent.protocols.routing.v1_0.messages.tests.test_route_update_request" file="aries_cloudagent/protocols/routing/v1_0/messages/tests/test_route_update_request.py" line="-1" name="FLAKE8" time="0.038"></testcase><testcase classname="aries_cloudagent.protocols.routing.v1_0.messages.tests.test_route_update_request.TestRouteUpdateRequest" file="aries_cloudagent/protocols/routing/v1_0/messages/tests/test_route_update_request.py" line="28" name="test_deserialize" time="0.002"></testcase><testcase classname="aries_cloudagent.protocols.routing.v1_0.messages.tests.test_route_update_request.TestRouteUpdateRequest" file="aries_cloudagent/protocols/routing/v1_0/messages/tests/test_route_update_request.py" line="20" name="test_init" time="0.001"></testcase><testcase classname="aries_cloudagent.protocols.routing.v1_0.messages.tests.test_route_update_request.TestRouteUpdateRequest" file="aries_cloudagent/protocols/routing/v1_0/messages/tests/test_route_update_request.py" line="40" name="test_serialize" time="0.002"></testcase><testcase classname="aries_cloudagent.protocols.routing.v1_0.messages.tests.test_route_update_request.TestRouteUpdateRequest" file="aries_cloudagent/protocols/routing/v1_0/messages/tests/test_route_update_request.py" line="25" name="test_type" time="0.002"></testcase><testcase classname="aries_cloudagent.protocols.routing.v1_0.messages.tests.test_route_update_request.TestRouteQueryRequestSchema" file="aries_cloudagent/protocols/routing/v1_0/messages/tests/test_route_update_request.py" line="52" name="test_make_model" time="0.002"></testcase><testcase classname="aries_cloudagent.protocols.routing.v1_0.messages.tests.test_route_update_response" file="aries_cloudagent/protocols/routing/v1_0/messages/tests/test_route_update_response.py" line="-1" name="FLAKE8" time="0.044"></testcase><testcase classname="aries_cloudagent.protocols.routing.v1_0.messages.tests.test_route_update_response.TestRouteUpdateResponse" file="aries_cloudagent/protocols/routing/v1_0/messages/tests/test_route_update_response.py" line="33" name="test_deserialize" time="0.002"></testcase><testcase classname="aries_cloudagent.protocols.routing.v1_0.messages.tests.test_route_update_response.TestRouteUpdateResponse" file="aries_cloudagent/protocols/routing/v1_0/messages/tests/test_route_update_response.py" line="22" name="test_init" time="0.001"></testcase><testcase classname="aries_cloudagent.protocols.routing.v1_0.messages.tests.test_route_update_response.TestRouteUpdateResponse" file="aries_cloudagent/protocols/routing/v1_0/messages/tests/test_route_update_response.py" line="45" name="test_serialize" time="0.003"></testcase><testcase classname="aries_cloudagent.protocols.routing.v1_0.messages.tests.test_route_update_response.TestRouteUpdateResponse" file="aries_cloudagent/protocols/routing/v1_0/messages/tests/test_route_update_response.py" line="28" name="test_type" time="0.001"></testcase><testcase classname="aries_cloudagent.protocols.routing.v1_0.messages.tests.test_route_update_response.TestRouteQueryRequestSchema" file="aries_cloudagent/protocols/routing/v1_0/messages/tests/test_route_update_response.py" line="57" name="test_make_model" time="0.002"></testcase><testcase classname="aries_cloudagent.protocols.routing.v1_0.models.__init__" file="aries_cloudagent/protocols/routing/v1_0/models/__init__.py" line="-1" name="FLAKE8" time="0.043"></testcase><testcase classname="aries_cloudagent.protocols.routing.v1_0.models.paginate" file="aries_cloudagent/protocols/routing/v1_0/models/paginate.py" line="-1" name="FLAKE8" time="0.056"></testcase><testcase classname="aries_cloudagent.protocols.routing.v1_0.models.paginated" file="aries_cloudagent/protocols/routing/v1_0/models/paginated.py" line="-1" name="FLAKE8" time="0.072"></testcase><testcase classname="aries_cloudagent.protocols.routing.v1_0.models.route_query_result" file="aries_cloudagent/protocols/routing/v1_0/models/route_query_result.py" line="-1" name="FLAKE8" time="0.062"></testcase><testcase classname="aries_cloudagent.protocols.routing.v1_0.models.route_record" file="aries_cloudagent/protocols/routing/v1_0/models/route_record.py" line="-1" name="FLAKE8" time="0.071"></testcase><testcase classname="aries_cloudagent.protocols.routing.v1_0.models.route_update" file="aries_cloudagent/protocols/routing/v1_0/models/route_update.py" line="-1" name="FLAKE8" time="0.065"></testcase><testcase classname="aries_cloudagent.protocols.routing.v1_0.models.route_updated" file="aries_cloudagent/protocols/routing/v1_0/models/route_updated.py" line="-1" name="FLAKE8" time="0.070"></testcase><testcase classname="aries_cloudagent.protocols.routing.v1_0.tests.__init__" file="aries_cloudagent/protocols/routing/v1_0/tests/__init__.py" line="-1" name="FLAKE8" time="0.038"></testcase><testcase classname="aries_cloudagent.protocols.routing.v1_0.tests.test_routing_manager" file="aries_cloudagent/protocols/routing/v1_0/tests/test_routing_manager.py" line="-1" name="FLAKE8" time="0.040"></testcase><testcase classname="aries_cloudagent.protocols.routing.v1_0.tests.test_routing_manager.TestRoutingManager" file="aries_cloudagent/protocols/routing/v1_0/tests/test_routing_manager.py" line="62" name="test_create_delete" time="0.003"></testcase><testcase classname="aries_cloudagent.protocols.routing.v1_0.tests.test_routing_manager.TestRoutingManager" file="aries_cloudagent/protocols/routing/v1_0/tests/test_routing_manager.py" line="35" name="test_create_manager_no_context" time="0.002"></testcase><testcase classname="aries_cloudagent.protocols.routing.v1_0.tests.test_routing_manager.TestRoutingManager" file="aries_cloudagent/protocols/routing/v1_0/tests/test_routing_manager.py" line="39" name="test_create_retrieve" time="0.002"></testcase><testcase classname="aries_cloudagent.protocols.routing.v1_0.tests.test_routing_manager.TestRoutingManager" file="aries_cloudagent/protocols/routing/v1_0/tests/test_routing_manager.py" line="55" name="test_create_x" time="0.002"></testcase><testcase classname="aries_cloudagent.protocols.routing.v1_0.tests.test_routing_manager.TestRoutingManager" file="aries_cloudagent/protocols/routing/v1_0/tests/test_routing_manager.py" line="72" name="test_get_recipient_duplicate_routes" time="0.005"></testcase><testcase classname="aries_cloudagent.protocols.routing.v1_0.tests.test_routing_manager.TestRoutingManager" file="aries_cloudagent/protocols/routing/v1_0/tests/test_routing_manager.py" line="68" name="test_get_recipient_no_recipient" time="0.002"></testcase><testcase classname="aries_cloudagent.protocols.routing.v1_0.tests.test_routing_manager.TestRoutingManager" file="aries_cloudagent/protocols/routing/v1_0/tests/test_routing_manager.py" line="82" name="test_get_recipient_no_routes" time="0.005"></testcase><testcase classname="aries_cloudagent.protocols.routing.v1_0.tests.test_routing_manager.TestRoutingManager" file="aries_cloudagent/protocols/routing/v1_0/tests/test_routing_manager.py" line="92" name="test_get_routes_connection_id" time="0.003"></testcase><testcase classname="aries_cloudagent.protocols.routing.v1_0.tests.test_routing_manager.TestRoutingManager" file="aries_cloudagent/protocols/routing/v1_0/tests/test_routing_manager.py" line="119" name="test_get_routes_connection_id_tag_filter_list" time="0.002"></testcase><testcase classname="aries_cloudagent.protocols.routing.v1_0.tests.test_routing_manager.TestRoutingManager" file="aries_cloudagent/protocols/routing/v1_0/tests/test_routing_manager.py" line="136" name="test_get_routes_connection_id_tag_filter_list_among_plural" time="0.002"></testcase><testcase classname="aries_cloudagent.protocols.routing.v1_0.tests.test_routing_manager.TestRoutingManager" file="aries_cloudagent/protocols/routing/v1_0/tests/test_routing_manager.py" line="128" name="test_get_routes_connection_id_tag_filter_list_miss" time="0.002"></testcase><testcase classname="aries_cloudagent.protocols.routing.v1_0.tests.test_routing_manager.TestRoutingManager" file="aries_cloudagent/protocols/routing/v1_0/tests/test_routing_manager.py" line="110" name="test_get_routes_connection_id_tag_filter_str" time="0.002"></testcase><testcase classname="aries_cloudagent.protocols.routing.v1_0.tests.test_routing_manager.TestRoutingManager" file="aries_cloudagent/protocols/routing/v1_0/tests/test_routing_manager.py" line="101" name="test_get_routes_connection_id_tag_filter_vacuous" time="0.002"></testcase><testcase classname="aries_cloudagent.protocols.routing.v1_0.tests.test_routing_manager.TestRoutingManager" file="aries_cloudagent/protocols/routing/v1_0/tests/test_routing_manager.py" line="146" name="test_get_routes_connection_id_tag_filter_x" time="0.002"></testcase><testcase classname="aries_cloudagent.protocols.routing.v1_0.tests.test_routing_manager.TestRoutingManager" file="aries_cloudagent/protocols/routing/v1_0/tests/test_routing_manager.py" line="51" name="test_get_routes_retrieve_none" time="0.002"></testcase><testcase classname="aries_cloudagent.protocols.routing.v1_0.tests.test_routing_manager.TestRoutingManager" file="aries_cloudagent/protocols/routing/v1_0/tests/test_routing_manager.py" line="272" name="test_send_create_route" time="0.004"></testcase><testcase classname="aries_cloudagent.protocols.routing.v1_0.tests.test_routing_manager.TestRoutingManager" file="aries_cloudagent/protocols/routing/v1_0/tests/test_routing_manager.py" line="168" name="test_update_routes_create" time="0.002"></testcase><testcase classname="aries_cloudagent.protocols.routing.v1_0.tests.test_routing_manager.TestRoutingManager" file="aries_cloudagent/protocols/routing/v1_0/tests/test_routing_manager.py" line="182" name="test_update_routes_create_existing" time="0.002"></testcase><testcase classname="aries_cloudagent.protocols.routing.v1_0.tests.test_routing_manager.TestRoutingManager" file="aries_cloudagent/protocols/routing/v1_0/tests/test_routing_manager.py" line="219" name="test_update_routes_create_server_error" time="0.003"></testcase><testcase classname="aries_cloudagent.protocols.routing.v1_0.tests.test_routing_manager.TestRoutingManager" file="aries_cloudagent/protocols/routing/v1_0/tests/test_routing_manager.py" line="153" name="test_update_routes_delete" time="0.002"></testcase><testcase classname="aries_cloudagent.protocols.routing.v1_0.tests.test_routing_manager.TestRoutingManager" file="aries_cloudagent/protocols/routing/v1_0/tests/test_routing_manager.py" line="238" name="test_update_routes_delete_absent" time="0.002"></testcase><testcase classname="aries_cloudagent.protocols.routing.v1_0.tests.test_routing_manager.TestRoutingManager" file="aries_cloudagent/protocols/routing/v1_0/tests/test_routing_manager.py" line="252" name="test_update_routes_delete_server_error" time="0.002"></testcase><testcase classname="aries_cloudagent.protocols.routing.v1_0.tests.test_routing_manager.TestRoutingManager" file="aries_cloudagent/protocols/routing/v1_0/tests/test_routing_manager.py" line="197" name="test_update_routes_no_recipient_key" time="0.002"></testcase><testcase classname="aries_cloudagent.protocols.routing.v1_0.tests.test_routing_manager.TestRoutingManager" file="aries_cloudagent/protocols/routing/v1_0/tests/test_routing_manager.py" line="208" name="test_update_routes_unsupported_action" time="0.003"></testcase><testcase classname="aries_cloudagent.protocols.tests.__init__" file="aries_cloudagent/protocols/tests/__init__.py" line="-1" name="FLAKE8" time="0.037"></testcase><testcase classname="aries_cloudagent.protocols.tests.test_didcomm_prefix" file="aries_cloudagent/protocols/tests/test_didcomm_prefix.py" line="-1" name="FLAKE8" time="0.037"></testcase><testcase classname="aries_cloudagent.protocols.tests.test_didcomm_prefix.TestDIDCommPrefix" file="aries_cloudagent/protocols/tests/test_didcomm_prefix.py" line="8" name="test_didcomm_prefix" time="0.003"></testcase><testcase classname="aries_cloudagent.protocols.trustping.__init__" file="aries_cloudagent/protocols/trustping/__init__.py" line="-1" name="FLAKE8" time="0.044"></testcase><testcase classname="aries_cloudagent.protocols.trustping.definition" file="aries_cloudagent/protocols/trustping/definition.py" line="-1" name="FLAKE8" time="0.049"></testcase><testcase classname="aries_cloudagent.protocols.trustping.v1_0.__init__" file="aries_cloudagent/protocols/trustping/v1_0/__init__.py" line="-1" name="FLAKE8" time="0.045"></testcase><testcase classname="aries_cloudagent.protocols.trustping.v1_0.message_types" file="aries_cloudagent/protocols/trustping/v1_0/message_types.py" line="-1" name="FLAKE8" time="0.054"></testcase><testcase classname="aries_cloudagent.protocols.trustping.v1_0.routes" file="aries_cloudagent/protocols/trustping/v1_0/routes.py" line="-1" name="FLAKE8" time="0.099"></testcase><testcase classname="aries_cloudagent.protocols.trustping.v1_0.handlers.__init__" file="aries_cloudagent/protocols/trustping/v1_0/handlers/__init__.py" line="-1" name="FLAKE8" time="0.041"></testcase><testcase classname="aries_cloudagent.protocols.trustping.v1_0.handlers.ping_handler" file="aries_cloudagent/protocols/trustping/v1_0/handlers/ping_handler.py" line="-1" name="FLAKE8" time="0.074"></testcase><testcase classname="aries_cloudagent.protocols.trustping.v1_0.handlers.ping_response_handler" file="aries_cloudagent/protocols/trustping/v1_0/handlers/ping_response_handler.py" line="-1" name="FLAKE8" time="0.065"></testcase><testcase classname="aries_cloudagent.protocols.trustping.v1_0.handlers.tests.__init__" file="aries_cloudagent/protocols/trustping/v1_0/handlers/tests/__init__.py" line="-1" name="FLAKE8" time="0.044"></testcase><testcase classname="aries_cloudagent.protocols.trustping.v1_0.handlers.tests.test_ping_handler" file="aries_cloudagent/protocols/trustping/v1_0/handlers/tests/test_ping_handler.py" line="-1" name="FLAKE8" time="0.039"></testcase><testcase classname="aries_cloudagent.protocols.trustping.v1_0.handlers.tests.test_ping_handler.TestPingHandler" file="aries_cloudagent/protocols/trustping/v1_0/handlers/tests/test_ping_handler.py" line="19" name="test_ping" time="0.002"></testcase><testcase classname="aries_cloudagent.protocols.trustping.v1_0.handlers.tests.test_ping_handler.TestPingHandler" file="aries_cloudagent/protocols/trustping/v1_0/handlers/tests/test_ping_handler.py" line="31" name="test_ping_not_ready" time="0.002"></testcase><testcase classname="aries_cloudagent.protocols.trustping.v1_0.handlers.tests.test_ping_handler.TestPingHandler" file="aries_cloudagent/protocols/trustping/v1_0/handlers/tests/test_ping_handler.py" line="42" name="test_ping_response" time="0.002"></testcase><testcase classname="aries_cloudagent.protocols.trustping.v1_0.handlers.tests.test_ping_response_handler" file="aries_cloudagent/protocols/trustping/v1_0/handlers/tests/test_ping_response_handler.py" line="-1" name="FLAKE8" time="0.040"></testcase><testcase classname="aries_cloudagent.protocols.trustping.v1_0.handlers.tests.test_ping_response_handler.TestPingResponseHandler" file="aries_cloudagent/protocols/trustping/v1_0/handlers/tests/test_ping_response_handler.py" line="18" name="test_ping_response" time="0.002"></testcase><testcase classname="aries_cloudagent.protocols.trustping.v1_0.messages.__init__" file="aries_cloudagent/protocols/trustping/v1_0/messages/__init__.py" line="-1" name="FLAKE8" time="0.037"></testcase><testcase classname="aries_cloudagent.protocols.trustping.v1_0.messages.ping" file="aries_cloudagent/protocols/trustping/v1_0/messages/ping.py" line="-1" name="FLAKE8" time="0.070"></testcase><testcase classname="aries_cloudagent.protocols.trustping.v1_0.messages.ping_response" file="aries_cloudagent/protocols/trustping/v1_0/messages/ping_response.py" line="-1" name="FLAKE8" time="0.066"></testcase><testcase classname="aries_cloudagent.protocols.trustping.v1_0.messages.tests.__init__" file="aries_cloudagent/protocols/trustping/v1_0/messages/tests/__init__.py" line="-1" name="FLAKE8" time="0.043"></testcase><testcase classname="aries_cloudagent.protocols.trustping.v1_0.messages.tests.test_trust_ping" file="aries_cloudagent/protocols/trustping/v1_0/messages/tests/test_trust_ping.py" line="-1" name="FLAKE8" time="0.037"></testcase><testcase classname="aries_cloudagent.protocols.trustping.v1_0.messages.tests.test_trust_ping.TestPing" file="aries_cloudagent/protocols/trustping/v1_0/messages/tests/test_trust_ping.py" line="27" name="test_deserialize" time="0.003"></testcase><testcase classname="aries_cloudagent.protocols.trustping.v1_0.messages.tests.test_trust_ping.TestPing" file="aries_cloudagent/protocols/trustping/v1_0/messages/tests/test_trust_ping.py" line="18" name="test_init" time="0.001"></testcase><testcase classname="aries_cloudagent.protocols.trustping.v1_0.messages.tests.test_trust_ping.TestPing" file="aries_cloudagent/protocols/trustping/v1_0/messages/tests/test_trust_ping.py" line="41" name="test_serialize" time="0.003"></testcase><testcase classname="aries_cloudagent.protocols.trustping.v1_0.messages.tests.test_trust_ping.TestPing" file="aries_cloudagent/protocols/trustping/v1_0/messages/tests/test_trust_ping.py" line="23" name="test_type" time="0.002"></testcase><testcase classname="aries_cloudagent.protocols.trustping.v1_0.messages.tests.test_trust_ping.TestPingSchema" file="aries_cloudagent/protocols/trustping/v1_0/messages/tests/test_trust_ping.py" line="57" name="test_make_model" time="0.004"></testcase><testcase classname="aries_cloudagent.protocols.trustping.v1_0.messages.tests.test_trust_ping_reponse" file="aries_cloudagent/protocols/trustping/v1_0/messages/tests/test_trust_ping_reponse.py" line="-1" name="FLAKE8" time="0.038"></testcase><testcase classname="aries_cloudagent.protocols.trustping.v1_0.messages.tests.test_trust_ping_reponse.TestPingResponse" file="aries_cloudagent/protocols/trustping/v1_0/messages/tests/test_trust_ping_reponse.py" line="24" name="test_deserialize" time="0.002"></testcase><testcase classname="aries_cloudagent.protocols.trustping.v1_0.messages.tests.test_trust_ping_reponse.TestPingResponse" file="aries_cloudagent/protocols/trustping/v1_0/messages/tests/test_trust_ping_reponse.py" line="16" name="test_init" time="0.001"></testcase><testcase classname="aries_cloudagent.protocols.trustping.v1_0.messages.tests.test_trust_ping_reponse.TestPingResponse" file="aries_cloudagent/protocols/trustping/v1_0/messages/tests/test_trust_ping_reponse.py" line="39" name="test_serialize" time="0.002"></testcase><testcase classname="aries_cloudagent.protocols.trustping.v1_0.messages.tests.test_trust_ping_reponse.TestPingResponse" file="aries_cloudagent/protocols/trustping/v1_0/messages/tests/test_trust_ping_reponse.py" line="20" name="test_type" time="0.001"></testcase><testcase classname="aries_cloudagent.protocols.trustping.v1_0.messages.tests.test_trust_ping_reponse.TestPingResponseSchema" file="aries_cloudagent/protocols/trustping/v1_0/messages/tests/test_trust_ping_reponse.py" line="56" name="test_make_model" time="0.002"></testcase><testcase classname="aries_cloudagent.protocols.trustping.v1_0.tests.__init__" file="aries_cloudagent/protocols/trustping/v1_0/tests/__init__.py" line="-1" name="FLAKE8" time="0.036"></testcase><testcase classname="aries_cloudagent.protocols.trustping.v1_0.tests.test_routes" file="aries_cloudagent/protocols/trustping/v1_0/tests/test_routes.py" line="-1" name="FLAKE8" time="0.044"></testcase><testcase classname="aries_cloudagent.protocols.trustping.v1_0.tests.test_routes.TestHolderRoutes" file="aries_cloudagent/protocols/trustping/v1_0/tests/test_routes.py" line="18" name="test_connections_send_ping" time="0.008"></testcase><testcase classname="aries_cloudagent.protocols.trustping.v1_0.tests.test_routes.TestHolderRoutes" file="aries_cloudagent/protocols/trustping/v1_0/tests/test_routes.py" line="38" name="test_connections_send_ping_no_conn" time="0.005"></testcase><testcase classname="aries_cloudagent.protocols.trustping.v1_0.tests.test_routes.TestHolderRoutes" file="aries_cloudagent/protocols/trustping/v1_0/tests/test_routes.py" line="54" name="test_connections_send_ping_not_ready" time="0.004"></testcase><testcase classname="aries_cloudagent.protocols.trustping.v1_0.tests.test_routes.TestHolderRoutes" file="aries_cloudagent/protocols/trustping/v1_0/tests/test_routes.py" line="77" name="test_post_process_routes" time="0.003"></testcase><testcase classname="aries_cloudagent.protocols.trustping.v1_0.tests.test_routes.TestHolderRoutes" file="aries_cloudagent/protocols/trustping/v1_0/tests/test_routes.py" line="70" name="test_register" time="0.004"></testcase><testcase classname="aries_cloudagent.revocation.__init__" file="aries_cloudagent/revocation/__init__.py" line="-1" name="FLAKE8" time="0.041"></testcase><testcase classname="aries_cloudagent.revocation.error" file="aries_cloudagent/revocation/error.py" line="-1" name="FLAKE8" time="0.046"></testcase><testcase classname="aries_cloudagent.revocation.indy" file="aries_cloudagent/revocation/indy.py" line="-1" name="FLAKE8" time="0.243"></testcase><testcase classname="aries_cloudagent.revocation.manager" file="aries_cloudagent/revocation/manager.py" line="-1" name="FLAKE8" time="0.146"></testcase><testcase classname="aries_cloudagent.revocation.routes" file="aries_cloudagent/revocation/routes.py" line="-1" name="FLAKE8" time="0.459"></testcase><testcase classname="aries_cloudagent.revocation.models.__init__" file="aries_cloudagent/revocation/models/__init__.py" line="-1" name="FLAKE8" time="0.041"></testcase><testcase classname="aries_cloudagent.revocation.models.indy" file="aries_cloudagent/revocation/models/indy.py" line="-1" name="FLAKE8" time="0.075"></testcase><testcase classname="aries_cloudagent.revocation.models.issuer_cred_rev_record" file="aries_cloudagent/revocation/models/issuer_cred_rev_record.py" line="-1" name="FLAKE8" time="0.124"></testcase><testcase classname="aries_cloudagent.revocation.models.issuer_rev_reg_record" file="aries_cloudagent/revocation/models/issuer_rev_reg_record.py" line="-1" name="FLAKE8" time="0.323"></testcase><testcase classname="aries_cloudagent.revocation.models.revocation_registry" file="aries_cloudagent/revocation/models/revocation_registry.py" line="-1" name="FLAKE8" time="0.173"></testcase><testcase classname="aries_cloudagent.revocation.models.tests.__init__" file="aries_cloudagent/revocation/models/tests/__init__.py" line="-1" name="FLAKE8" time="0.039"></testcase><testcase classname="aries_cloudagent.revocation.models.tests.test_indy" file="aries_cloudagent/revocation/models/tests/test_indy.py" line="-1" name="FLAKE8" time="0.041"></testcase><testcase classname="aries_cloudagent.revocation.models.tests.test_indy.TestInterval" file="aries_cloudagent/revocation/models/tests/test_indy.py" line="31" name="test_covers" time="0.001"></testcase><testcase classname="aries_cloudagent.revocation.models.tests.test_indy.TestInterval" file="aries_cloudagent/revocation/models/tests/test_indy.py" line="20" name="test_serde" time="0.003"></testcase><testcase classname="aries_cloudagent.revocation.models.tests.test_issuer_cred_rev_record" file="aries_cloudagent/revocation/models/tests/test_issuer_cred_rev_record.py" line="-1" name="FLAKE8" time="0.040"></testcase><testcase classname="aries_cloudagent.revocation.models.tests.test_issuer_cred_rev_record.TestRecord" file="aries_cloudagent/revocation/models/tests/test_issuer_cred_rev_record.py" line="43" name="test_rec_ops" time="0.006"></testcase><testcase classname="aries_cloudagent.revocation.models.tests.test_issuer_cred_rev_record.TestRecord" file="aries_cloudagent/revocation/models/tests/test_issuer_cred_rev_record.py" line="28" name="test_serde" time="0.004"></testcase><testcase classname="aries_cloudagent.revocation.models.tests.test_issuer_rev_reg_record" file="aries_cloudagent/revocation/models/tests/test_issuer_rev_reg_record.py" line="-1" name="FLAKE8" time="0.039"></testcase><testcase classname="aries_cloudagent.revocation.models.tests.test_issuer_rev_reg_record.TestRecord" file="aries_cloudagent/revocation/models/tests/test_issuer_rev_reg_record.py" line="61" name="test_generate_registry_etc" time="0.025"></testcase><testcase classname="aries_cloudagent.revocation.models.tests.test_issuer_rev_reg_record.TestRecord" file="aries_cloudagent/revocation/models/tests/test_issuer_rev_reg_record.py" line="141" name="test_operate_on_full_record" time="0.007"></testcase><testcase classname="aries_cloudagent.revocation.models.tests.test_issuer_rev_reg_record.TestRecord" file="aries_cloudagent/revocation/models/tests/test_issuer_rev_reg_record.py" line="54" name="test_order" time="0.010"></testcase><testcase classname="aries_cloudagent.revocation.models.tests.test_issuer_rev_reg_record.TestRecord" file="aries_cloudagent/revocation/models/tests/test_issuer_rev_reg_record.py" line="163" name="test_pending" time="0.016"></testcase><testcase classname="aries_cloudagent.revocation.models.tests.test_issuer_rev_reg_record.TestRecord" file="aries_cloudagent/revocation/models/tests/test_issuer_rev_reg_record.py" line="223" name="test_send_rev_reg_undef" time="0.007"></testcase><testcase classname="aries_cloudagent.revocation.models.tests.test_issuer_rev_reg_record.TestRecord" file="aries_cloudagent/revocation/models/tests/test_issuer_rev_reg_record.py" line="191" name="test_set_tails_file_public_uri_rev_reg_undef" time="0.009"></testcase><testcase classname="aries_cloudagent.revocation.models.tests.test_issuer_rev_reg_record.TestRecord" file="aries_cloudagent/revocation/models/tests/test_issuer_rev_reg_record.py" line="196" name="test_stage_pending_registry" time="0.023"></testcase><testcase classname="aries_cloudagent.revocation.models.tests.test_revocation_registry" file="aries_cloudagent/revocation/models/tests/test_revocation_registry.py" line="-1" name="FLAKE8" time="0.037"></testcase><testcase classname="aries_cloudagent.revocation.models.tests.test_revocation_registry.TestRevocationRegistry" file="aries_cloudagent/revocation/models/tests/test_revocation_registry.py" line="53" name="test_init" time="0.003"></testcase><testcase classname="aries_cloudagent.revocation.models.tests.test_revocation_registry.TestRevocationRegistry" file="aries_cloudagent/revocation/models/tests/test_revocation_registry.py" line="66" name="test_properties" time="0.002"></testcase><testcase classname="aries_cloudagent.revocation.models.tests.test_revocation_registry.TestRevocationRegistry" file="aries_cloudagent/revocation/models/tests/test_revocation_registry.py" line="100" name="test_retrieve_tails" time="0.216"></testcase><testcase classname="aries_cloudagent.revocation.models.tests.test_revocation_registry.TestRevocationRegistry" file="aries_cloudagent/revocation/models/tests/test_revocation_registry.py" line="82" name="test_tails_local_path" time="0.004"></testcase><testcase classname="aries_cloudagent.revocation.tests.__init__" file="aries_cloudagent/revocation/tests/__init__.py" line="-1" name="FLAKE8" time="0.038"></testcase><testcase classname="aries_cloudagent.revocation.tests.test_indy" file="aries_cloudagent/revocation/tests/test_indy.py" line="-1" name="FLAKE8" time="0.042"></testcase><testcase classname="aries_cloudagent.revocation.tests.test_indy.TestIndyRevocation" file="aries_cloudagent/revocation/tests/test_indy.py" line="129" name="test_get_active_issuer_rev_reg_record" time="0.001"><skipped message="test requires Indy support" type="pytest.skip">/usr/src/app/conftest.py:63: test requires Indy support</skipped></testcase><testcase classname="aries_cloudagent.revocation.tests.test_indy.TestIndyRevocation" file="aries_cloudagent/revocation/tests/test_indy.py" line="139" name="test_get_active_issuer_rev_reg_record_none" time="0.001"><skipped message="test requires Indy support" type="pytest.skip">/usr/src/app/conftest.py:63: test requires Indy support</skipped></testcase><testcase classname="aries_cloudagent.revocation.tests.test_indy.TestIndyRevocation" file="aries_cloudagent/revocation/tests/test_indy.py" line="144" name="test_get_issuer_rev_reg_record" time="0.000"><skipped message="test requires Indy support" type="pytest.skip">/usr/src/app/conftest.py:63: test requires Indy support</skipped></testcase><testcase classname="aries_cloudagent.revocation.tests.test_indy.TestIndyRevocation" file="aries_cloudagent/revocation/tests/test_indy.py" line="168" name="test_get_ledger_registry" time="0.001"><skipped message="test requires Indy support" type="pytest.skip">/usr/src/app/conftest.py:63: test requires Indy support</skipped></testcase><testcase classname="aries_cloudagent.revocation.tests.test_indy.TestIndyRevocation" file="aries_cloudagent/revocation/tests/test_indy.py" line="48" name="test_init_issuer_registry" time="0.001"><skipped message="test requires Indy support" type="pytest.skip">/usr/src/app/conftest.py:63: test requires Indy support</skipped></testcase><testcase classname="aries_cloudagent.revocation.tests.test_indy.TestIndyRevocation" file="aries_cloudagent/revocation/tests/test_indy.py" line="85" name="test_init_issuer_registry_bad_size" time="0.001"><skipped message="test requires Indy support" type="pytest.skip">/usr/src/app/conftest.py:63: test requires Indy support</skipped></testcase><testcase classname="aries_cloudagent.revocation.tests.test_indy.TestIndyRevocation" file="aries_cloudagent/revocation/tests/test_indy.py" line="59" name="test_init_issuer_registry_no_cred_def" time="0.001"><skipped message="test requires Indy support" type="pytest.skip">/usr/src/app/conftest.py:63: test requires Indy support</skipped></testcase><testcase classname="aries_cloudagent.revocation.tests.test_indy.TestIndyRevocation" file="aries_cloudagent/revocation/tests/test_indy.py" line="116" name="test_init_issuer_registry_no_revocation" time="0.000"><skipped message="test requires Indy support" type="pytest.skip">/usr/src/app/conftest.py:63: test requires Indy support</skipped></testcase><testcase classname="aries_cloudagent.revocation.tests.test_indy.TestIndyRevocation" file="aries_cloudagent/revocation/tests/test_indy.py" line="160" name="test_list_issuer_registries" time="0.000"><skipped message="test requires Indy support" type="pytest.skip">/usr/src/app/conftest.py:63: test requires Indy support</skipped></testcase><testcase classname="aries_cloudagent.revocation.tests.test_manager" file="aries_cloudagent/revocation/tests/test_manager.py" line="-1" name="FLAKE8" time="0.043"></testcase><testcase classname="aries_cloudagent.revocation.tests.test_manager.TestRevocationManager" file="aries_cloudagent/revocation/tests/test_manager.py" line="304" name="test_clear_pending" time="0.005"></testcase><testcase classname="aries_cloudagent.revocation.tests.test_manager.TestRevocationManager" file="aries_cloudagent/revocation/tests/test_manager.py" line="327" name="test_clear_pending_1_rev_reg_all" time="0.005"></testcase><testcase classname="aries_cloudagent.revocation.tests.test_manager.TestRevocationManager" file="aries_cloudagent/revocation/tests/test_manager.py" line="353" name="test_clear_pending_1_rev_reg_some" time="0.004"></testcase><testcase classname="aries_cloudagent.revocation.tests.test_manager.TestRevocationManager" file="aries_cloudagent/revocation/tests/test_manager.py" line="158" name="test_publish_pending_revocations" time="0.007"></testcase><testcase classname="aries_cloudagent.revocation.tests.test_manager.TestRevocationManager" file="aries_cloudagent/revocation/tests/test_manager.py" line="200" name="test_publish_pending_revocations_1_rev_reg_all" time="0.007"></testcase><testcase classname="aries_cloudagent.revocation.tests.test_manager.TestRevocationManager" file="aries_cloudagent/revocation/tests/test_manager.py" line="252" name="test_publish_pending_revocations_1_rev_reg_some" time="0.008"></testcase><testcase classname="aries_cloudagent.revocation.tests.test_manager.TestRevocationManager" file="aries_cloudagent/revocation/tests/test_manager.py" line="379" name="test_retrieve_records" time="0.010"></testcase><testcase classname="aries_cloudagent.revocation.tests.test_manager.TestRevocationManager" file="aries_cloudagent/revocation/tests/test_manager.py" line="95" name="test_revoke_cred_by_cxid_not_found" time="0.004"></testcase><testcase classname="aries_cloudagent.revocation.tests.test_manager.TestRevocationManager" file="aries_cloudagent/revocation/tests/test_manager.py" line="115" name="test_revoke_credential_no_rev_reg_rec" time="0.021"></testcase><testcase classname="aries_cloudagent.revocation.tests.test_manager.TestRevocationManager" file="aries_cloudagent/revocation/tests/test_manager.py" line="138" name="test_revoke_credential_pend" time="0.022"></testcase><testcase classname="aries_cloudagent.revocation.tests.test_manager.TestRevocationManager" file="aries_cloudagent/revocation/tests/test_manager.py" line="46" name="test_revoke_credential_publish" time="0.024"></testcase><testcase classname="aries_cloudagent.revocation.tests.test_routes" file="aries_cloudagent/revocation/tests/test_routes.py" line="-1" name="FLAKE8" time="0.038"></testcase><testcase classname="aries_cloudagent.revocation.tests.test_routes.TestRevocationRoutes" file="aries_cloudagent/revocation/tests/test_routes.py" line="208" name="test_clear_pending_revocations" time="0.027"></testcase><testcase classname="aries_cloudagent.revocation.tests.test_routes.TestRevocationRoutes" file="aries_cloudagent/revocation/tests/test_routes.py" line="232" name="test_clear_pending_revocations_x" time="0.021"></testcase><testcase classname="aries_cloudagent.revocation.tests.test_routes.TestRevocationRoutes" file="aries_cloudagent/revocation/tests/test_routes.py" line="255" name="test_create_rev_reg" time="0.027"></testcase><testcase classname="aries_cloudagent.revocation.tests.test_routes.TestRevocationRoutes" file="aries_cloudagent/revocation/tests/test_routes.py" line="313" name="test_create_rev_reg_no_revo_support" time="0.029"></testcase><testcase classname="aries_cloudagent.revocation.tests.test_routes.TestRevocationRoutes" file="aries_cloudagent/revocation/tests/test_routes.py" line="289" name="test_create_rev_reg_no_such_cred_def" time="0.008"></testcase><testcase classname="aries_cloudagent.revocation.tests.test_routes.TestRevocationRoutes" file="aries_cloudagent/revocation/tests/test_routes.py" line="533" name="test_get_active_rev_reg" time="0.023"></testcase><testcase classname="aries_cloudagent.revocation.tests.test_routes.TestRevocationRoutes" file="aries_cloudagent/revocation/tests/test_routes.py" line="556" name="test_get_active_rev_reg_not_found" time="0.021"></testcase><testcase classname="aries_cloudagent.revocation.tests.test_routes.TestRevocationRoutes" file="aries_cloudagent/revocation/tests/test_routes.py" line="459" name="test_get_cred_rev_record" time="0.006"></testcase><testcase classname="aries_cloudagent.revocation.tests.test_routes.TestRevocationRoutes" file="aries_cloudagent/revocation/tests/test_routes.py" line="487" name="test_get_cred_rev_record_by_cred_ex_id" time="0.007"></testcase><testcase classname="aries_cloudagent.revocation.tests.test_routes.TestRevocationRoutes" file="aries_cloudagent/revocation/tests/test_routes.py" line="509" name="test_get_cred_rev_record_not_found" time="0.012"></testcase><testcase classname="aries_cloudagent.revocation.tests.test_routes.TestRevocationRoutes" file="aries_cloudagent/revocation/tests/test_routes.py" line="368" name="test_get_rev_reg" time="0.022"></testcase><testcase classname="aries_cloudagent.revocation.tests.test_routes.TestRevocationRoutes" file="aries_cloudagent/revocation/tests/test_routes.py" line="416" name="test_get_rev_reg_issued" time="0.006"></testcase><testcase classname="aries_cloudagent.revocation.tests.test_routes.TestRevocationRoutes" file="aries_cloudagent/revocation/tests/test_routes.py" line="441" name="test_get_rev_reg_issued_x" time="0.006"></testcase><testcase classname="aries_cloudagent.revocation.tests.test_routes.TestRevocationRoutes" file="aries_cloudagent/revocation/tests/test_routes.py" line="393" name="test_get_rev_reg_not_found" time="0.022"></testcase><testcase classname="aries_cloudagent.revocation.tests.test_routes.TestRevocationRoutes" file="aries_cloudagent/revocation/tests/test_routes.py" line="577" name="test_get_tails_file" time="0.022"></testcase><testcase classname="aries_cloudagent.revocation.tests.test_routes.TestRevocationRoutes" file="aries_cloudagent/revocation/tests/test_routes.py" line="600" name="test_get_tails_file_not_found" time="0.028"></testcase><testcase classname="aries_cloudagent.revocation.tests.test_routes.TestRevocationRoutes" file="aries_cloudagent/revocation/tests/test_routes.py" line="1002" name="test_post_process_routes" time="0.006"></testcase><testcase classname="aries_cloudagent.revocation.tests.test_routes.TestRevocationRoutes" file="aries_cloudagent/revocation/tests/test_routes.py" line="163" name="test_publish_revocations" time="0.021"></testcase><testcase classname="aries_cloudagent.revocation.tests.test_routes.TestRevocationRoutes" file="aries_cloudagent/revocation/tests/test_routes.py" line="187" name="test_publish_revocations_x" time="0.021"></testcase><testcase classname="aries_cloudagent.revocation.tests.test_routes.TestRevocationRoutes" file="aries_cloudagent/revocation/tests/test_routes.py" line="995" name="test_register" time="0.006"></testcase><testcase classname="aries_cloudagent.revocation.tests.test_routes.TestRevocationRoutes" file="aries_cloudagent/revocation/tests/test_routes.py" line="347" name="test_rev_regs_created" time="0.005"></testcase><testcase classname="aries_cloudagent.revocation.tests.test_routes.TestRevocationRoutes" file="aries_cloudagent/revocation/tests/test_routes.py" line="79" name="test_revoke" time="0.027"></testcase><testcase classname="aries_cloudagent.revocation.tests.test_routes.TestRevocationRoutes" file="aries_cloudagent/revocation/tests/test_routes.py" line="107" name="test_revoke_by_cred_ex_id" time="0.022"></testcase><testcase classname="aries_cloudagent.revocation.tests.test_routes.TestRevocationRoutes" file="aries_cloudagent/revocation/tests/test_routes.py" line="134" name="test_revoke_not_found" time="0.021"></testcase><testcase classname="aries_cloudagent.revocation.tests.test_routes.TestRevocationRoutes" file="aries_cloudagent/revocation/tests/test_routes.py" line="693" name="test_send_rev_reg_def" time="0.025"></testcase><testcase classname="aries_cloudagent.revocation.tests.test_routes.TestRevocationRoutes" file="aries_cloudagent/revocation/tests/test_routes.py" line="720" name="test_send_rev_reg_def_not_found" time="0.027"></testcase><testcase classname="aries_cloudagent.revocation.tests.test_routes.TestRevocationRoutes" file="aries_cloudagent/revocation/tests/test_routes.py" line="743" name="test_send_rev_reg_def_x" time="0.023"></testcase><testcase classname="aries_cloudagent.revocation.tests.test_routes.TestRevocationRoutes" file="aries_cloudagent/revocation/tests/test_routes.py" line="767" name="test_send_rev_reg_entry" time="0.024"></testcase><testcase classname="aries_cloudagent.revocation.tests.test_routes.TestRevocationRoutes" file="aries_cloudagent/revocation/tests/test_routes.py" line="793" name="test_send_rev_reg_entry_not_found" time="0.023"></testcase><testcase classname="aries_cloudagent.revocation.tests.test_routes.TestRevocationRoutes" file="aries_cloudagent/revocation/tests/test_routes.py" line="816" name="test_send_rev_reg_entry_x" time="0.028"></testcase><testcase classname="aries_cloudagent.revocation.tests.test_routes.TestRevocationRoutes" file="aries_cloudagent/revocation/tests/test_routes.py" line="929" name="test_set_rev_reg_state" time="0.025"></testcase><testcase classname="aries_cloudagent.revocation.tests.test_routes.TestRevocationRoutes" file="aries_cloudagent/revocation/tests/test_routes.py" line="964" name="test_set_rev_reg_state_not_found" time="0.023"></testcase><testcase classname="aries_cloudagent.revocation.tests.test_routes.TestRevocationRoutes" file="aries_cloudagent/revocation/tests/test_routes.py" line="840" name="test_update_rev_reg" time="0.023"></testcase><testcase classname="aries_cloudagent.revocation.tests.test_routes.TestRevocationRoutes" file="aries_cloudagent/revocation/tests/test_routes.py" line="872" name="test_update_rev_reg_not_found" time="0.026"></testcase><testcase classname="aries_cloudagent.revocation.tests.test_routes.TestRevocationRoutes" file="aries_cloudagent/revocation/tests/test_routes.py" line="900" name="test_update_rev_reg_x" time="0.023"></testcase><testcase classname="aries_cloudagent.revocation.tests.test_routes.TestRevocationRoutes" file="aries_cloudagent/revocation/tests/test_routes.py" line="623" name="test_upload_tails_file" time="0.006"></testcase><testcase classname="aries_cloudagent.revocation.tests.test_routes.TestRevocationRoutes" file="aries_cloudagent/revocation/tests/test_routes.py" line="671" name="test_upload_tails_file_fail" time="0.010"></testcase><testcase classname="aries_cloudagent.revocation.tests.test_routes.TestRevocationRoutes" file="aries_cloudagent/revocation/tests/test_routes.py" line="655" name="test_upload_tails_file_no_local_tails_file" time="0.006"></testcase><testcase classname="aries_cloudagent.revocation.tests.test_routes.TestRevocationRoutes" file="aries_cloudagent/revocation/tests/test_routes.py" line="642" name="test_upload_tails_file_no_tails_server" time="0.005"></testcase><testcase classname="aries_cloudagent.revocation.tests.test_routes.TestRevocationRoutes" file="aries_cloudagent/revocation/tests/test_routes.py" line="34" name="test_validate_cred_rev_rec_qs_and_revoke_req" time="0.005"></testcase><testcase classname="aries_cloudagent.storage.__init__" file="aries_cloudagent/storage/__init__.py" line="-1" name="FLAKE8" time="0.046"></testcase><testcase classname="aries_cloudagent.storage.base" file="aries_cloudagent/storage/base.py" line="-1" name="FLAKE8" time="0.197"></testcase><testcase classname="aries_cloudagent.storage.basic" file="aries_cloudagent/storage/basic.py" line="-1" name="FLAKE8" time="0.221"></testcase><testcase classname="aries_cloudagent.storage.error" file="aries_cloudagent/storage/error.py" line="-1" name="FLAKE8" time="0.055"></testcase><testcase classname="aries_cloudagent.storage.indy" file="aries_cloudagent/storage/indy.py" line="-1" name="FLAKE8" time="0.330"></testcase><testcase classname="aries_cloudagent.storage.provider" file="aries_cloudagent/storage/provider.py" line="-1" name="FLAKE8" time="0.060"></testcase><testcase classname="aries_cloudagent.storage.record" file="aries_cloudagent/storage/record.py" line="-1" name="FLAKE8" time="0.054"></testcase><testcase classname="aries_cloudagent.storage.tests.__init__" file="aries_cloudagent/storage/tests/__init__.py" line="-1" name="FLAKE8" time="0.035"></testcase><testcase classname="aries_cloudagent.storage.tests.test_basic_storage" file="aries_cloudagent/storage/tests/test_basic_storage.py" line="-1" name="FLAKE8" time="0.041"></testcase><testcase classname="aries_cloudagent.storage.tests.test_basic_storage" file="aries_cloudagent/storage/tests/test_basic_storage.py" line="25" name="test_record" time="0.001"></testcase><testcase classname="aries_cloudagent.storage.tests.test_basic_storage" file="aries_cloudagent/storage/tests/test_basic_storage.py" line="29" name="test_missing_record" time="0.001"></testcase><testcase classname="aries_cloudagent.storage.tests.test_basic_storage.TestBasicStorage" file="aries_cloudagent/storage/tests/test_basic_storage.py" line="34" name="test_repr" time="0.001"></testcase><testcase classname="aries_cloudagent.storage.tests.test_basic_storage.TestBasicStorage" file="aries_cloudagent/storage/tests/test_basic_storage.py" line="37" name="test_add_required" time="0.002"></testcase><testcase classname="aries_cloudagent.storage.tests.test_basic_storage.TestBasicStorage" file="aries_cloudagent/storage/tests/test_basic_storage.py" line="42" name="test_add_id_required" time="0.002"></testcase><testcase classname="aries_cloudagent.storage.tests.test_basic_storage.TestBasicStorage" file="aries_cloudagent/storage/tests/test_basic_storage.py" line="48" name="test_retrieve_missing" time="0.002"></testcase><testcase classname="aries_cloudagent.storage.tests.test_basic_storage.TestBasicStorage" file="aries_cloudagent/storage/tests/test_basic_storage.py" line="54" name="test_add_retrieve" time="0.002"></testcase><testcase classname="aries_cloudagent.storage.tests.test_basic_storage.TestBasicStorage" file="aries_cloudagent/storage/tests/test_basic_storage.py" line="68" name="test_delete" time="0.002"></testcase><testcase classname="aries_cloudagent.storage.tests.test_basic_storage.TestBasicStorage" file="aries_cloudagent/storage/tests/test_basic_storage.py" line="76" name="test_delete_missing" time="0.002"></testcase><testcase classname="aries_cloudagent.storage.tests.test_basic_storage.TestBasicStorage" file="aries_cloudagent/storage/tests/test_basic_storage.py" line="82" name="test_update_value" time="0.002"></testcase><testcase classname="aries_cloudagent.storage.tests.test_basic_storage.TestBasicStorage" file="aries_cloudagent/storage/tests/test_basic_storage.py" line="93" name="test_update_missing" time="0.002"></testcase><testcase classname="aries_cloudagent.storage.tests.test_basic_storage.TestBasicStorage" file="aries_cloudagent/storage/tests/test_basic_storage.py" line="99" name="test_update_tags" time="0.002"></testcase><testcase classname="aries_cloudagent.storage.tests.test_basic_storage.TestBasicStorage" file="aries_cloudagent/storage/tests/test_basic_storage.py" line="108" name="test_update_tags_missing" time="0.002"></testcase><testcase classname="aries_cloudagent.storage.tests.test_basic_storage.TestBasicStorage" file="aries_cloudagent/storage/tests/test_basic_storage.py" line="114" name="test_delete_tags" time="0.002"></testcase><testcase classname="aries_cloudagent.storage.tests.test_basic_storage.TestBasicStorage" file="aries_cloudagent/storage/tests/test_basic_storage.py" line="122" name="test_delete_tags_missing" time="0.003"></testcase><testcase classname="aries_cloudagent.storage.tests.test_basic_storage.TestBasicStorage" file="aries_cloudagent/storage/tests/test_basic_storage.py" line="128" name="test_search" time="0.004"></testcase><testcase classname="aries_cloudagent.storage.tests.test_basic_storage.TestBasicStorage" file="aries_cloudagent/storage/tests/test_basic_storage.py" line="186" name="test_iter_search" time="0.002"></testcase><testcase classname="aries_cloudagent.storage.tests.test_basic_storage.TestBasicStorage" file="aries_cloudagent/storage/tests/test_basic_storage.py" line="200" name="test_closed_search" time="0.002"></testcase><testcase classname="aries_cloudagent.storage.tests.test_basic_storage.TestBasicStorage" file="aries_cloudagent/storage/tests/test_basic_storage.py" line="206" name="test_basic_tag_value_match" time="0.002"></testcase><testcase classname="aries_cloudagent.storage.tests.test_basic_storage.TestBasicStorage" file="aries_cloudagent/storage/tests/test_basic_storage.py" line="236" name="test_basic_tag_query_match" time="0.002"></testcase><testcase classname="aries_cloudagent.storage.tests.test_indy_storage" file="aries_cloudagent/storage/tests/test_indy_storage.py" line="-1" name="FLAKE8" time="0.039"></testcase><testcase classname="aries_cloudagent.storage.tests.test_indy_storage.TestIndyStorage" file="aries_cloudagent/storage/tests/test_basic_storage.py" line="34" name="test_repr" time="0.001"><skipped message="test requires Indy support" type="pytest.skip">/usr/src/app/conftest.py:63: test requires Indy support</skipped></testcase><testcase classname="aries_cloudagent.storage.tests.test_indy_storage.TestIndyStorage" file="aries_cloudagent/storage/tests/test_basic_storage.py" line="37" name="test_add_required" time="0.000"><skipped message="test requires Indy support" type="pytest.skip">/usr/src/app/conftest.py:63: test requires Indy support</skipped></testcase><testcase classname="aries_cloudagent.storage.tests.test_indy_storage.TestIndyStorage" file="aries_cloudagent/storage/tests/test_basic_storage.py" line="42" name="test_add_id_required" time="0.001"><skipped message="test requires Indy support" type="pytest.skip">/usr/src/app/conftest.py:63: test requires Indy support</skipped></testcase><testcase classname="aries_cloudagent.storage.tests.test_indy_storage.TestIndyStorage" file="aries_cloudagent/storage/tests/test_basic_storage.py" line="48" name="test_retrieve_missing" time="0.001"><skipped message="test requires Indy support" type="pytest.skip">/usr/src/app/conftest.py:63: test requires Indy support</skipped></testcase><testcase classname="aries_cloudagent.storage.tests.test_indy_storage.TestIndyStorage" file="aries_cloudagent/storage/tests/test_basic_storage.py" line="54" name="test_add_retrieve" time="0.000"><skipped message="test requires Indy support" type="pytest.skip">/usr/src/app/conftest.py:63: test requires Indy support</skipped></testcase><testcase classname="aries_cloudagent.storage.tests.test_indy_storage.TestIndyStorage" file="aries_cloudagent/storage/tests/test_basic_storage.py" line="68" name="test_delete" time="0.001"><skipped message="test requires Indy support" type="pytest.skip">/usr/src/app/conftest.py:63: test requires Indy support</skipped></testcase><testcase classname="aries_cloudagent.storage.tests.test_indy_storage.TestIndyStorage" file="aries_cloudagent/storage/tests/test_basic_storage.py" line="76" name="test_delete_missing" time="0.000"><skipped message="test requires Indy support" type="pytest.skip">/usr/src/app/conftest.py:63: test requires Indy support</skipped></testcase><testcase classname="aries_cloudagent.storage.tests.test_indy_storage.TestIndyStorage" file="aries_cloudagent/storage/tests/test_basic_storage.py" line="82" name="test_update_value" time="0.000"><skipped message="test requires Indy support" type="pytest.skip">/usr/src/app/conftest.py:63: test requires Indy support</skipped></testcase><testcase classname="aries_cloudagent.storage.tests.test_indy_storage.TestIndyStorage" file="aries_cloudagent/storage/tests/test_basic_storage.py" line="93" name="test_update_missing" time="0.001"><skipped message="test requires Indy support" type="pytest.skip">/usr/src/app/conftest.py:63: test requires Indy support</skipped></testcase><testcase classname="aries_cloudagent.storage.tests.test_indy_storage.TestIndyStorage" file="aries_cloudagent/storage/tests/test_basic_storage.py" line="99" name="test_update_tags" time="0.001"><skipped message="test requires Indy support" type="pytest.skip">/usr/src/app/conftest.py:63: test requires Indy support</skipped></testcase><testcase classname="aries_cloudagent.storage.tests.test_indy_storage.TestIndyStorage" file="aries_cloudagent/storage/tests/test_basic_storage.py" line="108" name="test_update_tags_missing" time="0.001"><skipped message="test requires Indy support" type="pytest.skip">/usr/src/app/conftest.py:63: test requires Indy support</skipped></testcase><testcase classname="aries_cloudagent.storage.tests.test_indy_storage.TestIndyStorage" file="aries_cloudagent/storage/tests/test_basic_storage.py" line="114" name="test_delete_tags" time="0.000"><skipped message="test requires Indy support" type="pytest.skip">/usr/src/app/conftest.py:63: test requires Indy support</skipped></testcase><testcase classname="aries_cloudagent.storage.tests.test_indy_storage.TestIndyStorage" file="aries_cloudagent/storage/tests/test_basic_storage.py" line="122" name="test_delete_tags_missing" time="0.000"><skipped message="test requires Indy support" type="pytest.skip">/usr/src/app/conftest.py:63: test requires Indy support</skipped></testcase><testcase classname="aries_cloudagent.storage.tests.test_indy_storage.TestIndyStorage" file="aries_cloudagent/storage/tests/test_basic_storage.py" line="128" name="test_search" time="0.001"><skipped message="test requires Indy support" type="pytest.skip">/usr/src/app/conftest.py:63: test requires Indy support</skipped></testcase><testcase classname="aries_cloudagent.storage.tests.test_indy_storage.TestIndyStorage" file="aries_cloudagent/storage/tests/test_basic_storage.py" line="186" name="test_iter_search" time="0.001"><skipped message="test requires Indy support" type="pytest.skip">/usr/src/app/conftest.py:63: test requires Indy support</skipped></testcase><testcase classname="aries_cloudagent.storage.tests.test_indy_storage.TestIndyStorage" file="aries_cloudagent/storage/tests/test_basic_storage.py" line="200" name="test_closed_search" time="0.001"><skipped message="test requires Indy support" type="pytest.skip">/usr/src/app/conftest.py:63: test requires Indy support</skipped></testcase><testcase classname="aries_cloudagent.storage.tests.test_indy_storage.TestIndyStorage" file="aries_cloudagent/storage/tests/test_basic_storage.py" line="206" name="test_basic_tag_value_match" time="0.001"><skipped message="test requires Indy support" type="pytest.skip">/usr/src/app/conftest.py:63: test requires Indy support</skipped></testcase><testcase classname="aries_cloudagent.storage.tests.test_indy_storage.TestIndyStorage" file="aries_cloudagent/storage/tests/test_basic_storage.py" line="236" name="test_basic_tag_query_match" time="0.001"><skipped message="test requires Indy support" type="pytest.skip">/usr/src/app/conftest.py:63: test requires Indy support</skipped></testcase><testcase classname="aries_cloudagent.storage.tests.test_indy_storage.TestIndyStorage" file="aries_cloudagent/storage/tests/test_indy_storage.py" line="42" name="test_record" time="0.001"><skipped message="test requires Indy support" type="pytest.skip">/usr/src/app/conftest.py:63: test requires Indy support</skipped></testcase><testcase classname="aries_cloudagent.storage.tests.test_indy_storage.TestIndyStorage" file="aries_cloudagent/storage/tests/test_indy_storage.py" line="209" name="test_storage_search_x" time="0.001"><skipped message="test requires Indy support" type="pytest.skip">/usr/src/app/conftest.py:63: test requires Indy support</skipped></testcase><testcase classname="aries_cloudagent.storage.tests.test_indy_storage.TestIndyStorage" file="aries_cloudagent/storage/tests/test_indy_storage.py" line="289" name="test_postgres_wallet_storage_works" time="0.001"><skipped message="test requires Indy support" type="pytest.skip">/usr/src/app/conftest.py:63: test requires Indy support</skipped></testcase><testcase classname="aries_cloudagent.storage.tests.test_storage_record" file="aries_cloudagent/storage/tests/test_storage_record.py" line="-1" name="FLAKE8" time="0.041"></testcase><testcase classname="aries_cloudagent.storage.tests.test_storage_record.TestStorageRecord" file="aries_cloudagent/storage/tests/test_storage_record.py" line="4" name="test_create" time="0.001"></testcase><testcase classname="aries_cloudagent.tails.__init__" file="aries_cloudagent/tails/__init__.py" line="-1" name="FLAKE8" time="0.037"></testcase><testcase classname="aries_cloudagent.tails.base" file="aries_cloudagent/tails/base.py" line="-1" name="FLAKE8" time="0.052"></testcase><testcase classname="aries_cloudagent.tails.error" file="aries_cloudagent/tails/error.py" line="-1" name="FLAKE8" time="0.040"></testcase><testcase classname="aries_cloudagent.tails.indy_tails_server" file="aries_cloudagent/tails/indy_tails_server.py" line="-1" name="FLAKE8" time="0.065"></testcase><testcase classname="aries_cloudagent.tails.tests.__init__" file="aries_cloudagent/tails/tests/__init__.py" line="-1" name="FLAKE8" time="0.041"></testcase><testcase classname="aries_cloudagent.tails.tests.test_indy" file="aries_cloudagent/tails/tests/test_indy.py" line="-1" name="FLAKE8" time="0.039"></testcase><testcase classname="aries_cloudagent.tails.tests.test_indy.TestIndyTailsServer" file="aries_cloudagent/tails/tests/test_indy.py" line="20" name="test_upload" time="0.002"></testcase><testcase classname="aries_cloudagent.tails.tests.test_indy.TestIndyTailsServer" file="aries_cloudagent/tails/tests/test_indy.py" line="13" name="test_upload_no_tails_base_url_x" time="0.003"></testcase><testcase classname="aries_cloudagent.tails.tests.test_indy.TestIndyTailsServer" file="aries_cloudagent/tails/tests/test_indy.py" line="41" name="test_upload_x" time="0.002"></testcase><testcase classname="aries_cloudagent.transport.__init__" file="aries_cloudagent/transport/__init__.py" line="-1" name="FLAKE8" time="0.041"></testcase><testcase classname="aries_cloudagent.transport.error" file="aries_cloudagent/transport/error.py" line="-1" name="FLAKE8" time="0.053"></testcase><testcase classname="aries_cloudagent.transport.pack_format" file="aries_cloudagent/transport/pack_format.py" line="-1" name="FLAKE8" time="0.166"></testcase><testcase classname="aries_cloudagent.transport.stats" file="aries_cloudagent/transport/stats.py" line="-1" name="FLAKE8" time="0.101"></testcase><testcase classname="aries_cloudagent.transport.wire_format" file="aries_cloudagent/transport/wire_format.py" line="-1" name="FLAKE8" time="0.105"></testcase><testcase classname="aries_cloudagent.transport.inbound.__init__" file="aries_cloudagent/transport/inbound/__init__.py" line="-1" name="FLAKE8" time="0.040"></testcase><testcase classname="aries_cloudagent.transport.inbound.base" file="aries_cloudagent/transport/inbound/base.py" line="-1" name="FLAKE8" time="0.089"></testcase><testcase classname="aries_cloudagent.transport.inbound.delivery_queue" file="aries_cloudagent/transport/inbound/delivery_queue.py" line="-1" name="FLAKE8" time="0.122"></testcase><testcase classname="aries_cloudagent.transport.inbound.http" file="aries_cloudagent/transport/inbound/http.py" line="-1" name="FLAKE8" time="0.118"></testcase><testcase classname="aries_cloudagent.transport.inbound.manager" file="aries_cloudagent/transport/inbound/manager.py" line="-1" name="FLAKE8" time="0.211"></testcase><testcase classname="aries_cloudagent.transport.inbound.message" file="aries_cloudagent/transport/inbound/message.py" line="-1" name="FLAKE8" time="0.053"></testcase><testcase classname="aries_cloudagent.transport.inbound.receipt" file="aries_cloudagent/transport/inbound/receipt.py" line="-1" name="FLAKE8" time="0.167"></testcase><testcase classname="aries_cloudagent.transport.inbound.session" file="aries_cloudagent/transport/inbound/session.py" line="-1" name="FLAKE8" time="0.235"></testcase><testcase classname="aries_cloudagent.transport.inbound.ws" file="aries_cloudagent/transport/inbound/ws.py" line="-1" name="FLAKE8" time="0.126"></testcase><testcase classname="aries_cloudagent.transport.inbound.tests.__init__" file="aries_cloudagent/transport/inbound/tests/__init__.py" line="-1" name="FLAKE8" time="0.035"></testcase><testcase classname="aries_cloudagent.transport.inbound.tests.test_delivery_queue" file="aries_cloudagent/transport/inbound/tests/test_delivery_queue.py" line="-1" name="FLAKE8" time="0.039"></testcase><testcase classname="aries_cloudagent.transport.inbound.tests.test_delivery_queue.TestDeliveryQueue" file="aries_cloudagent/transport/inbound/tests/test_delivery_queue.py" line="63" name="test_count_zero_with_no_items" time="0.002"></testcase><testcase classname="aries_cloudagent.transport.inbound.tests.test_delivery_queue.TestDeliveryQueue" file="aries_cloudagent/transport/inbound/tests/test_delivery_queue.py" line="13" name="test_message_add_and_check" time="0.002"></testcase><testcase classname="aries_cloudagent.transport.inbound.tests.test_delivery_queue.TestDeliveryQueue" file="aries_cloudagent/transport/inbound/tests/test_delivery_queue.py" line="29" name="test_message_add_get_by_key" time="0.002"></testcase><testcase classname="aries_cloudagent.transport.inbound.tests.test_delivery_queue.TestDeliveryQueue" file="aries_cloudagent/transport/inbound/tests/test_delivery_queue.py" line="39" name="test_message_add_get_by_list" time="0.001"></testcase><testcase classname="aries_cloudagent.transport.inbound.tests.test_delivery_queue.TestDeliveryQueue" file="aries_cloudagent/transport/inbound/tests/test_delivery_queue.py" line="21" name="test_message_add_not_false_check" time="0.002"></testcase><testcase classname="aries_cloudagent.transport.inbound.tests.test_delivery_queue.TestDeliveryQueue" file="aries_cloudagent/transport/inbound/tests/test_delivery_queue.py" line="53" name="test_message_ttl" time="0.002"></testcase><testcase classname="aries_cloudagent.transport.inbound.tests.test_http_transport" file="aries_cloudagent/transport/inbound/tests/test_http_transport.py" line="-1" name="FLAKE8" time="0.039"></testcase><testcase classname="aries_cloudagent.transport.inbound.tests.test_http_transport.TestHttpTransport" file="aries_cloudagent/transport/inbound/tests/test_http_transport.py" line="140" name="test_invite_message_handler" time="0.101"></testcase><testcase classname="aries_cloudagent.transport.inbound.tests.test_http_transport.TestHttpTransport" file="aries_cloudagent/transport/inbound/tests/test_http_transport.py" line="75" name="test_send_message" time="0.089"></testcase><testcase classname="aries_cloudagent.transport.inbound.tests.test_http_transport.TestHttpTransport" file="aries_cloudagent/transport/inbound/tests/test_http_transport.py" line="105" name="test_send_message_outliers" time="0.102"></testcase><testcase classname="aries_cloudagent.transport.inbound.tests.test_http_transport.TestHttpTransport" file="aries_cloudagent/transport/inbound/tests/test_http_transport.py" line="90" name="test_send_receive_message" time="0.092"></testcase><testcase classname="aries_cloudagent.transport.inbound.tests.test_http_transport.TestHttpTransport" file="aries_cloudagent/transport/inbound/tests/test_http_transport.py" line="64" name="test_start_x" time="0.111"></testcase><testcase classname="aries_cloudagent.transport.inbound.tests.test_manager" file="aries_cloudagent/transport/inbound/tests/test_manager.py" line="-1" name="FLAKE8" time="0.036"></testcase><testcase classname="aries_cloudagent.transport.inbound.tests.test_manager.TestInboundTransportManager" file="aries_cloudagent/transport/inbound/tests/test_manager.py" line="138" name="test_close_return" time="0.005"></testcase><testcase classname="aries_cloudagent.transport.inbound.tests.test_manager.TestInboundTransportManager" file="aries_cloudagent/transport/inbound/tests/test_manager.py" line="164" name="test_close_x" time="0.004"></testcase><testcase classname="aries_cloudagent.transport.inbound.tests.test_manager.TestInboundTransportManager" file="aries_cloudagent/transport/inbound/tests/test_manager.py" line="75" name="test_create_session" time="0.003"></testcase><testcase classname="aries_cloudagent.transport.inbound.tests.test_manager.TestInboundTransportManager" file="aries_cloudagent/transport/inbound/tests/test_manager.py" line="152" name="test_dispatch_complete_undelivered" time="0.003"></testcase><testcase classname="aries_cloudagent.transport.inbound.tests.test_manager.TestInboundTransportManager" file="aries_cloudagent/transport/inbound/tests/test_manager.py" line="170" name="test_process_undelivered" time="0.004"></testcase><testcase classname="aries_cloudagent.transport.inbound.tests.test_manager.TestInboundTransportManager" file="aries_cloudagent/transport/inbound/tests/test_manager.py" line="14" name="test_register_path" time="0.002"></testcase><testcase classname="aries_cloudagent.transport.inbound.tests.test_manager.TestInboundTransportManager" file="aries_cloudagent/transport/inbound/tests/test_manager.py" line="107" name="test_return_to_session" time="0.004"></testcase><testcase classname="aries_cloudagent.transport.inbound.tests.test_manager.TestInboundTransportManager" file="aries_cloudagent/transport/inbound/tests/test_manager.py" line="195" name="test_return_undelivered_false" time="0.002"></testcase><testcase classname="aries_cloudagent.transport.inbound.tests.test_manager.TestInboundTransportManager" file="aries_cloudagent/transport/inbound/tests/test_manager.py" line="33" name="test_setup" time="0.003"></testcase><testcase classname="aries_cloudagent.transport.inbound.tests.test_manager.TestInboundTransportManager" file="aries_cloudagent/transport/inbound/tests/test_manager.py" line="59" name="test_start_stop" time="0.007"></testcase><testcase classname="aries_cloudagent.transport.inbound.tests.test_session" file="aries_cloudagent/transport/inbound/tests/test_session.py" line="-1" name="FLAKE8" time="0.039"></testcase><testcase classname="aries_cloudagent.transport.inbound.tests.test_session.TestInboundSession" file="aries_cloudagent/transport/inbound/tests/test_session.py" line="285" name="test_accept_response" time="0.002"></testcase><testcase classname="aries_cloudagent.transport.inbound.tests.test_session.TestInboundSession" file="aries_cloudagent/transport/inbound/tests/test_session.py" line="310" name="test_context_mgr" time="0.001"></testcase><testcase classname="aries_cloudagent.transport.inbound.tests.test_session.TestInboundSession" file="aries_cloudagent/transport/inbound/tests/test_session.py" line="253" name="test_encode_response" time="0.004"></testcase><testcase classname="aries_cloudagent.transport.inbound.tests.test_session.TestInboundSession" file="aries_cloudagent/transport/inbound/tests/test_session.py" line="16" name="test_init" time="0.004"></testcase><testcase classname="aries_cloudagent.transport.inbound.tests.test_session.TestInboundSession" file="aries_cloudagent/transport/inbound/tests/test_session.py" line="77" name="test_parse_inbound" time="0.003"></testcase><testcase classname="aries_cloudagent.transport.inbound.tests.test_session.TestInboundSession" file="aries_cloudagent/transport/inbound/tests/test_session.py" line="122" name="test_process_inbound" time="0.002"></testcase><testcase classname="aries_cloudagent.transport.inbound.tests.test_session.TestInboundSession" file="aries_cloudagent/transport/inbound/tests/test_session.py" line="102" name="test_receive" time="0.004"></testcase><testcase classname="aries_cloudagent.transport.inbound.tests.test_session.TestInboundSession" file="aries_cloudagent/transport/inbound/tests/test_session.py" line="164" name="test_select_outbound" time="0.002"></testcase><testcase classname="aries_cloudagent.transport.inbound.tests.test_session.TestInboundSession" file="aries_cloudagent/transport/inbound/tests/test_session.py" line="59" name="test_setters" time="0.002"></testcase><testcase classname="aries_cloudagent.transport.inbound.tests.test_session.TestInboundSession" file="aries_cloudagent/transport/inbound/tests/test_session.py" line="202" name="test_wait_response" time="0.004"></testcase><testcase classname="aries_cloudagent.transport.inbound.tests.test_session.TestInboundSession" file="aries_cloudagent/transport/inbound/tests/test_session.py" line="228" name="test_wait_response_x" time="0.105"></testcase><testcase classname="aries_cloudagent.transport.inbound.tests.test_ws_transport" file="aries_cloudagent/transport/inbound/tests/test_ws_transport.py" line="-1" name="FLAKE8" time="0.044"></testcase><testcase classname="aries_cloudagent.transport.inbound.tests.test_ws_transport.TestWsTransport" file="aries_cloudagent/transport/inbound/tests/test_ws_transport.py" line="70" name="test_message_and_response" time="0.101"></testcase><testcase classname="aries_cloudagent.transport.inbound.tests.test_ws_transport.TestWsTransport" file="aries_cloudagent/transport/inbound/tests/test_ws_transport.py" line="59" name="test_start_x" time="0.093"></testcase><testcase classname="aries_cloudagent.transport.outbound.__init__" file="aries_cloudagent/transport/outbound/__init__.py" line="-1" name="FLAKE8" time="0.043"></testcase><testcase classname="aries_cloudagent.transport.outbound.base" file="aries_cloudagent/transport/outbound/base.py" line="-1" name="FLAKE8" time="0.097"></testcase><testcase classname="aries_cloudagent.transport.outbound.http" file="aries_cloudagent/transport/outbound/http.py" line="-1" name="FLAKE8" time="0.090"></testcase><testcase classname="aries_cloudagent.transport.outbound.manager" file="aries_cloudagent/transport/outbound/manager.py" line="-1" name="FLAKE8" time="0.355"></testcase><testcase classname="aries_cloudagent.transport.outbound.message" file="aries_cloudagent/transport/outbound/message.py" line="-1" name="FLAKE8" time="0.068"></testcase><testcase classname="aries_cloudagent.transport.outbound.ws" file="aries_cloudagent/transport/outbound/ws.py" line="-1" name="FLAKE8" time="0.062"></testcase><testcase classname="aries_cloudagent.transport.outbound.tests.__init__" file="aries_cloudagent/transport/outbound/tests/__init__.py" line="-1" name="FLAKE8" time="0.036"></testcase><testcase classname="aries_cloudagent.transport.outbound.tests.test_http_transport" file="aries_cloudagent/transport/outbound/tests/test_http_transport.py" line="-1" name="FLAKE8" time="0.036"></testcase><testcase classname="aries_cloudagent.transport.outbound.tests.test_http_transport.TestHttpTransport" file="aries_cloudagent/transport/outbound/tests/test_http_transport.py" line="35" name="test_handle_message" time="0.098"></testcase><testcase classname="aries_cloudagent.transport.outbound.tests.test_http_transport.TestHttpTransport" file="aries_cloudagent/transport/outbound/tests/test_http_transport.py" line="48" name="test_stats" time="0.098"></testcase><testcase classname="aries_cloudagent.transport.outbound.tests.test_http_transport.TestHttpTransport" file="aries_cloudagent/transport/outbound/tests/test_http_transport.py" line="69" name="test_transport_coverage" time="0.096"></testcase><testcase classname="aries_cloudagent.transport.outbound.tests.test_manager" file="aries_cloudagent/transport/outbound/tests/test_manager.py" line="-1" name="FLAKE8" time="0.042"></testcase><testcase classname="aries_cloudagent.transport.outbound.tests.test_manager.TestOutboundTransportManager" file="aries_cloudagent/transport/outbound/tests/test_manager.py" line="129" name="test_enqueue_webhook" time="0.005"></testcase><testcase classname="aries_cloudagent.transport.outbound.tests.test_manager.TestOutboundTransportManager" file="aries_cloudagent/transport/outbound/tests/test_manager.py" line="290" name="test_finished_deliver_x_log_debug" time="0.008"></testcase><testcase classname="aries_cloudagent.transport.outbound.tests.test_manager.TestOutboundTransportManager" file="aries_cloudagent/transport/outbound/tests/test_manager.py" line="33" name="test_maximum_retry_count" time="0.002"></testcase><testcase classname="aries_cloudagent.transport.outbound.tests.test_manager.TestOutboundTransportManager" file="aries_cloudagent/transport/outbound/tests/test_manager.py" line="162" name="test_process_done_x" time="0.006"></testcase><testcase classname="aries_cloudagent.transport.outbound.tests.test_manager.TestOutboundTransportManager" file="aries_cloudagent/transport/outbound/tests/test_manager.py" line="176" name="test_process_finished_x" time="0.007"></testcase><testcase classname="aries_cloudagent.transport.outbound.tests.test_manager.TestOutboundTransportManager" file="aries_cloudagent/transport/outbound/tests/test_manager.py" line="229" name="test_process_loop_new" time="0.007"></testcase><testcase classname="aries_cloudagent.transport.outbound.tests.test_manager.TestOutboundTransportManager" file="aries_cloudagent/transport/outbound/tests/test_manager.py" line="252" name="test_process_loop_new_deliver" time="0.005"></testcase><testcase classname="aries_cloudagent.transport.outbound.tests.test_manager.TestOutboundTransportManager" file="aries_cloudagent/transport/outbound/tests/test_manager.py" line="210" name="test_process_loop_retry_later" time="0.003"></testcase><testcase classname="aries_cloudagent.transport.outbound.tests.test_manager.TestOutboundTransportManager" file="aries_cloudagent/transport/outbound/tests/test_manager.py" line="191" name="test_process_loop_retry_now" time="0.006"></testcase><testcase classname="aries_cloudagent.transport.outbound.tests.test_manager.TestOutboundTransportManager" file="aries_cloudagent/transport/outbound/tests/test_manager.py" line="275" name="test_process_loop_x" time="0.004"></testcase><testcase classname="aries_cloudagent.transport.outbound.tests.test_manager.TestOutboundTransportManager" file="aries_cloudagent/transport/outbound/tests/test_manager.py" line="19" name="test_register_path" time="0.003"></testcase><testcase classname="aries_cloudagent.transport.outbound.tests.test_manager.TestOutboundTransportManager" file="aries_cloudagent/transport/outbound/tests/test_manager.py" line="48" name="test_send_message" time="0.009"></testcase><testcase classname="aries_cloudagent.transport.outbound.tests.test_manager.TestOutboundTransportManager" file="aries_cloudagent/transport/outbound/tests/test_manager.py" line="40" name="test_setup" time="0.005"></testcase><testcase classname="aries_cloudagent.transport.outbound.tests.test_manager.TestOutboundTransportManager" file="aries_cloudagent/transport/outbound/tests/test_manager.py" line="118" name="test_stop_cancel" time="0.005"></testcase><testcase classname="aries_cloudagent.transport.outbound.tests.test_ws_transport" file="aries_cloudagent/transport/outbound/tests/test_ws_transport.py" line="-1" name="FLAKE8" time="0.039"></testcase><testcase classname="aries_cloudagent.transport.outbound.tests.test_ws_transport.TestWsTransport" file="aries_cloudagent/transport/outbound/tests/test_ws_transport.py" line="37" name="test_handle_message" time="0.105"></testcase><testcase classname="aries_cloudagent.transport.queue.__init__" file="aries_cloudagent/transport/queue/__init__.py" line="-1" name="FLAKE8" time="0.039"></testcase><testcase classname="aries_cloudagent.transport.queue.base" file="aries_cloudagent/transport/queue/base.py" line="-1" name="FLAKE8" time="0.071"></testcase><testcase classname="aries_cloudagent.transport.queue.basic" file="aries_cloudagent/transport/queue/basic.py" line="-1" name="FLAKE8" time="0.138"></testcase><testcase classname="aries_cloudagent.transport.queue.tests.__init__" file="aries_cloudagent/transport/queue/tests/__init__.py" line="-1" name="FLAKE8" time="0.053"></testcase><testcase classname="aries_cloudagent.transport.queue.tests.test_basic_queue" file="aries_cloudagent/transport/queue/tests/test_basic_queue.py" line="-1" name="FLAKE8" time="0.045"></testcase><testcase classname="aries_cloudagent.transport.queue.tests.test_basic_queue.TestBasicQueue" file="aries_cloudagent/transport/queue/tests/test_basic_queue.py" line="97" name="test_async_iter" time="0.003"></testcase><testcase classname="aries_cloudagent.transport.queue.tests.test_basic_queue.TestBasicQueue" file="aries_cloudagent/transport/queue/tests/test_basic_queue.py" line="65" name="test_dequeue_none" time="0.011"></testcase><testcase classname="aries_cloudagent.transport.queue.tests.test_basic_queue.TestBasicQueue" file="aries_cloudagent/transport/queue/tests/test_basic_queue.py" line="33" name="test_dequeue_x" time="0.008"></testcase><testcase classname="aries_cloudagent.transport.queue.tests.test_basic_queue.TestBasicQueue" file="aries_cloudagent/transport/queue/tests/test_basic_queue.py" line="18" name="test_enqueue_dequeue" time="0.002"></testcase><testcase classname="aries_cloudagent.transport.queue.tests.test_basic_queue.TestBasicQueue" file="aries_cloudagent/transport/queue/tests/test_basic_queue.py" line="106" name="test_stopped" time="0.002"></testcase><testcase classname="aries_cloudagent.transport.tests.__init__" file="aries_cloudagent/transport/tests/__init__.py" line="-1" name="FLAKE8" time="0.040"></testcase><testcase classname="aries_cloudagent.transport.tests.test_pack_format" file="aries_cloudagent/transport/tests/test_pack_format.py" line="-1" name="FLAKE8" time="0.040"></testcase><testcase classname="aries_cloudagent.transport.tests.test_pack_format.TestPackWireFormat" file="aries_cloudagent/transport/tests/test_pack_format.py" line="133" name="test_encode_decode" time="0.006"></testcase><testcase classname="aries_cloudagent.transport.tests.test_pack_format.TestPackWireFormat" file="aries_cloudagent/transport/tests/test_pack_format.py" line="37" name="test_errors" time="0.003"></testcase><testcase classname="aries_cloudagent.transport.tests.test_pack_format.TestPackWireFormat" file="aries_cloudagent/transport/tests/test_pack_format.py" line="120" name="test_fallback" time="0.003"></testcase><testcase classname="aries_cloudagent.transport.tests.test_pack_format.TestPackWireFormat" file="aries_cloudagent/transport/tests/test_pack_format.py" line="162" name="test_forward" time="0.010"></testcase><testcase classname="aries_cloudagent.transport.tests.test_pack_format.TestPackWireFormat" file="aries_cloudagent/transport/tests/test_pack_format.py" line="76" name="test_pack_x" time="0.008"></testcase><testcase classname="aries_cloudagent.transport.tests.test_pack_format.TestPackWireFormat" file="aries_cloudagent/transport/tests/test_pack_format.py" line="109" name="test_unpacked" time="0.002"></testcase><testcase classname="aries_cloudagent.transport.tests.test_stats" file="aries_cloudagent/transport/tests/test_stats.py" line="-1" name="FLAKE8" time="0.036"></testcase><testcase classname="aries_cloudagent.transport.tests.test_stats.TestStatsTracer" file="aries_cloudagent/transport/tests/test_stats.py" line="20" name="test_connection_ready_error_pass" time="0.004"></testcase><testcase classname="aries_cloudagent.transport.tests.test_stats.TestStatsTracer" file="aries_cloudagent/transport/tests/test_stats.py" line="16" name="test_queued_start_stop" time="0.004"></testcase><testcase classname="aries_cloudagent.utils.__init__" file="aries_cloudagent/utils/__init__.py" line="-1" name="FLAKE8" time="0.039"></testcase><testcase classname="aries_cloudagent.utils.classloader" file="aries_cloudagent/utils/classloader.py" line="-1" name="FLAKE8" time="0.139"></testcase><testcase classname="aries_cloudagent.utils.http" file="aries_cloudagent/utils/http.py" line="-1" name="FLAKE8" time="0.146"></testcase><testcase classname="aries_cloudagent.utils.outofband" file="aries_cloudagent/utils/outofband.py" line="-1" name="FLAKE8" time="0.059"></testcase><testcase classname="aries_cloudagent.utils.repeat" file="aries_cloudagent/utils/repeat.py" line="-1" name="FLAKE8" time="0.124"></testcase><testcase classname="aries_cloudagent.utils.stats" file="aries_cloudagent/utils/stats.py" line="-1" name="FLAKE8" time="0.228"></testcase><testcase classname="aries_cloudagent.utils.task_queue" file="aries_cloudagent/utils/task_queue.py" line="-1" name="FLAKE8" time="0.298"></testcase><testcase classname="aries_cloudagent.utils.tracing" file="aries_cloudagent/utils/tracing.py" line="-1" name="FLAKE8" time="0.208"></testcase><testcase classname="aries_cloudagent.utils.tests.__init__" file="aries_cloudagent/utils/tests/__init__.py" line="-1" name="FLAKE8" time="0.036"></testcase><testcase classname="aries_cloudagent.utils.tests.test_classloader" file="aries_cloudagent/utils/tests/test_classloader.py" line="-1" name="FLAKE8" time="0.042"></testcase><testcase classname="aries_cloudagent.utils.tests.test_classloader.TestClassLoader" file="aries_cloudagent/utils/tests/test_classloader.py" line="46" name="test_import_error" time="0.002"></testcase><testcase classname="aries_cloudagent.utils.tests.test_classloader.TestClassLoader" file="aries_cloudagent/utils/tests/test_classloader.py" line="9" name="test_import_loaded" time="0.001"></testcase><testcase classname="aries_cloudagent.utils.tests.test_classloader.TestClassLoader" file="aries_cloudagent/utils/tests/test_classloader.py" line="12" name="test_import_local" time="0.003"></testcase><testcase classname="aries_cloudagent.utils.tests.test_classloader.TestClassLoader" file="aries_cloudagent/utils/tests/test_classloader.py" line="38" name="test_import_missing" time="0.003"></testcase><testcase classname="aries_cloudagent.utils.tests.test_classloader.TestClassLoader" file="aries_cloudagent/utils/tests/test_classloader.py" line="19" name="test_import_relative" time="0.006"></testcase><testcase classname="aries_cloudagent.utils.tests.test_classloader.TestClassLoader" file="aries_cloudagent/utils/tests/test_classloader.py" line="54" name="test_load_class" time="0.001"></testcase><testcase classname="aries_cloudagent.utils.tests.test_classloader.TestClassLoader" file="aries_cloudagent/utils/tests/test_classloader.py" line="58" name="test_load_class_missing" time="0.001"></testcase><testcase classname="aries_cloudagent.utils.tests.test_classloader.TestClassLoader" file="aries_cloudagent/utils/tests/test_classloader.py" line="70" name="test_load_subclass" time="0.001"></testcase><testcase classname="aries_cloudagent.utils.tests.test_classloader.TestClassLoader" file="aries_cloudagent/utils/tests/test_classloader.py" line="73" name="test_load_subclass_missing" time="0.002"></testcase><testcase classname="aries_cloudagent.utils.tests.test_classloader.TestClassLoader" file="aries_cloudagent/utils/tests/test_classloader.py" line="83" name="test_scan_packages" time="0.003"></testcase><testcase classname="aries_cloudagent.utils.tests.test_classloader.TestClassLoader" file="aries_cloudagent/utils/tests/test_classloader.py" line="89" name="test_scan_packages_missing" time="0.001"></testcase><testcase classname="aries_cloudagent.utils.tests.test_http" file="aries_cloudagent/utils/tests/test_http.py" line="-1" name="FLAKE8" time="0.036"></testcase><testcase classname="aries_cloudagent.utils.tests.test_http.TestTransportUtils" file="aries_cloudagent/utils/tests/test_http.py" line="63" name="test_fetch" time="0.113"></testcase><testcase classname="aries_cloudagent.utils.tests.test_http.TestTransportUtils" file="aries_cloudagent/utils/tests/test_http.py" line="72" name="test_fetch_default_client" time="0.098"></testcase><testcase classname="aries_cloudagent.utils.tests.test_http.TestTransportUtils" file="aries_cloudagent/utils/tests/test_http.py" line="79" name="test_fetch_fail" time="0.100"></testcase><testcase classname="aries_cloudagent.utils.tests.test_http.TestTransportUtils" file="aries_cloudagent/utils/tests/test_http.py" line="33" name="test_fetch_stream" time="0.119"></testcase><testcase classname="aries_cloudagent.utils.tests.test_http.TestTransportUtils" file="aries_cloudagent/utils/tests/test_http.py" line="43" name="test_fetch_stream_default_client" time="0.120"></testcase><testcase classname="aries_cloudagent.utils.tests.test_http.TestTransportUtils" file="aries_cloudagent/utils/tests/test_http.py" line="51" name="test_fetch_stream_fail" time="0.099"></testcase><testcase classname="aries_cloudagent.utils.tests.test_http.TestTransportUtils" file="aries_cloudagent/utils/tests/test_http.py" line="91" name="test_put" time="0.099"></testcase><testcase classname="aries_cloudagent.utils.tests.test_http.TestTransportUtils" file="aries_cloudagent/utils/tests/test_http.py" line="105" name="test_put_default_client" time="0.102"></testcase><testcase classname="aries_cloudagent.utils.tests.test_http.TestTransportUtils" file="aries_cloudagent/utils/tests/test_http.py" line="118" name="test_put_fail" time="1.110"></testcase><testcase classname="aries_cloudagent.utils.tests.test_outofband" file="aries_cloudagent/utils/tests/test_outofband.py" line="-1" name="FLAKE8" time="0.045"></testcase><testcase classname="aries_cloudagent.utils.tests.test_outofband.TestOutOfBand" file="aries_cloudagent/utils/tests/test_outofband.py" line="14" name="test_serialize_oob" time="0.004"></testcase><testcase classname="aries_cloudagent.utils.tests.test_repeat" file="aries_cloudagent/utils/tests/test_repeat.py" line="-1" name="FLAKE8" time="0.043"></testcase><testcase classname="aries_cloudagent.utils.tests.test_repeat.TestRepeat" file="aries_cloudagent/utils/tests/test_repeat.py" line="18" name="test_aiter" time="0.002"></testcase><testcase classname="aries_cloudagent.utils.tests.test_repeat.TestRepeat" file="aries_cloudagent/utils/tests/test_repeat.py" line="6" name="test_iter" time="0.002"></testcase><testcase classname="aries_cloudagent.utils.tests.test_repeat.TestRepeat" file="aries_cloudagent/utils/tests/test_repeat.py" line="33" name="test_repr" time="0.002"></testcase><testcase classname="aries_cloudagent.utils.tests.test_stats" file="aries_cloudagent/utils/tests/test_stats.py" line="-1" name="FLAKE8" time="0.037"></testcase><testcase classname="aries_cloudagent.utils.tests.test_stats.TestStats" file="aries_cloudagent/utils/tests/test_stats.py" line="69" name="test_disable" time="0.002"></testcase><testcase classname="aries_cloudagent.utils.tests.test_stats.TestStats" file="aries_cloudagent/utils/tests/test_stats.py" line="81" name="test_extract" time="0.003"></testcase><testcase classname="aries_cloudagent.utils.tests.test_stats.TestStats" file="aries_cloudagent/utils/tests/test_stats.py" line="9" name="test_fn_decorator" time="0.002"></testcase><testcase classname="aries_cloudagent.utils.tests.test_stats.TestStats" file="aries_cloudagent/utils/tests/test_stats.py" line="24" name="test_method_decorator" time="0.002"></testcase><testcase classname="aries_cloudagent.utils.tests.test_task_queue" file="aries_cloudagent/utils/tests/test_task_queue.py" line="-1" name="FLAKE8" time="0.050"></testcase><testcase classname="aries_cloudagent.utils.tests.test_task_queue.TestTaskQueue" file="aries_cloudagent/utils/tests/test_task_queue.py" line="146" name="test_cancel_all" time="0.006"></testcase><testcase classname="aries_cloudagent.utils.tests.test_task_queue.TestTaskQueue" file="aries_cloudagent/utils/tests/test_task_queue.py" line="172" name="test_cancel_long" time="0.002"></testcase><testcase classname="aries_cloudagent.utils.tests.test_task_queue.TestTaskQueue" file="aries_cloudagent/utils/tests/test_task_queue.py" line="114" name="test_cancel_pending" time="0.003"></testcase><testcase classname="aries_cloudagent.utils.tests.test_task_queue.TestTaskQueue" file="aries_cloudagent/utils/tests/test_task_queue.py" line="89" name="test_complete" time="0.004"></testcase><testcase classname="aries_cloudagent.utils.tests.test_task_queue.TestTaskQueue" file="aries_cloudagent/utils/tests/test_task_queue.py" line="184" name="test_complete_with_timeout" time="0.013"></testcase><testcase classname="aries_cloudagent.utils.tests.test_task_queue.TestTaskQueue" file="aries_cloudagent/utils/tests/test_task_queue.py" line="132" name="test_drain_done" time="0.010"></testcase><testcase classname="aries_cloudagent.utils.tests.test_task_queue.TestTaskQueue" file="aries_cloudagent/utils/tests/test_task_queue.py" line="69" name="test_pending" time="0.008"></testcase><testcase classname="aries_cloudagent.utils.tests.test_task_queue.TestTaskQueue" file="aries_cloudagent/utils/tests/test_task_queue.py" line="51" name="test_put_limited" time="0.002"></testcase><testcase classname="aries_cloudagent.utils.tests.test_task_queue.TestTaskQueue" file="aries_cloudagent/utils/tests/test_task_queue.py" line="34" name="test_put_no_limit" time="0.002"></testcase><testcase classname="aries_cloudagent.utils.tests.test_task_queue.TestTaskQueue" file="aries_cloudagent/utils/tests/test_task_queue.py" line="195" name="test_repeat_callback" time="0.003"></testcase><testcase classname="aries_cloudagent.utils.tests.test_task_queue.TestTaskQueue" file="aries_cloudagent/utils/tests/test_task_queue.py" line="13" name="test_run" time="0.002"></testcase><testcase classname="aries_cloudagent.utils.tests.test_task_queue.TestTaskQueue" file="aries_cloudagent/utils/tests/test_task_queue.py" line="210" name="test_timed" time="0.002"></testcase><testcase classname="aries_cloudagent.utils.tests.test_tracing" file="aries_cloudagent/utils/tests/test_tracing.py" line="-1" name="FLAKE8" time="0.037"></testcase><testcase classname="aries_cloudagent.utils.tests.test_tracing.TestTracing" file="aries_cloudagent/utils/tests/test_tracing.py" line="73" name="test_decode_inbound_message" time="0.002"></testcase><testcase classname="aries_cloudagent.utils.tests.test_tracing.TestTracing" file="aries_cloudagent/utils/tests/test_tracing.py" line="22" name="test_get_timer" time="0.002"></testcase><testcase classname="aries_cloudagent.utils.tests.test_tracing.TestTracing" file="aries_cloudagent/utils/tests/test_tracing.py" line="95" name="test_log_event" time="0.004"></testcase><testcase classname="aries_cloudagent.utils.tests.test_tracing.TestTracing" file="aries_cloudagent/utils/tests/test_tracing.py" line="136" name="test_post_event" time="0.049"></testcase><testcase classname="aries_cloudagent.utils.tests.test_tracing.TestTracing" file="aries_cloudagent/utils/tests/test_tracing.py" line="152" name="test_post_event_with_error" time="0.057"></testcase><testcase classname="aries_cloudagent.utils.tests.test_tracing.TestTracing" file="aries_cloudagent/utils/tests/test_tracing.py" line="173" name="test_post_msg_decorator_event" time="0.002"></testcase><testcase classname="aries_cloudagent.utils.tests.test_tracing.TestTracing" file="aries_cloudagent/utils/tests/test_tracing.py" line="25" name="test_tracing_enabled" time="0.003"></testcase><testcase classname="aries_cloudagent.verifier.__init__" file="aries_cloudagent/verifier/__init__.py" line="-1" name="FLAKE8" time="0.046"></testcase><testcase classname="aries_cloudagent.verifier.base" file="aries_cloudagent/verifier/base.py" line="-1" name="FLAKE8" time="0.057"></testcase><testcase classname="aries_cloudagent.verifier.indy" file="aries_cloudagent/verifier/indy.py" line="-1" name="FLAKE8" time="0.201"></testcase><testcase classname="aries_cloudagent.verifier.tests.__init__" file="aries_cloudagent/verifier/tests/__init__.py" line="-1" name="FLAKE8" time="0.040"></testcase><testcase classname="aries_cloudagent.verifier.tests.test_indy" file="aries_cloudagent/verifier/tests/test_indy.py" line="-1" name="FLAKE8" time="0.037"></testcase><testcase classname="aries_cloudagent.verifier.tests.test_indy.TestIndyVerifier" file="aries_cloudagent/verifier/tests/test_indy.py" line="684" name="test_check_encoding_attr" time="0.001"><skipped message="test requires Indy support" type="pytest.skip">/usr/src/app/conftest.py:63: test requires Indy support</skipped></testcase><testcase classname="aries_cloudagent.verifier.tests.test_indy.TestIndyVerifier" file="aries_cloudagent/verifier/tests/test_indy.py" line="727" name="test_check_encoding_attr_tamper_encoded" time="0.001"><skipped message="test requires Indy support" type="pytest.skip">/usr/src/app/conftest.py:63: test requires Indy support</skipped></testcase><testcase classname="aries_cloudagent.verifier.tests.test_indy.TestIndyVerifier" file="aries_cloudagent/verifier/tests/test_indy.py" line="707" name="test_check_encoding_attr_tamper_raw" time="0.001"><skipped message="test requires Indy support" type="pytest.skip">/usr/src/app/conftest.py:63: test requires Indy support</skipped></testcase><testcase classname="aries_cloudagent.verifier.tests.test_indy.TestIndyVerifier" file="aries_cloudagent/verifier/tests/test_indy.py" line="747" name="test_check_pred_names" time="0.001"><skipped message="test requires Indy support" type="pytest.skip">/usr/src/app/conftest.py:63: test requires Indy support</skipped></testcase><testcase classname="aries_cloudagent.verifier.tests.test_indy.TestIndyVerifier" file="aries_cloudagent/verifier/tests/test_indy.py" line="790" name="test_check_pred_names_bypass_timestamp" time="0.000"><skipped message="test requires Indy support" type="pytest.skip">/usr/src/app/conftest.py:63: test requires Indy support</skipped></testcase><testcase classname="aries_cloudagent.verifier.tests.test_indy.TestIndyVerifier" file="aries_cloudagent/verifier/tests/test_indy.py" line="832" name="test_check_pred_names_tamper_attr_groups" time="0.000"><skipped message="test requires Indy support" type="pytest.skip">/usr/src/app/conftest.py:63: test requires Indy support</skipped></testcase><testcase classname="aries_cloudagent.verifier.tests.test_indy.TestIndyVerifier" file="aries_cloudagent/verifier/tests/test_indy.py" line="814" name="test_check_pred_names_tamper_pred_req_attr" time="0.000"><skipped message="test requires Indy support" type="pytest.skip">/usr/src/app/conftest.py:63: test requires Indy support</skipped></testcase><testcase classname="aries_cloudagent.verifier.tests.test_indy.TestIndyVerifier" file="aries_cloudagent/verifier/tests/test_indy.py" line="770" name="test_check_pred_names_tamper_pred_value" time="0.001"><skipped message="test requires Indy support" type="pytest.skip">/usr/src/app/conftest.py:63: test requires Indy support</skipped></testcase><testcase classname="aries_cloudagent.verifier.tests.test_indy.TestIndyVerifier" file="aries_cloudagent/verifier/tests/test_indy.py" line="371" name="test_non_revoc_intervals" time="0.001"><skipped message="test requires Indy support" type="pytest.skip">/usr/src/app/conftest.py:63: test requires Indy support</skipped></testcase><testcase classname="aries_cloudagent.verifier.tests.test_indy.TestIndyVerifier" file="aries_cloudagent/verifier/tests/test_indy.py" line="491" name="test_pre_verify" time="0.001"><skipped message="test requires Indy support" type="pytest.skip">/usr/src/app/conftest.py:63: test requires Indy support</skipped></testcase><testcase classname="aries_cloudagent.verifier.tests.test_indy.TestIndyVerifier" file="aries_cloudagent/verifier/tests/test_indy.py" line="311" name="test_verify_presentation" time="0.000"><skipped message="test requires Indy support" type="pytest.skip">/usr/src/app/conftest.py:63: test requires Indy support</skipped></testcase><testcase classname="aries_cloudagent.verifier.tests.test_indy.TestIndyVerifier" file="aries_cloudagent/verifier/tests/test_indy.py" line="341" name="test_verify_presentation_x_indy" time="0.001"><skipped message="test requires Indy support" type="pytest.skip">/usr/src/app/conftest.py:63: test requires Indy support</skipped></testcase><testcase classname="aries_cloudagent.wallet.__init__" file="aries_cloudagent/wallet/__init__.py" line="-1" name="FLAKE8" time="0.043"></testcase><testcase classname="aries_cloudagent.wallet.base" file="aries_cloudagent/wallet/base.py" line="-1" name="FLAKE8" time="0.213"></testcase><testcase classname="aries_cloudagent.wallet.basic" file="aries_cloudagent/wallet/basic.py" line="-1" name="FLAKE8" time="0.275"></testcase><testcase classname="aries_cloudagent.wallet.crypto" file="aries_cloudagent/wallet/crypto.py" line="-1" name="FLAKE8" time="0.323"></testcase><testcase classname="aries_cloudagent.wallet.did_posture" file="aries_cloudagent/wallet/did_posture.py" line="-1" name="FLAKE8" time="0.084"></testcase><testcase classname="aries_cloudagent.wallet.error" file="aries_cloudagent/wallet/error.py" line="-1" name="FLAKE8" time="0.105"></testcase><testcase classname="aries_cloudagent.wallet.indy" file="aries_cloudagent/wallet/indy.py" line="-1" name="FLAKE8" time="0.549"></testcase><testcase classname="aries_cloudagent.wallet.plugin" file="aries_cloudagent/wallet/plugin.py" line="-1" name="FLAKE8" time="0.126"></testcase><testcase classname="aries_cloudagent.wallet.provider" file="aries_cloudagent/wallet/provider.py" line="-1" name="FLAKE8" time="0.098"></testcase><testcase classname="aries_cloudagent.wallet.routes" file="aries_cloudagent/wallet/routes.py" line="-1" name="FLAKE8" time="0.386"></testcase><testcase classname="aries_cloudagent.wallet.util" file="aries_cloudagent/wallet/util.py" line="-1" name="FLAKE8" time="0.115"></testcase><testcase classname="aries_cloudagent.wallet.tests.__init__" file="aries_cloudagent/wallet/tests/__init__.py" line="-1" name="FLAKE8" time="0.064"></testcase><testcase classname="aries_cloudagent.wallet.tests.test_basic_wallet" file="aries_cloudagent/wallet/tests/test_basic_wallet.py" line="-1" name="FLAKE8" time="0.074"></testcase><testcase classname="aries_cloudagent.wallet.tests.test_basic_wallet.TestBasicWallet" file="aries_cloudagent/wallet/tests/test_basic_wallet.py" line="40" name="test_properties" time="0.004"></testcase><testcase classname="aries_cloudagent.wallet.tests.test_basic_wallet.TestBasicWallet" file="aries_cloudagent/wallet/tests/test_basic_wallet.py" line="51" name="test_create_signing_key_random" time="0.005"></testcase><testcase classname="aries_cloudagent.wallet.tests.test_basic_wallet.TestBasicWallet" file="aries_cloudagent/wallet/tests/test_basic_wallet.py" line="56" name="test_create_signing_key_seeded" time="0.005"></testcase><testcase classname="aries_cloudagent.wallet.tests.test_basic_wallet.TestBasicWallet" file="aries_cloudagent/wallet/tests/test_basic_wallet.py" line="67" name="test_signing_key_metadata" time="0.004"></testcase><testcase classname="aries_cloudagent.wallet.tests.test_basic_wallet.TestBasicWallet" file="aries_cloudagent/wallet/tests/test_basic_wallet.py" line="87" name="test_create_local_random" time="0.005"></testcase><testcase classname="aries_cloudagent.wallet.tests.test_basic_wallet.TestBasicWallet" file="aries_cloudagent/wallet/tests/test_basic_wallet.py" line="92" name="test_create_local_seeded" time="0.004"></testcase><testcase classname="aries_cloudagent.wallet.tests.test_basic_wallet.TestBasicWallet" file="aries_cloudagent/wallet/tests/test_basic_wallet.py" line="104" name="test_rotate_did_keypair" time="0.006"></testcase><testcase classname="aries_cloudagent.wallet.tests.test_basic_wallet.TestBasicWallet" file="aries_cloudagent/wallet/tests/test_basic_wallet.py" line="125" name="test_create_local_with_did" time="0.006"></testcase><testcase classname="aries_cloudagent.wallet.tests.test_basic_wallet.TestBasicWallet" file="aries_cloudagent/wallet/tests/test_basic_wallet.py" line="133" name="test_local_verkey" time="0.005"></testcase><testcase classname="aries_cloudagent.wallet.tests.test_basic_wallet.TestBasicWallet" file="aries_cloudagent/wallet/tests/test_basic_wallet.py" line="152" name="test_local_metadata" time="0.005"></testcase><testcase classname="aries_cloudagent.wallet.tests.test_basic_wallet.TestBasicWallet" file="aries_cloudagent/wallet/tests/test_basic_wallet.py" line="175" name="test_create_public_did" time="0.005"></testcase><testcase classname="aries_cloudagent.wallet.tests.test_basic_wallet.TestBasicWallet" file="aries_cloudagent/wallet/tests/test_basic_wallet.py" line="201" name="test_set_public_did" time="0.005"></testcase><testcase classname="aries_cloudagent.wallet.tests.test_basic_wallet.TestBasicWallet" file="aries_cloudagent/wallet/tests/test_basic_wallet.py" line="230" name="test_sign_verify" time="0.008"></testcase><testcase classname="aries_cloudagent.wallet.tests.test_basic_wallet.TestBasicWallet" file="aries_cloudagent/wallet/tests/test_basic_wallet.py" line="273" name="test_pack_unpack" time="0.026"></testcase><testcase classname="aries_cloudagent.wallet.tests.test_basic_wallet.TestBasicWallet" file="aries_cloudagent/wallet/tests/test_basic_wallet.py" line="303" name="test_signature_round_trip" time="0.012"></testcase><testcase classname="aries_cloudagent.wallet.tests.test_crypto" file="aries_cloudagent/wallet/tests/test_crypto.py" line="-1" name="FLAKE8" time="0.071"></testcase><testcase classname="aries_cloudagent.wallet.tests.test_crypto.TestUtil" file="aries_cloudagent/wallet/tests/test_crypto.py" line="54" name="test_decode_pack_message_outer_x" time="0.004"></testcase><testcase classname="aries_cloudagent.wallet.tests.test_crypto.TestUtil" file="aries_cloudagent/wallet/tests/test_crypto.py" line="37" name="test_decode_pack_message_x" time="0.002"></testcase><testcase classname="aries_cloudagent.wallet.tests.test_crypto.TestUtil" file="aries_cloudagent/wallet/tests/test_crypto.py" line="105" name="test_extract_pack_recipients_x" time="0.001"></testcase><testcase classname="aries_cloudagent.wallet.tests.test_crypto.TestUtil" file="aries_cloudagent/wallet/tests/test_crypto.py" line="28" name="test_seeds_keys" time="0.002"></testcase><testcase classname="aries_cloudagent.wallet.tests.test_crypto.TestUtil" file="aries_cloudagent/wallet/tests/test_crypto.py" line="14" name="test_validate_seed" time="0.001"></testcase><testcase classname="aries_cloudagent.wallet.tests.test_did_posture" file="aries_cloudagent/wallet/tests/test_did_posture.py" line="-1" name="FLAKE8" time="0.049"></testcase><testcase classname="aries_cloudagent.wallet.tests.test_did_posture.TestDIDPosture" file="aries_cloudagent/wallet/tests/test_did_posture.py" line="6" name="test_did_posture" time="0.002"></testcase><testcase classname="aries_cloudagent.wallet.tests.test_indy_wallet" file="aries_cloudagent/wallet/tests/test_indy_wallet.py" line="-1" name="FLAKE8" time="0.058"></testcase><testcase classname="aries_cloudagent.wallet.tests.test_indy_wallet.TestIndyWallet" file="aries_cloudagent/wallet/tests/test_basic_wallet.py" line="51" name="test_create_signing_key_random" time="0.001"><skipped message="test requires Indy support" type="pytest.skip">/usr/src/app/conftest.py:63: test requires Indy support</skipped></testcase><testcase classname="aries_cloudagent.wallet.tests.test_indy_wallet.TestIndyWallet" file="aries_cloudagent/wallet/tests/test_basic_wallet.py" line="56" name="test_create_signing_key_seeded" time="0.001"><skipped message="test requires Indy support" type="pytest.skip">/usr/src/app/conftest.py:63: test requires Indy support</skipped></testcase><testcase classname="aries_cloudagent.wallet.tests.test_indy_wallet.TestIndyWallet" file="aries_cloudagent/wallet/tests/test_basic_wallet.py" line="67" name="test_signing_key_metadata" time="0.001"><skipped message="test requires Indy support" type="pytest.skip">/usr/src/app/conftest.py:63: test requires Indy support</skipped></testcase><testcase classname="aries_cloudagent.wallet.tests.test_indy_wallet.TestIndyWallet" file="aries_cloudagent/wallet/tests/test_basic_wallet.py" line="87" name="test_create_local_random" time="0.001"><skipped message="test requires Indy support" type="pytest.skip">/usr/src/app/conftest.py:63: test requires Indy support</skipped></testcase><testcase classname="aries_cloudagent.wallet.tests.test_indy_wallet.TestIndyWallet" file="aries_cloudagent/wallet/tests/test_basic_wallet.py" line="92" name="test_create_local_seeded" time="0.000"><skipped message="test requires Indy support" type="pytest.skip">/usr/src/app/conftest.py:63: test requires Indy support</skipped></testcase><testcase classname="aries_cloudagent.wallet.tests.test_indy_wallet.TestIndyWallet" file="aries_cloudagent/wallet/tests/test_basic_wallet.py" line="104" name="test_rotate_did_keypair" time="0.001"><skipped message="test requires Indy support" type="pytest.skip">/usr/src/app/conftest.py:63: test requires Indy support</skipped></testcase><testcase classname="aries_cloudagent.wallet.tests.test_indy_wallet.TestIndyWallet" file="aries_cloudagent/wallet/tests/test_basic_wallet.py" line="125" name="test_create_local_with_did" time="0.001"><skipped message="test requires Indy support" type="pytest.skip">/usr/src/app/conftest.py:63: test requires Indy support</skipped></testcase><testcase classname="aries_cloudagent.wallet.tests.test_indy_wallet.TestIndyWallet" file="aries_cloudagent/wallet/tests/test_basic_wallet.py" line="133" name="test_local_verkey" time="0.001"><skipped message="test requires Indy support" type="pytest.skip">/usr/src/app/conftest.py:63: test requires Indy support</skipped></testcase><testcase classname="aries_cloudagent.wallet.tests.test_indy_wallet.TestIndyWallet" file="aries_cloudagent/wallet/tests/test_basic_wallet.py" line="152" name="test_local_metadata" time="0.001"><skipped message="test requires Indy support" type="pytest.skip">/usr/src/app/conftest.py:63: test requires Indy support</skipped></testcase><testcase classname="aries_cloudagent.wallet.tests.test_indy_wallet.TestIndyWallet" file="aries_cloudagent/wallet/tests/test_basic_wallet.py" line="175" name="test_create_public_did" time="0.001"><skipped message="test requires Indy support" type="pytest.skip">/usr/src/app/conftest.py:63: test requires Indy support</skipped></testcase><testcase classname="aries_cloudagent.wallet.tests.test_indy_wallet.TestIndyWallet" file="aries_cloudagent/wallet/tests/test_basic_wallet.py" line="201" name="test_set_public_did" time="0.001"><skipped message="test requires Indy support" type="pytest.skip">/usr/src/app/conftest.py:63: test requires Indy support</skipped></testcase><testcase classname="aries_cloudagent.wallet.tests.test_indy_wallet.TestIndyWallet" file="aries_cloudagent/wallet/tests/test_basic_wallet.py" line="230" name="test_sign_verify" time="0.001"><skipped message="test requires Indy support" type="pytest.skip">/usr/src/app/conftest.py:63: test requires Indy support</skipped></testcase><testcase classname="aries_cloudagent.wallet.tests.test_indy_wallet.TestIndyWallet" file="aries_cloudagent/wallet/tests/test_basic_wallet.py" line="273" name="test_pack_unpack" time="0.001"><skipped message="test requires Indy support" type="pytest.skip">/usr/src/app/conftest.py:63: test requires Indy support</skipped></testcase><testcase classname="aries_cloudagent.wallet.tests.test_indy_wallet.TestIndyWallet" file="aries_cloudagent/wallet/tests/test_basic_wallet.py" line="303" name="test_signature_round_trip" time="0.001"><skipped message="test requires Indy support" type="pytest.skip">/usr/src/app/conftest.py:63: test requires Indy support</skipped></testcase><testcase classname="aries_cloudagent.wallet.tests.test_indy_wallet.TestIndyWallet" file="aries_cloudagent/wallet/tests/test_indy_wallet.py" line="49" name="test_properties" time="0.001"><skipped message="test requires Indy support" type="pytest.skip">/usr/src/app/conftest.py:63: test requires Indy support</skipped></testcase><testcase classname="aries_cloudagent.wallet.tests.test_indy_wallet.TestIndyWallet" file="aries_cloudagent/wallet/tests/test_indy_wallet.py" line="62" name="test_rotate_did_keypair_x" time="0.001"><skipped message="test requires Indy support" type="pytest.skip">/usr/src/app/conftest.py:63: test requires Indy support</skipped></testcase><testcase classname="aries_cloudagent.wallet.tests.test_indy_wallet.TestIndyWallet" file="aries_cloudagent/wallet/tests/test_indy_wallet.py" line="86" name="test_create_signing_key_x" time="0.000"><skipped message="test requires Indy support" type="pytest.skip">/usr/src/app/conftest.py:63: test requires Indy support</skipped></testcase><testcase classname="aries_cloudagent.wallet.tests.test_indy_wallet.TestIndyWallet" file="aries_cloudagent/wallet/tests/test_indy_wallet.py" line="98" name="test_create_local_did_x" time="0.001"><skipped message="test requires Indy support" type="pytest.skip">/usr/src/app/conftest.py:63: test requires Indy support</skipped></testcase><testcase classname="aries_cloudagent.wallet.tests.test_indy_wallet.TestIndyWallet" file="aries_cloudagent/wallet/tests/test_indy_wallet.py" line="110" name="test_set_did_endpoint_ledger" time="0.001"><skipped message="test requires Indy support" type="pytest.skip">/usr/src/app/conftest.py:63: test requires Indy support</skipped></testcase><testcase classname="aries_cloudagent.wallet.tests.test_indy_wallet.TestIndyWallet" file="aries_cloudagent/wallet/tests/test_indy_wallet.py" line="124" name="test_get_signing_key_x" time="0.001"><skipped message="test requires Indy support" type="pytest.skip">/usr/src/app/conftest.py:63: test requires Indy support</skipped></testcase><testcase classname="aries_cloudagent.wallet.tests.test_indy_wallet.TestIndyWallet" file="aries_cloudagent/wallet/tests/test_indy_wallet.py" line="136" name="test_get_local_did_x" time="0.001"><skipped message="test requires Indy support" type="pytest.skip">/usr/src/app/conftest.py:63: test requires Indy support</skipped></testcase><testcase classname="aries_cloudagent.wallet.tests.test_indy_wallet.TestIndyWallet" file="aries_cloudagent/wallet/tests/test_indy_wallet.py" line="148" name="test_verify_message_x" time="0.001"><skipped message="test requires Indy support" type="pytest.skip">/usr/src/app/conftest.py:63: test requires Indy support</skipped></testcase><testcase classname="aries_cloudagent.wallet.tests.test_indy_wallet.TestIndyWallet" file="aries_cloudagent/wallet/tests/test_indy_wallet.py" line="169" name="test_pack_message_x" time="0.001"><skipped message="test requires Indy support" type="pytest.skip">/usr/src/app/conftest.py:63: test requires Indy support</skipped></testcase><testcase classname="aries_cloudagent.wallet.tests.test_indy_wallet.TestWalletCompat" file="aries_cloudagent/wallet/tests/test_indy_wallet.py" line="196" name="test_compare_pack_unpack" time="0.001"><skipped message="test requires Indy support" type="pytest.skip">/usr/src/app/conftest.py:63: test requires Indy support</skipped></testcase><testcase classname="aries_cloudagent.wallet.tests.test_indy_wallet.TestWalletCompat" file="aries_cloudagent/wallet/tests/test_indy_wallet.py" line="217" name="test_mock_coverage" time="0.001"><skipped message="test requires Indy support" type="pytest.skip">/usr/src/app/conftest.py:63: test requires Indy support</skipped></testcase><testcase classname="aries_cloudagent.wallet.tests.test_indy_wallet.TestWalletCompat" file="aries_cloudagent/wallet/tests/test_indy_wallet.py" line="264" name="test_mock_coverage_wallet_exists_x" time="0.001"><skipped message="test requires Indy support" type="pytest.skip">/usr/src/app/conftest.py:63: test requires Indy support</skipped></testcase><testcase classname="aries_cloudagent.wallet.tests.test_indy_wallet.TestWalletCompat" file="aries_cloudagent/wallet/tests/test_indy_wallet.py" line="311" name="test_mock_coverage_wallet_create_x" time="0.000"><skipped message="test requires Indy support" type="pytest.skip">/usr/src/app/conftest.py:63: test requires Indy support</skipped></testcase><testcase classname="aries_cloudagent.wallet.tests.test_indy_wallet.TestWalletCompat" file="aries_cloudagent/wallet/tests/test_indy_wallet.py" line="358" name="test_mock_coverage_remove_x" time="0.001"><skipped message="test requires Indy support" type="pytest.skip">/usr/src/app/conftest.py:63: test requires Indy support</skipped></testcase><testcase classname="aries_cloudagent.wallet.tests.test_indy_wallet.TestWalletCompat" file="aries_cloudagent/wallet/tests/test_indy_wallet.py" line="410" name="test_mock_coverage_double_open" time="0.001"><skipped message="test requires Indy support" type="pytest.skip">/usr/src/app/conftest.py:63: test requires Indy support</skipped></testcase><testcase classname="aries_cloudagent.wallet.tests.test_indy_wallet.TestWalletCompat" file="aries_cloudagent/wallet/tests/test_indy_wallet.py" line="459" name="test_mock_coverage_not_found_after_creation" time="0.001"><skipped message="test requires Indy support" type="pytest.skip">/usr/src/app/conftest.py:63: test requires Indy support</skipped></testcase><testcase classname="aries_cloudagent.wallet.tests.test_indy_wallet.TestWalletCompat" file="aries_cloudagent/wallet/tests/test_indy_wallet.py" line="508" name="test_mock_coverage_open_not_found" time="0.001"><skipped message="test requires Indy support" type="pytest.skip">/usr/src/app/conftest.py:63: test requires Indy support</skipped></testcase><testcase classname="aries_cloudagent.wallet.tests.test_indy_wallet.TestWalletCompat" file="aries_cloudagent/wallet/tests/test_indy_wallet.py" line="557" name="test_mock_coverage_open_indy_already_open_x" time="0.001"><skipped message="test requires Indy support" type="pytest.skip">/usr/src/app/conftest.py:63: test requires Indy support</skipped></testcase><testcase classname="aries_cloudagent.wallet.tests.test_indy_wallet.TestWalletCompat" file="aries_cloudagent/wallet/tests/test_indy_wallet.py" line="606" name="test_mock_coverage_open_x" time="0.001"><skipped message="test requires Indy support" type="pytest.skip">/usr/src/app/conftest.py:63: test requires Indy support</skipped></testcase><testcase classname="aries_cloudagent.wallet.tests.test_indy_wallet.TestWalletCompat" file="aries_cloudagent/wallet/tests/test_indy_wallet.py" line="655" name="test_mock_coverage_open_master_secret_x" time="0.000"><skipped message="test requires Indy support" type="pytest.skip">/usr/src/app/conftest.py:63: test requires Indy support</skipped></testcase><testcase classname="aries_cloudagent.wallet.tests.test_indy_wallet.TestWalletCompat" file="aries_cloudagent/wallet/tests/test_indy_wallet.py" line="704" name="test_mock_coverage_open_master_secret_exists" time="0.001"><skipped message="test requires Indy support" type="pytest.skip">/usr/src/app/conftest.py:63: test requires Indy support</skipped></testcase><testcase classname="aries_cloudagent.wallet.tests.test_indy_wallet.TestWalletCompat" file="aries_cloudagent/wallet/tests/test_indy_wallet.py" line="758" name="test_postgres_wallet_works" time="0.001"><skipped message="test requires Indy support" type="pytest.skip">/usr/src/app/conftest.py:63: test requires Indy support</skipped></testcase><testcase classname="aries_cloudagent.wallet.tests.test_indy_wallet.TestWalletCompat" file="aries_cloudagent/wallet/tests/test_indy_wallet.py" line="795" name="test_postgres_wallet_scheme_works" time="0.001"><skipped message="test requires Indy support" type="pytest.skip">/usr/src/app/conftest.py:63: test requires Indy support</skipped></testcase><testcase classname="aries_cloudagent.wallet.tests.test_indy_wallet.TestWalletCompat" file="aries_cloudagent/wallet/tests/test_indy_wallet.py" line="836" name="test_postgres_wallet_scheme2_works" time="0.001"><skipped message="test requires Indy support" type="pytest.skip">/usr/src/app/conftest.py:63: test requires Indy support</skipped></testcase><testcase classname="aries_cloudagent.wallet.tests.test_plugin" file="aries_cloudagent/wallet/tests/test_plugin.py" line="-1" name="FLAKE8" time="0.039"></testcase><testcase classname="aries_cloudagent.wallet.tests.test_plugin.TestWalletCrypto" file="aries_cloudagent/wallet/tests/test_plugin.py" line="14" name="test_file_ext" time="0.002"></testcase><testcase classname="aries_cloudagent.wallet.tests.test_plugin.TestWalletCrypto" file="aries_cloudagent/wallet/tests/test_plugin.py" line="17" name="test_load_postgres_plugin" time="0.004"></testcase><testcase classname="aries_cloudagent.wallet.tests.test_plugin.TestWalletCrypto" file="aries_cloudagent/wallet/tests/test_plugin.py" line="113" name="test_load_postgres_plugin_bad_json_x_exit" time="0.004"></testcase><testcase classname="aries_cloudagent.wallet.tests.test_plugin.TestWalletCrypto" file="aries_cloudagent/wallet/tests/test_plugin.py" line="96" name="test_load_postgres_plugin_bad_json_x_raise" time="0.003"></testcase><testcase classname="aries_cloudagent.wallet.tests.test_plugin.TestWalletCrypto" file="aries_cloudagent/wallet/tests/test_plugin.py" line="80" name="test_load_postgres_plugin_config_x_exit" time="0.005"></testcase><testcase classname="aries_cloudagent.wallet.tests.test_plugin.TestWalletCrypto" file="aries_cloudagent/wallet/tests/test_plugin.py" line="63" name="test_load_postgres_plugin_config_x_raise" time="0.003"></testcase><testcase classname="aries_cloudagent.wallet.tests.test_plugin.TestWalletCrypto" file="aries_cloudagent/wallet/tests/test_plugin.py" line="48" name="test_load_postgres_plugin_init_x_exit" time="0.003"></testcase><testcase classname="aries_cloudagent.wallet.tests.test_plugin.TestWalletCrypto" file="aries_cloudagent/wallet/tests/test_plugin.py" line="32" name="test_load_postgres_plugin_init_x_raise" time="0.003"></testcase><testcase classname="aries_cloudagent.wallet.tests.test_provider" file="aries_cloudagent/wallet/tests/test_provider.py" line="-1" name="FLAKE8" time="0.038"></testcase><testcase classname="aries_cloudagent.wallet.tests.test_provider.TestProvider" file="aries_cloudagent/wallet/tests/test_provider.py" line="9" name="test_provide_basic" time="0.003"></testcase><testcase classname="aries_cloudagent.wallet.tests.test_provider.TestProvider" file="aries_cloudagent/wallet/tests/test_provider.py" line="27" name="test_provide_indy" time="0.001"><skipped message="test requires Indy support" type="pytest.skip">/usr/src/app/conftest.py:63: test requires Indy support</skipped></testcase><testcase classname="aries_cloudagent.wallet.tests.test_routes" file="aries_cloudagent/wallet/tests/test_routes.py" line="-1" name="FLAKE8" time="0.043"></testcase><testcase classname="aries_cloudagent.wallet.tests.test_routes.TestWalletRoutes" file="aries_cloudagent/wallet/tests/test_routes.py" line="74" name="test_create_did" time="0.028"></testcase><testcase classname="aries_cloudagent.wallet.tests.test_routes.TestWalletRoutes" file="aries_cloudagent/wallet/tests/test_routes.py" line="95" name="test_create_did_x" time="0.026"></testcase><testcase classname="aries_cloudagent.wallet.tests.test_routes.TestWalletRoutes" file="aries_cloudagent/wallet/tests/test_routes.py" line="102" name="test_did_list" time="0.026"></testcase><testcase classname="aries_cloudagent.wallet.tests.test_routes.TestWalletRoutes" file="aries_cloudagent/wallet/tests/test_routes.py" line="206" name="test_did_list_filter_did" time="0.024"></testcase><testcase classname="aries_cloudagent.wallet.tests.test_routes.TestWalletRoutes" file="aries_cloudagent/wallet/tests/test_routes.py" line="231" name="test_did_list_filter_did_x" time="0.023"></testcase><testcase classname="aries_cloudagent.wallet.tests.test_routes.TestWalletRoutes" file="aries_cloudagent/wallet/tests/test_routes.py" line="171" name="test_did_list_filter_posted" time="0.027"></testcase><testcase classname="aries_cloudagent.wallet.tests.test_routes.TestWalletRoutes" file="aries_cloudagent/wallet/tests/test_routes.py" line="139" name="test_did_list_filter_public" time="0.027"></testcase><testcase classname="aries_cloudagent.wallet.tests.test_routes.TestWalletRoutes" file="aries_cloudagent/wallet/tests/test_routes.py" line="244" name="test_did_list_filter_verkey" time="0.025"></testcase><testcase classname="aries_cloudagent.wallet.tests.test_routes.TestWalletRoutes" file="aries_cloudagent/wallet/tests/test_routes.py" line="269" name="test_did_list_filter_verkey_x" time="0.027"></testcase><testcase classname="aries_cloudagent.wallet.tests.test_routes.TestWalletRoutes" file="aries_cloudagent/wallet/tests/test_routes.py" line="51" name="test_format_did_info" time="0.024"></testcase><testcase classname="aries_cloudagent.wallet.tests.test_routes.TestWalletRoutes" file="aries_cloudagent/wallet/tests/test_routes.py" line="557" name="test_get_did_endpoint" time="0.031"></testcase><testcase classname="aries_cloudagent.wallet.tests.test_routes.TestWalletRoutes" file="aries_cloudagent/wallet/tests/test_routes.py" line="581" name="test_get_did_endpoint_no_did" time="0.044"></testcase><testcase classname="aries_cloudagent.wallet.tests.test_routes.TestWalletRoutes" file="aries_cloudagent/wallet/tests/test_routes.py" line="589" name="test_get_did_endpoint_no_wallet_did" time="0.054"></testcase><testcase classname="aries_cloudagent.wallet.tests.test_routes.TestWalletRoutes" file="aries_cloudagent/wallet/tests/test_routes.py" line="599" name="test_get_did_endpoint_wallet_x" time="0.042"></testcase><testcase classname="aries_cloudagent.wallet.tests.test_routes.TestWalletRoutes" file="aries_cloudagent/wallet/tests/test_routes.py" line="282" name="test_get_public_did" time="0.033"></testcase><testcase classname="aries_cloudagent.wallet.tests.test_routes.TestWalletRoutes" file="aries_cloudagent/wallet/tests/test_routes.py" line="303" name="test_get_public_did_x" time="0.027"></testcase><testcase classname="aries_cloudagent.wallet.tests.test_routes.TestWalletRoutes" file="aries_cloudagent/wallet/tests/test_routes.py" line="28" name="test_missing_wallet" time="0.027"></testcase><testcase classname="aries_cloudagent.wallet.tests.test_routes.TestWalletRoutes" file="aries_cloudagent/wallet/tests/test_routes.py" line="681" name="test_post_process_routes" time="0.026"></testcase><testcase classname="aries_cloudagent.wallet.tests.test_routes.TestWalletRoutes" file="aries_cloudagent/wallet/tests/test_routes.py" line="674" name="test_register" time="0.034"></testcase><testcase classname="aries_cloudagent.wallet.tests.test_routes.TestWalletRoutes" file="aries_cloudagent/wallet/tests/test_routes.py" line="609" name="test_rotate_did_keypair" time="0.032"></testcase><testcase classname="aries_cloudagent.wallet.tests.test_routes.TestWalletRoutes" file="aries_cloudagent/wallet/tests/test_routes.py" line="643" name="test_rotate_did_keypair_did_not_local" time="0.023"></testcase><testcase classname="aries_cloudagent.wallet.tests.test_routes.TestWalletRoutes" file="aries_cloudagent/wallet/tests/test_routes.py" line="626" name="test_rotate_did_keypair_missing_wallet" time="0.035"></testcase><testcase classname="aries_cloudagent.wallet.tests.test_routes.TestWalletRoutes" file="aries_cloudagent/wallet/tests/test_routes.py" line="635" name="test_rotate_did_keypair_no_query_did" time="0.026"></testcase><testcase classname="aries_cloudagent.wallet.tests.test_routes.TestWalletRoutes" file="aries_cloudagent/wallet/tests/test_routes.py" line="660" name="test_rotate_did_keypair_x" time="0.027"></testcase><testcase classname="aries_cloudagent.wallet.tests.test_routes.TestWalletRoutes" file="aries_cloudagent/wallet/tests/test_routes.py" line="461" name="test_set_did_endpoint" time="0.036"></testcase><testcase classname="aries_cloudagent.wallet.tests.test_routes.TestWalletRoutes" file="aries_cloudagent/wallet/tests/test_routes.py" line="536" name="test_set_did_endpoint_no_wallet_did" time="0.027"></testcase><testcase classname="aries_cloudagent.wallet.tests.test_routes.TestWalletRoutes" file="aries_cloudagent/wallet/tests/test_routes.py" line="492" name="test_set_did_endpoint_public_did_no_ledger" time="0.028"></testcase><testcase classname="aries_cloudagent.wallet.tests.test_routes.TestWalletRoutes" file="aries_cloudagent/wallet/tests/test_routes.py" line="515" name="test_set_did_endpoint_x" time="0.025"></testcase><testcase classname="aries_cloudagent.wallet.tests.test_routes.TestWalletRoutes" file="aries_cloudagent/wallet/tests/test_routes.py" line="310" name="test_set_public_did" time="0.033"></testcase><testcase classname="aries_cloudagent.wallet.tests.test_routes.TestWalletRoutes" file="aries_cloudagent/wallet/tests/test_routes.py" line="349" name="test_set_public_did_no_ledger" time="0.026"></testcase><testcase classname="aries_cloudagent.wallet.tests.test_routes.TestWalletRoutes" file="aries_cloudagent/wallet/tests/test_routes.py" line="341" name="test_set_public_did_no_query_did" time="0.028"></testcase><testcase classname="aries_cloudagent.wallet.tests.test_routes.TestWalletRoutes" file="aries_cloudagent/wallet/tests/test_routes.py" line="408" name="test_set_public_did_no_wallet_did" time="0.031"></testcase><testcase classname="aries_cloudagent.wallet.tests.test_routes.TestWalletRoutes" file="aries_cloudagent/wallet/tests/test_routes.py" line="371" name="test_set_public_did_not_found" time="0.024"></testcase><testcase classname="aries_cloudagent.wallet.tests.test_routes.TestWalletRoutes" file="aries_cloudagent/wallet/tests/test_routes.py" line="357" name="test_set_public_did_not_public" time="0.023"></testcase><testcase classname="aries_cloudagent.wallet.tests.test_routes.TestWalletRoutes" file="aries_cloudagent/wallet/tests/test_routes.py" line="430" name="test_set_public_did_update_endpoint" time="0.035"></testcase><testcase classname="aries_cloudagent.wallet.tests.test_routes.TestWalletRoutes" file="aries_cloudagent/wallet/tests/test_routes.py" line="386" name="test_set_public_did_x" time="0.031"></testcase><testcase classname="aries_cloudagent.wallet.tests.test_util" file="aries_cloudagent/wallet/tests/test_util.py" line="-1" name="FLAKE8" time="0.039"></testcase><testcase classname="aries_cloudagent.wallet.tests.test_util.TestUtil" file="aries_cloudagent/wallet/tests/test_util.py" line="63" name="test_b58" time="0.001"></testcase><testcase classname="aries_cloudagent.wallet.tests.test_util.TestUtil" file="aries_cloudagent/wallet/tests/test_util.py" line="37" name="test_b64_str" time="0.001"></testcase><testcase classname="aries_cloudagent.wallet.tests.test_util.TestUtil" file="aries_cloudagent/wallet/tests/test_util.py" line="23" name="test_b64_urlsafe" time="0.002"></testcase><testcase classname="aries_cloudagent.wallet.tests.test_util.TestUtil" file="aries_cloudagent/wallet/tests/test_util.py" line="73" name="test_did_key_to_naked" time="0.002"></testcase><testcase classname="aries_cloudagent.wallet.tests.test_util.TestUtil" file="aries_cloudagent/wallet/tests/test_util.py" line="67" name="test_naked_to_did_key" time="0.001"></testcase><testcase classname="aries_cloudagent.wallet.tests.test_util.TestUtil" file="aries_cloudagent/wallet/tests/test_util.py" line="56" name="test_pad" time="0.001"></testcase></testsuite>